[2026-09-18T12:32:16.996+0000] {local_task_job_runner.py:120} INFO - ::group::Pre task execution logs
[2026-09-18T12:32:17.009+0000] {taskinstance.py:2076} INFO - Dependencies all met for dep_context=non-requeueable deps ti=<TaskInstance: ecommerce_data.extract scheduled__2019-10-02T00:00:00+00:00 [queued]>
[2026-09-18T12:32:17.011+0000] {taskinstance.py:2076} INFO - Dependencies all met for dep_context=requeueable deps ti=<TaskInstance: ecommerce_data.extract scheduled__2019-10-02T00:00:00+00:00 [queued]>
[2026-09-18T12:32:17.011+0000] {taskinstance.py:2306} INFO - Starting attempt 4 of 4
[2026-09-18T12:32:17.017+0000] {taskinstance.py:2330} INFO - Executing <Task(_PythonDecoratedOperator): extract> on 2019-10-02 00:00:00+00:00
[2026-09-18T12:32:17.021+0000] {standard_task_runner.py:63} INFO - Started process 1144 to run task
[2026-09-18T12:32:17.022+0000] {standard_task_runner.py:90} INFO - Running: ['airflow', 'tasks', 'run', 'ecommerce_data', 'extract', 'scheduled__2019-10-02T00:00:00+00:00', '--job-id', '17', '--raw', '--subdir', 'DAGS_FOLDER/etl.py', '--cfg-path', '/tmp/tmpqx9q772a']
[2026-09-18T12:32:17.023+0000] {standard_task_runner.py:91} INFO - Job 17: Subtask extract
[2026-09-18T12:32:17.039+0000] {task_command.py:426} INFO - Running <TaskInstance: ecommerce_data.extract scheduled__2019-10-02T00:00:00+00:00 [running]> on host ac3d43ca2f24
[2026-09-18T12:32:17.066+0000] {taskinstance.py:2648} INFO - Exporting env vars: AIRFLOW_CTX_DAG_OWNER='airflow' AIRFLOW_CTX_DAG_ID='ecommerce_data' AIRFLOW_CTX_TASK_ID='extract' AIRFLOW_CTX_EXECUTION_DATE='2019-10-02T00:00:00+00:00' AIRFLOW_CTX_TRY_NUMBER='4' AIRFLOW_CTX_DAG_RUN_ID='scheduled__2019-10-02T00:00:00+00:00'
[2026-09-18T12:32:17.066+0000] {taskinstance.py:430} INFO - ::endgroup::
[2026-09-18T12:32:18.019+0000] {taskinstance.py:441} INFO - ::group::Post task execution logs
[2026-09-18T12:32:18.019+0000] {taskinstance.py:2905} ERROR - Task failed with exception
Traceback (most recent call last):
  File "/home/airflow/.local/lib/python3.11/site-packages/airflow/models/taskinstance.py", line 465, in _execute_task
    result = _execute_callable(context=context, **execute_callable_kwargs)
             ^^^^^^^^^^^^^^^^^^^^^^^^^^^^^^^^^^^^^^^^^^^^^^^^^^^^^^^^^^^^^
  File "/home/airflow/.local/lib/python3.11/site-packages/airflow/models/taskinstance.py", line 432, in _execute_callable
    return execute_callable(context=context, **execute_callable_kwargs)
           ^^^^^^^^^^^^^^^^^^^^^^^^^^^^^^^^^^^^^^^^^^^^^^^^^^^^^^^^^^^^
  File "/home/airflow/.local/lib/python3.11/site-packages/airflow/models/baseoperator.py", line 401, in wrapper
    return func(self, *args, **kwargs)
           ^^^^^^^^^^^^^^^^^^^^^^^^^^^
  File "/home/airflow/.local/lib/python3.11/site-packages/airflow/decorators/base.py", line 265, in execute
    return_value = super().execute(context)
                   ^^^^^^^^^^^^^^^^^^^^^^^^
  File "/home/airflow/.local/lib/python3.11/site-packages/airflow/models/baseoperator.py", line 401, in wrapper
    return func(self, *args, **kwargs)
           ^^^^^^^^^^^^^^^^^^^^^^^^^^^
  File "/home/airflow/.local/lib/python3.11/site-packages/airflow/operators/python.py", line 235, in execute
    return_value = self.execute_callable()
                   ^^^^^^^^^^^^^^^^^^^^^^^
  File "/home/airflow/.local/lib/python3.11/site-packages/airflow/operators/python.py", line 252, in execute_callable
    return self.python_callable(*self.op_args, **self.op_kwargs)
           ^^^^^^^^^^^^^^^^^^^^^^^^^^^^^^^^^^^^^^^^^^^^^^^^^^^^^
  File "/opt/airflow/dags/etl.py", line 26, in extract
    script_run = subprocess.run(["spark-submit", "daily_etl.py", ds], check=True)
                 ^^^^^^^^^^^^^^^^^^^^^^^^^^^^^^^^^^^^^^^^^^^^^^^^^^^^^^^^^^^^^^^^
  File "/usr/local/lib/python3.11/subprocess.py", line 571, in run
    raise CalledProcessError(retcode, process.args,
subprocess.CalledProcessError: Command '['spark-submit', 'daily_etl.py', '2019-10-02']' returned non-zero exit status 2.
[2026-09-18T12:32:18.023+0000] {taskinstance.py:1206} INFO - Marking task as FAILED. dag_id=ecommerce_data, task_id=extract, run_id=scheduled__2019-10-02T00:00:00+00:00, execution_date=20191002T000000, start_date=20260918T123217, end_date=20260918T123218
[2026-09-18T12:32:18.028+0000] {standard_task_runner.py:110} ERROR - Failed to execute job 17 for task extract (Command '['spark-submit', 'daily_etl.py', '2019-10-02']' returned non-zero exit status 2.; 1144)
[2026-09-18T12:32:18.036+0000] {local_task_job_runner.py:240} INFO - Task exited with return code 1
[2026-09-18T12:32:18.043+0000] {taskinstance.py:3503} INFO - 0 downstream tasks scheduled from follow-on schedule check
[2026-09-18T12:32:18.043+0000] {local_task_job_runner.py:222} INFO - ::endgroup::
[2026-09-19T13:12:05.431+0000] {local_task_job_runner.py:120} INFO - ::group::Pre task execution logs
[2026-09-19T13:12:05.451+0000] {taskinstance.py:2076} INFO - Dependencies all met for dep_context=non-requeueable deps ti=<TaskInstance: ecommerce_data.extract scheduled__2019-10-02T00:00:00+00:00 [queued]>
[2026-09-19T13:12:05.455+0000] {taskinstance.py:2076} INFO - Dependencies all met for dep_context=requeueable deps ti=<TaskInstance: ecommerce_data.extract scheduled__2019-10-02T00:00:00+00:00 [queued]>
[2026-09-19T13:12:05.456+0000] {taskinstance.py:2306} INFO - Starting attempt 4 of 4
[2026-09-19T13:12:05.465+0000] {taskinstance.py:2330} INFO - Executing <Task(_PythonDecoratedOperator): extract> on 2019-10-02 00:00:00+00:00
[2026-09-19T13:12:05.472+0000] {standard_task_runner.py:63} INFO - Started process 1879 to run task
[2026-09-19T13:12:05.474+0000] {standard_task_runner.py:90} INFO - Running: ['airflow', 'tasks', 'run', 'ecommerce_data', 'extract', 'scheduled__2019-10-02T00:00:00+00:00', '--job-id', '15', '--raw', '--subdir', 'DAGS_FOLDER/etl.py', '--cfg-path', '/tmp/tmpck9n5o3c']
[2026-09-19T13:12:05.475+0000] {standard_task_runner.py:91} INFO - Job 15: Subtask extract
[2026-09-19T13:12:05.509+0000] {task_command.py:426} INFO - Running <TaskInstance: ecommerce_data.extract scheduled__2019-10-02T00:00:00+00:00 [running]> on host 8e73891b263a
[2026-09-19T13:12:05.560+0000] {taskinstance.py:2648} INFO - Exporting env vars: AIRFLOW_CTX_DAG_OWNER='airflow' AIRFLOW_CTX_DAG_ID='ecommerce_data' AIRFLOW_CTX_TASK_ID='extract' AIRFLOW_CTX_EXECUTION_DATE='2019-10-02T00:00:00+00:00' AIRFLOW_CTX_TRY_NUMBER='4' AIRFLOW_CTX_DAG_RUN_ID='scheduled__2019-10-02T00:00:00+00:00'
[2026-09-19T13:12:05.560+0000] {taskinstance.py:430} INFO - ::endgroup::
[2026-09-19T13:12:11.631+0000] {taskinstance.py:441} INFO - ::group::Post task execution logs
[2026-09-19T13:12:11.631+0000] {taskinstance.py:2905} ERROR - Task failed with exception
Traceback (most recent call last):
  File "/home/airflow/.local/lib/python3.11/site-packages/airflow/models/taskinstance.py", line 465, in _execute_task
    result = _execute_callable(context=context, **execute_callable_kwargs)
             ^^^^^^^^^^^^^^^^^^^^^^^^^^^^^^^^^^^^^^^^^^^^^^^^^^^^^^^^^^^^^
  File "/home/airflow/.local/lib/python3.11/site-packages/airflow/models/taskinstance.py", line 432, in _execute_callable
    return execute_callable(context=context, **execute_callable_kwargs)
           ^^^^^^^^^^^^^^^^^^^^^^^^^^^^^^^^^^^^^^^^^^^^^^^^^^^^^^^^^^^^
  File "/home/airflow/.local/lib/python3.11/site-packages/airflow/models/baseoperator.py", line 401, in wrapper
    return func(self, *args, **kwargs)
           ^^^^^^^^^^^^^^^^^^^^^^^^^^^
  File "/home/airflow/.local/lib/python3.11/site-packages/airflow/decorators/base.py", line 265, in execute
    return_value = super().execute(context)
                   ^^^^^^^^^^^^^^^^^^^^^^^^
  File "/home/airflow/.local/lib/python3.11/site-packages/airflow/models/baseoperator.py", line 401, in wrapper
    return func(self, *args, **kwargs)
           ^^^^^^^^^^^^^^^^^^^^^^^^^^^
  File "/home/airflow/.local/lib/python3.11/site-packages/airflow/operators/python.py", line 235, in execute
    return_value = self.execute_callable()
                   ^^^^^^^^^^^^^^^^^^^^^^^
  File "/home/airflow/.local/lib/python3.11/site-packages/airflow/operators/python.py", line 252, in execute_callable
    return self.python_callable(*self.op_args, **self.op_kwargs)
           ^^^^^^^^^^^^^^^^^^^^^^^^^^^^^^^^^^^^^^^^^^^^^^^^^^^^^
  File "/opt/airflow/dags/etl.py", line 27, in extract
    script_run = subprocess.run(["spark-submit", "/opt/airflow/dags/daily_etl.py", ds], check=True)
                 ^^^^^^^^^^^^^^^^^^^^^^^^^^^^^^^^^^^^^^^^^^^^^^^^^^^^^^^^^^^^^^^^^^^^^^^^^^^^^^^^^^
  File "/usr/local/lib/python3.11/subprocess.py", line 571, in run
    raise CalledProcessError(retcode, process.args,
subprocess.CalledProcessError: Command '['spark-submit', '/opt/airflow/dags/daily_etl.py', '2019-10-02']' returned non-zero exit status 1.
[2026-09-19T13:12:11.639+0000] {taskinstance.py:1206} INFO - Marking task as FAILED. dag_id=ecommerce_data, task_id=extract, run_id=scheduled__2019-10-02T00:00:00+00:00, execution_date=20191002T000000, start_date=20260919T131205, end_date=20260919T131211
[2026-09-19T13:12:11.651+0000] {standard_task_runner.py:110} ERROR - Failed to execute job 15 for task extract (Command '['spark-submit', '/opt/airflow/dags/daily_etl.py', '2019-10-02']' returned non-zero exit status 1.; 1879)
[2026-09-19T13:12:11.668+0000] {local_task_job_runner.py:240} INFO - Task exited with return code 1
[2026-09-19T13:12:11.682+0000] {taskinstance.py:3503} INFO - 0 downstream tasks scheduled from follow-on schedule check
[2026-09-19T13:12:11.683+0000] {local_task_job_runner.py:222} INFO - ::endgroup::
[2026-09-19T13:37:02.706+0000] {local_task_job_runner.py:120} INFO - ::group::Pre task execution logs
[2026-09-19T13:37:02.726+0000] {taskinstance.py:2076} INFO - Dependencies all met for dep_context=non-requeueable deps ti=<TaskInstance: ecommerce_data.extract scheduled__2019-10-02T00:00:00+00:00 [queued]>
[2026-09-19T13:37:02.730+0000] {taskinstance.py:2076} INFO - Dependencies all met for dep_context=requeueable deps ti=<TaskInstance: ecommerce_data.extract scheduled__2019-10-02T00:00:00+00:00 [queued]>
[2026-09-19T13:37:02.730+0000] {taskinstance.py:2306} INFO - Starting attempt 4 of 4
[2026-09-19T13:37:02.739+0000] {taskinstance.py:2330} INFO - Executing <Task(_PythonDecoratedOperator): extract> on 2019-10-02 00:00:00+00:00
[2026-09-19T13:37:02.744+0000] {standard_task_runner.py:63} INFO - Started process 619 to run task
[2026-09-19T13:37:02.746+0000] {standard_task_runner.py:90} INFO - Running: ['airflow', 'tasks', 'run', 'ecommerce_data', 'extract', 'scheduled__2019-10-02T00:00:00+00:00', '--job-id', '53', '--raw', '--subdir', 'DAGS_FOLDER/etl.py', '--cfg-path', '/tmp/tmpq_6da1as']
[2026-09-19T13:37:02.747+0000] {standard_task_runner.py:91} INFO - Job 53: Subtask extract
[2026-09-19T13:37:02.781+0000] {task_command.py:426} INFO - Running <TaskInstance: ecommerce_data.extract scheduled__2019-10-02T00:00:00+00:00 [running]> on host 8e73891b263a
[2026-09-19T13:37:02.835+0000] {taskinstance.py:2648} INFO - Exporting env vars: AIRFLOW_CTX_DAG_OWNER='airflow' AIRFLOW_CTX_DAG_ID='ecommerce_data' AIRFLOW_CTX_TASK_ID='extract' AIRFLOW_CTX_EXECUTION_DATE='2019-10-02T00:00:00+00:00' AIRFLOW_CTX_TRY_NUMBER='4' AIRFLOW_CTX_DAG_RUN_ID='scheduled__2019-10-02T00:00:00+00:00'
[2026-09-19T13:37:02.836+0000] {taskinstance.py:430} INFO - ::endgroup::
[2026-09-19T13:37:08.663+0000] {taskinstance.py:441} INFO - ::group::Post task execution logs
[2026-09-19T13:37:08.664+0000] {taskinstance.py:2905} ERROR - Task failed with exception
Traceback (most recent call last):
  File "/home/airflow/.local/lib/python3.11/site-packages/airflow/models/taskinstance.py", line 465, in _execute_task
    result = _execute_callable(context=context, **execute_callable_kwargs)
             ^^^^^^^^^^^^^^^^^^^^^^^^^^^^^^^^^^^^^^^^^^^^^^^^^^^^^^^^^^^^^
  File "/home/airflow/.local/lib/python3.11/site-packages/airflow/models/taskinstance.py", line 432, in _execute_callable
    return execute_callable(context=context, **execute_callable_kwargs)
           ^^^^^^^^^^^^^^^^^^^^^^^^^^^^^^^^^^^^^^^^^^^^^^^^^^^^^^^^^^^^
  File "/home/airflow/.local/lib/python3.11/site-packages/airflow/models/baseoperator.py", line 401, in wrapper
    return func(self, *args, **kwargs)
           ^^^^^^^^^^^^^^^^^^^^^^^^^^^
  File "/home/airflow/.local/lib/python3.11/site-packages/airflow/decorators/base.py", line 265, in execute
    return_value = super().execute(context)
                   ^^^^^^^^^^^^^^^^^^^^^^^^
  File "/home/airflow/.local/lib/python3.11/site-packages/airflow/models/baseoperator.py", line 401, in wrapper
    return func(self, *args, **kwargs)
           ^^^^^^^^^^^^^^^^^^^^^^^^^^^
  File "/home/airflow/.local/lib/python3.11/site-packages/airflow/operators/python.py", line 235, in execute
    return_value = self.execute_callable()
                   ^^^^^^^^^^^^^^^^^^^^^^^
  File "/home/airflow/.local/lib/python3.11/site-packages/airflow/operators/python.py", line 252, in execute_callable
    return self.python_callable(*self.op_args, **self.op_kwargs)
           ^^^^^^^^^^^^^^^^^^^^^^^^^^^^^^^^^^^^^^^^^^^^^^^^^^^^^
  File "/opt/airflow/dags/etl.py", line 27, in extract
    script_run = subprocess.run(["spark-submit", "/opt/airflow/dags/daily_etl.py", ds], check=True)
                 ^^^^^^^^^^^^^^^^^^^^^^^^^^^^^^^^^^^^^^^^^^^^^^^^^^^^^^^^^^^^^^^^^^^^^^^^^^^^^^^^^^
  File "/usr/local/lib/python3.11/subprocess.py", line 571, in run
    raise CalledProcessError(retcode, process.args,
subprocess.CalledProcessError: Command '['spark-submit', '/opt/airflow/dags/daily_etl.py', '2019-10-02']' returned non-zero exit status 1.
[2026-09-19T13:37:08.673+0000] {taskinstance.py:1206} INFO - Marking task as FAILED. dag_id=ecommerce_data, task_id=extract, run_id=scheduled__2019-10-02T00:00:00+00:00, execution_date=20191002T000000, start_date=20260919T133702, end_date=20260919T133708
[2026-09-19T13:37:08.684+0000] {standard_task_runner.py:110} ERROR - Failed to execute job 53 for task extract (Command '['spark-submit', '/opt/airflow/dags/daily_etl.py', '2019-10-02']' returned non-zero exit status 1.; 619)
[2026-09-19T13:37:08.720+0000] {local_task_job_runner.py:240} INFO - Task exited with return code 1
[2026-09-19T13:37:08.734+0000] {taskinstance.py:3503} INFO - 0 downstream tasks scheduled from follow-on schedule check
[2026-09-19T13:37:08.735+0000] {local_task_job_runner.py:222} INFO - ::endgroup::
[2026-09-19T14:08:03.105+0000] {local_task_job_runner.py:120} INFO - ::group::Pre task execution logs
[2026-09-19T14:08:03.124+0000] {taskinstance.py:2076} INFO - Dependencies all met for dep_context=non-requeueable deps ti=<TaskInstance: ecommerce_data.extract scheduled__2019-10-02T00:00:00+00:00 [queued]>
[2026-09-19T14:08:03.128+0000] {taskinstance.py:2076} INFO - Dependencies all met for dep_context=requeueable deps ti=<TaskInstance: ecommerce_data.extract scheduled__2019-10-02T00:00:00+00:00 [queued]>
[2026-09-19T14:08:03.128+0000] {taskinstance.py:2306} INFO - Starting attempt 4 of 4
[2026-09-19T14:08:03.137+0000] {taskinstance.py:2330} INFO - Executing <Task(_PythonDecoratedOperator): extract> on 2019-10-02 00:00:00+00:00
[2026-09-19T14:08:03.143+0000] {standard_task_runner.py:63} INFO - Started process 3452 to run task
[2026-09-19T14:08:03.145+0000] {standard_task_runner.py:90} INFO - Running: ['airflow', 'tasks', 'run', 'ecommerce_data', 'extract', 'scheduled__2019-10-02T00:00:00+00:00', '--job-id', '98', '--raw', '--subdir', 'DAGS_FOLDER/etl.py', '--cfg-path', '/tmp/tmpogcwyrnd']
[2026-09-19T14:08:03.146+0000] {standard_task_runner.py:91} INFO - Job 98: Subtask extract
[2026-09-19T14:08:03.175+0000] {task_command.py:426} INFO - Running <TaskInstance: ecommerce_data.extract scheduled__2019-10-02T00:00:00+00:00 [running]> on host 8e73891b263a
[2026-09-19T14:08:03.229+0000] {taskinstance.py:2648} INFO - Exporting env vars: AIRFLOW_CTX_DAG_OWNER='airflow' AIRFLOW_CTX_DAG_ID='ecommerce_data' AIRFLOW_CTX_TASK_ID='extract' AIRFLOW_CTX_EXECUTION_DATE='2019-10-02T00:00:00+00:00' AIRFLOW_CTX_TRY_NUMBER='4' AIRFLOW_CTX_DAG_RUN_ID='scheduled__2019-10-02T00:00:00+00:00'
[2026-09-19T14:08:03.229+0000] {taskinstance.py:430} INFO - ::endgroup::
[2026-09-19T14:08:09.440+0000] {taskinstance.py:441} INFO - ::group::Post task execution logs
[2026-09-19T14:08:09.441+0000] {taskinstance.py:2905} ERROR - Task failed with exception
Traceback (most recent call last):
  File "/home/airflow/.local/lib/python3.11/site-packages/airflow/models/taskinstance.py", line 465, in _execute_task
    result = _execute_callable(context=context, **execute_callable_kwargs)
             ^^^^^^^^^^^^^^^^^^^^^^^^^^^^^^^^^^^^^^^^^^^^^^^^^^^^^^^^^^^^^
  File "/home/airflow/.local/lib/python3.11/site-packages/airflow/models/taskinstance.py", line 432, in _execute_callable
    return execute_callable(context=context, **execute_callable_kwargs)
           ^^^^^^^^^^^^^^^^^^^^^^^^^^^^^^^^^^^^^^^^^^^^^^^^^^^^^^^^^^^^
  File "/home/airflow/.local/lib/python3.11/site-packages/airflow/models/baseoperator.py", line 401, in wrapper
    return func(self, *args, **kwargs)
           ^^^^^^^^^^^^^^^^^^^^^^^^^^^
  File "/home/airflow/.local/lib/python3.11/site-packages/airflow/decorators/base.py", line 265, in execute
    return_value = super().execute(context)
                   ^^^^^^^^^^^^^^^^^^^^^^^^
  File "/home/airflow/.local/lib/python3.11/site-packages/airflow/models/baseoperator.py", line 401, in wrapper
    return func(self, *args, **kwargs)
           ^^^^^^^^^^^^^^^^^^^^^^^^^^^
  File "/home/airflow/.local/lib/python3.11/site-packages/airflow/operators/python.py", line 235, in execute
    return_value = self.execute_callable()
                   ^^^^^^^^^^^^^^^^^^^^^^^
  File "/home/airflow/.local/lib/python3.11/site-packages/airflow/operators/python.py", line 252, in execute_callable
    return self.python_callable(*self.op_args, **self.op_kwargs)
           ^^^^^^^^^^^^^^^^^^^^^^^^^^^^^^^^^^^^^^^^^^^^^^^^^^^^^
  File "/opt/airflow/dags/etl.py", line 27, in extract
    script_run = subprocess.run([
                 ^^^^^^^^^^^^^^^^
  File "/usr/local/lib/python3.11/subprocess.py", line 571, in run
    raise CalledProcessError(retcode, process.args,
subprocess.CalledProcessError: Command '['spark-submit', '--packages', 'org.postgresql:postgresql:42.6.0', '/opt/airflow/dags/daily_etl.py', '2019-10-02']' returned non-zero exit status 1.
[2026-09-19T14:08:09.448+0000] {taskinstance.py:1206} INFO - Marking task as FAILED. dag_id=ecommerce_data, task_id=extract, run_id=scheduled__2019-10-02T00:00:00+00:00, execution_date=20191002T000000, start_date=20260919T140803, end_date=20260919T140809
[2026-09-19T14:08:09.459+0000] {standard_task_runner.py:110} ERROR - Failed to execute job 98 for task extract (Command '['spark-submit', '--packages', 'org.postgresql:postgresql:42.6.0', '/opt/airflow/dags/daily_etl.py', '2019-10-02']' returned non-zero exit status 1.; 3452)
[2026-09-19T14:08:09.484+0000] {local_task_job_runner.py:240} INFO - Task exited with return code 1
[2026-09-19T14:08:09.498+0000] {taskinstance.py:3503} INFO - 0 downstream tasks scheduled from follow-on schedule check
[2026-09-19T14:08:09.499+0000] {local_task_job_runner.py:222} INFO - ::endgroup::
