[2026-09-18T12:32:44.264+0000] {local_task_job_runner.py:120} INFO - ::group::Pre task execution logs
[2026-09-18T12:32:44.278+0000] {taskinstance.py:2076} INFO - Dependencies all met for dep_context=non-requeueable deps ti=<TaskInstance: ecommerce_data.extract scheduled__2019-10-05T00:00:00+00:00 [queued]>
[2026-09-18T12:32:44.281+0000] {taskinstance.py:2076} INFO - Dependencies all met for dep_context=requeueable deps ti=<TaskInstance: ecommerce_data.extract scheduled__2019-10-05T00:00:00+00:00 [queued]>
[2026-09-18T12:32:44.281+0000] {taskinstance.py:2306} INFO - Starting attempt 4 of 4
[2026-09-18T12:32:44.288+0000] {taskinstance.py:2330} INFO - Executing <Task(_PythonDecoratedOperator): extract> on 2019-10-05 00:00:00+00:00
[2026-09-18T12:32:44.293+0000] {standard_task_runner.py:63} INFO - Started process 1817 to run task
[2026-09-18T12:32:44.294+0000] {standard_task_runner.py:90} INFO - Running: ['airflow', 'tasks', 'run', 'ecommerce_data', 'extract', 'scheduled__2019-10-05T00:00:00+00:00', '--job-id', '26', '--raw', '--subdir', 'DAGS_FOLDER/etl.py', '--cfg-path', '/tmp/tmp_v8clq9w']
[2026-09-18T12:32:44.295+0000] {standard_task_runner.py:91} INFO - Job 26: Subtask extract
[2026-09-18T12:32:44.314+0000] {task_command.py:426} INFO - Running <TaskInstance: ecommerce_data.extract scheduled__2019-10-05T00:00:00+00:00 [running]> on host ac3d43ca2f24
[2026-09-18T12:32:44.345+0000] {taskinstance.py:2648} INFO - Exporting env vars: AIRFLOW_CTX_DAG_OWNER='airflow' AIRFLOW_CTX_DAG_ID='ecommerce_data' AIRFLOW_CTX_TASK_ID='extract' AIRFLOW_CTX_EXECUTION_DATE='2019-10-05T00:00:00+00:00' AIRFLOW_CTX_TRY_NUMBER='4' AIRFLOW_CTX_DAG_RUN_ID='scheduled__2019-10-05T00:00:00+00:00'
[2026-09-18T12:32:44.346+0000] {taskinstance.py:430} INFO - ::endgroup::
[2026-09-18T12:32:45.343+0000] {taskinstance.py:441} INFO - ::group::Post task execution logs
[2026-09-18T12:32:45.344+0000] {taskinstance.py:2905} ERROR - Task failed with exception
Traceback (most recent call last):
  File "/home/airflow/.local/lib/python3.11/site-packages/airflow/models/taskinstance.py", line 465, in _execute_task
    result = _execute_callable(context=context, **execute_callable_kwargs)
             ^^^^^^^^^^^^^^^^^^^^^^^^^^^^^^^^^^^^^^^^^^^^^^^^^^^^^^^^^^^^^
  File "/home/airflow/.local/lib/python3.11/site-packages/airflow/models/taskinstance.py", line 432, in _execute_callable
    return execute_callable(context=context, **execute_callable_kwargs)
           ^^^^^^^^^^^^^^^^^^^^^^^^^^^^^^^^^^^^^^^^^^^^^^^^^^^^^^^^^^^^
  File "/home/airflow/.local/lib/python3.11/site-packages/airflow/models/baseoperator.py", line 401, in wrapper
    return func(self, *args, **kwargs)
           ^^^^^^^^^^^^^^^^^^^^^^^^^^^
  File "/home/airflow/.local/lib/python3.11/site-packages/airflow/decorators/base.py", line 265, in execute
    return_value = super().execute(context)
                   ^^^^^^^^^^^^^^^^^^^^^^^^
  File "/home/airflow/.local/lib/python3.11/site-packages/airflow/models/baseoperator.py", line 401, in wrapper
    return func(self, *args, **kwargs)
           ^^^^^^^^^^^^^^^^^^^^^^^^^^^
  File "/home/airflow/.local/lib/python3.11/site-packages/airflow/operators/python.py", line 235, in execute
    return_value = self.execute_callable()
                   ^^^^^^^^^^^^^^^^^^^^^^^
  File "/home/airflow/.local/lib/python3.11/site-packages/airflow/operators/python.py", line 252, in execute_callable
    return self.python_callable(*self.op_args, **self.op_kwargs)
           ^^^^^^^^^^^^^^^^^^^^^^^^^^^^^^^^^^^^^^^^^^^^^^^^^^^^^
  File "/opt/airflow/dags/etl.py", line 26, in extract
    script_run = subprocess.run(["spark-submit", "daily_etl.py", ds], check=True)
                 ^^^^^^^^^^^^^^^^^^^^^^^^^^^^^^^^^^^^^^^^^^^^^^^^^^^^^^^^^^^^^^^^
  File "/usr/local/lib/python3.11/subprocess.py", line 571, in run
    raise CalledProcessError(retcode, process.args,
subprocess.CalledProcessError: Command '['spark-submit', 'daily_etl.py', '2019-10-05']' returned non-zero exit status 2.
[2026-09-18T12:32:45.347+0000] {taskinstance.py:1206} INFO - Marking task as FAILED. dag_id=ecommerce_data, task_id=extract, run_id=scheduled__2019-10-05T00:00:00+00:00, execution_date=20191005T000000, start_date=20260918T123244, end_date=20260918T123245
[2026-09-18T12:32:45.352+0000] {standard_task_runner.py:110} ERROR - Failed to execute job 26 for task extract (Command '['spark-submit', 'daily_etl.py', '2019-10-05']' returned non-zero exit status 2.; 1817)
[2026-09-18T12:32:45.389+0000] {local_task_job_runner.py:240} INFO - Task exited with return code 1
[2026-09-18T12:32:45.403+0000] {taskinstance.py:3503} INFO - 0 downstream tasks scheduled from follow-on schedule check
[2026-09-18T12:32:45.404+0000] {local_task_job_runner.py:222} INFO - ::endgroup::
[2026-09-19T13:23:02.883+0000] {local_task_job_runner.py:120} INFO - ::group::Pre task execution logs
[2026-09-19T13:23:02.902+0000] {taskinstance.py:2076} INFO - Dependencies all met for dep_context=non-requeueable deps ti=<TaskInstance: ecommerce_data.extract scheduled__2019-10-05T00:00:00+00:00 [queued]>
[2026-09-19T13:23:02.906+0000] {taskinstance.py:2076} INFO - Dependencies all met for dep_context=requeueable deps ti=<TaskInstance: ecommerce_data.extract scheduled__2019-10-05T00:00:00+00:00 [queued]>
[2026-09-19T13:23:02.907+0000] {taskinstance.py:2306} INFO - Starting attempt 4 of 5
[2026-09-19T13:23:02.915+0000] {taskinstance.py:2330} INFO - Executing <Task(_PythonDecoratedOperator): extract> on 2019-10-05 00:00:00+00:00
[2026-09-19T13:23:02.920+0000] {standard_task_runner.py:63} INFO - Started process 804 to run task
[2026-09-19T13:23:02.922+0000] {standard_task_runner.py:90} INFO - Running: ['airflow', 'tasks', 'run', 'ecommerce_data', 'extract', 'scheduled__2019-10-05T00:00:00+00:00', '--job-id', '34', '--raw', '--subdir', 'DAGS_FOLDER/etl.py', '--cfg-path', '/tmp/tmpw2j_vn8e']
[2026-09-19T13:23:02.924+0000] {standard_task_runner.py:91} INFO - Job 34: Subtask extract
[2026-09-19T13:23:02.953+0000] {task_command.py:426} INFO - Running <TaskInstance: ecommerce_data.extract scheduled__2019-10-05T00:00:00+00:00 [running]> on host 8e73891b263a
[2026-09-19T13:23:03.004+0000] {taskinstance.py:2648} INFO - Exporting env vars: AIRFLOW_CTX_DAG_OWNER='airflow' AIRFLOW_CTX_DAG_ID='ecommerce_data' AIRFLOW_CTX_TASK_ID='extract' AIRFLOW_CTX_EXECUTION_DATE='2019-10-05T00:00:00+00:00' AIRFLOW_CTX_TRY_NUMBER='4' AIRFLOW_CTX_DAG_RUN_ID='scheduled__2019-10-05T00:00:00+00:00'
[2026-09-19T13:23:03.005+0000] {taskinstance.py:430} INFO - ::endgroup::
[2026-09-19T13:23:09.009+0000] {taskinstance.py:441} INFO - ::group::Post task execution logs
[2026-09-19T13:23:09.010+0000] {taskinstance.py:2905} ERROR - Task failed with exception
Traceback (most recent call last):
  File "/home/airflow/.local/lib/python3.11/site-packages/airflow/models/taskinstance.py", line 465, in _execute_task
    result = _execute_callable(context=context, **execute_callable_kwargs)
             ^^^^^^^^^^^^^^^^^^^^^^^^^^^^^^^^^^^^^^^^^^^^^^^^^^^^^^^^^^^^^
  File "/home/airflow/.local/lib/python3.11/site-packages/airflow/models/taskinstance.py", line 432, in _execute_callable
    return execute_callable(context=context, **execute_callable_kwargs)
           ^^^^^^^^^^^^^^^^^^^^^^^^^^^^^^^^^^^^^^^^^^^^^^^^^^^^^^^^^^^^
  File "/home/airflow/.local/lib/python3.11/site-packages/airflow/models/baseoperator.py", line 401, in wrapper
    return func(self, *args, **kwargs)
           ^^^^^^^^^^^^^^^^^^^^^^^^^^^
  File "/home/airflow/.local/lib/python3.11/site-packages/airflow/decorators/base.py", line 265, in execute
    return_value = super().execute(context)
                   ^^^^^^^^^^^^^^^^^^^^^^^^
  File "/home/airflow/.local/lib/python3.11/site-packages/airflow/models/baseoperator.py", line 401, in wrapper
    return func(self, *args, **kwargs)
           ^^^^^^^^^^^^^^^^^^^^^^^^^^^
  File "/home/airflow/.local/lib/python3.11/site-packages/airflow/operators/python.py", line 235, in execute
    return_value = self.execute_callable()
                   ^^^^^^^^^^^^^^^^^^^^^^^
  File "/home/airflow/.local/lib/python3.11/site-packages/airflow/operators/python.py", line 252, in execute_callable
    return self.python_callable(*self.op_args, **self.op_kwargs)
           ^^^^^^^^^^^^^^^^^^^^^^^^^^^^^^^^^^^^^^^^^^^^^^^^^^^^^
  File "/opt/airflow/dags/etl.py", line 27, in extract
    script_run = subprocess.run(["spark-submit", "/opt/airflow/dags/daily_etl.py", ds], check=True)
                 ^^^^^^^^^^^^^^^^^^^^^^^^^^^^^^^^^^^^^^^^^^^^^^^^^^^^^^^^^^^^^^^^^^^^^^^^^^^^^^^^^^
  File "/usr/local/lib/python3.11/subprocess.py", line 571, in run
    raise CalledProcessError(retcode, process.args,
subprocess.CalledProcessError: Command '['spark-submit', '/opt/airflow/dags/daily_etl.py', '2019-10-05']' returned non-zero exit status 1.
[2026-09-19T13:23:09.019+0000] {taskinstance.py:1206} INFO - Marking task as UP_FOR_RETRY. dag_id=ecommerce_data, task_id=extract, run_id=scheduled__2019-10-05T00:00:00+00:00, execution_date=20191005T000000, start_date=20260919T132302, end_date=20260919T132309
[2026-09-19T13:23:09.027+0000] {standard_task_runner.py:110} ERROR - Failed to execute job 34 for task extract (Command '['spark-submit', '/opt/airflow/dags/daily_etl.py', '2019-10-05']' returned non-zero exit status 1.; 804)
[2026-09-19T13:23:09.060+0000] {local_task_job_runner.py:240} INFO - Task exited with return code 1
[2026-09-19T13:23:09.075+0000] {taskinstance.py:3503} INFO - 0 downstream tasks scheduled from follow-on schedule check
[2026-09-19T13:23:09.076+0000] {local_task_job_runner.py:222} INFO - ::endgroup::
[2026-09-19T13:39:35.985+0000] {local_task_job_runner.py:120} INFO - ::group::Pre task execution logs
[2026-09-19T13:39:36.005+0000] {taskinstance.py:2076} INFO - Dependencies all met for dep_context=non-requeueable deps ti=<TaskInstance: ecommerce_data.extract scheduled__2019-10-05T00:00:00+00:00 [queued]>
[2026-09-19T13:39:36.009+0000] {taskinstance.py:2076} INFO - Dependencies all met for dep_context=requeueable deps ti=<TaskInstance: ecommerce_data.extract scheduled__2019-10-05T00:00:00+00:00 [queued]>
[2026-09-19T13:39:36.010+0000] {taskinstance.py:2306} INFO - Starting attempt 4 of 4
[2026-09-19T13:39:36.018+0000] {taskinstance.py:2330} INFO - Executing <Task(_PythonDecoratedOperator): extract> on 2019-10-05 00:00:00+00:00
[2026-09-19T13:39:36.024+0000] {standard_task_runner.py:63} INFO - Started process 2788 to run task
[2026-09-19T13:39:36.026+0000] {standard_task_runner.py:90} INFO - Running: ['airflow', 'tasks', 'run', 'ecommerce_data', 'extract', 'scheduled__2019-10-05T00:00:00+00:00', '--job-id', '65', '--raw', '--subdir', 'DAGS_FOLDER/etl.py', '--cfg-path', '/tmp/tmpjk7abz4i']
[2026-09-19T13:39:36.027+0000] {standard_task_runner.py:91} INFO - Job 65: Subtask extract
[2026-09-19T13:39:36.052+0000] {task_command.py:426} INFO - Running <TaskInstance: ecommerce_data.extract scheduled__2019-10-05T00:00:00+00:00 [running]> on host 8e73891b263a
[2026-09-19T13:39:36.093+0000] {taskinstance.py:2648} INFO - Exporting env vars: AIRFLOW_CTX_DAG_OWNER='airflow' AIRFLOW_CTX_DAG_ID='ecommerce_data' AIRFLOW_CTX_TASK_ID='extract' AIRFLOW_CTX_EXECUTION_DATE='2019-10-05T00:00:00+00:00' AIRFLOW_CTX_TRY_NUMBER='4' AIRFLOW_CTX_DAG_RUN_ID='scheduled__2019-10-05T00:00:00+00:00'
[2026-09-19T13:39:36.094+0000] {taskinstance.py:430} INFO - ::endgroup::
[2026-09-19T13:39:41.931+0000] {taskinstance.py:441} INFO - ::group::Post task execution logs
[2026-09-19T13:39:41.932+0000] {taskinstance.py:2905} ERROR - Task failed with exception
Traceback (most recent call last):
  File "/home/airflow/.local/lib/python3.11/site-packages/airflow/models/taskinstance.py", line 465, in _execute_task
    result = _execute_callable(context=context, **execute_callable_kwargs)
             ^^^^^^^^^^^^^^^^^^^^^^^^^^^^^^^^^^^^^^^^^^^^^^^^^^^^^^^^^^^^^
  File "/home/airflow/.local/lib/python3.11/site-packages/airflow/models/taskinstance.py", line 432, in _execute_callable
    return execute_callable(context=context, **execute_callable_kwargs)
           ^^^^^^^^^^^^^^^^^^^^^^^^^^^^^^^^^^^^^^^^^^^^^^^^^^^^^^^^^^^^
  File "/home/airflow/.local/lib/python3.11/site-packages/airflow/models/baseoperator.py", line 401, in wrapper
    return func(self, *args, **kwargs)
           ^^^^^^^^^^^^^^^^^^^^^^^^^^^
  File "/home/airflow/.local/lib/python3.11/site-packages/airflow/decorators/base.py", line 265, in execute
    return_value = super().execute(context)
                   ^^^^^^^^^^^^^^^^^^^^^^^^
  File "/home/airflow/.local/lib/python3.11/site-packages/airflow/models/baseoperator.py", line 401, in wrapper
    return func(self, *args, **kwargs)
           ^^^^^^^^^^^^^^^^^^^^^^^^^^^
  File "/home/airflow/.local/lib/python3.11/site-packages/airflow/operators/python.py", line 235, in execute
    return_value = self.execute_callable()
                   ^^^^^^^^^^^^^^^^^^^^^^^
  File "/home/airflow/.local/lib/python3.11/site-packages/airflow/operators/python.py", line 252, in execute_callable
    return self.python_callable(*self.op_args, **self.op_kwargs)
           ^^^^^^^^^^^^^^^^^^^^^^^^^^^^^^^^^^^^^^^^^^^^^^^^^^^^^
  File "/opt/airflow/dags/etl.py", line 27, in extract
    script_run = subprocess.run(["spark-submit", "/opt/airflow/dags/daily_etl.py", ds], check=True)
                 ^^^^^^^^^^^^^^^^^^^^^^^^^^^^^^^^^^^^^^^^^^^^^^^^^^^^^^^^^^^^^^^^^^^^^^^^^^^^^^^^^^
  File "/usr/local/lib/python3.11/subprocess.py", line 571, in run
    raise CalledProcessError(retcode, process.args,
subprocess.CalledProcessError: Command '['spark-submit', '/opt/airflow/dags/daily_etl.py', '2019-10-05']' returned non-zero exit status 1.
[2026-09-19T13:39:41.941+0000] {taskinstance.py:1206} INFO - Marking task as FAILED. dag_id=ecommerce_data, task_id=extract, run_id=scheduled__2019-10-05T00:00:00+00:00, execution_date=20191005T000000, start_date=20260919T133936, end_date=20260919T133941
[2026-09-19T13:39:41.953+0000] {standard_task_runner.py:110} ERROR - Failed to execute job 65 for task extract (Command '['spark-submit', '/opt/airflow/dags/daily_etl.py', '2019-10-05']' returned non-zero exit status 1.; 2788)
[2026-09-19T13:39:42.005+0000] {local_task_job_runner.py:240} INFO - Task exited with return code 1
[2026-09-19T13:39:42.019+0000] {taskinstance.py:3503} INFO - 0 downstream tasks scheduled from follow-on schedule check
[2026-09-19T13:39:42.020+0000] {local_task_job_runner.py:222} INFO - ::endgroup::
[2026-09-21T21:54:11.486+0000] {local_task_job_runner.py:120} INFO - ::group::Pre task execution logs
[2026-09-21T21:54:11.503+0000] {taskinstance.py:2076} INFO - Dependencies all met for dep_context=non-requeueable deps ti=<TaskInstance: ecommerce_data.extract scheduled__2019-10-05T00:00:00+00:00 [queued]>
[2026-09-21T21:54:11.508+0000] {taskinstance.py:2076} INFO - Dependencies all met for dep_context=requeueable deps ti=<TaskInstance: ecommerce_data.extract scheduled__2019-10-05T00:00:00+00:00 [queued]>
[2026-09-21T21:54:11.508+0000] {taskinstance.py:2306} INFO - Starting attempt 4 of 4
[2026-09-21T21:54:11.516+0000] {taskinstance.py:2330} INFO - Executing <Task(_PythonDecoratedOperator): extract> on 2019-10-05 00:00:00+00:00
[2026-09-21T21:54:11.522+0000] {standard_task_runner.py:63} INFO - Started process 9753 to run task
[2026-09-21T21:54:11.524+0000] {standard_task_runner.py:90} INFO - Running: ['airflow', 'tasks', 'run', 'ecommerce_data', 'extract', 'scheduled__2019-10-05T00:00:00+00:00', '--job-id', '94', '--raw', '--subdir', 'DAGS_FOLDER/etl.py', '--cfg-path', '/tmp/tmp0axug9jf']
[2026-09-21T21:54:11.525+0000] {standard_task_runner.py:91} INFO - Job 94: Subtask extract
[2026-09-21T21:54:11.557+0000] {task_command.py:426} INFO - Running <TaskInstance: ecommerce_data.extract scheduled__2019-10-05T00:00:00+00:00 [running]> on host e6c3ac7e1715
[2026-09-21T21:54:11.609+0000] {taskinstance.py:2648} INFO - Exporting env vars: AIRFLOW_CTX_DAG_OWNER='airflow' AIRFLOW_CTX_DAG_ID='ecommerce_data' AIRFLOW_CTX_TASK_ID='extract' AIRFLOW_CTX_EXECUTION_DATE='2019-10-05T00:00:00+00:00' AIRFLOW_CTX_TRY_NUMBER='4' AIRFLOW_CTX_DAG_RUN_ID='scheduled__2019-10-05T00:00:00+00:00'
[2026-09-21T21:54:11.609+0000] {taskinstance.py:430} INFO - ::endgroup::
[2026-09-21T21:54:11.612+0000] {base.py:84} INFO - Using connection ID 'postgres_conn_id' for task execution.
[2026-09-21T21:54:17.650+0000] {etl.py:68} ERROR - === СПРАВЖНЯ ПОМИЛКА ВІД SPARK ===
[2026-09-21T21:54:17.651+0000] {etl.py:69} ERROR - /home/airflow/.local/lib/python3.11/site-packages/pyspark/bin/load-spark-env.sh: line 68: ps: command not found
Ivy Default Cache set to: /home/airflow/.ivy2/cache
The jars for the packages stored in: /home/airflow/.ivy2/jars
org.postgresql#postgresql added as a dependency
:: resolving dependencies :: org.apache.spark#spark-submit-parent-0c8168c0-c217-4f0f-883a-3066c664e32b;1.0
	confs: [default]
	found org.postgresql#postgresql;42.6.0 in central
	found org.checkerframework#checker-qual;3.31.0 in central
:: resolution report :: resolve 113ms :: artifacts dl 5ms
	:: modules in use:
	org.checkerframework#checker-qual;3.31.0 from central in [default]
	org.postgresql#postgresql;42.6.0 from central in [default]
	---------------------------------------------------------------------
	|                  |            modules            ||   artifacts   |
	|       conf       | number| search|dwnlded|evicted|| number|dwnlded|
	---------------------------------------------------------------------
	|      default     |   2   |   0   |   0   |   0   ||   2   |   0   |
	---------------------------------------------------------------------
:: retrieving :: org.apache.spark#spark-submit-parent-0c8168c0-c217-4f0f-883a-3066c664e32b
	confs: [default]
	0 artifacts copied, 2 already retrieved (0kB/4ms)
26/09/21 21:54:13 WARN NativeCodeLoader: Unable to load native-hadoop library for your platform... using builtin-java classes where applicable
26/09/21 21:54:14 INFO SparkContext: Running Spark version 3.5.1
26/09/21 21:54:14 INFO SparkContext: OS info Linux, 7.0.0-31-generic, amd64
26/09/21 21:54:14 INFO SparkContext: Java version 17.0.20.1
26/09/21 21:54:14 INFO ResourceUtils: ==============================================================
26/09/21 21:54:14 INFO ResourceUtils: No custom resources configured for spark.driver.
26/09/21 21:54:14 INFO ResourceUtils: ==============================================================
26/09/21 21:54:14 INFO SparkContext: Submitted application: Daily_ecommerce
26/09/21 21:54:14 INFO ResourceProfile: Default ResourceProfile created, executor resources: Map(cores -> name: cores, amount: 1, script: , vendor: , memory -> name: memory, amount: 1024, script: , vendor: , offHeap -> name: offHeap, amount: 0, script: , vendor: ), task resources: Map(cpus -> name: cpus, amount: 1.0)
26/09/21 21:54:14 INFO ResourceProfile: Limiting resource is cpu
26/09/21 21:54:14 INFO ResourceProfileManager: Added ResourceProfile id: 0
26/09/21 21:54:14 INFO SecurityManager: Changing view acls to: airflow
26/09/21 21:54:14 INFO SecurityManager: Changing modify acls to: airflow
26/09/21 21:54:14 INFO SecurityManager: Changing view acls groups to: 
26/09/21 21:54:14 INFO SecurityManager: Changing modify acls groups to: 
26/09/21 21:54:14 INFO SecurityManager: SecurityManager: authentication disabled; ui acls disabled; users with view permissions: airflow; groups with view permissions: EMPTY; users with modify permissions: airflow; groups with modify permissions: EMPTY
26/09/21 21:54:14 INFO Utils: Successfully started service 'sparkDriver' on port 44843.
26/09/21 21:54:14 INFO SparkEnv: Registering MapOutputTracker
26/09/21 21:54:14 INFO SparkEnv: Registering BlockManagerMaster
26/09/21 21:54:14 INFO BlockManagerMasterEndpoint: Using org.apache.spark.storage.DefaultTopologyMapper for getting topology information
26/09/21 21:54:14 INFO BlockManagerMasterEndpoint: BlockManagerMasterEndpoint up
26/09/21 21:54:14 INFO SparkEnv: Registering BlockManagerMasterHeartbeat
26/09/21 21:54:14 INFO DiskBlockManager: Created local directory at /tmp/blockmgr-61d1b060-0a11-432c-a0d6-57a37c760293
26/09/21 21:54:14 INFO MemoryStore: MemoryStore started with capacity 434.4 MiB
26/09/21 21:54:14 INFO SparkEnv: Registering OutputCommitCoordinator
26/09/21 21:54:14 INFO JettyUtils: Start Jetty 0.0.0.0:4040 for SparkUI
26/09/21 21:54:14 INFO Utils: Successfully started service 'SparkUI' on port 4040.
26/09/21 21:54:14 INFO SparkContext: Added JAR file:///home/airflow/.ivy2/jars/org.postgresql_postgresql-42.6.0.jar at spark://e6c3ac7e1715:44843/jars/org.postgresql_postgresql-42.6.0.jar with timestamp 1790027654209
26/09/21 21:54:14 INFO SparkContext: Added JAR file:///home/airflow/.ivy2/jars/org.checkerframework_checker-qual-3.31.0.jar at spark://e6c3ac7e1715:44843/jars/org.checkerframework_checker-qual-3.31.0.jar with timestamp 1790027654209
26/09/21 21:54:14 INFO SparkContext: Added file file:///home/airflow/.ivy2/jars/org.postgresql_postgresql-42.6.0.jar at file:///home/airflow/.ivy2/jars/org.postgresql_postgresql-42.6.0.jar with timestamp 1790027654209
26/09/21 21:54:14 INFO Utils: Copying /home/airflow/.ivy2/jars/org.postgresql_postgresql-42.6.0.jar to /tmp/spark-b59fcb43-3773-4c6f-bd12-239fda5fd848/userFiles-59f9caef-dfd1-49bb-bed5-1711704e292d/org.postgresql_postgresql-42.6.0.jar
26/09/21 21:54:14 INFO SparkContext: Added file file:///home/airflow/.ivy2/jars/org.checkerframework_checker-qual-3.31.0.jar at file:///home/airflow/.ivy2/jars/org.checkerframework_checker-qual-3.31.0.jar with timestamp 1790027654209
26/09/21 21:54:14 INFO Utils: Copying /home/airflow/.ivy2/jars/org.checkerframework_checker-qual-3.31.0.jar to /tmp/spark-b59fcb43-3773-4c6f-bd12-239fda5fd848/userFiles-59f9caef-dfd1-49bb-bed5-1711704e292d/org.checkerframework_checker-qual-3.31.0.jar
26/09/21 21:54:14 INFO Executor: Starting executor ID driver on host e6c3ac7e1715
26/09/21 21:54:14 INFO Executor: OS info Linux, 7.0.0-31-generic, amd64
26/09/21 21:54:14 INFO Executor: Java version 17.0.20.1
26/09/21 21:54:14 INFO Executor: Starting executor with user classpath (userClassPathFirst = false): ''
26/09/21 21:54:14 INFO Executor: Created or updated repl class loader org.apache.spark.util.MutableURLClassLoader@4e870ecc for default.
26/09/21 21:54:14 INFO Executor: Fetching file:///home/airflow/.ivy2/jars/org.checkerframework_checker-qual-3.31.0.jar with timestamp 1790027654209
26/09/21 21:54:14 INFO Utils: /home/airflow/.ivy2/jars/org.checkerframework_checker-qual-3.31.0.jar has been previously copied to /tmp/spark-b59fcb43-3773-4c6f-bd12-239fda5fd848/userFiles-59f9caef-dfd1-49bb-bed5-1711704e292d/org.checkerframework_checker-qual-3.31.0.jar
26/09/21 21:54:14 INFO Executor: Fetching file:///home/airflow/.ivy2/jars/org.postgresql_postgresql-42.6.0.jar with timestamp 1790027654209
26/09/21 21:54:14 INFO Utils: /home/airflow/.ivy2/jars/org.postgresql_postgresql-42.6.0.jar has been previously copied to /tmp/spark-b59fcb43-3773-4c6f-bd12-239fda5fd848/userFiles-59f9caef-dfd1-49bb-bed5-1711704e292d/org.postgresql_postgresql-42.6.0.jar
26/09/21 21:54:14 INFO Executor: Fetching spark://e6c3ac7e1715:44843/jars/org.postgresql_postgresql-42.6.0.jar with timestamp 1790027654209
26/09/21 21:54:14 INFO TransportClientFactory: Successfully created connection to e6c3ac7e1715/172.21.0.3:44843 after 20 ms (0 ms spent in bootstraps)
26/09/21 21:54:14 INFO Utils: Fetching spark://e6c3ac7e1715:44843/jars/org.postgresql_postgresql-42.6.0.jar to /tmp/spark-b59fcb43-3773-4c6f-bd12-239fda5fd848/userFiles-59f9caef-dfd1-49bb-bed5-1711704e292d/fetchFileTemp4637919793618040048.tmp
26/09/21 21:54:14 INFO Utils: /tmp/spark-b59fcb43-3773-4c6f-bd12-239fda5fd848/userFiles-59f9caef-dfd1-49bb-bed5-1711704e292d/fetchFileTemp4637919793618040048.tmp has been previously copied to /tmp/spark-b59fcb43-3773-4c6f-bd12-239fda5fd848/userFiles-59f9caef-dfd1-49bb-bed5-1711704e292d/org.postgresql_postgresql-42.6.0.jar
26/09/21 21:54:14 INFO Executor: Adding file:/tmp/spark-b59fcb43-3773-4c6f-bd12-239fda5fd848/userFiles-59f9caef-dfd1-49bb-bed5-1711704e292d/org.postgresql_postgresql-42.6.0.jar to class loader default
26/09/21 21:54:14 INFO Executor: Fetching spark://e6c3ac7e1715:44843/jars/org.checkerframework_checker-qual-3.31.0.jar with timestamp 1790027654209
26/09/21 21:54:14 INFO Utils: Fetching spark://e6c3ac7e1715:44843/jars/org.checkerframework_checker-qual-3.31.0.jar to /tmp/spark-b59fcb43-3773-4c6f-bd12-239fda5fd848/userFiles-59f9caef-dfd1-49bb-bed5-1711704e292d/fetchFileTemp10369419976628671268.tmp
26/09/21 21:54:14 INFO Utils: /tmp/spark-b59fcb43-3773-4c6f-bd12-239fda5fd848/userFiles-59f9caef-dfd1-49bb-bed5-1711704e292d/fetchFileTemp10369419976628671268.tmp has been previously copied to /tmp/spark-b59fcb43-3773-4c6f-bd12-239fda5fd848/userFiles-59f9caef-dfd1-49bb-bed5-1711704e292d/org.checkerframework_checker-qual-3.31.0.jar
26/09/21 21:54:14 INFO Executor: Adding file:/tmp/spark-b59fcb43-3773-4c6f-bd12-239fda5fd848/userFiles-59f9caef-dfd1-49bb-bed5-1711704e292d/org.checkerframework_checker-qual-3.31.0.jar to class loader default
26/09/21 21:54:14 INFO Utils: Successfully started service 'org.apache.spark.network.netty.NettyBlockTransferService' on port 42751.
26/09/21 21:54:14 INFO NettyBlockTransferService: Server created on e6c3ac7e1715:42751
26/09/21 21:54:14 INFO BlockManager: Using org.apache.spark.storage.RandomBlockReplicationPolicy for block replication policy
26/09/21 21:54:14 INFO BlockManagerMaster: Registering BlockManager BlockManagerId(driver, e6c3ac7e1715, 42751, None)
26/09/21 21:54:15 INFO BlockManagerMasterEndpoint: Registering block manager e6c3ac7e1715:42751 with 434.4 MiB RAM, BlockManagerId(driver, e6c3ac7e1715, 42751, None)
26/09/21 21:54:15 INFO BlockManagerMaster: Registered BlockManager BlockManagerId(driver, e6c3ac7e1715, 42751, None)
26/09/21 21:54:15 INFO BlockManager: Initialized BlockManager: BlockManagerId(driver, e6c3ac7e1715, 42751, None)
26/09/21 21:54:15 INFO SharedState: Setting hive.metastore.warehouse.dir ('null') to the value of spark.sql.warehouse.dir.
26/09/21 21:54:15 INFO SharedState: Warehouse path is 'file:/opt/airflow/spark-warehouse'.
26/09/21 21:54:15 INFO InMemoryFileIndex: It took 37 ms to list leaf files for 1 paths.
26/09/21 21:54:16 INFO SparkContext: Starting job: parquet at NativeMethodAccessorImpl.java:0
26/09/21 21:54:16 INFO DAGScheduler: Got job 0 (parquet at NativeMethodAccessorImpl.java:0) with 1 output partitions
26/09/21 21:54:16 INFO DAGScheduler: Final stage: ResultStage 0 (parquet at NativeMethodAccessorImpl.java:0)
26/09/21 21:54:16 INFO DAGScheduler: Parents of final stage: List()
26/09/21 21:54:16 INFO DAGScheduler: Missing parents: List()
26/09/21 21:54:16 INFO DAGScheduler: Submitting ResultStage 0 (MapPartitionsRDD[1] at parquet at NativeMethodAccessorImpl.java:0), which has no missing parents
26/09/21 21:54:16 INFO MemoryStore: Block broadcast_0 stored as values in memory (estimated size 104.5 KiB, free 434.3 MiB)
26/09/21 21:54:16 INFO MemoryStore: Block broadcast_0_piece0 stored as bytes in memory (estimated size 37.6 KiB, free 434.3 MiB)
26/09/21 21:54:16 INFO BlockManagerInfo: Added broadcast_0_piece0 in memory on e6c3ac7e1715:42751 (size: 37.6 KiB, free: 434.4 MiB)
26/09/21 21:54:16 INFO SparkContext: Created broadcast 0 from broadcast at DAGScheduler.scala:1585
26/09/21 21:54:16 INFO DAGScheduler: Submitting 1 missing tasks from ResultStage 0 (MapPartitionsRDD[1] at parquet at NativeMethodAccessorImpl.java:0) (first 15 tasks are for partitions Vector(0))
26/09/21 21:54:16 INFO TaskSchedulerImpl: Adding task set 0.0 with 1 tasks resource profile 0
26/09/21 21:54:16 INFO TaskSetManager: Starting task 0.0 in stage 0.0 (TID 0) (e6c3ac7e1715, executor driver, partition 0, PROCESS_LOCAL, 8303 bytes) 
26/09/21 21:54:16 INFO Executor: Running task 0.0 in stage 0.0 (TID 0)
26/09/21 21:54:16 INFO Executor: Finished task 0.0 in stage 0.0 (TID 0). 2034 bytes result sent to driver
26/09/21 21:54:16 INFO TaskSetManager: Finished task 0.0 in stage 0.0 (TID 0) in 305 ms on e6c3ac7e1715 (executor driver) (1/1)
26/09/21 21:54:16 INFO TaskSchedulerImpl: Removed TaskSet 0.0, whose tasks have all completed, from pool 
26/09/21 21:54:16 INFO DAGScheduler: ResultStage 0 (parquet at NativeMethodAccessorImpl.java:0) finished in 0.421 s
26/09/21 21:54:16 INFO DAGScheduler: Job 0 is finished. Cancelling potential speculative or zombie tasks for this job
26/09/21 21:54:16 INFO TaskSchedulerImpl: Killing all running tasks in stage 0: Stage finished
26/09/21 21:54:16 INFO DAGScheduler: Job 0 finished: parquet at NativeMethodAccessorImpl.java:0, took 0.455970 s
26/09/21 21:54:17 INFO BlockManagerInfo: Removed broadcast_0_piece0 on e6c3ac7e1715:42751 in memory (size: 37.6 KiB, free: 434.4 MiB)
26/09/21 21:54:17 INFO SparkContext: Invoking stop() from shutdown hook
26/09/21 21:54:17 INFO SparkContext: SparkContext is stopping with exitCode 0.
26/09/21 21:54:17 INFO SparkUI: Stopped Spark web UI at http://e6c3ac7e1715:4040
26/09/21 21:54:17 INFO MapOutputTrackerMasterEndpoint: MapOutputTrackerMasterEndpoint stopped!
26/09/21 21:54:17 INFO MemoryStore: MemoryStore cleared
26/09/21 21:54:17 INFO BlockManager: BlockManager stopped
26/09/21 21:54:17 INFO BlockManagerMaster: BlockManagerMaster stopped
26/09/21 21:54:17 INFO OutputCommitCoordinator$OutputCommitCoordinatorEndpoint: OutputCommitCoordinator stopped!
26/09/21 21:54:17 INFO SparkContext: Successfully stopped SparkContext
26/09/21 21:54:17 INFO ShutdownHookManager: Shutdown hook called
26/09/21 21:54:17 INFO ShutdownHookManager: Deleting directory /tmp/spark-cf5dd24e-725e-4851-b3ab-e9e304985b44
26/09/21 21:54:17 INFO ShutdownHookManager: Deleting directory /tmp/spark-b59fcb43-3773-4c6f-bd12-239fda5fd848/pyspark-2bf1f34f-2abb-4948-9251-d0133856a888
26/09/21 21:54:17 INFO ShutdownHookManager: Deleting directory /tmp/spark-b59fcb43-3773-4c6f-bd12-239fda5fd848

[2026-09-21T21:54:17.651+0000] {taskinstance.py:441} INFO - ::group::Post task execution logs
[2026-09-21T21:54:17.651+0000] {taskinstance.py:2905} ERROR - Task failed with exception
Traceback (most recent call last):
  File "/home/airflow/.local/lib/python3.11/site-packages/airflow/models/taskinstance.py", line 465, in _execute_task
    result = _execute_callable(context=context, **execute_callable_kwargs)
             ^^^^^^^^^^^^^^^^^^^^^^^^^^^^^^^^^^^^^^^^^^^^^^^^^^^^^^^^^^^^^
  File "/home/airflow/.local/lib/python3.11/site-packages/airflow/models/taskinstance.py", line 432, in _execute_callable
    return execute_callable(context=context, **execute_callable_kwargs)
           ^^^^^^^^^^^^^^^^^^^^^^^^^^^^^^^^^^^^^^^^^^^^^^^^^^^^^^^^^^^^
  File "/home/airflow/.local/lib/python3.11/site-packages/airflow/models/baseoperator.py", line 401, in wrapper
    return func(self, *args, **kwargs)
           ^^^^^^^^^^^^^^^^^^^^^^^^^^^
  File "/home/airflow/.local/lib/python3.11/site-packages/airflow/decorators/base.py", line 265, in execute
    return_value = super().execute(context)
                   ^^^^^^^^^^^^^^^^^^^^^^^^
  File "/home/airflow/.local/lib/python3.11/site-packages/airflow/models/baseoperator.py", line 401, in wrapper
    return func(self, *args, **kwargs)
           ^^^^^^^^^^^^^^^^^^^^^^^^^^^
  File "/home/airflow/.local/lib/python3.11/site-packages/airflow/operators/python.py", line 235, in execute
    return_value = self.execute_callable()
                   ^^^^^^^^^^^^^^^^^^^^^^^
  File "/home/airflow/.local/lib/python3.11/site-packages/airflow/operators/python.py", line 252, in execute_callable
    return self.python_callable(*self.op_args, **self.op_kwargs)
           ^^^^^^^^^^^^^^^^^^^^^^^^^^^^^^^^^^^^^^^^^^^^^^^^^^^^^
  File "/opt/airflow/dags/etl.py", line 70, in extract
    raise e
  File "/opt/airflow/dags/etl.py", line 59, in extract
    script_run = subprocess.run([
                 ^^^^^^^^^^^^^^^^
  File "/usr/local/lib/python3.11/subprocess.py", line 571, in run
    raise CalledProcessError(retcode, process.args,
subprocess.CalledProcessError: Command '['spark-submit', '--packages', 'org.postgresql:postgresql:42.6.0', '/opt/airflow/dags/daily_etl.py', '2019-10-05']' returned non-zero exit status 1.
[2026-09-21T21:54:17.657+0000] {taskinstance.py:1206} INFO - Marking task as FAILED. dag_id=ecommerce_data, task_id=extract, run_id=scheduled__2019-10-05T00:00:00+00:00, execution_date=20191005T000000, start_date=20260921T215411, end_date=20260921T215417
[2026-09-21T21:54:17.665+0000] {standard_task_runner.py:110} ERROR - Failed to execute job 94 for task extract (Command '['spark-submit', '--packages', 'org.postgresql:postgresql:42.6.0', '/opt/airflow/dags/daily_etl.py', '2019-10-05']' returned non-zero exit status 1.; 9753)
[2026-09-21T21:54:17.705+0000] {local_task_job_runner.py:240} INFO - Task exited with return code 1
[2026-09-21T21:54:17.719+0000] {taskinstance.py:3503} INFO - 0 downstream tasks scheduled from follow-on schedule check
[2026-09-21T21:54:17.720+0000] {local_task_job_runner.py:222} INFO - ::endgroup::
[2026-09-21T22:25:02.021+0000] {local_task_job_runner.py:120} INFO - ::group::Pre task execution logs
[2026-09-21T22:25:02.040+0000] {taskinstance.py:2076} INFO - Dependencies all met for dep_context=non-requeueable deps ti=<TaskInstance: ecommerce_data.extract scheduled__2019-10-05T00:00:00+00:00 [queued]>
[2026-09-21T22:25:02.045+0000] {taskinstance.py:2076} INFO - Dependencies all met for dep_context=requeueable deps ti=<TaskInstance: ecommerce_data.extract scheduled__2019-10-05T00:00:00+00:00 [queued]>
[2026-09-21T22:25:02.045+0000] {taskinstance.py:2306} INFO - Starting attempt 4 of 4
[2026-09-21T22:25:02.053+0000] {taskinstance.py:2330} INFO - Executing <Task(_PythonDecoratedOperator): extract> on 2019-10-05 00:00:00+00:00
[2026-09-21T22:25:02.059+0000] {standard_task_runner.py:63} INFO - Started process 27049 to run task
[2026-09-21T22:25:02.061+0000] {standard_task_runner.py:90} INFO - Running: ['airflow', 'tasks', 'run', 'ecommerce_data', 'extract', 'scheduled__2019-10-05T00:00:00+00:00', '--job-id', '244', '--raw', '--subdir', 'DAGS_FOLDER/etl.py', '--cfg-path', '/tmp/tmp9d23cf3x']
[2026-09-21T22:25:02.063+0000] {standard_task_runner.py:91} INFO - Job 244: Subtask extract
[2026-09-21T22:25:02.095+0000] {task_command.py:426} INFO - Running <TaskInstance: ecommerce_data.extract scheduled__2019-10-05T00:00:00+00:00 [running]> on host e6c3ac7e1715
[2026-09-21T22:25:02.145+0000] {taskinstance.py:2648} INFO - Exporting env vars: AIRFLOW_CTX_DAG_OWNER='airflow' AIRFLOW_CTX_DAG_ID='ecommerce_data' AIRFLOW_CTX_TASK_ID='extract' AIRFLOW_CTX_EXECUTION_DATE='2019-10-05T00:00:00+00:00' AIRFLOW_CTX_TRY_NUMBER='4' AIRFLOW_CTX_DAG_RUN_ID='scheduled__2019-10-05T00:00:00+00:00'
[2026-09-21T22:25:02.145+0000] {taskinstance.py:430} INFO - ::endgroup::
[2026-09-21T22:25:02.149+0000] {base.py:84} INFO - Using connection ID 'postgres_conn_id' for task execution.
[2026-09-21T22:25:08.796+0000] {taskinstance.py:441} INFO - ::group::Post task execution logs
[2026-09-21T22:25:08.797+0000] {taskinstance.py:2905} ERROR - Task failed with exception
Traceback (most recent call last):
  File "/home/airflow/.local/lib/python3.11/site-packages/airflow/models/taskinstance.py", line 465, in _execute_task
    result = _execute_callable(context=context, **execute_callable_kwargs)
             ^^^^^^^^^^^^^^^^^^^^^^^^^^^^^^^^^^^^^^^^^^^^^^^^^^^^^^^^^^^^^
  File "/home/airflow/.local/lib/python3.11/site-packages/airflow/models/taskinstance.py", line 432, in _execute_callable
    return execute_callable(context=context, **execute_callable_kwargs)
           ^^^^^^^^^^^^^^^^^^^^^^^^^^^^^^^^^^^^^^^^^^^^^^^^^^^^^^^^^^^^
  File "/home/airflow/.local/lib/python3.11/site-packages/airflow/models/baseoperator.py", line 401, in wrapper
    return func(self, *args, **kwargs)
           ^^^^^^^^^^^^^^^^^^^^^^^^^^^
  File "/home/airflow/.local/lib/python3.11/site-packages/airflow/decorators/base.py", line 265, in execute
    return_value = super().execute(context)
                   ^^^^^^^^^^^^^^^^^^^^^^^^
  File "/home/airflow/.local/lib/python3.11/site-packages/airflow/models/baseoperator.py", line 401, in wrapper
    return func(self, *args, **kwargs)
           ^^^^^^^^^^^^^^^^^^^^^^^^^^^
  File "/home/airflow/.local/lib/python3.11/site-packages/airflow/operators/python.py", line 235, in execute
    return_value = self.execute_callable()
                   ^^^^^^^^^^^^^^^^^^^^^^^
  File "/home/airflow/.local/lib/python3.11/site-packages/airflow/operators/python.py", line 252, in execute_callable
    return self.python_callable(*self.op_args, **self.op_kwargs)
           ^^^^^^^^^^^^^^^^^^^^^^^^^^^^^^^^^^^^^^^^^^^^^^^^^^^^^
  File "/opt/airflow/dags/etl.py", line 58, in extract
    script_run = subprocess.run([
                 ^^^^^^^^^^^^^^^^
  File "/usr/local/lib/python3.11/subprocess.py", line 571, in run
    raise CalledProcessError(retcode, process.args,
subprocess.CalledProcessError: Command '['spark-submit', '--packages', 'org.postgresql:postgresql:42.6.0', '/opt/airflow/dags/daily_etl.py', '2019-10-05']' returned non-zero exit status 1.
[2026-09-21T22:25:08.803+0000] {taskinstance.py:1206} INFO - Marking task as FAILED. dag_id=ecommerce_data, task_id=extract, run_id=scheduled__2019-10-05T00:00:00+00:00, execution_date=20191005T000000, start_date=20260921T222502, end_date=20260921T222508
[2026-09-21T22:25:08.811+0000] {standard_task_runner.py:110} ERROR - Failed to execute job 244 for task extract (Command '['spark-submit', '--packages', 'org.postgresql:postgresql:42.6.0', '/opt/airflow/dags/daily_etl.py', '2019-10-05']' returned non-zero exit status 1.; 27049)
[2026-09-21T22:25:08.844+0000] {local_task_job_runner.py:240} INFO - Task exited with return code 1
[2026-09-21T22:25:08.857+0000] {taskinstance.py:3503} INFO - 0 downstream tasks scheduled from follow-on schedule check
[2026-09-21T22:25:08.858+0000] {local_task_job_runner.py:222} INFO - ::endgroup::
