[2026-09-18T12:32:04.355+0000] {local_task_job_runner.py:120} INFO - ::group::Pre task execution logs
[2026-09-18T12:32:04.371+0000] {taskinstance.py:2076} INFO - Dependencies all met for dep_context=non-requeueable deps ti=<TaskInstance: ecommerce_data.extract scheduled__2019-10-05T00:00:00+00:00 [queued]>
[2026-09-18T12:32:04.375+0000] {taskinstance.py:2076} INFO - Dependencies all met for dep_context=requeueable deps ti=<TaskInstance: ecommerce_data.extract scheduled__2019-10-05T00:00:00+00:00 [queued]>
[2026-09-18T12:32:04.375+0000] {taskinstance.py:2306} INFO - Starting attempt 1 of 4
[2026-09-18T12:32:04.384+0000] {taskinstance.py:2330} INFO - Executing <Task(_PythonDecoratedOperator): extract> on 2019-10-05 00:00:00+00:00
[2026-09-18T12:32:04.388+0000] {standard_task_runner.py:63} INFO - Started process 846 to run task
[2026-09-18T12:32:04.390+0000] {standard_task_runner.py:90} INFO - Running: ['airflow', 'tasks', 'run', 'ecommerce_data', 'extract', 'scheduled__2019-10-05T00:00:00+00:00', '--job-id', '13', '--raw', '--subdir', 'DAGS_FOLDER/etl.py', '--cfg-path', '/tmp/tmpmifgx85p']
[2026-09-18T12:32:04.392+0000] {standard_task_runner.py:91} INFO - Job 13: Subtask extract
[2026-09-18T12:32:04.417+0000] {task_command.py:426} INFO - Running <TaskInstance: ecommerce_data.extract scheduled__2019-10-05T00:00:00+00:00 [running]> on host ac3d43ca2f24
[2026-09-18T12:32:04.451+0000] {taskinstance.py:2648} INFO - Exporting env vars: AIRFLOW_CTX_DAG_OWNER='airflow' AIRFLOW_CTX_DAG_ID='ecommerce_data' AIRFLOW_CTX_TASK_ID='extract' AIRFLOW_CTX_EXECUTION_DATE='2019-10-05T00:00:00+00:00' AIRFLOW_CTX_TRY_NUMBER='1' AIRFLOW_CTX_DAG_RUN_ID='scheduled__2019-10-05T00:00:00+00:00'
[2026-09-18T12:32:04.451+0000] {taskinstance.py:430} INFO - ::endgroup::
[2026-09-18T12:32:05.488+0000] {taskinstance.py:441} INFO - ::group::Post task execution logs
[2026-09-18T12:32:05.488+0000] {taskinstance.py:2905} ERROR - Task failed with exception
Traceback (most recent call last):
  File "/home/airflow/.local/lib/python3.11/site-packages/airflow/models/taskinstance.py", line 465, in _execute_task
    result = _execute_callable(context=context, **execute_callable_kwargs)
             ^^^^^^^^^^^^^^^^^^^^^^^^^^^^^^^^^^^^^^^^^^^^^^^^^^^^^^^^^^^^^
  File "/home/airflow/.local/lib/python3.11/site-packages/airflow/models/taskinstance.py", line 432, in _execute_callable
    return execute_callable(context=context, **execute_callable_kwargs)
           ^^^^^^^^^^^^^^^^^^^^^^^^^^^^^^^^^^^^^^^^^^^^^^^^^^^^^^^^^^^^
  File "/home/airflow/.local/lib/python3.11/site-packages/airflow/models/baseoperator.py", line 401, in wrapper
    return func(self, *args, **kwargs)
           ^^^^^^^^^^^^^^^^^^^^^^^^^^^
  File "/home/airflow/.local/lib/python3.11/site-packages/airflow/decorators/base.py", line 265, in execute
    return_value = super().execute(context)
                   ^^^^^^^^^^^^^^^^^^^^^^^^
  File "/home/airflow/.local/lib/python3.11/site-packages/airflow/models/baseoperator.py", line 401, in wrapper
    return func(self, *args, **kwargs)
           ^^^^^^^^^^^^^^^^^^^^^^^^^^^
  File "/home/airflow/.local/lib/python3.11/site-packages/airflow/operators/python.py", line 235, in execute
    return_value = self.execute_callable()
                   ^^^^^^^^^^^^^^^^^^^^^^^
  File "/home/airflow/.local/lib/python3.11/site-packages/airflow/operators/python.py", line 252, in execute_callable
    return self.python_callable(*self.op_args, **self.op_kwargs)
           ^^^^^^^^^^^^^^^^^^^^^^^^^^^^^^^^^^^^^^^^^^^^^^^^^^^^^
  File "/opt/airflow/dags/etl.py", line 26, in extract
    script_run = subprocess.run(["spark-submit", "daily_etl.py", ds], check=True)
                 ^^^^^^^^^^^^^^^^^^^^^^^^^^^^^^^^^^^^^^^^^^^^^^^^^^^^^^^^^^^^^^^^
  File "/usr/local/lib/python3.11/subprocess.py", line 571, in run
    raise CalledProcessError(retcode, process.args,
subprocess.CalledProcessError: Command '['spark-submit', 'daily_etl.py', '2019-10-05']' returned non-zero exit status 2.
[2026-09-18T12:32:05.491+0000] {taskinstance.py:1206} INFO - Marking task as UP_FOR_RETRY. dag_id=ecommerce_data, task_id=extract, run_id=scheduled__2019-10-05T00:00:00+00:00, execution_date=20191005T000000, start_date=20260918T123204, end_date=20260918T123205
[2026-09-18T12:32:05.497+0000] {standard_task_runner.py:110} ERROR - Failed to execute job 13 for task extract (Command '['spark-submit', 'daily_etl.py', '2019-10-05']' returned non-zero exit status 2.; 846)
[2026-09-18T12:32:05.527+0000] {local_task_job_runner.py:240} INFO - Task exited with return code 1
[2026-09-18T12:32:05.534+0000] {taskinstance.py:3503} INFO - 0 downstream tasks scheduled from follow-on schedule check
[2026-09-18T12:32:05.534+0000] {local_task_job_runner.py:222} INFO - ::endgroup::
[2026-09-19T13:19:23.348+0000] {local_task_job_runner.py:120} INFO - ::group::Pre task execution logs
[2026-09-19T13:19:23.368+0000] {taskinstance.py:2076} INFO - Dependencies all met for dep_context=non-requeueable deps ti=<TaskInstance: ecommerce_data.extract scheduled__2019-10-05T00:00:00+00:00 [queued]>
[2026-09-19T13:19:23.372+0000] {taskinstance.py:2076} INFO - Dependencies all met for dep_context=requeueable deps ti=<TaskInstance: ecommerce_data.extract scheduled__2019-10-05T00:00:00+00:00 [queued]>
[2026-09-19T13:19:23.372+0000] {taskinstance.py:2306} INFO - Starting attempt 1 of 4
[2026-09-19T13:19:23.381+0000] {taskinstance.py:2330} INFO - Executing <Task(_PythonDecoratedOperator): extract> on 2019-10-05 00:00:00+00:00
[2026-09-19T13:19:23.386+0000] {standard_task_runner.py:63} INFO - Started process 1509 to run task
[2026-09-19T13:19:23.388+0000] {standard_task_runner.py:90} INFO - Running: ['airflow', 'tasks', 'run', 'ecommerce_data', 'extract', 'scheduled__2019-10-05T00:00:00+00:00', '--job-id', '27', '--raw', '--subdir', 'DAGS_FOLDER/etl.py', '--cfg-path', '/tmp/tmp9o8_xiqp']
[2026-09-19T13:19:23.389+0000] {standard_task_runner.py:91} INFO - Job 27: Subtask extract
[2026-09-19T13:19:23.414+0000] {task_command.py:426} INFO - Running <TaskInstance: ecommerce_data.extract scheduled__2019-10-05T00:00:00+00:00 [running]> on host 8e73891b263a
[2026-09-19T13:19:23.458+0000] {taskinstance.py:2648} INFO - Exporting env vars: AIRFLOW_CTX_DAG_OWNER='airflow' AIRFLOW_CTX_DAG_ID='ecommerce_data' AIRFLOW_CTX_TASK_ID='extract' AIRFLOW_CTX_EXECUTION_DATE='2019-10-05T00:00:00+00:00' AIRFLOW_CTX_TRY_NUMBER='1' AIRFLOW_CTX_DAG_RUN_ID='scheduled__2019-10-05T00:00:00+00:00'
[2026-09-19T13:19:23.458+0000] {taskinstance.py:430} INFO - ::endgroup::
[2026-09-19T13:19:29.654+0000] {taskinstance.py:441} INFO - ::group::Post task execution logs
[2026-09-19T13:19:29.655+0000] {taskinstance.py:2905} ERROR - Task failed with exception
Traceback (most recent call last):
  File "/home/airflow/.local/lib/python3.11/site-packages/airflow/models/taskinstance.py", line 465, in _execute_task
    result = _execute_callable(context=context, **execute_callable_kwargs)
             ^^^^^^^^^^^^^^^^^^^^^^^^^^^^^^^^^^^^^^^^^^^^^^^^^^^^^^^^^^^^^
  File "/home/airflow/.local/lib/python3.11/site-packages/airflow/models/taskinstance.py", line 432, in _execute_callable
    return execute_callable(context=context, **execute_callable_kwargs)
           ^^^^^^^^^^^^^^^^^^^^^^^^^^^^^^^^^^^^^^^^^^^^^^^^^^^^^^^^^^^^
  File "/home/airflow/.local/lib/python3.11/site-packages/airflow/models/baseoperator.py", line 401, in wrapper
    return func(self, *args, **kwargs)
           ^^^^^^^^^^^^^^^^^^^^^^^^^^^
  File "/home/airflow/.local/lib/python3.11/site-packages/airflow/decorators/base.py", line 265, in execute
    return_value = super().execute(context)
                   ^^^^^^^^^^^^^^^^^^^^^^^^
  File "/home/airflow/.local/lib/python3.11/site-packages/airflow/models/baseoperator.py", line 401, in wrapper
    return func(self, *args, **kwargs)
           ^^^^^^^^^^^^^^^^^^^^^^^^^^^
  File "/home/airflow/.local/lib/python3.11/site-packages/airflow/operators/python.py", line 235, in execute
    return_value = self.execute_callable()
                   ^^^^^^^^^^^^^^^^^^^^^^^
  File "/home/airflow/.local/lib/python3.11/site-packages/airflow/operators/python.py", line 252, in execute_callable
    return self.python_callable(*self.op_args, **self.op_kwargs)
           ^^^^^^^^^^^^^^^^^^^^^^^^^^^^^^^^^^^^^^^^^^^^^^^^^^^^^
  File "/opt/airflow/dags/etl.py", line 27, in extract
    script_run = subprocess.run(["spark-submit", "/opt/airflow/dags/daily_etl.py", ds], check=True)
                 ^^^^^^^^^^^^^^^^^^^^^^^^^^^^^^^^^^^^^^^^^^^^^^^^^^^^^^^^^^^^^^^^^^^^^^^^^^^^^^^^^^
  File "/usr/local/lib/python3.11/subprocess.py", line 571, in run
    raise CalledProcessError(retcode, process.args,
subprocess.CalledProcessError: Command '['spark-submit', '/opt/airflow/dags/daily_etl.py', '2019-10-05']' returned non-zero exit status 1.
[2026-09-19T13:19:29.663+0000] {taskinstance.py:1206} INFO - Marking task as UP_FOR_RETRY. dag_id=ecommerce_data, task_id=extract, run_id=scheduled__2019-10-05T00:00:00+00:00, execution_date=20191005T000000, start_date=20260919T131923, end_date=20260919T131929
[2026-09-19T13:19:29.675+0000] {standard_task_runner.py:110} ERROR - Failed to execute job 27 for task extract (Command '['spark-submit', '/opt/airflow/dags/daily_etl.py', '2019-10-05']' returned non-zero exit status 1.; 1509)
[2026-09-19T13:19:29.686+0000] {local_task_job_runner.py:240} INFO - Task exited with return code 1
[2026-09-19T13:19:29.701+0000] {taskinstance.py:3503} INFO - 0 downstream tasks scheduled from follow-on schedule check
[2026-09-19T13:19:29.702+0000] {local_task_job_runner.py:222} INFO - ::endgroup::
[2026-09-19T13:39:01.796+0000] {local_task_job_runner.py:120} INFO - ::group::Pre task execution logs
[2026-09-19T13:39:01.816+0000] {taskinstance.py:2076} INFO - Dependencies all met for dep_context=non-requeueable deps ti=<TaskInstance: ecommerce_data.extract scheduled__2019-10-05T00:00:00+00:00 [queued]>
[2026-09-19T13:39:01.820+0000] {taskinstance.py:2076} INFO - Dependencies all met for dep_context=requeueable deps ti=<TaskInstance: ecommerce_data.extract scheduled__2019-10-05T00:00:00+00:00 [queued]>
[2026-09-19T13:39:01.820+0000] {taskinstance.py:2306} INFO - Starting attempt 1 of 4
[2026-09-19T13:39:01.828+0000] {taskinstance.py:2330} INFO - Executing <Task(_PythonDecoratedOperator): extract> on 2019-10-05 00:00:00+00:00
[2026-09-19T13:39:01.834+0000] {standard_task_runner.py:63} INFO - Started process 2248 to run task
[2026-09-19T13:39:01.836+0000] {standard_task_runner.py:90} INFO - Running: ['airflow', 'tasks', 'run', 'ecommerce_data', 'extract', 'scheduled__2019-10-05T00:00:00+00:00', '--job-id', '62', '--raw', '--subdir', 'DAGS_FOLDER/etl.py', '--cfg-path', '/tmp/tmp2oqxe2sl']
[2026-09-19T13:39:01.837+0000] {standard_task_runner.py:91} INFO - Job 62: Subtask extract
[2026-09-19T13:39:01.866+0000] {task_command.py:426} INFO - Running <TaskInstance: ecommerce_data.extract scheduled__2019-10-05T00:00:00+00:00 [running]> on host 8e73891b263a
[2026-09-19T13:39:01.922+0000] {taskinstance.py:2648} INFO - Exporting env vars: AIRFLOW_CTX_DAG_OWNER='airflow' AIRFLOW_CTX_DAG_ID='ecommerce_data' AIRFLOW_CTX_TASK_ID='extract' AIRFLOW_CTX_EXECUTION_DATE='2019-10-05T00:00:00+00:00' AIRFLOW_CTX_TRY_NUMBER='1' AIRFLOW_CTX_DAG_RUN_ID='scheduled__2019-10-05T00:00:00+00:00'
[2026-09-19T13:39:01.923+0000] {taskinstance.py:430} INFO - ::endgroup::
[2026-09-19T13:39:07.738+0000] {taskinstance.py:441} INFO - ::group::Post task execution logs
[2026-09-19T13:39:07.739+0000] {taskinstance.py:2905} ERROR - Task failed with exception
Traceback (most recent call last):
  File "/home/airflow/.local/lib/python3.11/site-packages/airflow/models/taskinstance.py", line 465, in _execute_task
    result = _execute_callable(context=context, **execute_callable_kwargs)
             ^^^^^^^^^^^^^^^^^^^^^^^^^^^^^^^^^^^^^^^^^^^^^^^^^^^^^^^^^^^^^
  File "/home/airflow/.local/lib/python3.11/site-packages/airflow/models/taskinstance.py", line 432, in _execute_callable
    return execute_callable(context=context, **execute_callable_kwargs)
           ^^^^^^^^^^^^^^^^^^^^^^^^^^^^^^^^^^^^^^^^^^^^^^^^^^^^^^^^^^^^
  File "/home/airflow/.local/lib/python3.11/site-packages/airflow/models/baseoperator.py", line 401, in wrapper
    return func(self, *args, **kwargs)
           ^^^^^^^^^^^^^^^^^^^^^^^^^^^
  File "/home/airflow/.local/lib/python3.11/site-packages/airflow/decorators/base.py", line 265, in execute
    return_value = super().execute(context)
                   ^^^^^^^^^^^^^^^^^^^^^^^^
  File "/home/airflow/.local/lib/python3.11/site-packages/airflow/models/baseoperator.py", line 401, in wrapper
    return func(self, *args, **kwargs)
           ^^^^^^^^^^^^^^^^^^^^^^^^^^^
  File "/home/airflow/.local/lib/python3.11/site-packages/airflow/operators/python.py", line 235, in execute
    return_value = self.execute_callable()
                   ^^^^^^^^^^^^^^^^^^^^^^^
  File "/home/airflow/.local/lib/python3.11/site-packages/airflow/operators/python.py", line 252, in execute_callable
    return self.python_callable(*self.op_args, **self.op_kwargs)
           ^^^^^^^^^^^^^^^^^^^^^^^^^^^^^^^^^^^^^^^^^^^^^^^^^^^^^
  File "/opt/airflow/dags/etl.py", line 27, in extract
    script_run = subprocess.run(["spark-submit", "/opt/airflow/dags/daily_etl.py", ds], check=True)
                 ^^^^^^^^^^^^^^^^^^^^^^^^^^^^^^^^^^^^^^^^^^^^^^^^^^^^^^^^^^^^^^^^^^^^^^^^^^^^^^^^^^
  File "/usr/local/lib/python3.11/subprocess.py", line 571, in run
    raise CalledProcessError(retcode, process.args,
subprocess.CalledProcessError: Command '['spark-submit', '/opt/airflow/dags/daily_etl.py', '2019-10-05']' returned non-zero exit status 1.
[2026-09-19T13:39:07.748+0000] {taskinstance.py:1206} INFO - Marking task as UP_FOR_RETRY. dag_id=ecommerce_data, task_id=extract, run_id=scheduled__2019-10-05T00:00:00+00:00, execution_date=20191005T000000, start_date=20260919T133901, end_date=20260919T133907
[2026-09-19T13:39:07.760+0000] {standard_task_runner.py:110} ERROR - Failed to execute job 62 for task extract (Command '['spark-submit', '/opt/airflow/dags/daily_etl.py', '2019-10-05']' returned non-zero exit status 1.; 2248)
[2026-09-19T13:39:07.776+0000] {local_task_job_runner.py:240} INFO - Task exited with return code 1
[2026-09-19T13:39:07.790+0000] {taskinstance.py:3503} INFO - 0 downstream tasks scheduled from follow-on schedule check
[2026-09-19T13:39:07.791+0000] {local_task_job_runner.py:222} INFO - ::endgroup::
[2026-09-19T14:09:47.179+0000] {local_task_job_runner.py:120} INFO - ::group::Pre task execution logs
[2026-09-19T14:09:47.199+0000] {taskinstance.py:2076} INFO - Dependencies all met for dep_context=non-requeueable deps ti=<TaskInstance: ecommerce_data.extract scheduled__2019-10-05T00:00:00+00:00 [queued]>
[2026-09-19T14:09:47.204+0000] {taskinstance.py:2076} INFO - Dependencies all met for dep_context=requeueable deps ti=<TaskInstance: ecommerce_data.extract scheduled__2019-10-05T00:00:00+00:00 [queued]>
[2026-09-19T14:09:47.204+0000] {taskinstance.py:2306} INFO - Starting attempt 1 of 4
[2026-09-19T14:09:47.213+0000] {taskinstance.py:2330} INFO - Executing <Task(_PythonDecoratedOperator): extract> on 2019-10-05 00:00:00+00:00
[2026-09-19T14:09:47.219+0000] {standard_task_runner.py:63} INFO - Started process 5209 to run task
[2026-09-19T14:09:47.221+0000] {standard_task_runner.py:90} INFO - Running: ['airflow', 'tasks', 'run', 'ecommerce_data', 'extract', 'scheduled__2019-10-05T00:00:00+00:00', '--job-id', '107', '--raw', '--subdir', 'DAGS_FOLDER/etl.py', '--cfg-path', '/tmp/tmp2asuielv']
[2026-09-19T14:09:47.223+0000] {standard_task_runner.py:91} INFO - Job 107: Subtask extract
[2026-09-19T14:09:47.248+0000] {task_command.py:426} INFO - Running <TaskInstance: ecommerce_data.extract scheduled__2019-10-05T00:00:00+00:00 [running]> on host 8e73891b263a
[2026-09-19T14:09:47.296+0000] {taskinstance.py:2648} INFO - Exporting env vars: AIRFLOW_CTX_DAG_OWNER='airflow' AIRFLOW_CTX_DAG_ID='ecommerce_data' AIRFLOW_CTX_TASK_ID='extract' AIRFLOW_CTX_EXECUTION_DATE='2019-10-05T00:00:00+00:00' AIRFLOW_CTX_TRY_NUMBER='1' AIRFLOW_CTX_DAG_RUN_ID='scheduled__2019-10-05T00:00:00+00:00'
[2026-09-19T14:09:47.297+0000] {taskinstance.py:430} INFO - ::endgroup::
[2026-09-19T14:09:54.171+0000] {taskinstance.py:441} INFO - ::group::Post task execution logs
[2026-09-19T14:09:54.171+0000] {taskinstance.py:2905} ERROR - Task failed with exception
Traceback (most recent call last):
  File "/home/airflow/.local/lib/python3.11/site-packages/airflow/models/taskinstance.py", line 465, in _execute_task
    result = _execute_callable(context=context, **execute_callable_kwargs)
             ^^^^^^^^^^^^^^^^^^^^^^^^^^^^^^^^^^^^^^^^^^^^^^^^^^^^^^^^^^^^^
  File "/home/airflow/.local/lib/python3.11/site-packages/airflow/models/taskinstance.py", line 432, in _execute_callable
    return execute_callable(context=context, **execute_callable_kwargs)
           ^^^^^^^^^^^^^^^^^^^^^^^^^^^^^^^^^^^^^^^^^^^^^^^^^^^^^^^^^^^^
  File "/home/airflow/.local/lib/python3.11/site-packages/airflow/models/baseoperator.py", line 401, in wrapper
    return func(self, *args, **kwargs)
           ^^^^^^^^^^^^^^^^^^^^^^^^^^^
  File "/home/airflow/.local/lib/python3.11/site-packages/airflow/decorators/base.py", line 265, in execute
    return_value = super().execute(context)
                   ^^^^^^^^^^^^^^^^^^^^^^^^
  File "/home/airflow/.local/lib/python3.11/site-packages/airflow/models/baseoperator.py", line 401, in wrapper
    return func(self, *args, **kwargs)
           ^^^^^^^^^^^^^^^^^^^^^^^^^^^
  File "/home/airflow/.local/lib/python3.11/site-packages/airflow/operators/python.py", line 235, in execute
    return_value = self.execute_callable()
                   ^^^^^^^^^^^^^^^^^^^^^^^
  File "/home/airflow/.local/lib/python3.11/site-packages/airflow/operators/python.py", line 252, in execute_callable
    return self.python_callable(*self.op_args, **self.op_kwargs)
           ^^^^^^^^^^^^^^^^^^^^^^^^^^^^^^^^^^^^^^^^^^^^^^^^^^^^^
  File "/opt/airflow/dags/etl.py", line 27, in extract
    script_run = subprocess.run([
                 ^^^^^^^^^^^^^^^^
  File "/usr/local/lib/python3.11/subprocess.py", line 571, in run
    raise CalledProcessError(retcode, process.args,
subprocess.CalledProcessError: Command '['spark-submit', '--packages', 'org.postgresql:postgresql:42.6.0', '/opt/airflow/dags/daily_etl.py', '2019-10-05']' returned non-zero exit status 1.
[2026-09-19T14:09:54.177+0000] {taskinstance.py:1206} INFO - Marking task as UP_FOR_RETRY. dag_id=ecommerce_data, task_id=extract, run_id=scheduled__2019-10-05T00:00:00+00:00, execution_date=20191005T000000, start_date=20260919T140947, end_date=20260919T140954
[2026-09-19T14:09:54.186+0000] {standard_task_runner.py:110} ERROR - Failed to execute job 107 for task extract (Command '['spark-submit', '--packages', 'org.postgresql:postgresql:42.6.0', '/opt/airflow/dags/daily_etl.py', '2019-10-05']' returned non-zero exit status 1.; 5209)
[2026-09-19T14:09:54.212+0000] {local_task_job_runner.py:240} INFO - Task exited with return code 1
[2026-09-19T14:09:54.226+0000] {taskinstance.py:3503} INFO - 0 downstream tasks scheduled from follow-on schedule check
[2026-09-19T14:09:54.227+0000] {local_task_job_runner.py:222} INFO - ::endgroup::
[2026-09-19T14:17:03.541+0000] {local_task_job_runner.py:120} INFO - ::group::Pre task execution logs
[2026-09-19T14:17:03.560+0000] {taskinstance.py:2076} INFO - Dependencies all met for dep_context=non-requeueable deps ti=<TaskInstance: ecommerce_data.extract scheduled__2019-10-05T00:00:00+00:00 [queued]>
[2026-09-19T14:17:03.564+0000] {taskinstance.py:2076} INFO - Dependencies all met for dep_context=requeueable deps ti=<TaskInstance: ecommerce_data.extract scheduled__2019-10-05T00:00:00+00:00 [queued]>
[2026-09-19T14:17:03.564+0000] {taskinstance.py:2306} INFO - Starting attempt 1 of 4
[2026-09-19T14:17:03.573+0000] {taskinstance.py:2330} INFO - Executing <Task(_PythonDecoratedOperator): extract> on 2019-10-05 00:00:00+00:00
[2026-09-19T14:17:03.578+0000] {standard_task_runner.py:63} INFO - Started process 6516 to run task
[2026-09-19T14:17:03.580+0000] {standard_task_runner.py:90} INFO - Running: ['airflow', 'tasks', 'run', 'ecommerce_data', 'extract', 'scheduled__2019-10-05T00:00:00+00:00', '--job-id', '112', '--raw', '--subdir', 'DAGS_FOLDER/etl.py', '--cfg-path', '/tmp/tmpxt5umupe']
[2026-09-19T14:17:03.581+0000] {standard_task_runner.py:91} INFO - Job 112: Subtask extract
[2026-09-19T14:17:03.608+0000] {task_command.py:426} INFO - Running <TaskInstance: ecommerce_data.extract scheduled__2019-10-05T00:00:00+00:00 [running]> on host 8e73891b263a
[2026-09-19T14:17:03.668+0000] {taskinstance.py:2648} INFO - Exporting env vars: AIRFLOW_CTX_DAG_OWNER='airflow' AIRFLOW_CTX_DAG_ID='ecommerce_data' AIRFLOW_CTX_TASK_ID='extract' AIRFLOW_CTX_EXECUTION_DATE='2019-10-05T00:00:00+00:00' AIRFLOW_CTX_TRY_NUMBER='1' AIRFLOW_CTX_DAG_RUN_ID='scheduled__2019-10-05T00:00:00+00:00'
[2026-09-19T14:17:03.668+0000] {taskinstance.py:430} INFO - ::endgroup::
[2026-09-19T14:17:18.268+0000] {python.py:237} INFO - Done. Returned value was: None
[2026-09-19T14:17:18.269+0000] {taskinstance.py:441} INFO - ::group::Post task execution logs
[2026-09-19T14:17:18.272+0000] {taskinstance.py:1206} INFO - Marking task as SUCCESS. dag_id=ecommerce_data, task_id=extract, run_id=scheduled__2019-10-05T00:00:00+00:00, execution_date=20191005T000000, start_date=20260919T141703, end_date=20260919T141718
[2026-09-19T14:17:18.286+0000] {local_task_job_runner.py:240} INFO - Task exited with return code 0
[2026-09-19T14:17:18.295+0000] {taskinstance.py:3503} INFO - 0 downstream tasks scheduled from follow-on schedule check
[2026-09-19T14:17:18.295+0000] {local_task_job_runner.py:222} INFO - ::endgroup::
[2026-09-21T21:53:37.768+0000] {local_task_job_runner.py:120} INFO - ::group::Pre task execution logs
[2026-09-21T21:53:37.786+0000] {taskinstance.py:2076} INFO - Dependencies all met for dep_context=non-requeueable deps ti=<TaskInstance: ecommerce_data.extract scheduled__2019-10-05T00:00:00+00:00 [queued]>
[2026-09-21T21:53:37.790+0000] {taskinstance.py:2076} INFO - Dependencies all met for dep_context=requeueable deps ti=<TaskInstance: ecommerce_data.extract scheduled__2019-10-05T00:00:00+00:00 [queued]>
[2026-09-21T21:53:37.790+0000] {taskinstance.py:2306} INFO - Starting attempt 1 of 4
[2026-09-21T21:53:37.797+0000] {taskinstance.py:2330} INFO - Executing <Task(_PythonDecoratedOperator): extract> on 2019-10-05 00:00:00+00:00
[2026-09-21T21:53:37.802+0000] {standard_task_runner.py:63} INFO - Started process 9168 to run task
[2026-09-21T21:53:37.804+0000] {standard_task_runner.py:90} INFO - Running: ['airflow', 'tasks', 'run', 'ecommerce_data', 'extract', 'scheduled__2019-10-05T00:00:00+00:00', '--job-id', '91', '--raw', '--subdir', 'DAGS_FOLDER/etl.py', '--cfg-path', '/tmp/tmp4ccqrmcg']
[2026-09-21T21:53:37.805+0000] {standard_task_runner.py:91} INFO - Job 91: Subtask extract
[2026-09-21T21:53:37.836+0000] {task_command.py:426} INFO - Running <TaskInstance: ecommerce_data.extract scheduled__2019-10-05T00:00:00+00:00 [running]> on host e6c3ac7e1715
[2026-09-21T21:53:37.889+0000] {taskinstance.py:2648} INFO - Exporting env vars: AIRFLOW_CTX_DAG_OWNER='airflow' AIRFLOW_CTX_DAG_ID='ecommerce_data' AIRFLOW_CTX_TASK_ID='extract' AIRFLOW_CTX_EXECUTION_DATE='2019-10-05T00:00:00+00:00' AIRFLOW_CTX_TRY_NUMBER='1' AIRFLOW_CTX_DAG_RUN_ID='scheduled__2019-10-05T00:00:00+00:00'
[2026-09-21T21:53:37.890+0000] {taskinstance.py:430} INFO - ::endgroup::
[2026-09-21T21:53:37.893+0000] {base.py:84} INFO - Using connection ID 'postgres_conn_id' for task execution.
[2026-09-21T21:53:44.013+0000] {etl.py:68} ERROR - === СПРАВЖНЯ ПОМИЛКА ВІД SPARK ===
[2026-09-21T21:53:44.014+0000] {etl.py:69} ERROR - /home/airflow/.local/lib/python3.11/site-packages/pyspark/bin/load-spark-env.sh: line 68: ps: command not found
Ivy Default Cache set to: /home/airflow/.ivy2/cache
The jars for the packages stored in: /home/airflow/.ivy2/jars
org.postgresql#postgresql added as a dependency
:: resolving dependencies :: org.apache.spark#spark-submit-parent-31fbbba3-85c7-489b-a49b-cd89a60584ff;1.0
	confs: [default]
	found org.postgresql#postgresql;42.6.0 in central
	found org.checkerframework#checker-qual;3.31.0 in central
:: resolution report :: resolve 119ms :: artifacts dl 4ms
	:: modules in use:
	org.checkerframework#checker-qual;3.31.0 from central in [default]
	org.postgresql#postgresql;42.6.0 from central in [default]
	---------------------------------------------------------------------
	|                  |            modules            ||   artifacts   |
	|       conf       | number| search|dwnlded|evicted|| number|dwnlded|
	---------------------------------------------------------------------
	|      default     |   2   |   0   |   0   |   0   ||   2   |   0   |
	---------------------------------------------------------------------
:: retrieving :: org.apache.spark#spark-submit-parent-31fbbba3-85c7-489b-a49b-cd89a60584ff
	confs: [default]
	0 artifacts copied, 2 already retrieved (0kB/4ms)
26/09/21 21:53:39 WARN NativeCodeLoader: Unable to load native-hadoop library for your platform... using builtin-java classes where applicable
26/09/21 21:53:40 INFO SparkContext: Running Spark version 3.5.1
26/09/21 21:53:40 INFO SparkContext: OS info Linux, 7.0.0-31-generic, amd64
26/09/21 21:53:40 INFO SparkContext: Java version 17.0.20.1
26/09/21 21:53:40 INFO ResourceUtils: ==============================================================
26/09/21 21:53:40 INFO ResourceUtils: No custom resources configured for spark.driver.
26/09/21 21:53:40 INFO ResourceUtils: ==============================================================
26/09/21 21:53:40 INFO SparkContext: Submitted application: Daily_ecommerce
26/09/21 21:53:40 INFO ResourceProfile: Default ResourceProfile created, executor resources: Map(cores -> name: cores, amount: 1, script: , vendor: , memory -> name: memory, amount: 1024, script: , vendor: , offHeap -> name: offHeap, amount: 0, script: , vendor: ), task resources: Map(cpus -> name: cpus, amount: 1.0)
26/09/21 21:53:40 INFO ResourceProfile: Limiting resource is cpu
26/09/21 21:53:40 INFO ResourceProfileManager: Added ResourceProfile id: 0
26/09/21 21:53:40 INFO SecurityManager: Changing view acls to: airflow
26/09/21 21:53:40 INFO SecurityManager: Changing modify acls to: airflow
26/09/21 21:53:40 INFO SecurityManager: Changing view acls groups to: 
26/09/21 21:53:40 INFO SecurityManager: Changing modify acls groups to: 
26/09/21 21:53:40 INFO SecurityManager: SecurityManager: authentication disabled; ui acls disabled; users with view permissions: airflow; groups with view permissions: EMPTY; users with modify permissions: airflow; groups with modify permissions: EMPTY
26/09/21 21:53:40 INFO Utils: Successfully started service 'sparkDriver' on port 43895.
26/09/21 21:53:40 INFO SparkEnv: Registering MapOutputTracker
26/09/21 21:53:40 INFO SparkEnv: Registering BlockManagerMaster
26/09/21 21:53:40 INFO BlockManagerMasterEndpoint: Using org.apache.spark.storage.DefaultTopologyMapper for getting topology information
26/09/21 21:53:40 INFO BlockManagerMasterEndpoint: BlockManagerMasterEndpoint up
26/09/21 21:53:40 INFO SparkEnv: Registering BlockManagerMasterHeartbeat
26/09/21 21:53:40 INFO DiskBlockManager: Created local directory at /tmp/blockmgr-22beeacb-bf7d-437d-a935-251eebd13346
26/09/21 21:53:40 INFO MemoryStore: MemoryStore started with capacity 434.4 MiB
26/09/21 21:53:40 INFO SparkEnv: Registering OutputCommitCoordinator
26/09/21 21:53:40 INFO JettyUtils: Start Jetty 0.0.0.0:4040 for SparkUI
26/09/21 21:53:41 INFO Utils: Successfully started service 'SparkUI' on port 4040.
26/09/21 21:53:41 INFO SparkContext: Added JAR file:///home/airflow/.ivy2/jars/org.postgresql_postgresql-42.6.0.jar at spark://e6c3ac7e1715:43895/jars/org.postgresql_postgresql-42.6.0.jar with timestamp 1790027620502
26/09/21 21:53:41 INFO SparkContext: Added JAR file:///home/airflow/.ivy2/jars/org.checkerframework_checker-qual-3.31.0.jar at spark://e6c3ac7e1715:43895/jars/org.checkerframework_checker-qual-3.31.0.jar with timestamp 1790027620502
26/09/21 21:53:41 INFO SparkContext: Added file file:///home/airflow/.ivy2/jars/org.postgresql_postgresql-42.6.0.jar at file:///home/airflow/.ivy2/jars/org.postgresql_postgresql-42.6.0.jar with timestamp 1790027620502
26/09/21 21:53:41 INFO Utils: Copying /home/airflow/.ivy2/jars/org.postgresql_postgresql-42.6.0.jar to /tmp/spark-8778ee68-440e-4500-a11e-a85f7efeb912/userFiles-ffab94ff-6652-4a88-b846-dbf07d5b2616/org.postgresql_postgresql-42.6.0.jar
26/09/21 21:53:41 INFO SparkContext: Added file file:///home/airflow/.ivy2/jars/org.checkerframework_checker-qual-3.31.0.jar at file:///home/airflow/.ivy2/jars/org.checkerframework_checker-qual-3.31.0.jar with timestamp 1790027620502
26/09/21 21:53:41 INFO Utils: Copying /home/airflow/.ivy2/jars/org.checkerframework_checker-qual-3.31.0.jar to /tmp/spark-8778ee68-440e-4500-a11e-a85f7efeb912/userFiles-ffab94ff-6652-4a88-b846-dbf07d5b2616/org.checkerframework_checker-qual-3.31.0.jar
26/09/21 21:53:41 INFO Executor: Starting executor ID driver on host e6c3ac7e1715
26/09/21 21:53:41 INFO Executor: OS info Linux, 7.0.0-31-generic, amd64
26/09/21 21:53:41 INFO Executor: Java version 17.0.20.1
26/09/21 21:53:41 INFO Executor: Starting executor with user classpath (userClassPathFirst = false): ''
26/09/21 21:53:41 INFO Executor: Created or updated repl class loader org.apache.spark.util.MutableURLClassLoader@1c4997a4 for default.
26/09/21 21:53:41 INFO Executor: Fetching file:///home/airflow/.ivy2/jars/org.checkerframework_checker-qual-3.31.0.jar with timestamp 1790027620502
26/09/21 21:53:41 INFO Utils: /home/airflow/.ivy2/jars/org.checkerframework_checker-qual-3.31.0.jar has been previously copied to /tmp/spark-8778ee68-440e-4500-a11e-a85f7efeb912/userFiles-ffab94ff-6652-4a88-b846-dbf07d5b2616/org.checkerframework_checker-qual-3.31.0.jar
26/09/21 21:53:41 INFO Executor: Fetching file:///home/airflow/.ivy2/jars/org.postgresql_postgresql-42.6.0.jar with timestamp 1790027620502
26/09/21 21:53:41 INFO Utils: /home/airflow/.ivy2/jars/org.postgresql_postgresql-42.6.0.jar has been previously copied to /tmp/spark-8778ee68-440e-4500-a11e-a85f7efeb912/userFiles-ffab94ff-6652-4a88-b846-dbf07d5b2616/org.postgresql_postgresql-42.6.0.jar
26/09/21 21:53:41 INFO Executor: Fetching spark://e6c3ac7e1715:43895/jars/org.postgresql_postgresql-42.6.0.jar with timestamp 1790027620502
26/09/21 21:53:41 INFO TransportClientFactory: Successfully created connection to e6c3ac7e1715/172.21.0.3:43895 after 24 ms (0 ms spent in bootstraps)
26/09/21 21:53:41 INFO Utils: Fetching spark://e6c3ac7e1715:43895/jars/org.postgresql_postgresql-42.6.0.jar to /tmp/spark-8778ee68-440e-4500-a11e-a85f7efeb912/userFiles-ffab94ff-6652-4a88-b846-dbf07d5b2616/fetchFileTemp15399231210886672689.tmp
26/09/21 21:53:41 INFO Utils: /tmp/spark-8778ee68-440e-4500-a11e-a85f7efeb912/userFiles-ffab94ff-6652-4a88-b846-dbf07d5b2616/fetchFileTemp15399231210886672689.tmp has been previously copied to /tmp/spark-8778ee68-440e-4500-a11e-a85f7efeb912/userFiles-ffab94ff-6652-4a88-b846-dbf07d5b2616/org.postgresql_postgresql-42.6.0.jar
26/09/21 21:53:41 INFO Executor: Adding file:/tmp/spark-8778ee68-440e-4500-a11e-a85f7efeb912/userFiles-ffab94ff-6652-4a88-b846-dbf07d5b2616/org.postgresql_postgresql-42.6.0.jar to class loader default
26/09/21 21:53:41 INFO Executor: Fetching spark://e6c3ac7e1715:43895/jars/org.checkerframework_checker-qual-3.31.0.jar with timestamp 1790027620502
26/09/21 21:53:41 INFO Utils: Fetching spark://e6c3ac7e1715:43895/jars/org.checkerframework_checker-qual-3.31.0.jar to /tmp/spark-8778ee68-440e-4500-a11e-a85f7efeb912/userFiles-ffab94ff-6652-4a88-b846-dbf07d5b2616/fetchFileTemp5741939558533493027.tmp
26/09/21 21:53:41 INFO Utils: /tmp/spark-8778ee68-440e-4500-a11e-a85f7efeb912/userFiles-ffab94ff-6652-4a88-b846-dbf07d5b2616/fetchFileTemp5741939558533493027.tmp has been previously copied to /tmp/spark-8778ee68-440e-4500-a11e-a85f7efeb912/userFiles-ffab94ff-6652-4a88-b846-dbf07d5b2616/org.checkerframework_checker-qual-3.31.0.jar
26/09/21 21:53:41 INFO Executor: Adding file:/tmp/spark-8778ee68-440e-4500-a11e-a85f7efeb912/userFiles-ffab94ff-6652-4a88-b846-dbf07d5b2616/org.checkerframework_checker-qual-3.31.0.jar to class loader default
26/09/21 21:53:41 INFO Utils: Successfully started service 'org.apache.spark.network.netty.NettyBlockTransferService' on port 45649.
26/09/21 21:53:41 INFO NettyBlockTransferService: Server created on e6c3ac7e1715:45649
26/09/21 21:53:41 INFO BlockManager: Using org.apache.spark.storage.RandomBlockReplicationPolicy for block replication policy
26/09/21 21:53:41 INFO BlockManagerMaster: Registering BlockManager BlockManagerId(driver, e6c3ac7e1715, 45649, None)
26/09/21 21:53:41 INFO BlockManagerMasterEndpoint: Registering block manager e6c3ac7e1715:45649 with 434.4 MiB RAM, BlockManagerId(driver, e6c3ac7e1715, 45649, None)
26/09/21 21:53:41 INFO BlockManagerMaster: Registered BlockManager BlockManagerId(driver, e6c3ac7e1715, 45649, None)
26/09/21 21:53:41 INFO BlockManager: Initialized BlockManager: BlockManagerId(driver, e6c3ac7e1715, 45649, None)
26/09/21 21:53:41 INFO SharedState: Setting hive.metastore.warehouse.dir ('null') to the value of spark.sql.warehouse.dir.
26/09/21 21:53:41 INFO SharedState: Warehouse path is 'file:/opt/airflow/spark-warehouse'.
26/09/21 21:53:42 INFO InMemoryFileIndex: It took 30 ms to list leaf files for 1 paths.
26/09/21 21:53:42 INFO SparkContext: Starting job: parquet at NativeMethodAccessorImpl.java:0
26/09/21 21:53:42 INFO DAGScheduler: Got job 0 (parquet at NativeMethodAccessorImpl.java:0) with 1 output partitions
26/09/21 21:53:42 INFO DAGScheduler: Final stage: ResultStage 0 (parquet at NativeMethodAccessorImpl.java:0)
26/09/21 21:53:42 INFO DAGScheduler: Parents of final stage: List()
26/09/21 21:53:42 INFO DAGScheduler: Missing parents: List()
26/09/21 21:53:42 INFO DAGScheduler: Submitting ResultStage 0 (MapPartitionsRDD[1] at parquet at NativeMethodAccessorImpl.java:0), which has no missing parents
26/09/21 21:53:42 INFO MemoryStore: Block broadcast_0 stored as values in memory (estimated size 104.5 KiB, free 434.3 MiB)
26/09/21 21:53:42 INFO MemoryStore: Block broadcast_0_piece0 stored as bytes in memory (estimated size 37.6 KiB, free 434.3 MiB)
26/09/21 21:53:42 INFO BlockManagerInfo: Added broadcast_0_piece0 in memory on e6c3ac7e1715:45649 (size: 37.6 KiB, free: 434.4 MiB)
26/09/21 21:53:42 INFO SparkContext: Created broadcast 0 from broadcast at DAGScheduler.scala:1585
26/09/21 21:53:42 INFO DAGScheduler: Submitting 1 missing tasks from ResultStage 0 (MapPartitionsRDD[1] at parquet at NativeMethodAccessorImpl.java:0) (first 15 tasks are for partitions Vector(0))
26/09/21 21:53:42 INFO TaskSchedulerImpl: Adding task set 0.0 with 1 tasks resource profile 0
26/09/21 21:53:42 INFO TaskSetManager: Starting task 0.0 in stage 0.0 (TID 0) (e6c3ac7e1715, executor driver, partition 0, PROCESS_LOCAL, 8303 bytes) 
26/09/21 21:53:42 INFO Executor: Running task 0.0 in stage 0.0 (TID 0)
26/09/21 21:53:43 INFO Executor: Finished task 0.0 in stage 0.0 (TID 0). 2034 bytes result sent to driver
26/09/21 21:53:43 INFO TaskSetManager: Finished task 0.0 in stage 0.0 (TID 0) in 343 ms on e6c3ac7e1715 (executor driver) (1/1)
26/09/21 21:53:43 INFO TaskSchedulerImpl: Removed TaskSet 0.0, whose tasks have all completed, from pool 
26/09/21 21:53:43 INFO DAGScheduler: ResultStage 0 (parquet at NativeMethodAccessorImpl.java:0) finished in 0.494 s
26/09/21 21:53:43 INFO DAGScheduler: Job 0 is finished. Cancelling potential speculative or zombie tasks for this job
26/09/21 21:53:43 INFO TaskSchedulerImpl: Killing all running tasks in stage 0: Stage finished
26/09/21 21:53:43 INFO DAGScheduler: Job 0 finished: parquet at NativeMethodAccessorImpl.java:0, took 0.531013 s
26/09/21 21:53:43 INFO BlockManagerInfo: Removed broadcast_0_piece0 on e6c3ac7e1715:45649 in memory (size: 37.6 KiB, free: 434.4 MiB)
26/09/21 21:53:43 INFO SparkContext: Invoking stop() from shutdown hook
26/09/21 21:53:43 INFO SparkContext: SparkContext is stopping with exitCode 0.
26/09/21 21:53:43 INFO SparkUI: Stopped Spark web UI at http://e6c3ac7e1715:4040
26/09/21 21:53:43 INFO MapOutputTrackerMasterEndpoint: MapOutputTrackerMasterEndpoint stopped!
26/09/21 21:53:43 INFO MemoryStore: MemoryStore cleared
26/09/21 21:53:43 INFO BlockManager: BlockManager stopped
26/09/21 21:53:43 INFO BlockManagerMaster: BlockManagerMaster stopped
26/09/21 21:53:43 INFO OutputCommitCoordinator$OutputCommitCoordinatorEndpoint: OutputCommitCoordinator stopped!
26/09/21 21:53:43 INFO SparkContext: Successfully stopped SparkContext
26/09/21 21:53:43 INFO ShutdownHookManager: Shutdown hook called
26/09/21 21:53:43 INFO ShutdownHookManager: Deleting directory /tmp/spark-8778ee68-440e-4500-a11e-a85f7efeb912/pyspark-44539c88-3abb-49f1-ab8e-9273b5bb5868
26/09/21 21:53:43 INFO ShutdownHookManager: Deleting directory /tmp/spark-8778ee68-440e-4500-a11e-a85f7efeb912
26/09/21 21:53:43 INFO ShutdownHookManager: Deleting directory /tmp/spark-1c3af605-98db-4f3b-9ce0-eb7d19117a1b

[2026-09-21T21:53:44.014+0000] {taskinstance.py:441} INFO - ::group::Post task execution logs
[2026-09-21T21:53:44.014+0000] {taskinstance.py:2905} ERROR - Task failed with exception
Traceback (most recent call last):
  File "/home/airflow/.local/lib/python3.11/site-packages/airflow/models/taskinstance.py", line 465, in _execute_task
    result = _execute_callable(context=context, **execute_callable_kwargs)
             ^^^^^^^^^^^^^^^^^^^^^^^^^^^^^^^^^^^^^^^^^^^^^^^^^^^^^^^^^^^^^
  File "/home/airflow/.local/lib/python3.11/site-packages/airflow/models/taskinstance.py", line 432, in _execute_callable
    return execute_callable(context=context, **execute_callable_kwargs)
           ^^^^^^^^^^^^^^^^^^^^^^^^^^^^^^^^^^^^^^^^^^^^^^^^^^^^^^^^^^^^
  File "/home/airflow/.local/lib/python3.11/site-packages/airflow/models/baseoperator.py", line 401, in wrapper
    return func(self, *args, **kwargs)
           ^^^^^^^^^^^^^^^^^^^^^^^^^^^
  File "/home/airflow/.local/lib/python3.11/site-packages/airflow/decorators/base.py", line 265, in execute
    return_value = super().execute(context)
                   ^^^^^^^^^^^^^^^^^^^^^^^^
  File "/home/airflow/.local/lib/python3.11/site-packages/airflow/models/baseoperator.py", line 401, in wrapper
    return func(self, *args, **kwargs)
           ^^^^^^^^^^^^^^^^^^^^^^^^^^^
  File "/home/airflow/.local/lib/python3.11/site-packages/airflow/operators/python.py", line 235, in execute
    return_value = self.execute_callable()
                   ^^^^^^^^^^^^^^^^^^^^^^^
  File "/home/airflow/.local/lib/python3.11/site-packages/airflow/operators/python.py", line 252, in execute_callable
    return self.python_callable(*self.op_args, **self.op_kwargs)
           ^^^^^^^^^^^^^^^^^^^^^^^^^^^^^^^^^^^^^^^^^^^^^^^^^^^^^
  File "/opt/airflow/dags/etl.py", line 70, in extract
    raise e
  File "/opt/airflow/dags/etl.py", line 59, in extract
    script_run = subprocess.run([
                 ^^^^^^^^^^^^^^^^
  File "/usr/local/lib/python3.11/subprocess.py", line 571, in run
    raise CalledProcessError(retcode, process.args,
subprocess.CalledProcessError: Command '['spark-submit', '--packages', 'org.postgresql:postgresql:42.6.0', '/opt/airflow/dags/daily_etl.py', '2019-10-05']' returned non-zero exit status 1.
[2026-09-21T21:53:44.022+0000] {taskinstance.py:1206} INFO - Marking task as UP_FOR_RETRY. dag_id=ecommerce_data, task_id=extract, run_id=scheduled__2019-10-05T00:00:00+00:00, execution_date=20191005T000000, start_date=20260921T215337, end_date=20260921T215344
[2026-09-21T21:53:44.033+0000] {standard_task_runner.py:110} ERROR - Failed to execute job 91 for task extract (Command '['spark-submit', '--packages', 'org.postgresql:postgresql:42.6.0', '/opt/airflow/dags/daily_etl.py', '2019-10-05']' returned non-zero exit status 1.; 9168)
[2026-09-21T21:53:44.067+0000] {local_task_job_runner.py:240} INFO - Task exited with return code 1
[2026-09-21T21:53:44.080+0000] {taskinstance.py:3503} INFO - 0 downstream tasks scheduled from follow-on schedule check
[2026-09-21T21:53:44.081+0000] {local_task_job_runner.py:222} INFO - ::endgroup::
[2026-09-21T22:24:25.550+0000] {local_task_job_runner.py:120} INFO - ::group::Pre task execution logs
[2026-09-21T22:24:25.569+0000] {taskinstance.py:2076} INFO - Dependencies all met for dep_context=non-requeueable deps ti=<TaskInstance: ecommerce_data.extract scheduled__2019-10-05T00:00:00+00:00 [queued]>
[2026-09-21T22:24:25.574+0000] {taskinstance.py:2076} INFO - Dependencies all met for dep_context=requeueable deps ti=<TaskInstance: ecommerce_data.extract scheduled__2019-10-05T00:00:00+00:00 [queued]>
[2026-09-21T22:24:25.574+0000] {taskinstance.py:2306} INFO - Starting attempt 1 of 4
[2026-09-21T22:24:25.582+0000] {taskinstance.py:2330} INFO - Executing <Task(_PythonDecoratedOperator): extract> on 2019-10-05 00:00:00+00:00
[2026-09-21T22:24:25.588+0000] {standard_task_runner.py:63} INFO - Started process 26456 to run task
[2026-09-21T22:24:25.590+0000] {standard_task_runner.py:90} INFO - Running: ['airflow', 'tasks', 'run', 'ecommerce_data', 'extract', 'scheduled__2019-10-05T00:00:00+00:00', '--job-id', '241', '--raw', '--subdir', 'DAGS_FOLDER/etl.py', '--cfg-path', '/tmp/tmpjuwfvb9i']
[2026-09-21T22:24:25.591+0000] {standard_task_runner.py:91} INFO - Job 241: Subtask extract
[2026-09-21T22:24:25.624+0000] {task_command.py:426} INFO - Running <TaskInstance: ecommerce_data.extract scheduled__2019-10-05T00:00:00+00:00 [running]> on host e6c3ac7e1715
[2026-09-21T22:24:25.677+0000] {taskinstance.py:2648} INFO - Exporting env vars: AIRFLOW_CTX_DAG_OWNER='airflow' AIRFLOW_CTX_DAG_ID='ecommerce_data' AIRFLOW_CTX_TASK_ID='extract' AIRFLOW_CTX_EXECUTION_DATE='2019-10-05T00:00:00+00:00' AIRFLOW_CTX_TRY_NUMBER='1' AIRFLOW_CTX_DAG_RUN_ID='scheduled__2019-10-05T00:00:00+00:00'
[2026-09-21T22:24:25.677+0000] {taskinstance.py:430} INFO - ::endgroup::
[2026-09-21T22:24:25.681+0000] {base.py:84} INFO - Using connection ID 'postgres_conn_id' for task execution.
[2026-09-21T22:24:32.561+0000] {taskinstance.py:441} INFO - ::group::Post task execution logs
[2026-09-21T22:24:32.562+0000] {taskinstance.py:2905} ERROR - Task failed with exception
Traceback (most recent call last):
  File "/home/airflow/.local/lib/python3.11/site-packages/airflow/models/taskinstance.py", line 465, in _execute_task
    result = _execute_callable(context=context, **execute_callable_kwargs)
             ^^^^^^^^^^^^^^^^^^^^^^^^^^^^^^^^^^^^^^^^^^^^^^^^^^^^^^^^^^^^^
  File "/home/airflow/.local/lib/python3.11/site-packages/airflow/models/taskinstance.py", line 432, in _execute_callable
    return execute_callable(context=context, **execute_callable_kwargs)
           ^^^^^^^^^^^^^^^^^^^^^^^^^^^^^^^^^^^^^^^^^^^^^^^^^^^^^^^^^^^^
  File "/home/airflow/.local/lib/python3.11/site-packages/airflow/models/baseoperator.py", line 401, in wrapper
    return func(self, *args, **kwargs)
           ^^^^^^^^^^^^^^^^^^^^^^^^^^^
  File "/home/airflow/.local/lib/python3.11/site-packages/airflow/decorators/base.py", line 265, in execute
    return_value = super().execute(context)
                   ^^^^^^^^^^^^^^^^^^^^^^^^
  File "/home/airflow/.local/lib/python3.11/site-packages/airflow/models/baseoperator.py", line 401, in wrapper
    return func(self, *args, **kwargs)
           ^^^^^^^^^^^^^^^^^^^^^^^^^^^
  File "/home/airflow/.local/lib/python3.11/site-packages/airflow/operators/python.py", line 235, in execute
    return_value = self.execute_callable()
                   ^^^^^^^^^^^^^^^^^^^^^^^
  File "/home/airflow/.local/lib/python3.11/site-packages/airflow/operators/python.py", line 252, in execute_callable
    return self.python_callable(*self.op_args, **self.op_kwargs)
           ^^^^^^^^^^^^^^^^^^^^^^^^^^^^^^^^^^^^^^^^^^^^^^^^^^^^^
  File "/opt/airflow/dags/etl.py", line 58, in extract
    script_run = subprocess.run([
                 ^^^^^^^^^^^^^^^^
  File "/usr/local/lib/python3.11/subprocess.py", line 571, in run
    raise CalledProcessError(retcode, process.args,
subprocess.CalledProcessError: Command '['spark-submit', '--packages', 'org.postgresql:postgresql:42.6.0', '/opt/airflow/dags/daily_etl.py', '2019-10-05']' returned non-zero exit status 1.
[2026-09-21T22:24:32.570+0000] {taskinstance.py:1206} INFO - Marking task as UP_FOR_RETRY. dag_id=ecommerce_data, task_id=extract, run_id=scheduled__2019-10-05T00:00:00+00:00, execution_date=20191005T000000, start_date=20260921T222425, end_date=20260921T222432
[2026-09-21T22:24:32.589+0000] {standard_task_runner.py:110} ERROR - Failed to execute job 241 for task extract (Command '['spark-submit', '--packages', 'org.postgresql:postgresql:42.6.0', '/opt/airflow/dags/daily_etl.py', '2019-10-05']' returned non-zero exit status 1.; 26456)
[2026-09-21T22:24:32.616+0000] {local_task_job_runner.py:240} INFO - Task exited with return code 1
[2026-09-21T22:24:32.630+0000] {taskinstance.py:3503} INFO - 0 downstream tasks scheduled from follow-on schedule check
[2026-09-21T22:24:32.631+0000] {local_task_job_runner.py:222} INFO - ::endgroup::
[2026-09-22T17:38:56.676+0000] {local_task_job_runner.py:120} INFO - ::group::Pre task execution logs
[2026-09-22T17:38:56.696+0000] {taskinstance.py:2076} INFO - Dependencies all met for dep_context=non-requeueable deps ti=<TaskInstance: ecommerce_data.extract scheduled__2019-10-05T00:00:00+00:00 [queued]>
[2026-09-22T17:38:56.700+0000] {taskinstance.py:2076} INFO - Dependencies all met for dep_context=requeueable deps ti=<TaskInstance: ecommerce_data.extract scheduled__2019-10-05T00:00:00+00:00 [queued]>
[2026-09-22T17:38:56.701+0000] {taskinstance.py:2306} INFO - Starting attempt 1 of 4
[2026-09-22T17:38:56.712+0000] {taskinstance.py:2330} INFO - Executing <Task(_PythonDecoratedOperator): extract> on 2019-10-05 00:00:00+00:00
[2026-09-22T17:38:56.718+0000] {standard_task_runner.py:63} INFO - Started process 4397 to run task
[2026-09-22T17:38:56.720+0000] {standard_task_runner.py:90} INFO - Running: ['airflow', 'tasks', 'run', 'ecommerce_data', 'extract', 'scheduled__2019-10-05T00:00:00+00:00', '--job-id', '44', '--raw', '--subdir', 'DAGS_FOLDER/etl.py', '--cfg-path', '/tmp/tmpm72xe3gz']
[2026-09-22T17:38:56.721+0000] {standard_task_runner.py:91} INFO - Job 44: Subtask extract
[2026-09-22T17:38:56.748+0000] {task_command.py:426} INFO - Running <TaskInstance: ecommerce_data.extract scheduled__2019-10-05T00:00:00+00:00 [running]> on host 398971961f28
[2026-09-22T17:38:56.806+0000] {taskinstance.py:2648} INFO - Exporting env vars: AIRFLOW_CTX_DAG_OWNER='airflow' AIRFLOW_CTX_DAG_ID='ecommerce_data' AIRFLOW_CTX_TASK_ID='extract' AIRFLOW_CTX_EXECUTION_DATE='2019-10-05T00:00:00+00:00' AIRFLOW_CTX_TRY_NUMBER='1' AIRFLOW_CTX_DAG_RUN_ID='scheduled__2019-10-05T00:00:00+00:00'
[2026-09-22T17:38:56.807+0000] {taskinstance.py:430} INFO - ::endgroup::
[2026-09-22T17:38:56.811+0000] {base.py:84} INFO - Using connection ID 'postgres_conn_id' for task execution.
[2026-09-22T17:39:14.287+0000] {etl.py:64} INFO - :: loading settings :: url = jar:file:/home/airflow/.local/lib/python3.11/site-packages/pyspark/jars/ivy-2.5.1.jar!/org/apache/ivy/core/settings/ivysettings.xml

[2026-09-22T17:39:14.287+0000] {python.py:237} INFO - Done. Returned value was: None
[2026-09-22T17:39:14.287+0000] {taskinstance.py:441} INFO - ::group::Post task execution logs
[2026-09-22T17:39:14.291+0000] {taskinstance.py:1206} INFO - Marking task as SUCCESS. dag_id=ecommerce_data, task_id=extract, run_id=scheduled__2019-10-05T00:00:00+00:00, execution_date=20191005T000000, start_date=20260922T173856, end_date=20260922T173914
[2026-09-22T17:39:14.310+0000] {local_task_job_runner.py:240} INFO - Task exited with return code 0
[2026-09-22T17:39:14.317+0000] {taskinstance.py:3503} INFO - 0 downstream tasks scheduled from follow-on schedule check
[2026-09-22T17:39:14.317+0000] {local_task_job_runner.py:222} INFO - ::endgroup::
[2026-09-22T22:20:02.194+0000] {local_task_job_runner.py:120} INFO - ::group::Pre task execution logs
[2026-09-22T22:20:02.212+0000] {taskinstance.py:2076} INFO - Dependencies all met for dep_context=non-requeueable deps ti=<TaskInstance: ecommerce_data.extract scheduled__2019-10-05T00:00:00+00:00 [queued]>
[2026-09-22T22:20:02.218+0000] {taskinstance.py:2076} INFO - Dependencies all met for dep_context=requeueable deps ti=<TaskInstance: ecommerce_data.extract scheduled__2019-10-05T00:00:00+00:00 [queued]>
[2026-09-22T22:20:02.218+0000] {taskinstance.py:2306} INFO - Starting attempt 1 of 4
[2026-09-22T22:20:02.228+0000] {taskinstance.py:2330} INFO - Executing <Task(_PythonDecoratedOperator): extract> on 2019-10-05 00:00:00+00:00
[2026-09-22T22:20:02.234+0000] {standard_task_runner.py:63} INFO - Started process 8984 to run task
[2026-09-22T22:20:02.236+0000] {standard_task_runner.py:90} INFO - Running: ['airflow', 'tasks', 'run', 'ecommerce_data', 'extract', 'scheduled__2019-10-05T00:00:00+00:00', '--job-id', '85', '--raw', '--subdir', 'DAGS_FOLDER/etl.py', '--cfg-path', '/tmp/tmpj29vmg9t']
[2026-09-22T22:20:02.238+0000] {standard_task_runner.py:91} INFO - Job 85: Subtask extract
[2026-09-22T22:20:02.261+0000] {task_command.py:426} INFO - Running <TaskInstance: ecommerce_data.extract scheduled__2019-10-05T00:00:00+00:00 [running]> on host 398971961f28
[2026-09-22T22:20:02.307+0000] {taskinstance.py:2648} INFO - Exporting env vars: AIRFLOW_CTX_DAG_OWNER='airflow' AIRFLOW_CTX_DAG_ID='ecommerce_data' AIRFLOW_CTX_TASK_ID='extract' AIRFLOW_CTX_EXECUTION_DATE='2019-10-05T00:00:00+00:00' AIRFLOW_CTX_TRY_NUMBER='1' AIRFLOW_CTX_DAG_RUN_ID='scheduled__2019-10-05T00:00:00+00:00'
[2026-09-22T22:20:02.307+0000] {taskinstance.py:430} INFO - ::endgroup::
[2026-09-22T22:20:02.311+0000] {base.py:84} INFO - Using connection ID 'postgres_conn_id' for task execution.
[2026-09-22T22:20:19.566+0000] {etl.py:75} INFO - :: loading settings :: url = jar:file:/home/airflow/.local/lib/python3.11/site-packages/pyspark/jars/ivy-2.5.1.jar!/org/apache/ivy/core/settings/ivysettings.xml

[2026-09-22T22:20:19.566+0000] {python.py:237} INFO - Done. Returned value was: None
[2026-09-22T22:20:19.567+0000] {taskinstance.py:441} INFO - ::group::Post task execution logs
[2026-09-22T22:20:19.570+0000] {taskinstance.py:1206} INFO - Marking task as SUCCESS. dag_id=ecommerce_data, task_id=extract, run_id=scheduled__2019-10-05T00:00:00+00:00, execution_date=20191005T000000, start_date=20260922T222002, end_date=20260922T222019
[2026-09-22T22:20:19.606+0000] {local_task_job_runner.py:240} INFO - Task exited with return code 0
[2026-09-22T22:20:19.619+0000] {taskinstance.py:3503} INFO - 0 downstream tasks scheduled from follow-on schedule check
[2026-09-22T22:20:19.620+0000] {local_task_job_runner.py:222} INFO - ::endgroup::
