[2026-09-18T12:32:34.483+0000] {local_task_job_runner.py:120} INFO - ::group::Pre task execution logs
[2026-09-18T12:32:34.498+0000] {taskinstance.py:2076} INFO - Dependencies all met for dep_context=non-requeueable deps ti=<TaskInstance: ecommerce_data.extract scheduled__2019-10-05T00:00:00+00:00 [queued]>
[2026-09-18T12:32:34.501+0000] {taskinstance.py:2076} INFO - Dependencies all met for dep_context=requeueable deps ti=<TaskInstance: ecommerce_data.extract scheduled__2019-10-05T00:00:00+00:00 [queued]>
[2026-09-18T12:32:34.502+0000] {taskinstance.py:2306} INFO - Starting attempt 3 of 4
[2026-09-18T12:32:34.509+0000] {taskinstance.py:2330} INFO - Executing <Task(_PythonDecoratedOperator): extract> on 2019-10-05 00:00:00+00:00
[2026-09-18T12:32:34.513+0000] {standard_task_runner.py:63} INFO - Started process 1591 to run task
[2026-09-18T12:32:34.514+0000] {standard_task_runner.py:90} INFO - Running: ['airflow', 'tasks', 'run', 'ecommerce_data', 'extract', 'scheduled__2019-10-05T00:00:00+00:00', '--job-id', '23', '--raw', '--subdir', 'DAGS_FOLDER/etl.py', '--cfg-path', '/tmp/tmp868_aj86']
[2026-09-18T12:32:34.515+0000] {standard_task_runner.py:91} INFO - Job 23: Subtask extract
[2026-09-18T12:32:34.534+0000] {task_command.py:426} INFO - Running <TaskInstance: ecommerce_data.extract scheduled__2019-10-05T00:00:00+00:00 [running]> on host ac3d43ca2f24
[2026-09-18T12:32:34.564+0000] {taskinstance.py:2648} INFO - Exporting env vars: AIRFLOW_CTX_DAG_OWNER='airflow' AIRFLOW_CTX_DAG_ID='ecommerce_data' AIRFLOW_CTX_TASK_ID='extract' AIRFLOW_CTX_EXECUTION_DATE='2019-10-05T00:00:00+00:00' AIRFLOW_CTX_TRY_NUMBER='3' AIRFLOW_CTX_DAG_RUN_ID='scheduled__2019-10-05T00:00:00+00:00'
[2026-09-18T12:32:34.564+0000] {taskinstance.py:430} INFO - ::endgroup::
[2026-09-18T12:32:35.714+0000] {taskinstance.py:441} INFO - ::group::Post task execution logs
[2026-09-18T12:32:35.714+0000] {taskinstance.py:2905} ERROR - Task failed with exception
Traceback (most recent call last):
  File "/home/airflow/.local/lib/python3.11/site-packages/airflow/models/taskinstance.py", line 465, in _execute_task
    result = _execute_callable(context=context, **execute_callable_kwargs)
             ^^^^^^^^^^^^^^^^^^^^^^^^^^^^^^^^^^^^^^^^^^^^^^^^^^^^^^^^^^^^^
  File "/home/airflow/.local/lib/python3.11/site-packages/airflow/models/taskinstance.py", line 432, in _execute_callable
    return execute_callable(context=context, **execute_callable_kwargs)
           ^^^^^^^^^^^^^^^^^^^^^^^^^^^^^^^^^^^^^^^^^^^^^^^^^^^^^^^^^^^^
  File "/home/airflow/.local/lib/python3.11/site-packages/airflow/models/baseoperator.py", line 401, in wrapper
    return func(self, *args, **kwargs)
           ^^^^^^^^^^^^^^^^^^^^^^^^^^^
  File "/home/airflow/.local/lib/python3.11/site-packages/airflow/decorators/base.py", line 265, in execute
    return_value = super().execute(context)
                   ^^^^^^^^^^^^^^^^^^^^^^^^
  File "/home/airflow/.local/lib/python3.11/site-packages/airflow/models/baseoperator.py", line 401, in wrapper
    return func(self, *args, **kwargs)
           ^^^^^^^^^^^^^^^^^^^^^^^^^^^
  File "/home/airflow/.local/lib/python3.11/site-packages/airflow/operators/python.py", line 235, in execute
    return_value = self.execute_callable()
                   ^^^^^^^^^^^^^^^^^^^^^^^
  File "/home/airflow/.local/lib/python3.11/site-packages/airflow/operators/python.py", line 252, in execute_callable
    return self.python_callable(*self.op_args, **self.op_kwargs)
           ^^^^^^^^^^^^^^^^^^^^^^^^^^^^^^^^^^^^^^^^^^^^^^^^^^^^^
  File "/opt/airflow/dags/etl.py", line 26, in extract
    script_run = subprocess.run(["spark-submit", "daily_etl.py", ds], check=True)
                 ^^^^^^^^^^^^^^^^^^^^^^^^^^^^^^^^^^^^^^^^^^^^^^^^^^^^^^^^^^^^^^^^
  File "/usr/local/lib/python3.11/subprocess.py", line 571, in run
    raise CalledProcessError(retcode, process.args,
subprocess.CalledProcessError: Command '['spark-submit', 'daily_etl.py', '2019-10-05']' returned non-zero exit status 2.
[2026-09-18T12:32:35.717+0000] {taskinstance.py:1206} INFO - Marking task as UP_FOR_RETRY. dag_id=ecommerce_data, task_id=extract, run_id=scheduled__2019-10-05T00:00:00+00:00, execution_date=20191005T000000, start_date=20260918T123234, end_date=20260918T123235
[2026-09-18T12:32:35.722+0000] {standard_task_runner.py:110} ERROR - Failed to execute job 23 for task extract (Command '['spark-submit', 'daily_etl.py', '2019-10-05']' returned non-zero exit status 2.; 1591)
[2026-09-18T12:32:35.730+0000] {local_task_job_runner.py:240} INFO - Task exited with return code 1
[2026-09-18T12:32:35.737+0000] {taskinstance.py:3503} INFO - 0 downstream tasks scheduled from follow-on schedule check
[2026-09-18T12:32:35.737+0000] {local_task_job_runner.py:222} INFO - ::endgroup::
[2026-09-19T13:22:50.089+0000] {local_task_job_runner.py:120} INFO - ::group::Pre task execution logs
[2026-09-19T13:22:50.109+0000] {taskinstance.py:2076} INFO - Dependencies all met for dep_context=non-requeueable deps ti=<TaskInstance: ecommerce_data.extract scheduled__2019-10-05T00:00:00+00:00 [queued]>
[2026-09-19T13:22:50.113+0000] {taskinstance.py:2076} INFO - Dependencies all met for dep_context=requeueable deps ti=<TaskInstance: ecommerce_data.extract scheduled__2019-10-05T00:00:00+00:00 [queued]>
[2026-09-19T13:22:50.113+0000] {taskinstance.py:2306} INFO - Starting attempt 3 of 5
[2026-09-19T13:22:50.122+0000] {taskinstance.py:2330} INFO - Executing <Task(_PythonDecoratedOperator): extract> on 2019-10-05 00:00:00+00:00
[2026-09-19T13:22:50.127+0000] {standard_task_runner.py:63} INFO - Started process 621 to run task
[2026-09-19T13:22:50.129+0000] {standard_task_runner.py:90} INFO - Running: ['airflow', 'tasks', 'run', 'ecommerce_data', 'extract', 'scheduled__2019-10-05T00:00:00+00:00', '--job-id', '33', '--raw', '--subdir', 'DAGS_FOLDER/etl.py', '--cfg-path', '/tmp/tmpecznvael']
[2026-09-19T13:22:50.131+0000] {standard_task_runner.py:91} INFO - Job 33: Subtask extract
[2026-09-19T13:22:50.159+0000] {task_command.py:426} INFO - Running <TaskInstance: ecommerce_data.extract scheduled__2019-10-05T00:00:00+00:00 [running]> on host 8e73891b263a
[2026-09-19T13:22:50.216+0000] {taskinstance.py:2648} INFO - Exporting env vars: AIRFLOW_CTX_DAG_OWNER='airflow' AIRFLOW_CTX_DAG_ID='ecommerce_data' AIRFLOW_CTX_TASK_ID='extract' AIRFLOW_CTX_EXECUTION_DATE='2019-10-05T00:00:00+00:00' AIRFLOW_CTX_TRY_NUMBER='3' AIRFLOW_CTX_DAG_RUN_ID='scheduled__2019-10-05T00:00:00+00:00'
[2026-09-19T13:22:50.217+0000] {taskinstance.py:430} INFO - ::endgroup::
[2026-09-19T13:22:56.416+0000] {taskinstance.py:441} INFO - ::group::Post task execution logs
[2026-09-19T13:22:56.417+0000] {taskinstance.py:2905} ERROR - Task failed with exception
Traceback (most recent call last):
  File "/home/airflow/.local/lib/python3.11/site-packages/airflow/models/taskinstance.py", line 465, in _execute_task
    result = _execute_callable(context=context, **execute_callable_kwargs)
             ^^^^^^^^^^^^^^^^^^^^^^^^^^^^^^^^^^^^^^^^^^^^^^^^^^^^^^^^^^^^^
  File "/home/airflow/.local/lib/python3.11/site-packages/airflow/models/taskinstance.py", line 432, in _execute_callable
    return execute_callable(context=context, **execute_callable_kwargs)
           ^^^^^^^^^^^^^^^^^^^^^^^^^^^^^^^^^^^^^^^^^^^^^^^^^^^^^^^^^^^^
  File "/home/airflow/.local/lib/python3.11/site-packages/airflow/models/baseoperator.py", line 401, in wrapper
    return func(self, *args, **kwargs)
           ^^^^^^^^^^^^^^^^^^^^^^^^^^^
  File "/home/airflow/.local/lib/python3.11/site-packages/airflow/decorators/base.py", line 265, in execute
    return_value = super().execute(context)
                   ^^^^^^^^^^^^^^^^^^^^^^^^
  File "/home/airflow/.local/lib/python3.11/site-packages/airflow/models/baseoperator.py", line 401, in wrapper
    return func(self, *args, **kwargs)
           ^^^^^^^^^^^^^^^^^^^^^^^^^^^
  File "/home/airflow/.local/lib/python3.11/site-packages/airflow/operators/python.py", line 235, in execute
    return_value = self.execute_callable()
                   ^^^^^^^^^^^^^^^^^^^^^^^
  File "/home/airflow/.local/lib/python3.11/site-packages/airflow/operators/python.py", line 252, in execute_callable
    return self.python_callable(*self.op_args, **self.op_kwargs)
           ^^^^^^^^^^^^^^^^^^^^^^^^^^^^^^^^^^^^^^^^^^^^^^^^^^^^^
  File "/opt/airflow/dags/etl.py", line 27, in extract
    script_run = subprocess.run(["spark-submit", "/opt/airflow/dags/daily_etl.py", ds], check=True)
                 ^^^^^^^^^^^^^^^^^^^^^^^^^^^^^^^^^^^^^^^^^^^^^^^^^^^^^^^^^^^^^^^^^^^^^^^^^^^^^^^^^^
  File "/usr/local/lib/python3.11/subprocess.py", line 571, in run
    raise CalledProcessError(retcode, process.args,
subprocess.CalledProcessError: Command '['spark-submit', '/opt/airflow/dags/daily_etl.py', '2019-10-05']' returned non-zero exit status 1.
[2026-09-19T13:22:56.427+0000] {taskinstance.py:1206} INFO - Marking task as UP_FOR_RETRY. dag_id=ecommerce_data, task_id=extract, run_id=scheduled__2019-10-05T00:00:00+00:00, execution_date=20191005T000000, start_date=20260919T132250, end_date=20260919T132256
[2026-09-19T13:22:56.439+0000] {standard_task_runner.py:110} ERROR - Failed to execute job 33 for task extract (Command '['spark-submit', '/opt/airflow/dags/daily_etl.py', '2019-10-05']' returned non-zero exit status 1.; 621)
[2026-09-19T13:22:56.466+0000] {local_task_job_runner.py:240} INFO - Task exited with return code 1
[2026-09-19T13:22:56.480+0000] {taskinstance.py:3503} INFO - 0 downstream tasks scheduled from follow-on schedule check
[2026-09-19T13:22:56.481+0000] {local_task_job_runner.py:222} INFO - ::endgroup::
[2026-09-19T13:39:22.948+0000] {local_task_job_runner.py:120} INFO - ::group::Pre task execution logs
[2026-09-19T13:39:22.968+0000] {taskinstance.py:2076} INFO - Dependencies all met for dep_context=non-requeueable deps ti=<TaskInstance: ecommerce_data.extract scheduled__2019-10-05T00:00:00+00:00 [queued]>
[2026-09-19T13:39:22.972+0000] {taskinstance.py:2076} INFO - Dependencies all met for dep_context=requeueable deps ti=<TaskInstance: ecommerce_data.extract scheduled__2019-10-05T00:00:00+00:00 [queued]>
[2026-09-19T13:39:22.972+0000] {taskinstance.py:2306} INFO - Starting attempt 3 of 4
[2026-09-19T13:39:22.981+0000] {taskinstance.py:2330} INFO - Executing <Task(_PythonDecoratedOperator): extract> on 2019-10-05 00:00:00+00:00
[2026-09-19T13:39:22.986+0000] {standard_task_runner.py:63} INFO - Started process 2609 to run task
[2026-09-19T13:39:22.988+0000] {standard_task_runner.py:90} INFO - Running: ['airflow', 'tasks', 'run', 'ecommerce_data', 'extract', 'scheduled__2019-10-05T00:00:00+00:00', '--job-id', '64', '--raw', '--subdir', 'DAGS_FOLDER/etl.py', '--cfg-path', '/tmp/tmpe35bhqpt']
[2026-09-19T13:39:22.990+0000] {standard_task_runner.py:91} INFO - Job 64: Subtask extract
[2026-09-19T13:39:23.020+0000] {task_command.py:426} INFO - Running <TaskInstance: ecommerce_data.extract scheduled__2019-10-05T00:00:00+00:00 [running]> on host 8e73891b263a
[2026-09-19T13:39:23.074+0000] {taskinstance.py:2648} INFO - Exporting env vars: AIRFLOW_CTX_DAG_OWNER='airflow' AIRFLOW_CTX_DAG_ID='ecommerce_data' AIRFLOW_CTX_TASK_ID='extract' AIRFLOW_CTX_EXECUTION_DATE='2019-10-05T00:00:00+00:00' AIRFLOW_CTX_TRY_NUMBER='3' AIRFLOW_CTX_DAG_RUN_ID='scheduled__2019-10-05T00:00:00+00:00'
[2026-09-19T13:39:23.074+0000] {taskinstance.py:430} INFO - ::endgroup::
[2026-09-19T13:39:29.004+0000] {taskinstance.py:441} INFO - ::group::Post task execution logs
[2026-09-19T13:39:29.005+0000] {taskinstance.py:2905} ERROR - Task failed with exception
Traceback (most recent call last):
  File "/home/airflow/.local/lib/python3.11/site-packages/airflow/models/taskinstance.py", line 465, in _execute_task
    result = _execute_callable(context=context, **execute_callable_kwargs)
             ^^^^^^^^^^^^^^^^^^^^^^^^^^^^^^^^^^^^^^^^^^^^^^^^^^^^^^^^^^^^^
  File "/home/airflow/.local/lib/python3.11/site-packages/airflow/models/taskinstance.py", line 432, in _execute_callable
    return execute_callable(context=context, **execute_callable_kwargs)
           ^^^^^^^^^^^^^^^^^^^^^^^^^^^^^^^^^^^^^^^^^^^^^^^^^^^^^^^^^^^^
  File "/home/airflow/.local/lib/python3.11/site-packages/airflow/models/baseoperator.py", line 401, in wrapper
    return func(self, *args, **kwargs)
           ^^^^^^^^^^^^^^^^^^^^^^^^^^^
  File "/home/airflow/.local/lib/python3.11/site-packages/airflow/decorators/base.py", line 265, in execute
    return_value = super().execute(context)
                   ^^^^^^^^^^^^^^^^^^^^^^^^
  File "/home/airflow/.local/lib/python3.11/site-packages/airflow/models/baseoperator.py", line 401, in wrapper
    return func(self, *args, **kwargs)
           ^^^^^^^^^^^^^^^^^^^^^^^^^^^
  File "/home/airflow/.local/lib/python3.11/site-packages/airflow/operators/python.py", line 235, in execute
    return_value = self.execute_callable()
                   ^^^^^^^^^^^^^^^^^^^^^^^
  File "/home/airflow/.local/lib/python3.11/site-packages/airflow/operators/python.py", line 252, in execute_callable
    return self.python_callable(*self.op_args, **self.op_kwargs)
           ^^^^^^^^^^^^^^^^^^^^^^^^^^^^^^^^^^^^^^^^^^^^^^^^^^^^^
  File "/opt/airflow/dags/etl.py", line 27, in extract
    script_run = subprocess.run(["spark-submit", "/opt/airflow/dags/daily_etl.py", ds], check=True)
                 ^^^^^^^^^^^^^^^^^^^^^^^^^^^^^^^^^^^^^^^^^^^^^^^^^^^^^^^^^^^^^^^^^^^^^^^^^^^^^^^^^^
  File "/usr/local/lib/python3.11/subprocess.py", line 571, in run
    raise CalledProcessError(retcode, process.args,
subprocess.CalledProcessError: Command '['spark-submit', '/opt/airflow/dags/daily_etl.py', '2019-10-05']' returned non-zero exit status 1.
[2026-09-19T13:39:29.014+0000] {taskinstance.py:1206} INFO - Marking task as UP_FOR_RETRY. dag_id=ecommerce_data, task_id=extract, run_id=scheduled__2019-10-05T00:00:00+00:00, execution_date=20191005T000000, start_date=20260919T133922, end_date=20260919T133929
[2026-09-19T13:39:29.025+0000] {standard_task_runner.py:110} ERROR - Failed to execute job 64 for task extract (Command '['spark-submit', '/opt/airflow/dags/daily_etl.py', '2019-10-05']' returned non-zero exit status 1.; 2609)
[2026-09-19T13:39:29.051+0000] {local_task_job_runner.py:240} INFO - Task exited with return code 1
[2026-09-19T13:39:29.066+0000] {taskinstance.py:3503} INFO - 0 downstream tasks scheduled from follow-on schedule check
[2026-09-19T13:39:29.067+0000] {local_task_job_runner.py:222} INFO - ::endgroup::
[2026-09-21T21:53:58.742+0000] {local_task_job_runner.py:120} INFO - ::group::Pre task execution logs
[2026-09-21T21:53:58.760+0000] {taskinstance.py:2076} INFO - Dependencies all met for dep_context=non-requeueable deps ti=<TaskInstance: ecommerce_data.extract scheduled__2019-10-05T00:00:00+00:00 [queued]>
[2026-09-21T21:53:58.764+0000] {taskinstance.py:2076} INFO - Dependencies all met for dep_context=requeueable deps ti=<TaskInstance: ecommerce_data.extract scheduled__2019-10-05T00:00:00+00:00 [queued]>
[2026-09-21T21:53:58.764+0000] {taskinstance.py:2306} INFO - Starting attempt 3 of 4
[2026-09-21T21:53:58.772+0000] {taskinstance.py:2330} INFO - Executing <Task(_PythonDecoratedOperator): extract> on 2019-10-05 00:00:00+00:00
[2026-09-21T21:53:58.777+0000] {standard_task_runner.py:63} INFO - Started process 9558 to run task
[2026-09-21T21:53:58.779+0000] {standard_task_runner.py:90} INFO - Running: ['airflow', 'tasks', 'run', 'ecommerce_data', 'extract', 'scheduled__2019-10-05T00:00:00+00:00', '--job-id', '93', '--raw', '--subdir', 'DAGS_FOLDER/etl.py', '--cfg-path', '/tmp/tmpma8_zz08']
[2026-09-21T21:53:58.780+0000] {standard_task_runner.py:91} INFO - Job 93: Subtask extract
[2026-09-21T21:53:58.812+0000] {task_command.py:426} INFO - Running <TaskInstance: ecommerce_data.extract scheduled__2019-10-05T00:00:00+00:00 [running]> on host e6c3ac7e1715
[2026-09-21T21:53:58.865+0000] {taskinstance.py:2648} INFO - Exporting env vars: AIRFLOW_CTX_DAG_OWNER='airflow' AIRFLOW_CTX_DAG_ID='ecommerce_data' AIRFLOW_CTX_TASK_ID='extract' AIRFLOW_CTX_EXECUTION_DATE='2019-10-05T00:00:00+00:00' AIRFLOW_CTX_TRY_NUMBER='3' AIRFLOW_CTX_DAG_RUN_ID='scheduled__2019-10-05T00:00:00+00:00'
[2026-09-21T21:53:58.865+0000] {taskinstance.py:430} INFO - ::endgroup::
[2026-09-21T21:53:58.869+0000] {base.py:84} INFO - Using connection ID 'postgres_conn_id' for task execution.
[2026-09-21T21:54:04.842+0000] {etl.py:68} ERROR - === СПРАВЖНЯ ПОМИЛКА ВІД SPARK ===
[2026-09-21T21:54:04.843+0000] {etl.py:69} ERROR - /home/airflow/.local/lib/python3.11/site-packages/pyspark/bin/load-spark-env.sh: line 68: ps: command not found
Ivy Default Cache set to: /home/airflow/.ivy2/cache
The jars for the packages stored in: /home/airflow/.ivy2/jars
org.postgresql#postgresql added as a dependency
:: resolving dependencies :: org.apache.spark#spark-submit-parent-b34729ca-7446-41fb-8d18-6d5bdc083ee1;1.0
	confs: [default]
	found org.postgresql#postgresql;42.6.0 in central
	found org.checkerframework#checker-qual;3.31.0 in central
:: resolution report :: resolve 120ms :: artifacts dl 4ms
	:: modules in use:
	org.checkerframework#checker-qual;3.31.0 from central in [default]
	org.postgresql#postgresql;42.6.0 from central in [default]
	---------------------------------------------------------------------
	|                  |            modules            ||   artifacts   |
	|       conf       | number| search|dwnlded|evicted|| number|dwnlded|
	---------------------------------------------------------------------
	|      default     |   2   |   0   |   0   |   0   ||   2   |   0   |
	---------------------------------------------------------------------
:: retrieving :: org.apache.spark#spark-submit-parent-b34729ca-7446-41fb-8d18-6d5bdc083ee1
	confs: [default]
	0 artifacts copied, 2 already retrieved (0kB/3ms)
26/09/21 21:54:00 WARN NativeCodeLoader: Unable to load native-hadoop library for your platform... using builtin-java classes where applicable
26/09/21 21:54:01 INFO SparkContext: Running Spark version 3.5.1
26/09/21 21:54:01 INFO SparkContext: OS info Linux, 7.0.0-31-generic, amd64
26/09/21 21:54:01 INFO SparkContext: Java version 17.0.20.1
26/09/21 21:54:01 INFO ResourceUtils: ==============================================================
26/09/21 21:54:01 INFO ResourceUtils: No custom resources configured for spark.driver.
26/09/21 21:54:01 INFO ResourceUtils: ==============================================================
26/09/21 21:54:01 INFO SparkContext: Submitted application: Daily_ecommerce
26/09/21 21:54:01 INFO ResourceProfile: Default ResourceProfile created, executor resources: Map(cores -> name: cores, amount: 1, script: , vendor: , memory -> name: memory, amount: 1024, script: , vendor: , offHeap -> name: offHeap, amount: 0, script: , vendor: ), task resources: Map(cpus -> name: cpus, amount: 1.0)
26/09/21 21:54:01 INFO ResourceProfile: Limiting resource is cpu
26/09/21 21:54:01 INFO ResourceProfileManager: Added ResourceProfile id: 0
26/09/21 21:54:01 INFO SecurityManager: Changing view acls to: airflow
26/09/21 21:54:01 INFO SecurityManager: Changing modify acls to: airflow
26/09/21 21:54:01 INFO SecurityManager: Changing view acls groups to: 
26/09/21 21:54:01 INFO SecurityManager: Changing modify acls groups to: 
26/09/21 21:54:01 INFO SecurityManager: SecurityManager: authentication disabled; ui acls disabled; users with view permissions: airflow; groups with view permissions: EMPTY; users with modify permissions: airflow; groups with modify permissions: EMPTY
26/09/21 21:54:01 INFO Utils: Successfully started service 'sparkDriver' on port 38609.
26/09/21 21:54:01 INFO SparkEnv: Registering MapOutputTracker
26/09/21 21:54:01 INFO SparkEnv: Registering BlockManagerMaster
26/09/21 21:54:01 INFO BlockManagerMasterEndpoint: Using org.apache.spark.storage.DefaultTopologyMapper for getting topology information
26/09/21 21:54:01 INFO BlockManagerMasterEndpoint: BlockManagerMasterEndpoint up
26/09/21 21:54:01 INFO SparkEnv: Registering BlockManagerMasterHeartbeat
26/09/21 21:54:01 INFO DiskBlockManager: Created local directory at /tmp/blockmgr-1c5838b5-e3a9-47fc-a6a7-e2c729ed1d55
26/09/21 21:54:01 INFO MemoryStore: MemoryStore started with capacity 434.4 MiB
26/09/21 21:54:01 INFO SparkEnv: Registering OutputCommitCoordinator
26/09/21 21:54:01 INFO JettyUtils: Start Jetty 0.0.0.0:4040 for SparkUI
26/09/21 21:54:01 INFO Utils: Successfully started service 'SparkUI' on port 4040.
26/09/21 21:54:01 INFO SparkContext: Added JAR file:///home/airflow/.ivy2/jars/org.postgresql_postgresql-42.6.0.jar at spark://e6c3ac7e1715:38609/jars/org.postgresql_postgresql-42.6.0.jar with timestamp 1790027641420
26/09/21 21:54:01 INFO SparkContext: Added JAR file:///home/airflow/.ivy2/jars/org.checkerframework_checker-qual-3.31.0.jar at spark://e6c3ac7e1715:38609/jars/org.checkerframework_checker-qual-3.31.0.jar with timestamp 1790027641420
26/09/21 21:54:01 INFO SparkContext: Added file file:///home/airflow/.ivy2/jars/org.postgresql_postgresql-42.6.0.jar at file:///home/airflow/.ivy2/jars/org.postgresql_postgresql-42.6.0.jar with timestamp 1790027641420
26/09/21 21:54:01 INFO Utils: Copying /home/airflow/.ivy2/jars/org.postgresql_postgresql-42.6.0.jar to /tmp/spark-723d6b64-fa44-4444-bb58-e94a2e2a36c5/userFiles-cb8d5057-ecf9-456c-9d7d-47df1cb8e4e1/org.postgresql_postgresql-42.6.0.jar
26/09/21 21:54:01 INFO SparkContext: Added file file:///home/airflow/.ivy2/jars/org.checkerframework_checker-qual-3.31.0.jar at file:///home/airflow/.ivy2/jars/org.checkerframework_checker-qual-3.31.0.jar with timestamp 1790027641420
26/09/21 21:54:01 INFO Utils: Copying /home/airflow/.ivy2/jars/org.checkerframework_checker-qual-3.31.0.jar to /tmp/spark-723d6b64-fa44-4444-bb58-e94a2e2a36c5/userFiles-cb8d5057-ecf9-456c-9d7d-47df1cb8e4e1/org.checkerframework_checker-qual-3.31.0.jar
26/09/21 21:54:02 INFO Executor: Starting executor ID driver on host e6c3ac7e1715
26/09/21 21:54:02 INFO Executor: OS info Linux, 7.0.0-31-generic, amd64
26/09/21 21:54:02 INFO Executor: Java version 17.0.20.1
26/09/21 21:54:02 INFO Executor: Starting executor with user classpath (userClassPathFirst = false): ''
26/09/21 21:54:02 INFO Executor: Created or updated repl class loader org.apache.spark.util.MutableURLClassLoader@4a2b1b56 for default.
26/09/21 21:54:02 INFO Executor: Fetching file:///home/airflow/.ivy2/jars/org.checkerframework_checker-qual-3.31.0.jar with timestamp 1790027641420
26/09/21 21:54:02 INFO Utils: /home/airflow/.ivy2/jars/org.checkerframework_checker-qual-3.31.0.jar has been previously copied to /tmp/spark-723d6b64-fa44-4444-bb58-e94a2e2a36c5/userFiles-cb8d5057-ecf9-456c-9d7d-47df1cb8e4e1/org.checkerframework_checker-qual-3.31.0.jar
26/09/21 21:54:02 INFO Executor: Fetching file:///home/airflow/.ivy2/jars/org.postgresql_postgresql-42.6.0.jar with timestamp 1790027641420
26/09/21 21:54:02 INFO Utils: /home/airflow/.ivy2/jars/org.postgresql_postgresql-42.6.0.jar has been previously copied to /tmp/spark-723d6b64-fa44-4444-bb58-e94a2e2a36c5/userFiles-cb8d5057-ecf9-456c-9d7d-47df1cb8e4e1/org.postgresql_postgresql-42.6.0.jar
26/09/21 21:54:02 INFO Executor: Fetching spark://e6c3ac7e1715:38609/jars/org.checkerframework_checker-qual-3.31.0.jar with timestamp 1790027641420
26/09/21 21:54:02 INFO TransportClientFactory: Successfully created connection to e6c3ac7e1715/172.21.0.3:38609 after 19 ms (0 ms spent in bootstraps)
26/09/21 21:54:02 INFO Utils: Fetching spark://e6c3ac7e1715:38609/jars/org.checkerframework_checker-qual-3.31.0.jar to /tmp/spark-723d6b64-fa44-4444-bb58-e94a2e2a36c5/userFiles-cb8d5057-ecf9-456c-9d7d-47df1cb8e4e1/fetchFileTemp14786204970906045578.tmp
26/09/21 21:54:02 INFO Utils: /tmp/spark-723d6b64-fa44-4444-bb58-e94a2e2a36c5/userFiles-cb8d5057-ecf9-456c-9d7d-47df1cb8e4e1/fetchFileTemp14786204970906045578.tmp has been previously copied to /tmp/spark-723d6b64-fa44-4444-bb58-e94a2e2a36c5/userFiles-cb8d5057-ecf9-456c-9d7d-47df1cb8e4e1/org.checkerframework_checker-qual-3.31.0.jar
26/09/21 21:54:02 INFO Executor: Adding file:/tmp/spark-723d6b64-fa44-4444-bb58-e94a2e2a36c5/userFiles-cb8d5057-ecf9-456c-9d7d-47df1cb8e4e1/org.checkerframework_checker-qual-3.31.0.jar to class loader default
26/09/21 21:54:02 INFO Executor: Fetching spark://e6c3ac7e1715:38609/jars/org.postgresql_postgresql-42.6.0.jar with timestamp 1790027641420
26/09/21 21:54:02 INFO Utils: Fetching spark://e6c3ac7e1715:38609/jars/org.postgresql_postgresql-42.6.0.jar to /tmp/spark-723d6b64-fa44-4444-bb58-e94a2e2a36c5/userFiles-cb8d5057-ecf9-456c-9d7d-47df1cb8e4e1/fetchFileTemp5937949797682933526.tmp
26/09/21 21:54:02 INFO Utils: /tmp/spark-723d6b64-fa44-4444-bb58-e94a2e2a36c5/userFiles-cb8d5057-ecf9-456c-9d7d-47df1cb8e4e1/fetchFileTemp5937949797682933526.tmp has been previously copied to /tmp/spark-723d6b64-fa44-4444-bb58-e94a2e2a36c5/userFiles-cb8d5057-ecf9-456c-9d7d-47df1cb8e4e1/org.postgresql_postgresql-42.6.0.jar
26/09/21 21:54:02 INFO Executor: Adding file:/tmp/spark-723d6b64-fa44-4444-bb58-e94a2e2a36c5/userFiles-cb8d5057-ecf9-456c-9d7d-47df1cb8e4e1/org.postgresql_postgresql-42.6.0.jar to class loader default
26/09/21 21:54:02 INFO Utils: Successfully started service 'org.apache.spark.network.netty.NettyBlockTransferService' on port 33569.
26/09/21 21:54:02 INFO NettyBlockTransferService: Server created on e6c3ac7e1715:33569
26/09/21 21:54:02 INFO BlockManager: Using org.apache.spark.storage.RandomBlockReplicationPolicy for block replication policy
26/09/21 21:54:02 INFO BlockManagerMaster: Registering BlockManager BlockManagerId(driver, e6c3ac7e1715, 33569, None)
26/09/21 21:54:02 INFO BlockManagerMasterEndpoint: Registering block manager e6c3ac7e1715:33569 with 434.4 MiB RAM, BlockManagerId(driver, e6c3ac7e1715, 33569, None)
26/09/21 21:54:02 INFO BlockManagerMaster: Registered BlockManager BlockManagerId(driver, e6c3ac7e1715, 33569, None)
26/09/21 21:54:02 INFO BlockManager: Initialized BlockManager: BlockManagerId(driver, e6c3ac7e1715, 33569, None)
26/09/21 21:54:02 INFO SharedState: Setting hive.metastore.warehouse.dir ('null') to the value of spark.sql.warehouse.dir.
26/09/21 21:54:02 INFO SharedState: Warehouse path is 'file:/opt/airflow/spark-warehouse'.
26/09/21 21:54:03 INFO InMemoryFileIndex: It took 35 ms to list leaf files for 1 paths.
26/09/21 21:54:03 INFO SparkContext: Starting job: parquet at NativeMethodAccessorImpl.java:0
26/09/21 21:54:03 INFO DAGScheduler: Got job 0 (parquet at NativeMethodAccessorImpl.java:0) with 1 output partitions
26/09/21 21:54:03 INFO DAGScheduler: Final stage: ResultStage 0 (parquet at NativeMethodAccessorImpl.java:0)
26/09/21 21:54:03 INFO DAGScheduler: Parents of final stage: List()
26/09/21 21:54:03 INFO DAGScheduler: Missing parents: List()
26/09/21 21:54:03 INFO DAGScheduler: Submitting ResultStage 0 (MapPartitionsRDD[1] at parquet at NativeMethodAccessorImpl.java:0), which has no missing parents
26/09/21 21:54:03 INFO MemoryStore: Block broadcast_0 stored as values in memory (estimated size 104.5 KiB, free 434.3 MiB)
26/09/21 21:54:03 INFO MemoryStore: Block broadcast_0_piece0 stored as bytes in memory (estimated size 37.6 KiB, free 434.3 MiB)
26/09/21 21:54:03 INFO BlockManagerInfo: Added broadcast_0_piece0 in memory on e6c3ac7e1715:33569 (size: 37.6 KiB, free: 434.4 MiB)
26/09/21 21:54:03 INFO SparkContext: Created broadcast 0 from broadcast at DAGScheduler.scala:1585
26/09/21 21:54:03 INFO DAGScheduler: Submitting 1 missing tasks from ResultStage 0 (MapPartitionsRDD[1] at parquet at NativeMethodAccessorImpl.java:0) (first 15 tasks are for partitions Vector(0))
26/09/21 21:54:03 INFO TaskSchedulerImpl: Adding task set 0.0 with 1 tasks resource profile 0
26/09/21 21:54:03 INFO TaskSetManager: Starting task 0.0 in stage 0.0 (TID 0) (e6c3ac7e1715, executor driver, partition 0, PROCESS_LOCAL, 8303 bytes) 
26/09/21 21:54:03 INFO Executor: Running task 0.0 in stage 0.0 (TID 0)
26/09/21 21:54:03 INFO Executor: Finished task 0.0 in stage 0.0 (TID 0). 2034 bytes result sent to driver
26/09/21 21:54:03 INFO TaskSetManager: Finished task 0.0 in stage 0.0 (TID 0) in 325 ms on e6c3ac7e1715 (executor driver) (1/1)
26/09/21 21:54:03 INFO TaskSchedulerImpl: Removed TaskSet 0.0, whose tasks have all completed, from pool 
26/09/21 21:54:03 INFO DAGScheduler: ResultStage 0 (parquet at NativeMethodAccessorImpl.java:0) finished in 0.464 s
26/09/21 21:54:03 INFO DAGScheduler: Job 0 is finished. Cancelling potential speculative or zombie tasks for this job
26/09/21 21:54:03 INFO TaskSchedulerImpl: Killing all running tasks in stage 0: Stage finished
26/09/21 21:54:03 INFO DAGScheduler: Job 0 finished: parquet at NativeMethodAccessorImpl.java:0, took 0.501394 s
26/09/21 21:54:04 INFO BlockManagerInfo: Removed broadcast_0_piece0 on e6c3ac7e1715:33569 in memory (size: 37.6 KiB, free: 434.4 MiB)
26/09/21 21:54:04 INFO SparkContext: Invoking stop() from shutdown hook
26/09/21 21:54:04 INFO SparkContext: SparkContext is stopping with exitCode 0.
26/09/21 21:54:04 INFO SparkUI: Stopped Spark web UI at http://e6c3ac7e1715:4040
26/09/21 21:54:04 INFO MapOutputTrackerMasterEndpoint: MapOutputTrackerMasterEndpoint stopped!
26/09/21 21:54:04 INFO MemoryStore: MemoryStore cleared
26/09/21 21:54:04 INFO BlockManager: BlockManager stopped
26/09/21 21:54:04 INFO BlockManagerMaster: BlockManagerMaster stopped
26/09/21 21:54:04 INFO OutputCommitCoordinator$OutputCommitCoordinatorEndpoint: OutputCommitCoordinator stopped!
26/09/21 21:54:04 INFO SparkContext: Successfully stopped SparkContext
26/09/21 21:54:04 INFO ShutdownHookManager: Shutdown hook called
26/09/21 21:54:04 INFO ShutdownHookManager: Deleting directory /tmp/spark-723d6b64-fa44-4444-bb58-e94a2e2a36c5
26/09/21 21:54:04 INFO ShutdownHookManager: Deleting directory /tmp/spark-723d6b64-fa44-4444-bb58-e94a2e2a36c5/pyspark-60a744b7-4772-4a12-a0f5-6a8847df1797
26/09/21 21:54:04 INFO ShutdownHookManager: Deleting directory /tmp/spark-a5bac97d-255f-4561-80d8-69cfc8e61b5e

[2026-09-21T21:54:04.843+0000] {taskinstance.py:441} INFO - ::group::Post task execution logs
[2026-09-21T21:54:04.843+0000] {taskinstance.py:2905} ERROR - Task failed with exception
Traceback (most recent call last):
  File "/home/airflow/.local/lib/python3.11/site-packages/airflow/models/taskinstance.py", line 465, in _execute_task
    result = _execute_callable(context=context, **execute_callable_kwargs)
             ^^^^^^^^^^^^^^^^^^^^^^^^^^^^^^^^^^^^^^^^^^^^^^^^^^^^^^^^^^^^^
  File "/home/airflow/.local/lib/python3.11/site-packages/airflow/models/taskinstance.py", line 432, in _execute_callable
    return execute_callable(context=context, **execute_callable_kwargs)
           ^^^^^^^^^^^^^^^^^^^^^^^^^^^^^^^^^^^^^^^^^^^^^^^^^^^^^^^^^^^^
  File "/home/airflow/.local/lib/python3.11/site-packages/airflow/models/baseoperator.py", line 401, in wrapper
    return func(self, *args, **kwargs)
           ^^^^^^^^^^^^^^^^^^^^^^^^^^^
  File "/home/airflow/.local/lib/python3.11/site-packages/airflow/decorators/base.py", line 265, in execute
    return_value = super().execute(context)
                   ^^^^^^^^^^^^^^^^^^^^^^^^
  File "/home/airflow/.local/lib/python3.11/site-packages/airflow/models/baseoperator.py", line 401, in wrapper
    return func(self, *args, **kwargs)
           ^^^^^^^^^^^^^^^^^^^^^^^^^^^
  File "/home/airflow/.local/lib/python3.11/site-packages/airflow/operators/python.py", line 235, in execute
    return_value = self.execute_callable()
                   ^^^^^^^^^^^^^^^^^^^^^^^
  File "/home/airflow/.local/lib/python3.11/site-packages/airflow/operators/python.py", line 252, in execute_callable
    return self.python_callable(*self.op_args, **self.op_kwargs)
           ^^^^^^^^^^^^^^^^^^^^^^^^^^^^^^^^^^^^^^^^^^^^^^^^^^^^^
  File "/opt/airflow/dags/etl.py", line 70, in extract
    raise e
  File "/opt/airflow/dags/etl.py", line 59, in extract
    script_run = subprocess.run([
                 ^^^^^^^^^^^^^^^^
  File "/usr/local/lib/python3.11/subprocess.py", line 571, in run
    raise CalledProcessError(retcode, process.args,
subprocess.CalledProcessError: Command '['spark-submit', '--packages', 'org.postgresql:postgresql:42.6.0', '/opt/airflow/dags/daily_etl.py', '2019-10-05']' returned non-zero exit status 1.
[2026-09-21T21:54:04.853+0000] {taskinstance.py:1206} INFO - Marking task as UP_FOR_RETRY. dag_id=ecommerce_data, task_id=extract, run_id=scheduled__2019-10-05T00:00:00+00:00, execution_date=20191005T000000, start_date=20260921T215358, end_date=20260921T215404
[2026-09-21T21:54:04.863+0000] {standard_task_runner.py:110} ERROR - Failed to execute job 93 for task extract (Command '['spark-submit', '--packages', 'org.postgresql:postgresql:42.6.0', '/opt/airflow/dags/daily_etl.py', '2019-10-05']' returned non-zero exit status 1.; 9558)
[2026-09-21T21:54:04.881+0000] {local_task_job_runner.py:240} INFO - Task exited with return code 1
[2026-09-21T21:54:04.894+0000] {taskinstance.py:3503} INFO - 0 downstream tasks scheduled from follow-on schedule check
[2026-09-21T21:54:04.895+0000] {local_task_job_runner.py:222} INFO - ::endgroup::
[2026-09-21T22:24:48.338+0000] {local_task_job_runner.py:120} INFO - ::group::Pre task execution logs
[2026-09-21T22:24:48.355+0000] {taskinstance.py:2076} INFO - Dependencies all met for dep_context=non-requeueable deps ti=<TaskInstance: ecommerce_data.extract scheduled__2019-10-05T00:00:00+00:00 [queued]>
[2026-09-21T22:24:48.359+0000] {taskinstance.py:2076} INFO - Dependencies all met for dep_context=requeueable deps ti=<TaskInstance: ecommerce_data.extract scheduled__2019-10-05T00:00:00+00:00 [queued]>
[2026-09-21T22:24:48.360+0000] {taskinstance.py:2306} INFO - Starting attempt 3 of 4
[2026-09-21T22:24:48.367+0000] {taskinstance.py:2330} INFO - Executing <Task(_PythonDecoratedOperator): extract> on 2019-10-05 00:00:00+00:00
[2026-09-21T22:24:48.373+0000] {standard_task_runner.py:63} INFO - Started process 26850 to run task
[2026-09-21T22:24:48.375+0000] {standard_task_runner.py:90} INFO - Running: ['airflow', 'tasks', 'run', 'ecommerce_data', 'extract', 'scheduled__2019-10-05T00:00:00+00:00', '--job-id', '243', '--raw', '--subdir', 'DAGS_FOLDER/etl.py', '--cfg-path', '/tmp/tmpn2ovu11c']
[2026-09-21T22:24:48.376+0000] {standard_task_runner.py:91} INFO - Job 243: Subtask extract
[2026-09-21T22:24:48.409+0000] {task_command.py:426} INFO - Running <TaskInstance: ecommerce_data.extract scheduled__2019-10-05T00:00:00+00:00 [running]> on host e6c3ac7e1715
[2026-09-21T22:24:48.461+0000] {taskinstance.py:2648} INFO - Exporting env vars: AIRFLOW_CTX_DAG_OWNER='airflow' AIRFLOW_CTX_DAG_ID='ecommerce_data' AIRFLOW_CTX_TASK_ID='extract' AIRFLOW_CTX_EXECUTION_DATE='2019-10-05T00:00:00+00:00' AIRFLOW_CTX_TRY_NUMBER='3' AIRFLOW_CTX_DAG_RUN_ID='scheduled__2019-10-05T00:00:00+00:00'
[2026-09-21T22:24:48.462+0000] {taskinstance.py:430} INFO - ::endgroup::
[2026-09-21T22:24:48.465+0000] {base.py:84} INFO - Using connection ID 'postgres_conn_id' for task execution.
[2026-09-21T22:24:55.133+0000] {taskinstance.py:441} INFO - ::group::Post task execution logs
[2026-09-21T22:24:55.134+0000] {taskinstance.py:2905} ERROR - Task failed with exception
Traceback (most recent call last):
  File "/home/airflow/.local/lib/python3.11/site-packages/airflow/models/taskinstance.py", line 465, in _execute_task
    result = _execute_callable(context=context, **execute_callable_kwargs)
             ^^^^^^^^^^^^^^^^^^^^^^^^^^^^^^^^^^^^^^^^^^^^^^^^^^^^^^^^^^^^^
  File "/home/airflow/.local/lib/python3.11/site-packages/airflow/models/taskinstance.py", line 432, in _execute_callable
    return execute_callable(context=context, **execute_callable_kwargs)
           ^^^^^^^^^^^^^^^^^^^^^^^^^^^^^^^^^^^^^^^^^^^^^^^^^^^^^^^^^^^^
  File "/home/airflow/.local/lib/python3.11/site-packages/airflow/models/baseoperator.py", line 401, in wrapper
    return func(self, *args, **kwargs)
           ^^^^^^^^^^^^^^^^^^^^^^^^^^^
  File "/home/airflow/.local/lib/python3.11/site-packages/airflow/decorators/base.py", line 265, in execute
    return_value = super().execute(context)
                   ^^^^^^^^^^^^^^^^^^^^^^^^
  File "/home/airflow/.local/lib/python3.11/site-packages/airflow/models/baseoperator.py", line 401, in wrapper
    return func(self, *args, **kwargs)
           ^^^^^^^^^^^^^^^^^^^^^^^^^^^
  File "/home/airflow/.local/lib/python3.11/site-packages/airflow/operators/python.py", line 235, in execute
    return_value = self.execute_callable()
                   ^^^^^^^^^^^^^^^^^^^^^^^
  File "/home/airflow/.local/lib/python3.11/site-packages/airflow/operators/python.py", line 252, in execute_callable
    return self.python_callable(*self.op_args, **self.op_kwargs)
           ^^^^^^^^^^^^^^^^^^^^^^^^^^^^^^^^^^^^^^^^^^^^^^^^^^^^^
  File "/opt/airflow/dags/etl.py", line 58, in extract
    script_run = subprocess.run([
                 ^^^^^^^^^^^^^^^^
  File "/usr/local/lib/python3.11/subprocess.py", line 571, in run
    raise CalledProcessError(retcode, process.args,
subprocess.CalledProcessError: Command '['spark-submit', '--packages', 'org.postgresql:postgresql:42.6.0', '/opt/airflow/dags/daily_etl.py', '2019-10-05']' returned non-zero exit status 1.
[2026-09-21T22:24:55.138+0000] {taskinstance.py:1206} INFO - Marking task as UP_FOR_RETRY. dag_id=ecommerce_data, task_id=extract, run_id=scheduled__2019-10-05T00:00:00+00:00, execution_date=20191005T000000, start_date=20260921T222448, end_date=20260921T222455
[2026-09-21T22:24:55.145+0000] {standard_task_runner.py:110} ERROR - Failed to execute job 243 for task extract (Command '['spark-submit', '--packages', 'org.postgresql:postgresql:42.6.0', '/opt/airflow/dags/daily_etl.py', '2019-10-05']' returned non-zero exit status 1.; 26850)
[2026-09-21T22:24:55.158+0000] {local_task_job_runner.py:240} INFO - Task exited with return code 1
[2026-09-21T22:24:55.171+0000] {taskinstance.py:3503} INFO - 0 downstream tasks scheduled from follow-on schedule check
[2026-09-21T22:24:55.171+0000] {local_task_job_runner.py:222} INFO - ::endgroup::
