[2026-09-18T12:33:49.059+0000] {local_task_job_runner.py:120} INFO - ::group::Pre task execution logs
[2026-09-18T12:33:49.072+0000] {taskinstance.py:2076} INFO - Dependencies all met for dep_context=non-requeueable deps ti=<TaskInstance: ecommerce_data.extract scheduled__2019-10-13T00:00:00+00:00 [queued]>
[2026-09-18T12:33:49.075+0000] {taskinstance.py:2076} INFO - Dependencies all met for dep_context=requeueable deps ti=<TaskInstance: ecommerce_data.extract scheduled__2019-10-13T00:00:00+00:00 [queued]>
[2026-09-18T12:33:49.075+0000] {taskinstance.py:2306} INFO - Starting attempt 1 of 4
[2026-09-18T12:33:49.080+0000] {taskinstance.py:2330} INFO - Executing <Task(_PythonDecoratedOperator): extract> on 2019-10-13 00:00:00+00:00
[2026-09-18T12:33:49.084+0000] {standard_task_runner.py:63} INFO - Started process 3391 to run task
[2026-09-18T12:33:49.085+0000] {standard_task_runner.py:90} INFO - Running: ['airflow', 'tasks', 'run', 'ecommerce_data', 'extract', 'scheduled__2019-10-13T00:00:00+00:00', '--job-id', '47', '--raw', '--subdir', 'DAGS_FOLDER/etl.py', '--cfg-path', '/tmp/tmpd28ak3jk']
[2026-09-18T12:33:49.086+0000] {standard_task_runner.py:91} INFO - Job 47: Subtask extract
[2026-09-18T12:33:49.103+0000] {task_command.py:426} INFO - Running <TaskInstance: ecommerce_data.extract scheduled__2019-10-13T00:00:00+00:00 [running]> on host ac3d43ca2f24
[2026-09-18T12:33:49.131+0000] {taskinstance.py:2648} INFO - Exporting env vars: AIRFLOW_CTX_DAG_OWNER='airflow' AIRFLOW_CTX_DAG_ID='ecommerce_data' AIRFLOW_CTX_TASK_ID='extract' AIRFLOW_CTX_EXECUTION_DATE='2019-10-13T00:00:00+00:00' AIRFLOW_CTX_TRY_NUMBER='1' AIRFLOW_CTX_DAG_RUN_ID='scheduled__2019-10-13T00:00:00+00:00'
[2026-09-18T12:33:49.131+0000] {taskinstance.py:430} INFO - ::endgroup::
[2026-09-18T12:33:50.141+0000] {taskinstance.py:441} INFO - ::group::Post task execution logs
[2026-09-18T12:33:50.141+0000] {taskinstance.py:2905} ERROR - Task failed with exception
Traceback (most recent call last):
  File "/home/airflow/.local/lib/python3.11/site-packages/airflow/models/taskinstance.py", line 465, in _execute_task
    result = _execute_callable(context=context, **execute_callable_kwargs)
             ^^^^^^^^^^^^^^^^^^^^^^^^^^^^^^^^^^^^^^^^^^^^^^^^^^^^^^^^^^^^^
  File "/home/airflow/.local/lib/python3.11/site-packages/airflow/models/taskinstance.py", line 432, in _execute_callable
    return execute_callable(context=context, **execute_callable_kwargs)
           ^^^^^^^^^^^^^^^^^^^^^^^^^^^^^^^^^^^^^^^^^^^^^^^^^^^^^^^^^^^^
  File "/home/airflow/.local/lib/python3.11/site-packages/airflow/models/baseoperator.py", line 401, in wrapper
    return func(self, *args, **kwargs)
           ^^^^^^^^^^^^^^^^^^^^^^^^^^^
  File "/home/airflow/.local/lib/python3.11/site-packages/airflow/decorators/base.py", line 265, in execute
    return_value = super().execute(context)
                   ^^^^^^^^^^^^^^^^^^^^^^^^
  File "/home/airflow/.local/lib/python3.11/site-packages/airflow/models/baseoperator.py", line 401, in wrapper
    return func(self, *args, **kwargs)
           ^^^^^^^^^^^^^^^^^^^^^^^^^^^
  File "/home/airflow/.local/lib/python3.11/site-packages/airflow/operators/python.py", line 235, in execute
    return_value = self.execute_callable()
                   ^^^^^^^^^^^^^^^^^^^^^^^
  File "/home/airflow/.local/lib/python3.11/site-packages/airflow/operators/python.py", line 252, in execute_callable
    return self.python_callable(*self.op_args, **self.op_kwargs)
           ^^^^^^^^^^^^^^^^^^^^^^^^^^^^^^^^^^^^^^^^^^^^^^^^^^^^^
  File "/opt/airflow/dags/etl.py", line 26, in extract
    script_run = subprocess.run(["spark-submit", "daily_etl.py", ds], check=True)
                 ^^^^^^^^^^^^^^^^^^^^^^^^^^^^^^^^^^^^^^^^^^^^^^^^^^^^^^^^^^^^^^^^
  File "/usr/local/lib/python3.11/subprocess.py", line 571, in run
    raise CalledProcessError(retcode, process.args,
subprocess.CalledProcessError: Command '['spark-submit', 'daily_etl.py', '2019-10-13']' returned non-zero exit status 2.
[2026-09-18T12:33:50.144+0000] {taskinstance.py:1206} INFO - Marking task as UP_FOR_RETRY. dag_id=ecommerce_data, task_id=extract, run_id=scheduled__2019-10-13T00:00:00+00:00, execution_date=20191013T000000, start_date=20260918T123349, end_date=20260918T123350
[2026-09-18T12:33:50.149+0000] {standard_task_runner.py:110} ERROR - Failed to execute job 47 for task extract (Command '['spark-submit', 'daily_etl.py', '2019-10-13']' returned non-zero exit status 2.; 3391)
[2026-09-18T12:33:50.180+0000] {local_task_job_runner.py:240} INFO - Task exited with return code 1
[2026-09-18T12:33:50.193+0000] {taskinstance.py:3503} INFO - 0 downstream tasks scheduled from follow-on schedule check
[2026-09-18T12:33:50.193+0000] {local_task_job_runner.py:222} INFO - ::endgroup::
[2026-09-19T14:19:30.531+0000] {local_task_job_runner.py:120} INFO - ::group::Pre task execution logs
[2026-09-19T14:19:30.550+0000] {taskinstance.py:2076} INFO - Dependencies all met for dep_context=non-requeueable deps ti=<TaskInstance: ecommerce_data.extract scheduled__2019-10-13T00:00:00+00:00 [queued]>
[2026-09-19T14:19:30.554+0000] {taskinstance.py:2076} INFO - Dependencies all met for dep_context=requeueable deps ti=<TaskInstance: ecommerce_data.extract scheduled__2019-10-13T00:00:00+00:00 [queued]>
[2026-09-19T14:19:30.554+0000] {taskinstance.py:2306} INFO - Starting attempt 1 of 4
[2026-09-19T14:19:30.563+0000] {taskinstance.py:2330} INFO - Executing <Task(_PythonDecoratedOperator): extract> on 2019-10-13 00:00:00+00:00
[2026-09-19T14:19:30.568+0000] {standard_task_runner.py:63} INFO - Started process 8346 to run task
[2026-09-19T14:19:30.570+0000] {standard_task_runner.py:90} INFO - Running: ['airflow', 'tasks', 'run', 'ecommerce_data', 'extract', 'scheduled__2019-10-13T00:00:00+00:00', '--job-id', '120', '--raw', '--subdir', 'DAGS_FOLDER/etl.py', '--cfg-path', '/tmp/tmpyng2as7z']
[2026-09-19T14:19:30.572+0000] {standard_task_runner.py:91} INFO - Job 120: Subtask extract
[2026-09-19T14:19:30.598+0000] {task_command.py:426} INFO - Running <TaskInstance: ecommerce_data.extract scheduled__2019-10-13T00:00:00+00:00 [running]> on host 8e73891b263a
[2026-09-19T14:19:30.658+0000] {taskinstance.py:2648} INFO - Exporting env vars: AIRFLOW_CTX_DAG_OWNER='airflow' AIRFLOW_CTX_DAG_ID='ecommerce_data' AIRFLOW_CTX_TASK_ID='extract' AIRFLOW_CTX_EXECUTION_DATE='2019-10-13T00:00:00+00:00' AIRFLOW_CTX_TRY_NUMBER='1' AIRFLOW_CTX_DAG_RUN_ID='scheduled__2019-10-13T00:00:00+00:00'
[2026-09-19T14:19:30.659+0000] {taskinstance.py:430} INFO - ::endgroup::
[2026-09-19T14:19:45.614+0000] {python.py:237} INFO - Done. Returned value was: None
[2026-09-19T14:19:45.614+0000] {taskinstance.py:441} INFO - ::group::Post task execution logs
[2026-09-19T14:19:45.618+0000] {taskinstance.py:1206} INFO - Marking task as SUCCESS. dag_id=ecommerce_data, task_id=extract, run_id=scheduled__2019-10-13T00:00:00+00:00, execution_date=20191013T000000, start_date=20260919T141930, end_date=20260919T141945
[2026-09-19T14:19:45.631+0000] {local_task_job_runner.py:240} INFO - Task exited with return code 0
[2026-09-19T14:19:45.642+0000] {taskinstance.py:3503} INFO - 0 downstream tasks scheduled from follow-on schedule check
[2026-09-19T14:19:45.643+0000] {local_task_job_runner.py:222} INFO - ::endgroup::
[2026-09-21T22:01:11.733+0000] {local_task_job_runner.py:120} INFO - ::group::Pre task execution logs
[2026-09-21T22:01:11.753+0000] {taskinstance.py:2076} INFO - Dependencies all met for dep_context=non-requeueable deps ti=<TaskInstance: ecommerce_data.extract scheduled__2019-10-13T00:00:00+00:00 [queued]>
[2026-09-21T22:01:11.757+0000] {taskinstance.py:2076} INFO - Dependencies all met for dep_context=requeueable deps ti=<TaskInstance: ecommerce_data.extract scheduled__2019-10-13T00:00:00+00:00 [queued]>
[2026-09-21T22:01:11.758+0000] {taskinstance.py:2306} INFO - Starting attempt 1 of 4
[2026-09-21T22:01:11.768+0000] {taskinstance.py:2330} INFO - Executing <Task(_PythonDecoratedOperator): extract> on 2019-10-13 00:00:00+00:00
[2026-09-21T22:01:11.774+0000] {standard_task_runner.py:63} INFO - Started process 15655 to run task
[2026-09-21T22:01:11.776+0000] {standard_task_runner.py:90} INFO - Running: ['airflow', 'tasks', 'run', 'ecommerce_data', 'extract', 'scheduled__2019-10-13T00:00:00+00:00', '--job-id', '147', '--raw', '--subdir', 'DAGS_FOLDER/etl.py', '--cfg-path', '/tmp/tmpbx2qaeue']
[2026-09-21T22:01:11.778+0000] {standard_task_runner.py:91} INFO - Job 147: Subtask extract
[2026-09-21T22:01:11.812+0000] {task_command.py:426} INFO - Running <TaskInstance: ecommerce_data.extract scheduled__2019-10-13T00:00:00+00:00 [running]> on host e6c3ac7e1715
[2026-09-21T22:01:11.864+0000] {taskinstance.py:2648} INFO - Exporting env vars: AIRFLOW_CTX_DAG_OWNER='airflow' AIRFLOW_CTX_DAG_ID='ecommerce_data' AIRFLOW_CTX_TASK_ID='extract' AIRFLOW_CTX_EXECUTION_DATE='2019-10-13T00:00:00+00:00' AIRFLOW_CTX_TRY_NUMBER='1' AIRFLOW_CTX_DAG_RUN_ID='scheduled__2019-10-13T00:00:00+00:00'
[2026-09-21T22:01:11.864+0000] {taskinstance.py:430} INFO - ::endgroup::
[2026-09-21T22:01:11.868+0000] {base.py:84} INFO - Using connection ID 'postgres_conn_id' for task execution.
[2026-09-21T22:01:18.401+0000] {etl.py:68} ERROR - === СПРАВЖНЯ ПОМИЛКА ВІД SPARK ===
[2026-09-21T22:01:18.402+0000] {etl.py:69} ERROR - /home/airflow/.local/lib/python3.11/site-packages/pyspark/bin/load-spark-env.sh: line 68: ps: command not found
Ivy Default Cache set to: /home/airflow/.ivy2/cache
The jars for the packages stored in: /home/airflow/.ivy2/jars
org.postgresql#postgresql added as a dependency
:: resolving dependencies :: org.apache.spark#spark-submit-parent-2e29ae8e-a739-4027-82cc-b7a11cdefd03;1.0
	confs: [default]
	found org.postgresql#postgresql;42.6.0 in central
	found org.checkerframework#checker-qual;3.31.0 in central
:: resolution report :: resolve 118ms :: artifacts dl 5ms
	:: modules in use:
	org.checkerframework#checker-qual;3.31.0 from central in [default]
	org.postgresql#postgresql;42.6.0 from central in [default]
	---------------------------------------------------------------------
	|                  |            modules            ||   artifacts   |
	|       conf       | number| search|dwnlded|evicted|| number|dwnlded|
	---------------------------------------------------------------------
	|      default     |   2   |   0   |   0   |   0   ||   2   |   0   |
	---------------------------------------------------------------------
:: retrieving :: org.apache.spark#spark-submit-parent-2e29ae8e-a739-4027-82cc-b7a11cdefd03
	confs: [default]
	0 artifacts copied, 2 already retrieved (0kB/5ms)
26/09/21 22:01:13 WARN NativeCodeLoader: Unable to load native-hadoop library for your platform... using builtin-java classes where applicable
26/09/21 22:01:14 INFO SparkContext: Running Spark version 3.5.1
26/09/21 22:01:14 INFO SparkContext: OS info Linux, 7.0.0-31-generic, amd64
26/09/21 22:01:14 INFO SparkContext: Java version 17.0.20.1
26/09/21 22:01:14 INFO ResourceUtils: ==============================================================
26/09/21 22:01:14 INFO ResourceUtils: No custom resources configured for spark.driver.
26/09/21 22:01:14 INFO ResourceUtils: ==============================================================
26/09/21 22:01:14 INFO SparkContext: Submitted application: Daily_ecommerce
26/09/21 22:01:14 INFO ResourceProfile: Default ResourceProfile created, executor resources: Map(cores -> name: cores, amount: 1, script: , vendor: , memory -> name: memory, amount: 1024, script: , vendor: , offHeap -> name: offHeap, amount: 0, script: , vendor: ), task resources: Map(cpus -> name: cpus, amount: 1.0)
26/09/21 22:01:14 INFO ResourceProfile: Limiting resource is cpu
26/09/21 22:01:14 INFO ResourceProfileManager: Added ResourceProfile id: 0
26/09/21 22:01:14 INFO SecurityManager: Changing view acls to: airflow
26/09/21 22:01:14 INFO SecurityManager: Changing modify acls to: airflow
26/09/21 22:01:14 INFO SecurityManager: Changing view acls groups to: 
26/09/21 22:01:14 INFO SecurityManager: Changing modify acls groups to: 
26/09/21 22:01:14 INFO SecurityManager: SecurityManager: authentication disabled; ui acls disabled; users with view permissions: airflow; groups with view permissions: EMPTY; users with modify permissions: airflow; groups with modify permissions: EMPTY
26/09/21 22:01:14 INFO Utils: Successfully started service 'sparkDriver' on port 38213.
26/09/21 22:01:14 INFO SparkEnv: Registering MapOutputTracker
26/09/21 22:01:14 INFO SparkEnv: Registering BlockManagerMaster
26/09/21 22:01:14 INFO BlockManagerMasterEndpoint: Using org.apache.spark.storage.DefaultTopologyMapper for getting topology information
26/09/21 22:01:14 INFO BlockManagerMasterEndpoint: BlockManagerMasterEndpoint up
26/09/21 22:01:14 INFO SparkEnv: Registering BlockManagerMasterHeartbeat
26/09/21 22:01:14 INFO DiskBlockManager: Created local directory at /tmp/blockmgr-4f063c34-3fd2-4825-bfd0-c01137174b4c
26/09/21 22:01:14 INFO MemoryStore: MemoryStore started with capacity 434.4 MiB
26/09/21 22:01:14 INFO SparkEnv: Registering OutputCommitCoordinator
26/09/21 22:01:15 INFO JettyUtils: Start Jetty 0.0.0.0:4040 for SparkUI
26/09/21 22:01:15 INFO Utils: Successfully started service 'SparkUI' on port 4040.
26/09/21 22:01:15 INFO SparkContext: Added JAR file:///home/airflow/.ivy2/jars/org.postgresql_postgresql-42.6.0.jar at spark://e6c3ac7e1715:38213/jars/org.postgresql_postgresql-42.6.0.jar with timestamp 1790028074568
26/09/21 22:01:15 INFO SparkContext: Added JAR file:///home/airflow/.ivy2/jars/org.checkerframework_checker-qual-3.31.0.jar at spark://e6c3ac7e1715:38213/jars/org.checkerframework_checker-qual-3.31.0.jar with timestamp 1790028074568
26/09/21 22:01:15 INFO SparkContext: Added file file:///home/airflow/.ivy2/jars/org.postgresql_postgresql-42.6.0.jar at file:///home/airflow/.ivy2/jars/org.postgresql_postgresql-42.6.0.jar with timestamp 1790028074568
26/09/21 22:01:15 INFO Utils: Copying /home/airflow/.ivy2/jars/org.postgresql_postgresql-42.6.0.jar to /tmp/spark-b014d933-7c87-4dcd-b3c7-2c9690d156fe/userFiles-654a4ba8-742f-4600-96d7-488a56edf06b/org.postgresql_postgresql-42.6.0.jar
26/09/21 22:01:15 INFO SparkContext: Added file file:///home/airflow/.ivy2/jars/org.checkerframework_checker-qual-3.31.0.jar at file:///home/airflow/.ivy2/jars/org.checkerframework_checker-qual-3.31.0.jar with timestamp 1790028074568
26/09/21 22:01:15 INFO Utils: Copying /home/airflow/.ivy2/jars/org.checkerframework_checker-qual-3.31.0.jar to /tmp/spark-b014d933-7c87-4dcd-b3c7-2c9690d156fe/userFiles-654a4ba8-742f-4600-96d7-488a56edf06b/org.checkerframework_checker-qual-3.31.0.jar
26/09/21 22:01:15 INFO Executor: Starting executor ID driver on host e6c3ac7e1715
26/09/21 22:01:15 INFO Executor: OS info Linux, 7.0.0-31-generic, amd64
26/09/21 22:01:15 INFO Executor: Java version 17.0.20.1
26/09/21 22:01:15 INFO Executor: Starting executor with user classpath (userClassPathFirst = false): ''
26/09/21 22:01:15 INFO Executor: Created or updated repl class loader org.apache.spark.util.MutableURLClassLoader@1c4997a4 for default.
26/09/21 22:01:15 INFO Executor: Fetching file:///home/airflow/.ivy2/jars/org.checkerframework_checker-qual-3.31.0.jar with timestamp 1790028074568
26/09/21 22:01:15 INFO Utils: /home/airflow/.ivy2/jars/org.checkerframework_checker-qual-3.31.0.jar has been previously copied to /tmp/spark-b014d933-7c87-4dcd-b3c7-2c9690d156fe/userFiles-654a4ba8-742f-4600-96d7-488a56edf06b/org.checkerframework_checker-qual-3.31.0.jar
26/09/21 22:01:15 INFO Executor: Fetching file:///home/airflow/.ivy2/jars/org.postgresql_postgresql-42.6.0.jar with timestamp 1790028074568
26/09/21 22:01:15 INFO Utils: /home/airflow/.ivy2/jars/org.postgresql_postgresql-42.6.0.jar has been previously copied to /tmp/spark-b014d933-7c87-4dcd-b3c7-2c9690d156fe/userFiles-654a4ba8-742f-4600-96d7-488a56edf06b/org.postgresql_postgresql-42.6.0.jar
26/09/21 22:01:15 INFO Executor: Fetching spark://e6c3ac7e1715:38213/jars/org.postgresql_postgresql-42.6.0.jar with timestamp 1790028074568
26/09/21 22:01:15 INFO TransportClientFactory: Successfully created connection to e6c3ac7e1715/172.21.0.3:38213 after 31 ms (0 ms spent in bootstraps)
26/09/21 22:01:15 INFO Utils: Fetching spark://e6c3ac7e1715:38213/jars/org.postgresql_postgresql-42.6.0.jar to /tmp/spark-b014d933-7c87-4dcd-b3c7-2c9690d156fe/userFiles-654a4ba8-742f-4600-96d7-488a56edf06b/fetchFileTemp3494319433842483873.tmp
26/09/21 22:01:15 INFO Utils: /tmp/spark-b014d933-7c87-4dcd-b3c7-2c9690d156fe/userFiles-654a4ba8-742f-4600-96d7-488a56edf06b/fetchFileTemp3494319433842483873.tmp has been previously copied to /tmp/spark-b014d933-7c87-4dcd-b3c7-2c9690d156fe/userFiles-654a4ba8-742f-4600-96d7-488a56edf06b/org.postgresql_postgresql-42.6.0.jar
26/09/21 22:01:15 INFO Executor: Adding file:/tmp/spark-b014d933-7c87-4dcd-b3c7-2c9690d156fe/userFiles-654a4ba8-742f-4600-96d7-488a56edf06b/org.postgresql_postgresql-42.6.0.jar to class loader default
26/09/21 22:01:15 INFO Executor: Fetching spark://e6c3ac7e1715:38213/jars/org.checkerframework_checker-qual-3.31.0.jar with timestamp 1790028074568
26/09/21 22:01:15 INFO Utils: Fetching spark://e6c3ac7e1715:38213/jars/org.checkerframework_checker-qual-3.31.0.jar to /tmp/spark-b014d933-7c87-4dcd-b3c7-2c9690d156fe/userFiles-654a4ba8-742f-4600-96d7-488a56edf06b/fetchFileTemp15547406395655586163.tmp
26/09/21 22:01:15 INFO Utils: /tmp/spark-b014d933-7c87-4dcd-b3c7-2c9690d156fe/userFiles-654a4ba8-742f-4600-96d7-488a56edf06b/fetchFileTemp15547406395655586163.tmp has been previously copied to /tmp/spark-b014d933-7c87-4dcd-b3c7-2c9690d156fe/userFiles-654a4ba8-742f-4600-96d7-488a56edf06b/org.checkerframework_checker-qual-3.31.0.jar
26/09/21 22:01:15 INFO Executor: Adding file:/tmp/spark-b014d933-7c87-4dcd-b3c7-2c9690d156fe/userFiles-654a4ba8-742f-4600-96d7-488a56edf06b/org.checkerframework_checker-qual-3.31.0.jar to class loader default
26/09/21 22:01:15 INFO Utils: Successfully started service 'org.apache.spark.network.netty.NettyBlockTransferService' on port 34577.
26/09/21 22:01:15 INFO NettyBlockTransferService: Server created on e6c3ac7e1715:34577
26/09/21 22:01:15 INFO BlockManager: Using org.apache.spark.storage.RandomBlockReplicationPolicy for block replication policy
26/09/21 22:01:15 INFO BlockManagerMaster: Registering BlockManager BlockManagerId(driver, e6c3ac7e1715, 34577, None)
26/09/21 22:01:15 INFO BlockManagerMasterEndpoint: Registering block manager e6c3ac7e1715:34577 with 434.4 MiB RAM, BlockManagerId(driver, e6c3ac7e1715, 34577, None)
26/09/21 22:01:15 INFO BlockManagerMaster: Registered BlockManager BlockManagerId(driver, e6c3ac7e1715, 34577, None)
26/09/21 22:01:15 INFO BlockManager: Initialized BlockManager: BlockManagerId(driver, e6c3ac7e1715, 34577, None)
26/09/21 22:01:15 INFO SharedState: Setting hive.metastore.warehouse.dir ('null') to the value of spark.sql.warehouse.dir.
26/09/21 22:01:15 INFO SharedState: Warehouse path is 'file:/opt/airflow/spark-warehouse'.
26/09/21 22:01:16 INFO InMemoryFileIndex: It took 38 ms to list leaf files for 1 paths.
26/09/21 22:01:16 INFO SparkContext: Starting job: parquet at NativeMethodAccessorImpl.java:0
26/09/21 22:01:16 INFO DAGScheduler: Got job 0 (parquet at NativeMethodAccessorImpl.java:0) with 1 output partitions
26/09/21 22:01:16 INFO DAGScheduler: Final stage: ResultStage 0 (parquet at NativeMethodAccessorImpl.java:0)
26/09/21 22:01:16 INFO DAGScheduler: Parents of final stage: List()
26/09/21 22:01:16 INFO DAGScheduler: Missing parents: List()
26/09/21 22:01:16 INFO DAGScheduler: Submitting ResultStage 0 (MapPartitionsRDD[1] at parquet at NativeMethodAccessorImpl.java:0), which has no missing parents
26/09/21 22:01:17 INFO MemoryStore: Block broadcast_0 stored as values in memory (estimated size 104.5 KiB, free 434.3 MiB)
26/09/21 22:01:17 INFO MemoryStore: Block broadcast_0_piece0 stored as bytes in memory (estimated size 37.6 KiB, free 434.3 MiB)
26/09/21 22:01:17 INFO BlockManagerInfo: Added broadcast_0_piece0 in memory on e6c3ac7e1715:34577 (size: 37.6 KiB, free: 434.4 MiB)
26/09/21 22:01:17 INFO SparkContext: Created broadcast 0 from broadcast at DAGScheduler.scala:1585
26/09/21 22:01:17 INFO DAGScheduler: Submitting 1 missing tasks from ResultStage 0 (MapPartitionsRDD[1] at parquet at NativeMethodAccessorImpl.java:0) (first 15 tasks are for partitions Vector(0))
26/09/21 22:01:17 INFO TaskSchedulerImpl: Adding task set 0.0 with 1 tasks resource profile 0
26/09/21 22:01:17 INFO TaskSetManager: Starting task 0.0 in stage 0.0 (TID 0) (e6c3ac7e1715, executor driver, partition 0, PROCESS_LOCAL, 8303 bytes) 
26/09/21 22:01:17 INFO Executor: Running task 0.0 in stage 0.0 (TID 0)
26/09/21 22:01:17 INFO Executor: Finished task 0.0 in stage 0.0 (TID 0). 2034 bytes result sent to driver
26/09/21 22:01:17 INFO TaskSetManager: Finished task 0.0 in stage 0.0 (TID 0) in 337 ms on e6c3ac7e1715 (executor driver) (1/1)
26/09/21 22:01:17 INFO TaskSchedulerImpl: Removed TaskSet 0.0, whose tasks have all completed, from pool 
26/09/21 22:01:17 INFO DAGScheduler: ResultStage 0 (parquet at NativeMethodAccessorImpl.java:0) finished in 0.488 s
26/09/21 22:01:17 INFO DAGScheduler: Job 0 is finished. Cancelling potential speculative or zombie tasks for this job
26/09/21 22:01:17 INFO TaskSchedulerImpl: Killing all running tasks in stage 0: Stage finished
26/09/21 22:01:17 INFO DAGScheduler: Job 0 finished: parquet at NativeMethodAccessorImpl.java:0, took 0.532158 s
26/09/21 22:01:17 INFO BlockManagerInfo: Removed broadcast_0_piece0 on e6c3ac7e1715:34577 in memory (size: 37.6 KiB, free: 434.4 MiB)
26/09/21 22:01:18 INFO SparkContext: Invoking stop() from shutdown hook
26/09/21 22:01:18 INFO SparkContext: SparkContext is stopping with exitCode 0.
26/09/21 22:01:18 INFO SparkUI: Stopped Spark web UI at http://e6c3ac7e1715:4040
26/09/21 22:01:18 INFO MapOutputTrackerMasterEndpoint: MapOutputTrackerMasterEndpoint stopped!
26/09/21 22:01:18 INFO MemoryStore: MemoryStore cleared
26/09/21 22:01:18 INFO BlockManager: BlockManager stopped
26/09/21 22:01:18 INFO BlockManagerMaster: BlockManagerMaster stopped
26/09/21 22:01:18 INFO OutputCommitCoordinator$OutputCommitCoordinatorEndpoint: OutputCommitCoordinator stopped!
26/09/21 22:01:18 INFO SparkContext: Successfully stopped SparkContext
26/09/21 22:01:18 INFO ShutdownHookManager: Shutdown hook called
26/09/21 22:01:18 INFO ShutdownHookManager: Deleting directory /tmp/spark-b014d933-7c87-4dcd-b3c7-2c9690d156fe/pyspark-da29f99c-a99c-4807-bfb0-01fc7ad50945
26/09/21 22:01:18 INFO ShutdownHookManager: Deleting directory /tmp/spark-c6d543b8-8b3e-4bf7-8257-b2fb6e0536e2
26/09/21 22:01:18 INFO ShutdownHookManager: Deleting directory /tmp/spark-b014d933-7c87-4dcd-b3c7-2c9690d156fe

[2026-09-21T22:01:18.402+0000] {taskinstance.py:441} INFO - ::group::Post task execution logs
[2026-09-21T22:01:18.403+0000] {taskinstance.py:2905} ERROR - Task failed with exception
Traceback (most recent call last):
  File "/home/airflow/.local/lib/python3.11/site-packages/airflow/models/taskinstance.py", line 465, in _execute_task
    result = _execute_callable(context=context, **execute_callable_kwargs)
             ^^^^^^^^^^^^^^^^^^^^^^^^^^^^^^^^^^^^^^^^^^^^^^^^^^^^^^^^^^^^^
  File "/home/airflow/.local/lib/python3.11/site-packages/airflow/models/taskinstance.py", line 432, in _execute_callable
    return execute_callable(context=context, **execute_callable_kwargs)
           ^^^^^^^^^^^^^^^^^^^^^^^^^^^^^^^^^^^^^^^^^^^^^^^^^^^^^^^^^^^^
  File "/home/airflow/.local/lib/python3.11/site-packages/airflow/models/baseoperator.py", line 401, in wrapper
    return func(self, *args, **kwargs)
           ^^^^^^^^^^^^^^^^^^^^^^^^^^^
  File "/home/airflow/.local/lib/python3.11/site-packages/airflow/decorators/base.py", line 265, in execute
    return_value = super().execute(context)
                   ^^^^^^^^^^^^^^^^^^^^^^^^
  File "/home/airflow/.local/lib/python3.11/site-packages/airflow/models/baseoperator.py", line 401, in wrapper
    return func(self, *args, **kwargs)
           ^^^^^^^^^^^^^^^^^^^^^^^^^^^
  File "/home/airflow/.local/lib/python3.11/site-packages/airflow/operators/python.py", line 235, in execute
    return_value = self.execute_callable()
                   ^^^^^^^^^^^^^^^^^^^^^^^
  File "/home/airflow/.local/lib/python3.11/site-packages/airflow/operators/python.py", line 252, in execute_callable
    return self.python_callable(*self.op_args, **self.op_kwargs)
           ^^^^^^^^^^^^^^^^^^^^^^^^^^^^^^^^^^^^^^^^^^^^^^^^^^^^^
  File "/opt/airflow/dags/etl.py", line 70, in extract
    raise e
  File "/opt/airflow/dags/etl.py", line 59, in extract
    script_run = subprocess.run([
                 ^^^^^^^^^^^^^^^^
  File "/usr/local/lib/python3.11/subprocess.py", line 571, in run
    raise CalledProcessError(retcode, process.args,
subprocess.CalledProcessError: Command '['spark-submit', '--packages', 'org.postgresql:postgresql:42.6.0', '/opt/airflow/dags/daily_etl.py', '2019-10-13']' returned non-zero exit status 1.
[2026-09-21T22:01:18.410+0000] {taskinstance.py:1206} INFO - Marking task as UP_FOR_RETRY. dag_id=ecommerce_data, task_id=extract, run_id=scheduled__2019-10-13T00:00:00+00:00, execution_date=20191013T000000, start_date=20260921T220111, end_date=20260921T220118
[2026-09-21T22:01:18.420+0000] {standard_task_runner.py:110} ERROR - Failed to execute job 147 for task extract (Command '['spark-submit', '--packages', 'org.postgresql:postgresql:42.6.0', '/opt/airflow/dags/daily_etl.py', '2019-10-13']' returned non-zero exit status 1.; 15655)
[2026-09-21T22:01:18.435+0000] {local_task_job_runner.py:240} INFO - Task exited with return code 1
[2026-09-21T22:01:18.450+0000] {taskinstance.py:3503} INFO - 0 downstream tasks scheduled from follow-on schedule check
[2026-09-21T22:01:18.451+0000] {local_task_job_runner.py:222} INFO - ::endgroup::
[2026-09-21T22:32:31.490+0000] {local_task_job_runner.py:120} INFO - ::group::Pre task execution logs
[2026-09-21T22:32:31.507+0000] {taskinstance.py:2076} INFO - Dependencies all met for dep_context=non-requeueable deps ti=<TaskInstance: ecommerce_data.extract scheduled__2019-10-13T00:00:00+00:00 [queued]>
[2026-09-21T22:32:31.512+0000] {taskinstance.py:2076} INFO - Dependencies all met for dep_context=requeueable deps ti=<TaskInstance: ecommerce_data.extract scheduled__2019-10-13T00:00:00+00:00 [queued]>
[2026-09-21T22:32:31.512+0000] {taskinstance.py:2306} INFO - Starting attempt 1 of 4
[2026-09-21T22:32:31.520+0000] {taskinstance.py:2330} INFO - Executing <Task(_PythonDecoratedOperator): extract> on 2019-10-13 00:00:00+00:00
[2026-09-21T22:32:31.526+0000] {standard_task_runner.py:63} INFO - Started process 33638 to run task
[2026-09-21T22:32:31.528+0000] {standard_task_runner.py:90} INFO - Running: ['airflow', 'tasks', 'run', 'ecommerce_data', 'extract', 'scheduled__2019-10-13T00:00:00+00:00', '--job-id', '297', '--raw', '--subdir', 'DAGS_FOLDER/etl.py', '--cfg-path', '/tmp/tmpzlvejzxr']
[2026-09-21T22:32:31.529+0000] {standard_task_runner.py:91} INFO - Job 297: Subtask extract
[2026-09-21T22:32:31.556+0000] {task_command.py:426} INFO - Running <TaskInstance: ecommerce_data.extract scheduled__2019-10-13T00:00:00+00:00 [running]> on host e6c3ac7e1715
[2026-09-21T22:32:31.595+0000] {taskinstance.py:2648} INFO - Exporting env vars: AIRFLOW_CTX_DAG_OWNER='airflow' AIRFLOW_CTX_DAG_ID='ecommerce_data' AIRFLOW_CTX_TASK_ID='extract' AIRFLOW_CTX_EXECUTION_DATE='2019-10-13T00:00:00+00:00' AIRFLOW_CTX_TRY_NUMBER='1' AIRFLOW_CTX_DAG_RUN_ID='scheduled__2019-10-13T00:00:00+00:00'
[2026-09-21T22:32:31.596+0000] {taskinstance.py:430} INFO - ::endgroup::
[2026-09-21T22:32:31.599+0000] {base.py:84} INFO - Using connection ID 'postgres_conn_id' for task execution.
[2026-09-21T22:32:40.366+0000] {taskinstance.py:441} INFO - ::group::Post task execution logs
[2026-09-21T22:32:40.367+0000] {taskinstance.py:2905} ERROR - Task failed with exception
Traceback (most recent call last):
  File "/home/airflow/.local/lib/python3.11/site-packages/airflow/models/taskinstance.py", line 465, in _execute_task
    result = _execute_callable(context=context, **execute_callable_kwargs)
             ^^^^^^^^^^^^^^^^^^^^^^^^^^^^^^^^^^^^^^^^^^^^^^^^^^^^^^^^^^^^^
  File "/home/airflow/.local/lib/python3.11/site-packages/airflow/models/taskinstance.py", line 432, in _execute_callable
    return execute_callable(context=context, **execute_callable_kwargs)
           ^^^^^^^^^^^^^^^^^^^^^^^^^^^^^^^^^^^^^^^^^^^^^^^^^^^^^^^^^^^^
  File "/home/airflow/.local/lib/python3.11/site-packages/airflow/models/baseoperator.py", line 401, in wrapper
    return func(self, *args, **kwargs)
           ^^^^^^^^^^^^^^^^^^^^^^^^^^^
  File "/home/airflow/.local/lib/python3.11/site-packages/airflow/decorators/base.py", line 265, in execute
    return_value = super().execute(context)
                   ^^^^^^^^^^^^^^^^^^^^^^^^
  File "/home/airflow/.local/lib/python3.11/site-packages/airflow/models/baseoperator.py", line 401, in wrapper
    return func(self, *args, **kwargs)
           ^^^^^^^^^^^^^^^^^^^^^^^^^^^
  File "/home/airflow/.local/lib/python3.11/site-packages/airflow/operators/python.py", line 235, in execute
    return_value = self.execute_callable()
                   ^^^^^^^^^^^^^^^^^^^^^^^
  File "/home/airflow/.local/lib/python3.11/site-packages/airflow/operators/python.py", line 252, in execute_callable
    return self.python_callable(*self.op_args, **self.op_kwargs)
           ^^^^^^^^^^^^^^^^^^^^^^^^^^^^^^^^^^^^^^^^^^^^^^^^^^^^^
  File "/opt/airflow/dags/etl.py", line 58, in extract
    script_run = subprocess.run([
                 ^^^^^^^^^^^^^^^^
  File "/usr/local/lib/python3.11/subprocess.py", line 571, in run
    raise CalledProcessError(retcode, process.args,
subprocess.CalledProcessError: Command '['spark-submit', '--packages', 'org.postgresql:postgresql:42.6.0', '/opt/airflow/dags/daily_etl.py', '2019-10-13']' returned non-zero exit status 1.
[2026-09-21T22:32:40.372+0000] {taskinstance.py:1206} INFO - Marking task as UP_FOR_RETRY. dag_id=ecommerce_data, task_id=extract, run_id=scheduled__2019-10-13T00:00:00+00:00, execution_date=20191013T000000, start_date=20260921T223231, end_date=20260921T223240
[2026-09-21T22:32:40.378+0000] {standard_task_runner.py:110} ERROR - Failed to execute job 297 for task extract (Command '['spark-submit', '--packages', 'org.postgresql:postgresql:42.6.0', '/opt/airflow/dags/daily_etl.py', '2019-10-13']' returned non-zero exit status 1.; 33638)
[2026-09-21T22:32:40.399+0000] {local_task_job_runner.py:240} INFO - Task exited with return code 1
[2026-09-21T22:32:40.413+0000] {taskinstance.py:3503} INFO - 0 downstream tasks scheduled from follow-on schedule check
[2026-09-21T22:32:40.413+0000] {local_task_job_runner.py:222} INFO - ::endgroup::
