[2026-09-18T12:33:23.453+0000] {local_task_job_runner.py:120} INFO - ::group::Pre task execution logs
[2026-09-18T12:33:23.468+0000] {taskinstance.py:2076} INFO - Dependencies all met for dep_context=non-requeueable deps ti=<TaskInstance: ecommerce_data.extract scheduled__2019-10-11T00:00:00+00:00 [queued]>
[2026-09-18T12:33:23.472+0000] {taskinstance.py:2076} INFO - Dependencies all met for dep_context=requeueable deps ti=<TaskInstance: ecommerce_data.extract scheduled__2019-10-11T00:00:00+00:00 [queued]>
[2026-09-18T12:33:23.472+0000] {taskinstance.py:2306} INFO - Starting attempt 1 of 4
[2026-09-18T12:33:23.479+0000] {taskinstance.py:2330} INFO - Executing <Task(_PythonDecoratedOperator): extract> on 2019-10-11 00:00:00+00:00
[2026-09-18T12:33:23.484+0000] {standard_task_runner.py:63} INFO - Started process 2792 to run task
[2026-09-18T12:33:23.485+0000] {standard_task_runner.py:90} INFO - Running: ['airflow', 'tasks', 'run', 'ecommerce_data', 'extract', 'scheduled__2019-10-11T00:00:00+00:00', '--job-id', '39', '--raw', '--subdir', 'DAGS_FOLDER/etl.py', '--cfg-path', '/tmp/tmp9btl0kg3']
[2026-09-18T12:33:23.487+0000] {standard_task_runner.py:91} INFO - Job 39: Subtask extract
[2026-09-18T12:33:23.508+0000] {task_command.py:426} INFO - Running <TaskInstance: ecommerce_data.extract scheduled__2019-10-11T00:00:00+00:00 [running]> on host ac3d43ca2f24
[2026-09-18T12:33:23.546+0000] {taskinstance.py:2648} INFO - Exporting env vars: AIRFLOW_CTX_DAG_OWNER='airflow' AIRFLOW_CTX_DAG_ID='ecommerce_data' AIRFLOW_CTX_TASK_ID='extract' AIRFLOW_CTX_EXECUTION_DATE='2019-10-11T00:00:00+00:00' AIRFLOW_CTX_TRY_NUMBER='1' AIRFLOW_CTX_DAG_RUN_ID='scheduled__2019-10-11T00:00:00+00:00'
[2026-09-18T12:33:23.546+0000] {taskinstance.py:430} INFO - ::endgroup::
[2026-09-18T12:33:24.629+0000] {taskinstance.py:441} INFO - ::group::Post task execution logs
[2026-09-18T12:33:24.630+0000] {taskinstance.py:2905} ERROR - Task failed with exception
Traceback (most recent call last):
  File "/home/airflow/.local/lib/python3.11/site-packages/airflow/models/taskinstance.py", line 465, in _execute_task
    result = _execute_callable(context=context, **execute_callable_kwargs)
             ^^^^^^^^^^^^^^^^^^^^^^^^^^^^^^^^^^^^^^^^^^^^^^^^^^^^^^^^^^^^^
  File "/home/airflow/.local/lib/python3.11/site-packages/airflow/models/taskinstance.py", line 432, in _execute_callable
    return execute_callable(context=context, **execute_callable_kwargs)
           ^^^^^^^^^^^^^^^^^^^^^^^^^^^^^^^^^^^^^^^^^^^^^^^^^^^^^^^^^^^^
  File "/home/airflow/.local/lib/python3.11/site-packages/airflow/models/baseoperator.py", line 401, in wrapper
    return func(self, *args, **kwargs)
           ^^^^^^^^^^^^^^^^^^^^^^^^^^^
  File "/home/airflow/.local/lib/python3.11/site-packages/airflow/decorators/base.py", line 265, in execute
    return_value = super().execute(context)
                   ^^^^^^^^^^^^^^^^^^^^^^^^
  File "/home/airflow/.local/lib/python3.11/site-packages/airflow/models/baseoperator.py", line 401, in wrapper
    return func(self, *args, **kwargs)
           ^^^^^^^^^^^^^^^^^^^^^^^^^^^
  File "/home/airflow/.local/lib/python3.11/site-packages/airflow/operators/python.py", line 235, in execute
    return_value = self.execute_callable()
                   ^^^^^^^^^^^^^^^^^^^^^^^
  File "/home/airflow/.local/lib/python3.11/site-packages/airflow/operators/python.py", line 252, in execute_callable
    return self.python_callable(*self.op_args, **self.op_kwargs)
           ^^^^^^^^^^^^^^^^^^^^^^^^^^^^^^^^^^^^^^^^^^^^^^^^^^^^^
  File "/opt/airflow/dags/etl.py", line 26, in extract
    script_run = subprocess.run(["spark-submit", "daily_etl.py", ds], check=True)
                 ^^^^^^^^^^^^^^^^^^^^^^^^^^^^^^^^^^^^^^^^^^^^^^^^^^^^^^^^^^^^^^^^
  File "/usr/local/lib/python3.11/subprocess.py", line 571, in run
    raise CalledProcessError(retcode, process.args,
subprocess.CalledProcessError: Command '['spark-submit', 'daily_etl.py', '2019-10-11']' returned non-zero exit status 2.
[2026-09-18T12:33:24.633+0000] {taskinstance.py:1206} INFO - Marking task as UP_FOR_RETRY. dag_id=ecommerce_data, task_id=extract, run_id=scheduled__2019-10-11T00:00:00+00:00, execution_date=20191011T000000, start_date=20260918T123323, end_date=20260918T123324
[2026-09-18T12:33:24.637+0000] {standard_task_runner.py:110} ERROR - Failed to execute job 39 for task extract (Command '['spark-submit', 'daily_etl.py', '2019-10-11']' returned non-zero exit status 2.; 2792)
[2026-09-18T12:33:24.662+0000] {local_task_job_runner.py:240} INFO - Task exited with return code 1
[2026-09-18T12:33:24.675+0000] {taskinstance.py:3503} INFO - 0 downstream tasks scheduled from follow-on schedule check
[2026-09-18T12:33:24.675+0000] {local_task_job_runner.py:222} INFO - ::endgroup::
[2026-09-19T14:18:54.136+0000] {local_task_job_runner.py:120} INFO - ::group::Pre task execution logs
[2026-09-19T14:18:54.154+0000] {taskinstance.py:2076} INFO - Dependencies all met for dep_context=non-requeueable deps ti=<TaskInstance: ecommerce_data.extract scheduled__2019-10-11T00:00:00+00:00 [queued]>
[2026-09-19T14:18:54.158+0000] {taskinstance.py:2076} INFO - Dependencies all met for dep_context=requeueable deps ti=<TaskInstance: ecommerce_data.extract scheduled__2019-10-11T00:00:00+00:00 [queued]>
[2026-09-19T14:18:54.158+0000] {taskinstance.py:2306} INFO - Starting attempt 1 of 4
[2026-09-19T14:18:54.166+0000] {taskinstance.py:2330} INFO - Executing <Task(_PythonDecoratedOperator): extract> on 2019-10-11 00:00:00+00:00
[2026-09-19T14:18:54.172+0000] {standard_task_runner.py:63} INFO - Started process 7890 to run task
[2026-09-19T14:18:54.174+0000] {standard_task_runner.py:90} INFO - Running: ['airflow', 'tasks', 'run', 'ecommerce_data', 'extract', 'scheduled__2019-10-11T00:00:00+00:00', '--job-id', '118', '--raw', '--subdir', 'DAGS_FOLDER/etl.py', '--cfg-path', '/tmp/tmp3s7e5z0s']
[2026-09-19T14:18:54.175+0000] {standard_task_runner.py:91} INFO - Job 118: Subtask extract
[2026-09-19T14:18:54.199+0000] {task_command.py:426} INFO - Running <TaskInstance: ecommerce_data.extract scheduled__2019-10-11T00:00:00+00:00 [running]> on host 8e73891b263a
[2026-09-19T14:18:54.243+0000] {taskinstance.py:2648} INFO - Exporting env vars: AIRFLOW_CTX_DAG_OWNER='airflow' AIRFLOW_CTX_DAG_ID='ecommerce_data' AIRFLOW_CTX_TASK_ID='extract' AIRFLOW_CTX_EXECUTION_DATE='2019-10-11T00:00:00+00:00' AIRFLOW_CTX_TRY_NUMBER='1' AIRFLOW_CTX_DAG_RUN_ID='scheduled__2019-10-11T00:00:00+00:00'
[2026-09-19T14:18:54.244+0000] {taskinstance.py:430} INFO - ::endgroup::
[2026-09-19T14:19:08.177+0000] {python.py:237} INFO - Done. Returned value was: None
[2026-09-19T14:19:08.178+0000] {taskinstance.py:441} INFO - ::group::Post task execution logs
[2026-09-19T14:19:08.183+0000] {taskinstance.py:1206} INFO - Marking task as SUCCESS. dag_id=ecommerce_data, task_id=extract, run_id=scheduled__2019-10-11T00:00:00+00:00, execution_date=20191011T000000, start_date=20260919T141854, end_date=20260919T141908
[2026-09-19T14:19:08.239+0000] {local_task_job_runner.py:240} INFO - Task exited with return code 0
[2026-09-19T14:19:08.253+0000] {taskinstance.py:3503} INFO - 0 downstream tasks scheduled from follow-on schedule check
[2026-09-19T14:19:08.254+0000] {local_task_job_runner.py:222} INFO - ::endgroup::
