[2026-09-18T12:32:47.222+0000] {local_task_job_runner.py:120} INFO - ::group::Pre task execution logs
[2026-09-18T12:32:47.241+0000] {taskinstance.py:2076} INFO - Dependencies all met for dep_context=non-requeueable deps ti=<TaskInstance: ecommerce_data.extract scheduled__2019-10-08T00:00:00+00:00 [queued]>
[2026-09-18T12:32:47.246+0000] {taskinstance.py:2076} INFO - Dependencies all met for dep_context=requeueable deps ti=<TaskInstance: ecommerce_data.extract scheduled__2019-10-08T00:00:00+00:00 [queued]>
[2026-09-18T12:32:47.246+0000] {taskinstance.py:2306} INFO - Starting attempt 1 of 4
[2026-09-18T12:32:47.255+0000] {taskinstance.py:2330} INFO - Executing <Task(_PythonDecoratedOperator): extract> on 2019-10-08 00:00:00+00:00
[2026-09-18T12:32:47.259+0000] {standard_task_runner.py:63} INFO - Started process 1892 to run task
[2026-09-18T12:32:47.261+0000] {standard_task_runner.py:90} INFO - Running: ['airflow', 'tasks', 'run', 'ecommerce_data', 'extract', 'scheduled__2019-10-08T00:00:00+00:00', '--job-id', '27', '--raw', '--subdir', 'DAGS_FOLDER/etl.py', '--cfg-path', '/tmp/tmp6_k4hefk']
[2026-09-18T12:32:47.262+0000] {standard_task_runner.py:91} INFO - Job 27: Subtask extract
[2026-09-18T12:32:47.280+0000] {task_command.py:426} INFO - Running <TaskInstance: ecommerce_data.extract scheduled__2019-10-08T00:00:00+00:00 [running]> on host ac3d43ca2f24
[2026-09-18T12:32:47.311+0000] {taskinstance.py:2648} INFO - Exporting env vars: AIRFLOW_CTX_DAG_OWNER='airflow' AIRFLOW_CTX_DAG_ID='ecommerce_data' AIRFLOW_CTX_TASK_ID='extract' AIRFLOW_CTX_EXECUTION_DATE='2019-10-08T00:00:00+00:00' AIRFLOW_CTX_TRY_NUMBER='1' AIRFLOW_CTX_DAG_RUN_ID='scheduled__2019-10-08T00:00:00+00:00'
[2026-09-18T12:32:47.311+0000] {taskinstance.py:430} INFO - ::endgroup::
[2026-09-18T12:32:48.422+0000] {taskinstance.py:441} INFO - ::group::Post task execution logs
[2026-09-18T12:32:48.423+0000] {taskinstance.py:2905} ERROR - Task failed with exception
Traceback (most recent call last):
  File "/home/airflow/.local/lib/python3.11/site-packages/airflow/models/taskinstance.py", line 465, in _execute_task
    result = _execute_callable(context=context, **execute_callable_kwargs)
             ^^^^^^^^^^^^^^^^^^^^^^^^^^^^^^^^^^^^^^^^^^^^^^^^^^^^^^^^^^^^^
  File "/home/airflow/.local/lib/python3.11/site-packages/airflow/models/taskinstance.py", line 432, in _execute_callable
    return execute_callable(context=context, **execute_callable_kwargs)
           ^^^^^^^^^^^^^^^^^^^^^^^^^^^^^^^^^^^^^^^^^^^^^^^^^^^^^^^^^^^^
  File "/home/airflow/.local/lib/python3.11/site-packages/airflow/models/baseoperator.py", line 401, in wrapper
    return func(self, *args, **kwargs)
           ^^^^^^^^^^^^^^^^^^^^^^^^^^^
  File "/home/airflow/.local/lib/python3.11/site-packages/airflow/decorators/base.py", line 265, in execute
    return_value = super().execute(context)
                   ^^^^^^^^^^^^^^^^^^^^^^^^
  File "/home/airflow/.local/lib/python3.11/site-packages/airflow/models/baseoperator.py", line 401, in wrapper
    return func(self, *args, **kwargs)
           ^^^^^^^^^^^^^^^^^^^^^^^^^^^
  File "/home/airflow/.local/lib/python3.11/site-packages/airflow/operators/python.py", line 235, in execute
    return_value = self.execute_callable()
                   ^^^^^^^^^^^^^^^^^^^^^^^
  File "/home/airflow/.local/lib/python3.11/site-packages/airflow/operators/python.py", line 252, in execute_callable
    return self.python_callable(*self.op_args, **self.op_kwargs)
           ^^^^^^^^^^^^^^^^^^^^^^^^^^^^^^^^^^^^^^^^^^^^^^^^^^^^^
  File "/opt/airflow/dags/etl.py", line 26, in extract
    script_run = subprocess.run(["spark-submit", "daily_etl.py", ds], check=True)
                 ^^^^^^^^^^^^^^^^^^^^^^^^^^^^^^^^^^^^^^^^^^^^^^^^^^^^^^^^^^^^^^^^
  File "/usr/local/lib/python3.11/subprocess.py", line 571, in run
    raise CalledProcessError(retcode, process.args,
subprocess.CalledProcessError: Command '['spark-submit', 'daily_etl.py', '2019-10-08']' returned non-zero exit status 2.
[2026-09-18T12:32:48.426+0000] {taskinstance.py:1206} INFO - Marking task as UP_FOR_RETRY. dag_id=ecommerce_data, task_id=extract, run_id=scheduled__2019-10-08T00:00:00+00:00, execution_date=20191008T000000, start_date=20260918T123247, end_date=20260918T123248
[2026-09-18T12:32:48.430+0000] {standard_task_runner.py:110} ERROR - Failed to execute job 27 for task extract (Command '['spark-submit', 'daily_etl.py', '2019-10-08']' returned non-zero exit status 2.; 1892)
[2026-09-18T12:32:48.476+0000] {local_task_job_runner.py:240} INFO - Task exited with return code 1
[2026-09-18T12:32:48.491+0000] {taskinstance.py:3503} INFO - 0 downstream tasks scheduled from follow-on schedule check
[2026-09-18T12:32:48.491+0000] {local_task_job_runner.py:222} INFO - ::endgroup::
[2026-09-19T13:41:33.172+0000] {local_task_job_runner.py:120} INFO - ::group::Pre task execution logs
[2026-09-19T13:41:33.192+0000] {taskinstance.py:2076} INFO - Dependencies all met for dep_context=non-requeueable deps ti=<TaskInstance: ecommerce_data.extract scheduled__2019-10-08T00:00:00+00:00 [queued]>
[2026-09-19T13:41:33.196+0000] {taskinstance.py:2076} INFO - Dependencies all met for dep_context=requeueable deps ti=<TaskInstance: ecommerce_data.extract scheduled__2019-10-08T00:00:00+00:00 [queued]>
[2026-09-19T13:41:33.196+0000] {taskinstance.py:2306} INFO - Starting attempt 1 of 4
[2026-09-19T13:41:33.204+0000] {taskinstance.py:2330} INFO - Executing <Task(_PythonDecoratedOperator): extract> on 2019-10-08 00:00:00+00:00
[2026-09-19T13:41:33.209+0000] {standard_task_runner.py:63} INFO - Started process 4405 to run task
[2026-09-19T13:41:33.211+0000] {standard_task_runner.py:90} INFO - Running: ['airflow', 'tasks', 'run', 'ecommerce_data', 'extract', 'scheduled__2019-10-08T00:00:00+00:00', '--job-id', '74', '--raw', '--subdir', 'DAGS_FOLDER/etl.py', '--cfg-path', '/tmp/tmp7vg_4laa']
[2026-09-19T13:41:33.213+0000] {standard_task_runner.py:91} INFO - Job 74: Subtask extract
[2026-09-19T13:41:33.240+0000] {task_command.py:426} INFO - Running <TaskInstance: ecommerce_data.extract scheduled__2019-10-08T00:00:00+00:00 [running]> on host 8e73891b263a
[2026-09-19T13:41:33.293+0000] {taskinstance.py:2648} INFO - Exporting env vars: AIRFLOW_CTX_DAG_OWNER='airflow' AIRFLOW_CTX_DAG_ID='ecommerce_data' AIRFLOW_CTX_TASK_ID='extract' AIRFLOW_CTX_EXECUTION_DATE='2019-10-08T00:00:00+00:00' AIRFLOW_CTX_TRY_NUMBER='1' AIRFLOW_CTX_DAG_RUN_ID='scheduled__2019-10-08T00:00:00+00:00'
[2026-09-19T13:41:33.294+0000] {taskinstance.py:430} INFO - ::endgroup::
[2026-09-19T13:41:39.691+0000] {taskinstance.py:441} INFO - ::group::Post task execution logs
[2026-09-19T13:41:39.692+0000] {taskinstance.py:2905} ERROR - Task failed with exception
Traceback (most recent call last):
  File "/home/airflow/.local/lib/python3.11/site-packages/airflow/models/taskinstance.py", line 465, in _execute_task
    result = _execute_callable(context=context, **execute_callable_kwargs)
             ^^^^^^^^^^^^^^^^^^^^^^^^^^^^^^^^^^^^^^^^^^^^^^^^^^^^^^^^^^^^^
  File "/home/airflow/.local/lib/python3.11/site-packages/airflow/models/taskinstance.py", line 432, in _execute_callable
    return execute_callable(context=context, **execute_callable_kwargs)
           ^^^^^^^^^^^^^^^^^^^^^^^^^^^^^^^^^^^^^^^^^^^^^^^^^^^^^^^^^^^^
  File "/home/airflow/.local/lib/python3.11/site-packages/airflow/models/baseoperator.py", line 401, in wrapper
    return func(self, *args, **kwargs)
           ^^^^^^^^^^^^^^^^^^^^^^^^^^^
  File "/home/airflow/.local/lib/python3.11/site-packages/airflow/decorators/base.py", line 265, in execute
    return_value = super().execute(context)
                   ^^^^^^^^^^^^^^^^^^^^^^^^
  File "/home/airflow/.local/lib/python3.11/site-packages/airflow/models/baseoperator.py", line 401, in wrapper
    return func(self, *args, **kwargs)
           ^^^^^^^^^^^^^^^^^^^^^^^^^^^
  File "/home/airflow/.local/lib/python3.11/site-packages/airflow/operators/python.py", line 235, in execute
    return_value = self.execute_callable()
                   ^^^^^^^^^^^^^^^^^^^^^^^
  File "/home/airflow/.local/lib/python3.11/site-packages/airflow/operators/python.py", line 252, in execute_callable
    return self.python_callable(*self.op_args, **self.op_kwargs)
           ^^^^^^^^^^^^^^^^^^^^^^^^^^^^^^^^^^^^^^^^^^^^^^^^^^^^^
  File "/opt/airflow/dags/etl.py", line 27, in extract
    script_run = subprocess.run(["spark-submit", "/opt/airflow/dags/daily_etl.py", ds], check=True)
                 ^^^^^^^^^^^^^^^^^^^^^^^^^^^^^^^^^^^^^^^^^^^^^^^^^^^^^^^^^^^^^^^^^^^^^^^^^^^^^^^^^^
  File "/usr/local/lib/python3.11/subprocess.py", line 571, in run
    raise CalledProcessError(retcode, process.args,
subprocess.CalledProcessError: Command '['spark-submit', '/opt/airflow/dags/daily_etl.py', '2019-10-08']' returned non-zero exit status 1.
[2026-09-19T13:41:39.701+0000] {taskinstance.py:1206} INFO - Marking task as UP_FOR_RETRY. dag_id=ecommerce_data, task_id=extract, run_id=scheduled__2019-10-08T00:00:00+00:00, execution_date=20191008T000000, start_date=20260919T134133, end_date=20260919T134139
[2026-09-19T13:41:39.713+0000] {standard_task_runner.py:110} ERROR - Failed to execute job 74 for task extract (Command '['spark-submit', '/opt/airflow/dags/daily_etl.py', '2019-10-08']' returned non-zero exit status 1.; 4405)
[2026-09-19T13:41:39.757+0000] {local_task_job_runner.py:240} INFO - Task exited with return code 1
[2026-09-19T13:41:39.771+0000] {taskinstance.py:3503} INFO - 0 downstream tasks scheduled from follow-on schedule check
[2026-09-19T13:41:39.772+0000] {local_task_job_runner.py:222} INFO - ::endgroup::
[2026-09-19T14:18:00.131+0000] {local_task_job_runner.py:120} INFO - ::group::Pre task execution logs
[2026-09-19T14:18:00.150+0000] {taskinstance.py:2076} INFO - Dependencies all met for dep_context=non-requeueable deps ti=<TaskInstance: ecommerce_data.extract scheduled__2019-10-08T00:00:00+00:00 [queued]>
[2026-09-19T14:18:00.155+0000] {taskinstance.py:2076} INFO - Dependencies all met for dep_context=requeueable deps ti=<TaskInstance: ecommerce_data.extract scheduled__2019-10-08T00:00:00+00:00 [queued]>
[2026-09-19T14:18:00.155+0000] {taskinstance.py:2306} INFO - Starting attempt 1 of 4
[2026-09-19T14:18:00.163+0000] {taskinstance.py:2330} INFO - Executing <Task(_PythonDecoratedOperator): extract> on 2019-10-08 00:00:00+00:00
[2026-09-19T14:18:00.169+0000] {standard_task_runner.py:63} INFO - Started process 7207 to run task
[2026-09-19T14:18:00.171+0000] {standard_task_runner.py:90} INFO - Running: ['airflow', 'tasks', 'run', 'ecommerce_data', 'extract', 'scheduled__2019-10-08T00:00:00+00:00', '--job-id', '115', '--raw', '--subdir', 'DAGS_FOLDER/etl.py', '--cfg-path', '/tmp/tmpr549dbkn']
[2026-09-19T14:18:00.172+0000] {standard_task_runner.py:91} INFO - Job 115: Subtask extract
[2026-09-19T14:18:00.196+0000] {task_command.py:426} INFO - Running <TaskInstance: ecommerce_data.extract scheduled__2019-10-08T00:00:00+00:00 [running]> on host 8e73891b263a
[2026-09-19T14:18:00.258+0000] {taskinstance.py:2648} INFO - Exporting env vars: AIRFLOW_CTX_DAG_OWNER='airflow' AIRFLOW_CTX_DAG_ID='ecommerce_data' AIRFLOW_CTX_TASK_ID='extract' AIRFLOW_CTX_EXECUTION_DATE='2019-10-08T00:00:00+00:00' AIRFLOW_CTX_TRY_NUMBER='1' AIRFLOW_CTX_DAG_RUN_ID='scheduled__2019-10-08T00:00:00+00:00'
[2026-09-19T14:18:00.259+0000] {taskinstance.py:430} INFO - ::endgroup::
[2026-09-19T14:18:14.088+0000] {python.py:237} INFO - Done. Returned value was: None
[2026-09-19T14:18:14.089+0000] {taskinstance.py:441} INFO - ::group::Post task execution logs
[2026-09-19T14:18:14.093+0000] {taskinstance.py:1206} INFO - Marking task as SUCCESS. dag_id=ecommerce_data, task_id=extract, run_id=scheduled__2019-10-08T00:00:00+00:00, execution_date=20191008T000000, start_date=20260919T141800, end_date=20260919T141814
[2026-09-19T14:18:14.117+0000] {local_task_job_runner.py:240} INFO - Task exited with return code 0
[2026-09-19T14:18:14.133+0000] {taskinstance.py:3503} INFO - 0 downstream tasks scheduled from follow-on schedule check
[2026-09-19T14:18:14.134+0000] {local_task_job_runner.py:222} INFO - ::endgroup::
