[2026-09-18T12:33:20.421+0000] {local_task_job_runner.py:120} INFO - ::group::Pre task execution logs
[2026-09-18T12:33:20.435+0000] {taskinstance.py:2076} INFO - Dependencies all met for dep_context=non-requeueable deps ti=<TaskInstance: ecommerce_data.extract scheduled__2019-10-08T00:00:00+00:00 [queued]>
[2026-09-18T12:33:20.438+0000] {taskinstance.py:2076} INFO - Dependencies all met for dep_context=requeueable deps ti=<TaskInstance: ecommerce_data.extract scheduled__2019-10-08T00:00:00+00:00 [queued]>
[2026-09-18T12:33:20.439+0000] {taskinstance.py:2306} INFO - Starting attempt 4 of 4
[2026-09-18T12:33:20.446+0000] {taskinstance.py:2330} INFO - Executing <Task(_PythonDecoratedOperator): extract> on 2019-10-08 00:00:00+00:00
[2026-09-18T12:33:20.450+0000] {standard_task_runner.py:63} INFO - Started process 2717 to run task
[2026-09-18T12:33:20.451+0000] {standard_task_runner.py:90} INFO - Running: ['airflow', 'tasks', 'run', 'ecommerce_data', 'extract', 'scheduled__2019-10-08T00:00:00+00:00', '--job-id', '38', '--raw', '--subdir', 'DAGS_FOLDER/etl.py', '--cfg-path', '/tmp/tmpuxxpes5i']
[2026-09-18T12:33:20.452+0000] {standard_task_runner.py:91} INFO - Job 38: Subtask extract
[2026-09-18T12:33:20.471+0000] {task_command.py:426} INFO - Running <TaskInstance: ecommerce_data.extract scheduled__2019-10-08T00:00:00+00:00 [running]> on host ac3d43ca2f24
[2026-09-18T12:33:20.502+0000] {taskinstance.py:2648} INFO - Exporting env vars: AIRFLOW_CTX_DAG_OWNER='airflow' AIRFLOW_CTX_DAG_ID='ecommerce_data' AIRFLOW_CTX_TASK_ID='extract' AIRFLOW_CTX_EXECUTION_DATE='2019-10-08T00:00:00+00:00' AIRFLOW_CTX_TRY_NUMBER='4' AIRFLOW_CTX_DAG_RUN_ID='scheduled__2019-10-08T00:00:00+00:00'
[2026-09-18T12:33:20.502+0000] {taskinstance.py:430} INFO - ::endgroup::
[2026-09-18T12:33:21.554+0000] {taskinstance.py:441} INFO - ::group::Post task execution logs
[2026-09-18T12:33:21.555+0000] {taskinstance.py:2905} ERROR - Task failed with exception
Traceback (most recent call last):
  File "/home/airflow/.local/lib/python3.11/site-packages/airflow/models/taskinstance.py", line 465, in _execute_task
    result = _execute_callable(context=context, **execute_callable_kwargs)
             ^^^^^^^^^^^^^^^^^^^^^^^^^^^^^^^^^^^^^^^^^^^^^^^^^^^^^^^^^^^^^
  File "/home/airflow/.local/lib/python3.11/site-packages/airflow/models/taskinstance.py", line 432, in _execute_callable
    return execute_callable(context=context, **execute_callable_kwargs)
           ^^^^^^^^^^^^^^^^^^^^^^^^^^^^^^^^^^^^^^^^^^^^^^^^^^^^^^^^^^^^
  File "/home/airflow/.local/lib/python3.11/site-packages/airflow/models/baseoperator.py", line 401, in wrapper
    return func(self, *args, **kwargs)
           ^^^^^^^^^^^^^^^^^^^^^^^^^^^
  File "/home/airflow/.local/lib/python3.11/site-packages/airflow/decorators/base.py", line 265, in execute
    return_value = super().execute(context)
                   ^^^^^^^^^^^^^^^^^^^^^^^^
  File "/home/airflow/.local/lib/python3.11/site-packages/airflow/models/baseoperator.py", line 401, in wrapper
    return func(self, *args, **kwargs)
           ^^^^^^^^^^^^^^^^^^^^^^^^^^^
  File "/home/airflow/.local/lib/python3.11/site-packages/airflow/operators/python.py", line 235, in execute
    return_value = self.execute_callable()
                   ^^^^^^^^^^^^^^^^^^^^^^^
  File "/home/airflow/.local/lib/python3.11/site-packages/airflow/operators/python.py", line 252, in execute_callable
    return self.python_callable(*self.op_args, **self.op_kwargs)
           ^^^^^^^^^^^^^^^^^^^^^^^^^^^^^^^^^^^^^^^^^^^^^^^^^^^^^
  File "/opt/airflow/dags/etl.py", line 26, in extract
    script_run = subprocess.run(["spark-submit", "daily_etl.py", ds], check=True)
                 ^^^^^^^^^^^^^^^^^^^^^^^^^^^^^^^^^^^^^^^^^^^^^^^^^^^^^^^^^^^^^^^^
  File "/usr/local/lib/python3.11/subprocess.py", line 571, in run
    raise CalledProcessError(retcode, process.args,
subprocess.CalledProcessError: Command '['spark-submit', 'daily_etl.py', '2019-10-08']' returned non-zero exit status 2.
[2026-09-18T12:33:21.558+0000] {taskinstance.py:1206} INFO - Marking task as FAILED. dag_id=ecommerce_data, task_id=extract, run_id=scheduled__2019-10-08T00:00:00+00:00, execution_date=20191008T000000, start_date=20260918T123320, end_date=20260918T123321
[2026-09-18T12:33:21.563+0000] {standard_task_runner.py:110} ERROR - Failed to execute job 38 for task extract (Command '['spark-submit', 'daily_etl.py', '2019-10-08']' returned non-zero exit status 2.; 2717)
[2026-09-18T12:33:21.585+0000] {local_task_job_runner.py:240} INFO - Task exited with return code 1
[2026-09-18T12:33:21.594+0000] {taskinstance.py:3503} INFO - 0 downstream tasks scheduled from follow-on schedule check
[2026-09-18T12:33:21.594+0000] {local_task_job_runner.py:222} INFO - ::endgroup::
[2026-09-19T13:42:10.605+0000] {local_task_job_runner.py:120} INFO - ::group::Pre task execution logs
[2026-09-19T13:42:10.624+0000] {taskinstance.py:2076} INFO - Dependencies all met for dep_context=non-requeueable deps ti=<TaskInstance: ecommerce_data.extract scheduled__2019-10-08T00:00:00+00:00 [queued]>
[2026-09-19T13:42:10.628+0000] {taskinstance.py:2076} INFO - Dependencies all met for dep_context=requeueable deps ti=<TaskInstance: ecommerce_data.extract scheduled__2019-10-08T00:00:00+00:00 [queued]>
[2026-09-19T13:42:10.628+0000] {taskinstance.py:2306} INFO - Starting attempt 4 of 4
[2026-09-19T13:42:10.637+0000] {taskinstance.py:2330} INFO - Executing <Task(_PythonDecoratedOperator): extract> on 2019-10-08 00:00:00+00:00
[2026-09-19T13:42:10.643+0000] {standard_task_runner.py:63} INFO - Started process 4945 to run task
[2026-09-19T13:42:10.645+0000] {standard_task_runner.py:90} INFO - Running: ['airflow', 'tasks', 'run', 'ecommerce_data', 'extract', 'scheduled__2019-10-08T00:00:00+00:00', '--job-id', '77', '--raw', '--subdir', 'DAGS_FOLDER/etl.py', '--cfg-path', '/tmp/tmpdn9q5sb8']
[2026-09-19T13:42:10.646+0000] {standard_task_runner.py:91} INFO - Job 77: Subtask extract
[2026-09-19T13:42:10.671+0000] {task_command.py:426} INFO - Running <TaskInstance: ecommerce_data.extract scheduled__2019-10-08T00:00:00+00:00 [running]> on host 8e73891b263a
[2026-09-19T13:42:10.713+0000] {taskinstance.py:2648} INFO - Exporting env vars: AIRFLOW_CTX_DAG_OWNER='airflow' AIRFLOW_CTX_DAG_ID='ecommerce_data' AIRFLOW_CTX_TASK_ID='extract' AIRFLOW_CTX_EXECUTION_DATE='2019-10-08T00:00:00+00:00' AIRFLOW_CTX_TRY_NUMBER='4' AIRFLOW_CTX_DAG_RUN_ID='scheduled__2019-10-08T00:00:00+00:00'
[2026-09-19T13:42:10.714+0000] {taskinstance.py:430} INFO - ::endgroup::
[2026-09-19T13:42:16.781+0000] {taskinstance.py:441} INFO - ::group::Post task execution logs
[2026-09-19T13:42:16.781+0000] {taskinstance.py:2905} ERROR - Task failed with exception
Traceback (most recent call last):
  File "/home/airflow/.local/lib/python3.11/site-packages/airflow/models/taskinstance.py", line 465, in _execute_task
    result = _execute_callable(context=context, **execute_callable_kwargs)
             ^^^^^^^^^^^^^^^^^^^^^^^^^^^^^^^^^^^^^^^^^^^^^^^^^^^^^^^^^^^^^
  File "/home/airflow/.local/lib/python3.11/site-packages/airflow/models/taskinstance.py", line 432, in _execute_callable
    return execute_callable(context=context, **execute_callable_kwargs)
           ^^^^^^^^^^^^^^^^^^^^^^^^^^^^^^^^^^^^^^^^^^^^^^^^^^^^^^^^^^^^
  File "/home/airflow/.local/lib/python3.11/site-packages/airflow/models/baseoperator.py", line 401, in wrapper
    return func(self, *args, **kwargs)
           ^^^^^^^^^^^^^^^^^^^^^^^^^^^
  File "/home/airflow/.local/lib/python3.11/site-packages/airflow/decorators/base.py", line 265, in execute
    return_value = super().execute(context)
                   ^^^^^^^^^^^^^^^^^^^^^^^^
  File "/home/airflow/.local/lib/python3.11/site-packages/airflow/models/baseoperator.py", line 401, in wrapper
    return func(self, *args, **kwargs)
           ^^^^^^^^^^^^^^^^^^^^^^^^^^^
  File "/home/airflow/.local/lib/python3.11/site-packages/airflow/operators/python.py", line 235, in execute
    return_value = self.execute_callable()
                   ^^^^^^^^^^^^^^^^^^^^^^^
  File "/home/airflow/.local/lib/python3.11/site-packages/airflow/operators/python.py", line 252, in execute_callable
    return self.python_callable(*self.op_args, **self.op_kwargs)
           ^^^^^^^^^^^^^^^^^^^^^^^^^^^^^^^^^^^^^^^^^^^^^^^^^^^^^
  File "/opt/airflow/dags/etl.py", line 27, in extract
    script_run = subprocess.run(["spark-submit", "/opt/airflow/dags/daily_etl.py", ds], check=True)
                 ^^^^^^^^^^^^^^^^^^^^^^^^^^^^^^^^^^^^^^^^^^^^^^^^^^^^^^^^^^^^^^^^^^^^^^^^^^^^^^^^^^
  File "/usr/local/lib/python3.11/subprocess.py", line 571, in run
    raise CalledProcessError(retcode, process.args,
subprocess.CalledProcessError: Command '['spark-submit', '/opt/airflow/dags/daily_etl.py', '2019-10-08']' returned non-zero exit status 1.
[2026-09-19T13:42:16.791+0000] {taskinstance.py:1206} INFO - Marking task as FAILED. dag_id=ecommerce_data, task_id=extract, run_id=scheduled__2019-10-08T00:00:00+00:00, execution_date=20191008T000000, start_date=20260919T134210, end_date=20260919T134216
[2026-09-19T13:42:16.803+0000] {standard_task_runner.py:110} ERROR - Failed to execute job 77 for task extract (Command '['spark-submit', '/opt/airflow/dags/daily_etl.py', '2019-10-08']' returned non-zero exit status 1.; 4945)
[2026-09-19T13:42:16.822+0000] {local_task_job_runner.py:240} INFO - Task exited with return code 1
[2026-09-19T13:42:16.837+0000] {taskinstance.py:3503} INFO - 0 downstream tasks scheduled from follow-on schedule check
[2026-09-19T13:42:16.837+0000] {local_task_job_runner.py:222} INFO - ::endgroup::
[2026-09-21T21:56:58.717+0000] {local_task_job_runner.py:120} INFO - ::group::Pre task execution logs
[2026-09-21T21:56:58.734+0000] {taskinstance.py:2076} INFO - Dependencies all met for dep_context=non-requeueable deps ti=<TaskInstance: ecommerce_data.extract scheduled__2019-10-08T00:00:00+00:00 [queued]>
[2026-09-21T21:56:58.739+0000] {taskinstance.py:2076} INFO - Dependencies all met for dep_context=requeueable deps ti=<TaskInstance: ecommerce_data.extract scheduled__2019-10-08T00:00:00+00:00 [queued]>
[2026-09-21T21:56:58.739+0000] {taskinstance.py:2306} INFO - Starting attempt 4 of 4
[2026-09-21T21:56:58.747+0000] {taskinstance.py:2330} INFO - Executing <Task(_PythonDecoratedOperator): extract> on 2019-10-08 00:00:00+00:00
[2026-09-21T21:56:58.753+0000] {standard_task_runner.py:63} INFO - Started process 12186 to run task
[2026-09-21T21:56:58.755+0000] {standard_task_runner.py:90} INFO - Running: ['airflow', 'tasks', 'run', 'ecommerce_data', 'extract', 'scheduled__2019-10-08T00:00:00+00:00', '--job-id', '115', '--raw', '--subdir', 'DAGS_FOLDER/etl.py', '--cfg-path', '/tmp/tmps2df_6m3']
[2026-09-21T21:56:58.756+0000] {standard_task_runner.py:91} INFO - Job 115: Subtask extract
[2026-09-21T21:56:58.783+0000] {task_command.py:426} INFO - Running <TaskInstance: ecommerce_data.extract scheduled__2019-10-08T00:00:00+00:00 [running]> on host e6c3ac7e1715
[2026-09-21T21:56:58.821+0000] {taskinstance.py:2648} INFO - Exporting env vars: AIRFLOW_CTX_DAG_OWNER='airflow' AIRFLOW_CTX_DAG_ID='ecommerce_data' AIRFLOW_CTX_TASK_ID='extract' AIRFLOW_CTX_EXECUTION_DATE='2019-10-08T00:00:00+00:00' AIRFLOW_CTX_TRY_NUMBER='4' AIRFLOW_CTX_DAG_RUN_ID='scheduled__2019-10-08T00:00:00+00:00'
[2026-09-21T21:56:58.822+0000] {taskinstance.py:430} INFO - ::endgroup::
[2026-09-21T21:56:58.825+0000] {base.py:84} INFO - Using connection ID 'postgres_conn_id' for task execution.
[2026-09-21T21:57:05.030+0000] {etl.py:68} ERROR - === СПРАВЖНЯ ПОМИЛКА ВІД SPARK ===
[2026-09-21T21:57:05.031+0000] {etl.py:69} ERROR - /home/airflow/.local/lib/python3.11/site-packages/pyspark/bin/load-spark-env.sh: line 68: ps: command not found
Ivy Default Cache set to: /home/airflow/.ivy2/cache
The jars for the packages stored in: /home/airflow/.ivy2/jars
org.postgresql#postgresql added as a dependency
:: resolving dependencies :: org.apache.spark#spark-submit-parent-f36101a6-8084-4925-846e-9ed266f0ed92;1.0
	confs: [default]
	found org.postgresql#postgresql;42.6.0 in central
	found org.checkerframework#checker-qual;3.31.0 in central
:: resolution report :: resolve 117ms :: artifacts dl 4ms
	:: modules in use:
	org.checkerframework#checker-qual;3.31.0 from central in [default]
	org.postgresql#postgresql;42.6.0 from central in [default]
	---------------------------------------------------------------------
	|                  |            modules            ||   artifacts   |
	|       conf       | number| search|dwnlded|evicted|| number|dwnlded|
	---------------------------------------------------------------------
	|      default     |   2   |   0   |   0   |   0   ||   2   |   0   |
	---------------------------------------------------------------------
:: retrieving :: org.apache.spark#spark-submit-parent-f36101a6-8084-4925-846e-9ed266f0ed92
	confs: [default]
	0 artifacts copied, 2 already retrieved (0kB/4ms)
26/09/21 21:57:00 WARN NativeCodeLoader: Unable to load native-hadoop library for your platform... using builtin-java classes where applicable
26/09/21 21:57:01 INFO SparkContext: Running Spark version 3.5.1
26/09/21 21:57:01 INFO SparkContext: OS info Linux, 7.0.0-31-generic, amd64
26/09/21 21:57:01 INFO SparkContext: Java version 17.0.20.1
26/09/21 21:57:01 INFO ResourceUtils: ==============================================================
26/09/21 21:57:01 INFO ResourceUtils: No custom resources configured for spark.driver.
26/09/21 21:57:01 INFO ResourceUtils: ==============================================================
26/09/21 21:57:01 INFO SparkContext: Submitted application: Daily_ecommerce
26/09/21 21:57:01 INFO ResourceProfile: Default ResourceProfile created, executor resources: Map(cores -> name: cores, amount: 1, script: , vendor: , memory -> name: memory, amount: 1024, script: , vendor: , offHeap -> name: offHeap, amount: 0, script: , vendor: ), task resources: Map(cpus -> name: cpus, amount: 1.0)
26/09/21 21:57:01 INFO ResourceProfile: Limiting resource is cpu
26/09/21 21:57:01 INFO ResourceProfileManager: Added ResourceProfile id: 0
26/09/21 21:57:01 INFO SecurityManager: Changing view acls to: airflow
26/09/21 21:57:01 INFO SecurityManager: Changing modify acls to: airflow
26/09/21 21:57:01 INFO SecurityManager: Changing view acls groups to: 
26/09/21 21:57:01 INFO SecurityManager: Changing modify acls groups to: 
26/09/21 21:57:01 INFO SecurityManager: SecurityManager: authentication disabled; ui acls disabled; users with view permissions: airflow; groups with view permissions: EMPTY; users with modify permissions: airflow; groups with modify permissions: EMPTY
26/09/21 21:57:01 INFO Utils: Successfully started service 'sparkDriver' on port 34055.
26/09/21 21:57:01 INFO SparkEnv: Registering MapOutputTracker
26/09/21 21:57:01 INFO SparkEnv: Registering BlockManagerMaster
26/09/21 21:57:01 INFO BlockManagerMasterEndpoint: Using org.apache.spark.storage.DefaultTopologyMapper for getting topology information
26/09/21 21:57:01 INFO BlockManagerMasterEndpoint: BlockManagerMasterEndpoint up
26/09/21 21:57:01 INFO SparkEnv: Registering BlockManagerMasterHeartbeat
26/09/21 21:57:01 INFO DiskBlockManager: Created local directory at /tmp/blockmgr-fa7a32d2-90f0-4572-8f20-a4421195684a
26/09/21 21:57:01 INFO MemoryStore: MemoryStore started with capacity 434.4 MiB
26/09/21 21:57:01 INFO SparkEnv: Registering OutputCommitCoordinator
26/09/21 21:57:01 INFO JettyUtils: Start Jetty 0.0.0.0:4040 for SparkUI
26/09/21 21:57:01 INFO Utils: Successfully started service 'SparkUI' on port 4040.
26/09/21 21:57:01 INFO SparkContext: Added JAR file:///home/airflow/.ivy2/jars/org.postgresql_postgresql-42.6.0.jar at spark://e6c3ac7e1715:34055/jars/org.postgresql_postgresql-42.6.0.jar with timestamp 1790027821389
26/09/21 21:57:01 INFO SparkContext: Added JAR file:///home/airflow/.ivy2/jars/org.checkerframework_checker-qual-3.31.0.jar at spark://e6c3ac7e1715:34055/jars/org.checkerframework_checker-qual-3.31.0.jar with timestamp 1790027821389
26/09/21 21:57:02 INFO SparkContext: Added file file:///home/airflow/.ivy2/jars/org.postgresql_postgresql-42.6.0.jar at file:///home/airflow/.ivy2/jars/org.postgresql_postgresql-42.6.0.jar with timestamp 1790027821389
26/09/21 21:57:02 INFO Utils: Copying /home/airflow/.ivy2/jars/org.postgresql_postgresql-42.6.0.jar to /tmp/spark-5a58185b-d8dc-4f6a-9e66-5a87288cd7d9/userFiles-aec0a593-c810-4810-93f0-b79ebe6e2e5d/org.postgresql_postgresql-42.6.0.jar
26/09/21 21:57:02 INFO SparkContext: Added file file:///home/airflow/.ivy2/jars/org.checkerframework_checker-qual-3.31.0.jar at file:///home/airflow/.ivy2/jars/org.checkerframework_checker-qual-3.31.0.jar with timestamp 1790027821389
26/09/21 21:57:02 INFO Utils: Copying /home/airflow/.ivy2/jars/org.checkerframework_checker-qual-3.31.0.jar to /tmp/spark-5a58185b-d8dc-4f6a-9e66-5a87288cd7d9/userFiles-aec0a593-c810-4810-93f0-b79ebe6e2e5d/org.checkerframework_checker-qual-3.31.0.jar
26/09/21 21:57:02 INFO Executor: Starting executor ID driver on host e6c3ac7e1715
26/09/21 21:57:02 INFO Executor: OS info Linux, 7.0.0-31-generic, amd64
26/09/21 21:57:02 INFO Executor: Java version 17.0.20.1
26/09/21 21:57:02 INFO Executor: Starting executor with user classpath (userClassPathFirst = false): ''
26/09/21 21:57:02 INFO Executor: Created or updated repl class loader org.apache.spark.util.MutableURLClassLoader@4e870ecc for default.
26/09/21 21:57:02 INFO Executor: Fetching file:///home/airflow/.ivy2/jars/org.checkerframework_checker-qual-3.31.0.jar with timestamp 1790027821389
26/09/21 21:57:02 INFO Utils: /home/airflow/.ivy2/jars/org.checkerframework_checker-qual-3.31.0.jar has been previously copied to /tmp/spark-5a58185b-d8dc-4f6a-9e66-5a87288cd7d9/userFiles-aec0a593-c810-4810-93f0-b79ebe6e2e5d/org.checkerframework_checker-qual-3.31.0.jar
26/09/21 21:57:02 INFO Executor: Fetching file:///home/airflow/.ivy2/jars/org.postgresql_postgresql-42.6.0.jar with timestamp 1790027821389
26/09/21 21:57:02 INFO Utils: /home/airflow/.ivy2/jars/org.postgresql_postgresql-42.6.0.jar has been previously copied to /tmp/spark-5a58185b-d8dc-4f6a-9e66-5a87288cd7d9/userFiles-aec0a593-c810-4810-93f0-b79ebe6e2e5d/org.postgresql_postgresql-42.6.0.jar
26/09/21 21:57:02 INFO Executor: Fetching spark://e6c3ac7e1715:34055/jars/org.checkerframework_checker-qual-3.31.0.jar with timestamp 1790027821389
26/09/21 21:57:02 INFO TransportClientFactory: Successfully created connection to e6c3ac7e1715/172.21.0.3:34055 after 20 ms (0 ms spent in bootstraps)
26/09/21 21:57:02 INFO Utils: Fetching spark://e6c3ac7e1715:34055/jars/org.checkerframework_checker-qual-3.31.0.jar to /tmp/spark-5a58185b-d8dc-4f6a-9e66-5a87288cd7d9/userFiles-aec0a593-c810-4810-93f0-b79ebe6e2e5d/fetchFileTemp13177556993742329057.tmp
26/09/21 21:57:02 INFO Utils: /tmp/spark-5a58185b-d8dc-4f6a-9e66-5a87288cd7d9/userFiles-aec0a593-c810-4810-93f0-b79ebe6e2e5d/fetchFileTemp13177556993742329057.tmp has been previously copied to /tmp/spark-5a58185b-d8dc-4f6a-9e66-5a87288cd7d9/userFiles-aec0a593-c810-4810-93f0-b79ebe6e2e5d/org.checkerframework_checker-qual-3.31.0.jar
26/09/21 21:57:02 INFO Executor: Adding file:/tmp/spark-5a58185b-d8dc-4f6a-9e66-5a87288cd7d9/userFiles-aec0a593-c810-4810-93f0-b79ebe6e2e5d/org.checkerframework_checker-qual-3.31.0.jar to class loader default
26/09/21 21:57:02 INFO Executor: Fetching spark://e6c3ac7e1715:34055/jars/org.postgresql_postgresql-42.6.0.jar with timestamp 1790027821389
26/09/21 21:57:02 INFO Utils: Fetching spark://e6c3ac7e1715:34055/jars/org.postgresql_postgresql-42.6.0.jar to /tmp/spark-5a58185b-d8dc-4f6a-9e66-5a87288cd7d9/userFiles-aec0a593-c810-4810-93f0-b79ebe6e2e5d/fetchFileTemp16120768563731627492.tmp
26/09/21 21:57:02 INFO Utils: /tmp/spark-5a58185b-d8dc-4f6a-9e66-5a87288cd7d9/userFiles-aec0a593-c810-4810-93f0-b79ebe6e2e5d/fetchFileTemp16120768563731627492.tmp has been previously copied to /tmp/spark-5a58185b-d8dc-4f6a-9e66-5a87288cd7d9/userFiles-aec0a593-c810-4810-93f0-b79ebe6e2e5d/org.postgresql_postgresql-42.6.0.jar
26/09/21 21:57:02 INFO Executor: Adding file:/tmp/spark-5a58185b-d8dc-4f6a-9e66-5a87288cd7d9/userFiles-aec0a593-c810-4810-93f0-b79ebe6e2e5d/org.postgresql_postgresql-42.6.0.jar to class loader default
26/09/21 21:57:02 INFO Utils: Successfully started service 'org.apache.spark.network.netty.NettyBlockTransferService' on port 44665.
26/09/21 21:57:02 INFO NettyBlockTransferService: Server created on e6c3ac7e1715:44665
26/09/21 21:57:02 INFO BlockManager: Using org.apache.spark.storage.RandomBlockReplicationPolicy for block replication policy
26/09/21 21:57:02 INFO BlockManagerMaster: Registering BlockManager BlockManagerId(driver, e6c3ac7e1715, 44665, None)
26/09/21 21:57:02 INFO BlockManagerMasterEndpoint: Registering block manager e6c3ac7e1715:44665 with 434.4 MiB RAM, BlockManagerId(driver, e6c3ac7e1715, 44665, None)
26/09/21 21:57:02 INFO BlockManagerMaster: Registered BlockManager BlockManagerId(driver, e6c3ac7e1715, 44665, None)
26/09/21 21:57:02 INFO BlockManager: Initialized BlockManager: BlockManagerId(driver, e6c3ac7e1715, 44665, None)
26/09/21 21:57:02 INFO SharedState: Setting hive.metastore.warehouse.dir ('null') to the value of spark.sql.warehouse.dir.
26/09/21 21:57:02 INFO SharedState: Warehouse path is 'file:/opt/airflow/spark-warehouse'.
26/09/21 21:57:03 INFO InMemoryFileIndex: It took 30 ms to list leaf files for 1 paths.
26/09/21 21:57:03 INFO SparkContext: Starting job: parquet at NativeMethodAccessorImpl.java:0
26/09/21 21:57:03 INFO DAGScheduler: Got job 0 (parquet at NativeMethodAccessorImpl.java:0) with 1 output partitions
26/09/21 21:57:03 INFO DAGScheduler: Final stage: ResultStage 0 (parquet at NativeMethodAccessorImpl.java:0)
26/09/21 21:57:03 INFO DAGScheduler: Parents of final stage: List()
26/09/21 21:57:03 INFO DAGScheduler: Missing parents: List()
26/09/21 21:57:03 INFO DAGScheduler: Submitting ResultStage 0 (MapPartitionsRDD[1] at parquet at NativeMethodAccessorImpl.java:0), which has no missing parents
26/09/21 21:57:03 INFO MemoryStore: Block broadcast_0 stored as values in memory (estimated size 104.5 KiB, free 434.3 MiB)
26/09/21 21:57:03 INFO MemoryStore: Block broadcast_0_piece0 stored as bytes in memory (estimated size 37.6 KiB, free 434.3 MiB)
26/09/21 21:57:03 INFO BlockManagerInfo: Added broadcast_0_piece0 in memory on e6c3ac7e1715:44665 (size: 37.6 KiB, free: 434.4 MiB)
26/09/21 21:57:03 INFO SparkContext: Created broadcast 0 from broadcast at DAGScheduler.scala:1585
26/09/21 21:57:03 INFO DAGScheduler: Submitting 1 missing tasks from ResultStage 0 (MapPartitionsRDD[1] at parquet at NativeMethodAccessorImpl.java:0) (first 15 tasks are for partitions Vector(0))
26/09/21 21:57:03 INFO TaskSchedulerImpl: Adding task set 0.0 with 1 tasks resource profile 0
26/09/21 21:57:03 INFO TaskSetManager: Starting task 0.0 in stage 0.0 (TID 0) (e6c3ac7e1715, executor driver, partition 0, PROCESS_LOCAL, 8303 bytes) 
26/09/21 21:57:03 INFO Executor: Running task 0.0 in stage 0.0 (TID 0)
26/09/21 21:57:04 INFO Executor: Finished task 0.0 in stage 0.0 (TID 0). 2034 bytes result sent to driver
26/09/21 21:57:04 INFO TaskSetManager: Finished task 0.0 in stage 0.0 (TID 0) in 352 ms on e6c3ac7e1715 (executor driver) (1/1)
26/09/21 21:57:04 INFO TaskSchedulerImpl: Removed TaskSet 0.0, whose tasks have all completed, from pool 
26/09/21 21:57:04 INFO DAGScheduler: ResultStage 0 (parquet at NativeMethodAccessorImpl.java:0) finished in 0.506 s
26/09/21 21:57:04 INFO DAGScheduler: Job 0 is finished. Cancelling potential speculative or zombie tasks for this job
26/09/21 21:57:04 INFO TaskSchedulerImpl: Killing all running tasks in stage 0: Stage finished
26/09/21 21:57:04 INFO DAGScheduler: Job 0 finished: parquet at NativeMethodAccessorImpl.java:0, took 0.556233 s
26/09/21 21:57:04 INFO BlockManagerInfo: Removed broadcast_0_piece0 on e6c3ac7e1715:44665 in memory (size: 37.6 KiB, free: 434.4 MiB)
26/09/21 21:57:04 INFO SparkContext: Invoking stop() from shutdown hook
26/09/21 21:57:04 INFO SparkContext: SparkContext is stopping with exitCode 0.
26/09/21 21:57:04 INFO SparkUI: Stopped Spark web UI at http://e6c3ac7e1715:4040
26/09/21 21:57:04 INFO MapOutputTrackerMasterEndpoint: MapOutputTrackerMasterEndpoint stopped!
26/09/21 21:57:04 INFO MemoryStore: MemoryStore cleared
26/09/21 21:57:04 INFO BlockManager: BlockManager stopped
26/09/21 21:57:04 INFO BlockManagerMaster: BlockManagerMaster stopped
26/09/21 21:57:04 INFO OutputCommitCoordinator$OutputCommitCoordinatorEndpoint: OutputCommitCoordinator stopped!
26/09/21 21:57:04 INFO SparkContext: Successfully stopped SparkContext
26/09/21 21:57:04 INFO ShutdownHookManager: Shutdown hook called
26/09/21 21:57:04 INFO ShutdownHookManager: Deleting directory /tmp/spark-5a58185b-d8dc-4f6a-9e66-5a87288cd7d9
26/09/21 21:57:04 INFO ShutdownHookManager: Deleting directory /tmp/spark-d84d6738-c42c-47c0-9fcd-f93762d49f45
26/09/21 21:57:04 INFO ShutdownHookManager: Deleting directory /tmp/spark-5a58185b-d8dc-4f6a-9e66-5a87288cd7d9/pyspark-a318334f-586c-4995-86cd-4d82455d154a

[2026-09-21T21:57:05.031+0000] {taskinstance.py:441} INFO - ::group::Post task execution logs
[2026-09-21T21:57:05.031+0000] {taskinstance.py:2905} ERROR - Task failed with exception
Traceback (most recent call last):
  File "/home/airflow/.local/lib/python3.11/site-packages/airflow/models/taskinstance.py", line 465, in _execute_task
    result = _execute_callable(context=context, **execute_callable_kwargs)
             ^^^^^^^^^^^^^^^^^^^^^^^^^^^^^^^^^^^^^^^^^^^^^^^^^^^^^^^^^^^^^
  File "/home/airflow/.local/lib/python3.11/site-packages/airflow/models/taskinstance.py", line 432, in _execute_callable
    return execute_callable(context=context, **execute_callable_kwargs)
           ^^^^^^^^^^^^^^^^^^^^^^^^^^^^^^^^^^^^^^^^^^^^^^^^^^^^^^^^^^^^
  File "/home/airflow/.local/lib/python3.11/site-packages/airflow/models/baseoperator.py", line 401, in wrapper
    return func(self, *args, **kwargs)
           ^^^^^^^^^^^^^^^^^^^^^^^^^^^
  File "/home/airflow/.local/lib/python3.11/site-packages/airflow/decorators/base.py", line 265, in execute
    return_value = super().execute(context)
                   ^^^^^^^^^^^^^^^^^^^^^^^^
  File "/home/airflow/.local/lib/python3.11/site-packages/airflow/models/baseoperator.py", line 401, in wrapper
    return func(self, *args, **kwargs)
           ^^^^^^^^^^^^^^^^^^^^^^^^^^^
  File "/home/airflow/.local/lib/python3.11/site-packages/airflow/operators/python.py", line 235, in execute
    return_value = self.execute_callable()
                   ^^^^^^^^^^^^^^^^^^^^^^^
  File "/home/airflow/.local/lib/python3.11/site-packages/airflow/operators/python.py", line 252, in execute_callable
    return self.python_callable(*self.op_args, **self.op_kwargs)
           ^^^^^^^^^^^^^^^^^^^^^^^^^^^^^^^^^^^^^^^^^^^^^^^^^^^^^
  File "/opt/airflow/dags/etl.py", line 70, in extract
    raise e
  File "/opt/airflow/dags/etl.py", line 59, in extract
    script_run = subprocess.run([
                 ^^^^^^^^^^^^^^^^
  File "/usr/local/lib/python3.11/subprocess.py", line 571, in run
    raise CalledProcessError(retcode, process.args,
subprocess.CalledProcessError: Command '['spark-submit', '--packages', 'org.postgresql:postgresql:42.6.0', '/opt/airflow/dags/daily_etl.py', '2019-10-08']' returned non-zero exit status 1.
[2026-09-21T21:57:05.038+0000] {taskinstance.py:1206} INFO - Marking task as FAILED. dag_id=ecommerce_data, task_id=extract, run_id=scheduled__2019-10-08T00:00:00+00:00, execution_date=20191008T000000, start_date=20260921T215658, end_date=20260921T215705
[2026-09-21T21:57:05.046+0000] {standard_task_runner.py:110} ERROR - Failed to execute job 115 for task extract (Command '['spark-submit', '--packages', 'org.postgresql:postgresql:42.6.0', '/opt/airflow/dags/daily_etl.py', '2019-10-08']' returned non-zero exit status 1.; 12186)
[2026-09-21T21:57:05.059+0000] {local_task_job_runner.py:240} INFO - Task exited with return code 1
[2026-09-21T21:57:05.072+0000] {taskinstance.py:3503} INFO - 0 downstream tasks scheduled from follow-on schedule check
[2026-09-21T21:57:05.073+0000] {local_task_job_runner.py:222} INFO - ::endgroup::
[2026-09-21T22:27:53.865+0000] {local_task_job_runner.py:120} INFO - ::group::Pre task execution logs
[2026-09-21T22:27:53.883+0000] {taskinstance.py:2076} INFO - Dependencies all met for dep_context=non-requeueable deps ti=<TaskInstance: ecommerce_data.extract scheduled__2019-10-08T00:00:00+00:00 [queued]>
[2026-09-21T22:27:53.887+0000] {taskinstance.py:2076} INFO - Dependencies all met for dep_context=requeueable deps ti=<TaskInstance: ecommerce_data.extract scheduled__2019-10-08T00:00:00+00:00 [queued]>
[2026-09-21T22:27:53.887+0000] {taskinstance.py:2306} INFO - Starting attempt 4 of 4
[2026-09-21T22:27:53.895+0000] {taskinstance.py:2330} INFO - Executing <Task(_PythonDecoratedOperator): extract> on 2019-10-08 00:00:00+00:00
[2026-09-21T22:27:53.900+0000] {standard_task_runner.py:63} INFO - Started process 29481 to run task
[2026-09-21T22:27:53.902+0000] {standard_task_runner.py:90} INFO - Running: ['airflow', 'tasks', 'run', 'ecommerce_data', 'extract', 'scheduled__2019-10-08T00:00:00+00:00', '--job-id', '265', '--raw', '--subdir', 'DAGS_FOLDER/etl.py', '--cfg-path', '/tmp/tmpqix2j18g']
[2026-09-21T22:27:53.904+0000] {standard_task_runner.py:91} INFO - Job 265: Subtask extract
[2026-09-21T22:27:53.936+0000] {task_command.py:426} INFO - Running <TaskInstance: ecommerce_data.extract scheduled__2019-10-08T00:00:00+00:00 [running]> on host e6c3ac7e1715
[2026-09-21T22:27:53.989+0000] {taskinstance.py:2648} INFO - Exporting env vars: AIRFLOW_CTX_DAG_OWNER='airflow' AIRFLOW_CTX_DAG_ID='ecommerce_data' AIRFLOW_CTX_TASK_ID='extract' AIRFLOW_CTX_EXECUTION_DATE='2019-10-08T00:00:00+00:00' AIRFLOW_CTX_TRY_NUMBER='4' AIRFLOW_CTX_DAG_RUN_ID='scheduled__2019-10-08T00:00:00+00:00'
[2026-09-21T22:27:53.989+0000] {taskinstance.py:430} INFO - ::endgroup::
[2026-09-21T22:27:53.993+0000] {base.py:84} INFO - Using connection ID 'postgres_conn_id' for task execution.
[2026-09-21T22:28:00.866+0000] {taskinstance.py:441} INFO - ::group::Post task execution logs
[2026-09-21T22:28:00.867+0000] {taskinstance.py:2905} ERROR - Task failed with exception
Traceback (most recent call last):
  File "/home/airflow/.local/lib/python3.11/site-packages/airflow/models/taskinstance.py", line 465, in _execute_task
    result = _execute_callable(context=context, **execute_callable_kwargs)
             ^^^^^^^^^^^^^^^^^^^^^^^^^^^^^^^^^^^^^^^^^^^^^^^^^^^^^^^^^^^^^
  File "/home/airflow/.local/lib/python3.11/site-packages/airflow/models/taskinstance.py", line 432, in _execute_callable
    return execute_callable(context=context, **execute_callable_kwargs)
           ^^^^^^^^^^^^^^^^^^^^^^^^^^^^^^^^^^^^^^^^^^^^^^^^^^^^^^^^^^^^
  File "/home/airflow/.local/lib/python3.11/site-packages/airflow/models/baseoperator.py", line 401, in wrapper
    return func(self, *args, **kwargs)
           ^^^^^^^^^^^^^^^^^^^^^^^^^^^
  File "/home/airflow/.local/lib/python3.11/site-packages/airflow/decorators/base.py", line 265, in execute
    return_value = super().execute(context)
                   ^^^^^^^^^^^^^^^^^^^^^^^^
  File "/home/airflow/.local/lib/python3.11/site-packages/airflow/models/baseoperator.py", line 401, in wrapper
    return func(self, *args, **kwargs)
           ^^^^^^^^^^^^^^^^^^^^^^^^^^^
  File "/home/airflow/.local/lib/python3.11/site-packages/airflow/operators/python.py", line 235, in execute
    return_value = self.execute_callable()
                   ^^^^^^^^^^^^^^^^^^^^^^^
  File "/home/airflow/.local/lib/python3.11/site-packages/airflow/operators/python.py", line 252, in execute_callable
    return self.python_callable(*self.op_args, **self.op_kwargs)
           ^^^^^^^^^^^^^^^^^^^^^^^^^^^^^^^^^^^^^^^^^^^^^^^^^^^^^
  File "/opt/airflow/dags/etl.py", line 58, in extract
    script_run = subprocess.run([
                 ^^^^^^^^^^^^^^^^
  File "/usr/local/lib/python3.11/subprocess.py", line 571, in run
    raise CalledProcessError(retcode, process.args,
subprocess.CalledProcessError: Command '['spark-submit', '--packages', 'org.postgresql:postgresql:42.6.0', '/opt/airflow/dags/daily_etl.py', '2019-10-08']' returned non-zero exit status 1.
[2026-09-21T22:28:00.875+0000] {taskinstance.py:1206} INFO - Marking task as FAILED. dag_id=ecommerce_data, task_id=extract, run_id=scheduled__2019-10-08T00:00:00+00:00, execution_date=20191008T000000, start_date=20260921T222753, end_date=20260921T222800
[2026-09-21T22:28:00.890+0000] {standard_task_runner.py:110} ERROR - Failed to execute job 265 for task extract (Command '['spark-submit', '--packages', 'org.postgresql:postgresql:42.6.0', '/opt/airflow/dags/daily_etl.py', '2019-10-08']' returned non-zero exit status 1.; 29481)
[2026-09-21T22:28:00.926+0000] {local_task_job_runner.py:240} INFO - Task exited with return code 1
[2026-09-21T22:28:00.945+0000] {taskinstance.py:3503} INFO - 0 downstream tasks scheduled from follow-on schedule check
[2026-09-21T22:28:00.946+0000] {local_task_job_runner.py:222} INFO - ::endgroup::
