[2026-09-18T12:33:02.252+0000] {local_task_job_runner.py:120} INFO - ::group::Pre task execution logs
[2026-09-18T12:33:02.264+0000] {taskinstance.py:2076} INFO - Dependencies all met for dep_context=non-requeueable deps ti=<TaskInstance: ecommerce_data.extract scheduled__2019-10-08T00:00:00+00:00 [queued]>
[2026-09-18T12:33:02.267+0000] {taskinstance.py:2076} INFO - Dependencies all met for dep_context=requeueable deps ti=<TaskInstance: ecommerce_data.extract scheduled__2019-10-08T00:00:00+00:00 [queued]>
[2026-09-18T12:33:02.267+0000] {taskinstance.py:2306} INFO - Starting attempt 2 of 4
[2026-09-18T12:33:02.272+0000] {taskinstance.py:2330} INFO - Executing <Task(_PythonDecoratedOperator): extract> on 2019-10-08 00:00:00+00:00
[2026-09-18T12:33:02.276+0000] {standard_task_runner.py:63} INFO - Started process 2267 to run task
[2026-09-18T12:33:02.277+0000] {standard_task_runner.py:90} INFO - Running: ['airflow', 'tasks', 'run', 'ecommerce_data', 'extract', 'scheduled__2019-10-08T00:00:00+00:00', '--job-id', '32', '--raw', '--subdir', 'DAGS_FOLDER/etl.py', '--cfg-path', '/tmp/tmpl3bze1vs']
[2026-09-18T12:33:02.278+0000] {standard_task_runner.py:91} INFO - Job 32: Subtask extract
[2026-09-18T12:33:02.295+0000] {task_command.py:426} INFO - Running <TaskInstance: ecommerce_data.extract scheduled__2019-10-08T00:00:00+00:00 [running]> on host ac3d43ca2f24
[2026-09-18T12:33:02.321+0000] {taskinstance.py:2648} INFO - Exporting env vars: AIRFLOW_CTX_DAG_OWNER='airflow' AIRFLOW_CTX_DAG_ID='ecommerce_data' AIRFLOW_CTX_TASK_ID='extract' AIRFLOW_CTX_EXECUTION_DATE='2019-10-08T00:00:00+00:00' AIRFLOW_CTX_TRY_NUMBER='2' AIRFLOW_CTX_DAG_RUN_ID='scheduled__2019-10-08T00:00:00+00:00'
[2026-09-18T12:33:02.322+0000] {taskinstance.py:430} INFO - ::endgroup::
[2026-09-18T12:33:03.286+0000] {taskinstance.py:441} INFO - ::group::Post task execution logs
[2026-09-18T12:33:03.286+0000] {taskinstance.py:2905} ERROR - Task failed with exception
Traceback (most recent call last):
  File "/home/airflow/.local/lib/python3.11/site-packages/airflow/models/taskinstance.py", line 465, in _execute_task
    result = _execute_callable(context=context, **execute_callable_kwargs)
             ^^^^^^^^^^^^^^^^^^^^^^^^^^^^^^^^^^^^^^^^^^^^^^^^^^^^^^^^^^^^^
  File "/home/airflow/.local/lib/python3.11/site-packages/airflow/models/taskinstance.py", line 432, in _execute_callable
    return execute_callable(context=context, **execute_callable_kwargs)
           ^^^^^^^^^^^^^^^^^^^^^^^^^^^^^^^^^^^^^^^^^^^^^^^^^^^^^^^^^^^^
  File "/home/airflow/.local/lib/python3.11/site-packages/airflow/models/baseoperator.py", line 401, in wrapper
    return func(self, *args, **kwargs)
           ^^^^^^^^^^^^^^^^^^^^^^^^^^^
  File "/home/airflow/.local/lib/python3.11/site-packages/airflow/decorators/base.py", line 265, in execute
    return_value = super().execute(context)
                   ^^^^^^^^^^^^^^^^^^^^^^^^
  File "/home/airflow/.local/lib/python3.11/site-packages/airflow/models/baseoperator.py", line 401, in wrapper
    return func(self, *args, **kwargs)
           ^^^^^^^^^^^^^^^^^^^^^^^^^^^
  File "/home/airflow/.local/lib/python3.11/site-packages/airflow/operators/python.py", line 235, in execute
    return_value = self.execute_callable()
                   ^^^^^^^^^^^^^^^^^^^^^^^
  File "/home/airflow/.local/lib/python3.11/site-packages/airflow/operators/python.py", line 252, in execute_callable
    return self.python_callable(*self.op_args, **self.op_kwargs)
           ^^^^^^^^^^^^^^^^^^^^^^^^^^^^^^^^^^^^^^^^^^^^^^^^^^^^^
  File "/opt/airflow/dags/etl.py", line 26, in extract
    script_run = subprocess.run(["spark-submit", "daily_etl.py", ds], check=True)
                 ^^^^^^^^^^^^^^^^^^^^^^^^^^^^^^^^^^^^^^^^^^^^^^^^^^^^^^^^^^^^^^^^
  File "/usr/local/lib/python3.11/subprocess.py", line 571, in run
    raise CalledProcessError(retcode, process.args,
subprocess.CalledProcessError: Command '['spark-submit', 'daily_etl.py', '2019-10-08']' returned non-zero exit status 2.
[2026-09-18T12:33:03.289+0000] {taskinstance.py:1206} INFO - Marking task as UP_FOR_RETRY. dag_id=ecommerce_data, task_id=extract, run_id=scheduled__2019-10-08T00:00:00+00:00, execution_date=20191008T000000, start_date=20260918T123302, end_date=20260918T123303
[2026-09-18T12:33:03.293+0000] {standard_task_runner.py:110} ERROR - Failed to execute job 32 for task extract (Command '['spark-submit', 'daily_etl.py', '2019-10-08']' returned non-zero exit status 2.; 2267)
[2026-09-18T12:33:03.332+0000] {local_task_job_runner.py:240} INFO - Task exited with return code 1
[2026-09-18T12:33:03.348+0000] {taskinstance.py:3503} INFO - 0 downstream tasks scheduled from follow-on schedule check
[2026-09-18T12:33:03.349+0000] {local_task_job_runner.py:222} INFO - ::endgroup::
[2026-09-19T13:41:43.584+0000] {local_task_job_runner.py:120} INFO - ::group::Pre task execution logs
[2026-09-19T13:41:43.605+0000] {taskinstance.py:2076} INFO - Dependencies all met for dep_context=non-requeueable deps ti=<TaskInstance: ecommerce_data.extract scheduled__2019-10-08T00:00:00+00:00 [queued]>
[2026-09-19T13:41:43.609+0000] {taskinstance.py:2076} INFO - Dependencies all met for dep_context=requeueable deps ti=<TaskInstance: ecommerce_data.extract scheduled__2019-10-08T00:00:00+00:00 [queued]>
[2026-09-19T13:41:43.609+0000] {taskinstance.py:2306} INFO - Starting attempt 2 of 4
[2026-09-19T13:41:43.618+0000] {taskinstance.py:2330} INFO - Executing <Task(_PythonDecoratedOperator): extract> on 2019-10-08 00:00:00+00:00
[2026-09-19T13:41:43.624+0000] {standard_task_runner.py:63} INFO - Started process 4585 to run task
[2026-09-19T13:41:43.627+0000] {standard_task_runner.py:90} INFO - Running: ['airflow', 'tasks', 'run', 'ecommerce_data', 'extract', 'scheduled__2019-10-08T00:00:00+00:00', '--job-id', '75', '--raw', '--subdir', 'DAGS_FOLDER/etl.py', '--cfg-path', '/tmp/tmplc2dgirc']
[2026-09-19T13:41:43.628+0000] {standard_task_runner.py:91} INFO - Job 75: Subtask extract
[2026-09-19T13:41:43.654+0000] {task_command.py:426} INFO - Running <TaskInstance: ecommerce_data.extract scheduled__2019-10-08T00:00:00+00:00 [running]> on host 8e73891b263a
[2026-09-19T13:41:43.697+0000] {taskinstance.py:2648} INFO - Exporting env vars: AIRFLOW_CTX_DAG_OWNER='airflow' AIRFLOW_CTX_DAG_ID='ecommerce_data' AIRFLOW_CTX_TASK_ID='extract' AIRFLOW_CTX_EXECUTION_DATE='2019-10-08T00:00:00+00:00' AIRFLOW_CTX_TRY_NUMBER='2' AIRFLOW_CTX_DAG_RUN_ID='scheduled__2019-10-08T00:00:00+00:00'
[2026-09-19T13:41:43.698+0000] {taskinstance.py:430} INFO - ::endgroup::
[2026-09-19T13:41:49.655+0000] {taskinstance.py:441} INFO - ::group::Post task execution logs
[2026-09-19T13:41:49.656+0000] {taskinstance.py:2905} ERROR - Task failed with exception
Traceback (most recent call last):
  File "/home/airflow/.local/lib/python3.11/site-packages/airflow/models/taskinstance.py", line 465, in _execute_task
    result = _execute_callable(context=context, **execute_callable_kwargs)
             ^^^^^^^^^^^^^^^^^^^^^^^^^^^^^^^^^^^^^^^^^^^^^^^^^^^^^^^^^^^^^
  File "/home/airflow/.local/lib/python3.11/site-packages/airflow/models/taskinstance.py", line 432, in _execute_callable
    return execute_callable(context=context, **execute_callable_kwargs)
           ^^^^^^^^^^^^^^^^^^^^^^^^^^^^^^^^^^^^^^^^^^^^^^^^^^^^^^^^^^^^
  File "/home/airflow/.local/lib/python3.11/site-packages/airflow/models/baseoperator.py", line 401, in wrapper
    return func(self, *args, **kwargs)
           ^^^^^^^^^^^^^^^^^^^^^^^^^^^
  File "/home/airflow/.local/lib/python3.11/site-packages/airflow/decorators/base.py", line 265, in execute
    return_value = super().execute(context)
                   ^^^^^^^^^^^^^^^^^^^^^^^^
  File "/home/airflow/.local/lib/python3.11/site-packages/airflow/models/baseoperator.py", line 401, in wrapper
    return func(self, *args, **kwargs)
           ^^^^^^^^^^^^^^^^^^^^^^^^^^^
  File "/home/airflow/.local/lib/python3.11/site-packages/airflow/operators/python.py", line 235, in execute
    return_value = self.execute_callable()
                   ^^^^^^^^^^^^^^^^^^^^^^^
  File "/home/airflow/.local/lib/python3.11/site-packages/airflow/operators/python.py", line 252, in execute_callable
    return self.python_callable(*self.op_args, **self.op_kwargs)
           ^^^^^^^^^^^^^^^^^^^^^^^^^^^^^^^^^^^^^^^^^^^^^^^^^^^^^
  File "/opt/airflow/dags/etl.py", line 27, in extract
    script_run = subprocess.run(["spark-submit", "/opt/airflow/dags/daily_etl.py", ds], check=True)
                 ^^^^^^^^^^^^^^^^^^^^^^^^^^^^^^^^^^^^^^^^^^^^^^^^^^^^^^^^^^^^^^^^^^^^^^^^^^^^^^^^^^
  File "/usr/local/lib/python3.11/subprocess.py", line 571, in run
    raise CalledProcessError(retcode, process.args,
subprocess.CalledProcessError: Command '['spark-submit', '/opt/airflow/dags/daily_etl.py', '2019-10-08']' returned non-zero exit status 1.
[2026-09-19T13:41:49.662+0000] {taskinstance.py:1206} INFO - Marking task as UP_FOR_RETRY. dag_id=ecommerce_data, task_id=extract, run_id=scheduled__2019-10-08T00:00:00+00:00, execution_date=20191008T000000, start_date=20260919T134143, end_date=20260919T134149
[2026-09-19T13:41:49.671+0000] {standard_task_runner.py:110} ERROR - Failed to execute job 75 for task extract (Command '['spark-submit', '/opt/airflow/dags/daily_etl.py', '2019-10-08']' returned non-zero exit status 1.; 4585)
[2026-09-19T13:41:49.684+0000] {local_task_job_runner.py:240} INFO - Task exited with return code 1
[2026-09-19T13:41:49.698+0000] {taskinstance.py:3503} INFO - 0 downstream tasks scheduled from follow-on schedule check
[2026-09-19T13:41:49.699+0000] {local_task_job_runner.py:222} INFO - ::endgroup::
[2026-09-21T20:54:42.189+0000] {local_task_job_runner.py:120} INFO - ::group::Pre task execution logs
[2026-09-21T20:54:42.203+0000] {taskinstance.py:2076} INFO - Dependencies all met for dep_context=non-requeueable deps ti=<TaskInstance: ecommerce_data.extract scheduled__2019-10-08T00:00:00+00:00 [queued]>
[2026-09-21T20:54:42.207+0000] {taskinstance.py:2076} INFO - Dependencies all met for dep_context=requeueable deps ti=<TaskInstance: ecommerce_data.extract scheduled__2019-10-08T00:00:00+00:00 [queued]>
[2026-09-21T20:54:42.207+0000] {taskinstance.py:2306} INFO - Starting attempt 2 of 4
[2026-09-21T20:54:42.214+0000] {taskinstance.py:2330} INFO - Executing <Task(_PythonDecoratedOperator): extract> on 2019-10-08 00:00:00+00:00
[2026-09-21T20:54:42.219+0000] {standard_task_runner.py:63} INFO - Started process 3038 to run task
[2026-09-21T20:54:42.221+0000] {standard_task_runner.py:90} INFO - Running: ['airflow', 'tasks', 'run', 'ecommerce_data', 'extract', 'scheduled__2019-10-08T00:00:00+00:00', '--job-id', '45', '--raw', '--subdir', 'DAGS_FOLDER/etl.py', '--cfg-path', '/tmp/tmpcuj825o0']
[2026-09-21T20:54:42.222+0000] {standard_task_runner.py:91} INFO - Job 45: Subtask extract
[2026-09-21T20:54:42.243+0000] {task_command.py:426} INFO - Running <TaskInstance: ecommerce_data.extract scheduled__2019-10-08T00:00:00+00:00 [running]> on host e6c3ac7e1715
[2026-09-21T20:54:42.276+0000] {taskinstance.py:2648} INFO - Exporting env vars: AIRFLOW_CTX_DAG_OWNER='airflow' AIRFLOW_CTX_DAG_ID='ecommerce_data' AIRFLOW_CTX_TASK_ID='extract' AIRFLOW_CTX_EXECUTION_DATE='2019-10-08T00:00:00+00:00' AIRFLOW_CTX_TRY_NUMBER='2' AIRFLOW_CTX_DAG_RUN_ID='scheduled__2019-10-08T00:00:00+00:00'
[2026-09-21T20:54:42.276+0000] {taskinstance.py:430} INFO - ::endgroup::
[2026-09-21T20:54:42.279+0000] {base.py:84} INFO - Using connection ID 'postgres_conn_id' for task execution.
[2026-09-21T20:54:49.402+0000] {taskinstance.py:441} INFO - ::group::Post task execution logs
[2026-09-21T20:54:49.402+0000] {taskinstance.py:2905} ERROR - Task failed with exception
Traceback (most recent call last):
  File "/home/airflow/.local/lib/python3.11/site-packages/airflow/models/taskinstance.py", line 465, in _execute_task
    result = _execute_callable(context=context, **execute_callable_kwargs)
             ^^^^^^^^^^^^^^^^^^^^^^^^^^^^^^^^^^^^^^^^^^^^^^^^^^^^^^^^^^^^^
  File "/home/airflow/.local/lib/python3.11/site-packages/airflow/models/taskinstance.py", line 432, in _execute_callable
    return execute_callable(context=context, **execute_callable_kwargs)
           ^^^^^^^^^^^^^^^^^^^^^^^^^^^^^^^^^^^^^^^^^^^^^^^^^^^^^^^^^^^^
  File "/home/airflow/.local/lib/python3.11/site-packages/airflow/models/baseoperator.py", line 401, in wrapper
    return func(self, *args, **kwargs)
           ^^^^^^^^^^^^^^^^^^^^^^^^^^^
  File "/home/airflow/.local/lib/python3.11/site-packages/airflow/decorators/base.py", line 265, in execute
    return_value = super().execute(context)
                   ^^^^^^^^^^^^^^^^^^^^^^^^
  File "/home/airflow/.local/lib/python3.11/site-packages/airflow/models/baseoperator.py", line 401, in wrapper
    return func(self, *args, **kwargs)
           ^^^^^^^^^^^^^^^^^^^^^^^^^^^
  File "/home/airflow/.local/lib/python3.11/site-packages/airflow/operators/python.py", line 235, in execute
    return_value = self.execute_callable()
                   ^^^^^^^^^^^^^^^^^^^^^^^
  File "/home/airflow/.local/lib/python3.11/site-packages/airflow/operators/python.py", line 252, in execute_callable
    return self.python_callable(*self.op_args, **self.op_kwargs)
           ^^^^^^^^^^^^^^^^^^^^^^^^^^^^^^^^^^^^^^^^^^^^^^^^^^^^^
  File "/opt/airflow/dags/etl.py", line 58, in extract
    script_run = subprocess.run([
                 ^^^^^^^^^^^^^^^^
  File "/usr/local/lib/python3.11/subprocess.py", line 571, in run
    raise CalledProcessError(retcode, process.args,
subprocess.CalledProcessError: Command '['spark-submit', '--packages', 'org.postgresql:postgresql:42.6.0', '/opt/airflow/dags/daily_etl.py', '2019-10-08']' returned non-zero exit status 1.
[2026-09-21T20:54:49.406+0000] {taskinstance.py:1206} INFO - Marking task as UP_FOR_RETRY. dag_id=ecommerce_data, task_id=extract, run_id=scheduled__2019-10-08T00:00:00+00:00, execution_date=20191008T000000, start_date=20260921T205442, end_date=20260921T205449
[2026-09-21T20:54:49.412+0000] {standard_task_runner.py:110} ERROR - Failed to execute job 45 for task extract (Command '['spark-submit', '--packages', 'org.postgresql:postgresql:42.6.0', '/opt/airflow/dags/daily_etl.py', '2019-10-08']' returned non-zero exit status 1.; 3038)
[2026-09-21T20:54:49.445+0000] {local_task_job_runner.py:240} INFO - Task exited with return code 1
[2026-09-21T20:54:49.453+0000] {taskinstance.py:3503} INFO - 0 downstream tasks scheduled from follow-on schedule check
[2026-09-21T20:54:49.454+0000] {local_task_job_runner.py:222} INFO - ::endgroup::
[2026-09-21T21:56:31.416+0000] {local_task_job_runner.py:120} INFO - ::group::Pre task execution logs
[2026-09-21T21:56:31.433+0000] {taskinstance.py:2076} INFO - Dependencies all met for dep_context=non-requeueable deps ti=<TaskInstance: ecommerce_data.extract scheduled__2019-10-08T00:00:00+00:00 [queued]>
[2026-09-21T21:56:31.438+0000] {taskinstance.py:2076} INFO - Dependencies all met for dep_context=requeueable deps ti=<TaskInstance: ecommerce_data.extract scheduled__2019-10-08T00:00:00+00:00 [queued]>
[2026-09-21T21:56:31.438+0000] {taskinstance.py:2306} INFO - Starting attempt 2 of 4
[2026-09-21T21:56:31.446+0000] {taskinstance.py:2330} INFO - Executing <Task(_PythonDecoratedOperator): extract> on 2019-10-08 00:00:00+00:00
[2026-09-21T21:56:31.451+0000] {standard_task_runner.py:63} INFO - Started process 11791 to run task
[2026-09-21T21:56:31.453+0000] {standard_task_runner.py:90} INFO - Running: ['airflow', 'tasks', 'run', 'ecommerce_data', 'extract', 'scheduled__2019-10-08T00:00:00+00:00', '--job-id', '113', '--raw', '--subdir', 'DAGS_FOLDER/etl.py', '--cfg-path', '/tmp/tmpnw_lqyv5']
[2026-09-21T21:56:31.455+0000] {standard_task_runner.py:91} INFO - Job 113: Subtask extract
[2026-09-21T21:56:31.487+0000] {task_command.py:426} INFO - Running <TaskInstance: ecommerce_data.extract scheduled__2019-10-08T00:00:00+00:00 [running]> on host e6c3ac7e1715
[2026-09-21T21:56:31.540+0000] {taskinstance.py:2648} INFO - Exporting env vars: AIRFLOW_CTX_DAG_OWNER='airflow' AIRFLOW_CTX_DAG_ID='ecommerce_data' AIRFLOW_CTX_TASK_ID='extract' AIRFLOW_CTX_EXECUTION_DATE='2019-10-08T00:00:00+00:00' AIRFLOW_CTX_TRY_NUMBER='2' AIRFLOW_CTX_DAG_RUN_ID='scheduled__2019-10-08T00:00:00+00:00'
[2026-09-21T21:56:31.540+0000] {taskinstance.py:430} INFO - ::endgroup::
[2026-09-21T21:56:31.543+0000] {base.py:84} INFO - Using connection ID 'postgres_conn_id' for task execution.
[2026-09-21T21:56:37.636+0000] {etl.py:68} ERROR - === СПРАВЖНЯ ПОМИЛКА ВІД SPARK ===
[2026-09-21T21:56:37.636+0000] {etl.py:69} ERROR - /home/airflow/.local/lib/python3.11/site-packages/pyspark/bin/load-spark-env.sh: line 68: ps: command not found
Ivy Default Cache set to: /home/airflow/.ivy2/cache
The jars for the packages stored in: /home/airflow/.ivy2/jars
org.postgresql#postgresql added as a dependency
:: resolving dependencies :: org.apache.spark#spark-submit-parent-1008b766-8cea-45f1-a076-b3a9ce68fc56;1.0
	confs: [default]
	found org.postgresql#postgresql;42.6.0 in central
	found org.checkerframework#checker-qual;3.31.0 in central
:: resolution report :: resolve 116ms :: artifacts dl 5ms
	:: modules in use:
	org.checkerframework#checker-qual;3.31.0 from central in [default]
	org.postgresql#postgresql;42.6.0 from central in [default]
	---------------------------------------------------------------------
	|                  |            modules            ||   artifacts   |
	|       conf       | number| search|dwnlded|evicted|| number|dwnlded|
	---------------------------------------------------------------------
	|      default     |   2   |   0   |   0   |   0   ||   2   |   0   |
	---------------------------------------------------------------------
:: retrieving :: org.apache.spark#spark-submit-parent-1008b766-8cea-45f1-a076-b3a9ce68fc56
	confs: [default]
	0 artifacts copied, 2 already retrieved (0kB/3ms)
26/09/21 21:56:33 WARN NativeCodeLoader: Unable to load native-hadoop library for your platform... using builtin-java classes where applicable
26/09/21 21:56:34 INFO SparkContext: Running Spark version 3.5.1
26/09/21 21:56:34 INFO SparkContext: OS info Linux, 7.0.0-31-generic, amd64
26/09/21 21:56:34 INFO SparkContext: Java version 17.0.20.1
26/09/21 21:56:34 INFO ResourceUtils: ==============================================================
26/09/21 21:56:34 INFO ResourceUtils: No custom resources configured for spark.driver.
26/09/21 21:56:34 INFO ResourceUtils: ==============================================================
26/09/21 21:56:34 INFO SparkContext: Submitted application: Daily_ecommerce
26/09/21 21:56:34 INFO ResourceProfile: Default ResourceProfile created, executor resources: Map(cores -> name: cores, amount: 1, script: , vendor: , memory -> name: memory, amount: 1024, script: , vendor: , offHeap -> name: offHeap, amount: 0, script: , vendor: ), task resources: Map(cpus -> name: cpus, amount: 1.0)
26/09/21 21:56:34 INFO ResourceProfile: Limiting resource is cpu
26/09/21 21:56:34 INFO ResourceProfileManager: Added ResourceProfile id: 0
26/09/21 21:56:34 INFO SecurityManager: Changing view acls to: airflow
26/09/21 21:56:34 INFO SecurityManager: Changing modify acls to: airflow
26/09/21 21:56:34 INFO SecurityManager: Changing view acls groups to: 
26/09/21 21:56:34 INFO SecurityManager: Changing modify acls groups to: 
26/09/21 21:56:34 INFO SecurityManager: SecurityManager: authentication disabled; ui acls disabled; users with view permissions: airflow; groups with view permissions: EMPTY; users with modify permissions: airflow; groups with modify permissions: EMPTY
26/09/21 21:56:34 INFO Utils: Successfully started service 'sparkDriver' on port 46263.
26/09/21 21:56:34 INFO SparkEnv: Registering MapOutputTracker
26/09/21 21:56:34 INFO SparkEnv: Registering BlockManagerMaster
26/09/21 21:56:34 INFO BlockManagerMasterEndpoint: Using org.apache.spark.storage.DefaultTopologyMapper for getting topology information
26/09/21 21:56:34 INFO BlockManagerMasterEndpoint: BlockManagerMasterEndpoint up
26/09/21 21:56:34 INFO SparkEnv: Registering BlockManagerMasterHeartbeat
26/09/21 21:56:34 INFO DiskBlockManager: Created local directory at /tmp/blockmgr-b3a2bf11-389e-4d3a-a900-8d5b73a5f036
26/09/21 21:56:34 INFO MemoryStore: MemoryStore started with capacity 434.4 MiB
26/09/21 21:56:34 INFO SparkEnv: Registering OutputCommitCoordinator
26/09/21 21:56:34 INFO JettyUtils: Start Jetty 0.0.0.0:4040 for SparkUI
26/09/21 21:56:34 INFO Utils: Successfully started service 'SparkUI' on port 4040.
26/09/21 21:56:34 INFO SparkContext: Added JAR file:///home/airflow/.ivy2/jars/org.postgresql_postgresql-42.6.0.jar at spark://e6c3ac7e1715:46263/jars/org.postgresql_postgresql-42.6.0.jar with timestamp 1790027794195
26/09/21 21:56:34 INFO SparkContext: Added JAR file:///home/airflow/.ivy2/jars/org.checkerframework_checker-qual-3.31.0.jar at spark://e6c3ac7e1715:46263/jars/org.checkerframework_checker-qual-3.31.0.jar with timestamp 1790027794195
26/09/21 21:56:34 INFO SparkContext: Added file file:///home/airflow/.ivy2/jars/org.postgresql_postgresql-42.6.0.jar at file:///home/airflow/.ivy2/jars/org.postgresql_postgresql-42.6.0.jar with timestamp 1790027794195
26/09/21 21:56:34 INFO Utils: Copying /home/airflow/.ivy2/jars/org.postgresql_postgresql-42.6.0.jar to /tmp/spark-5a13ae52-3116-4e31-bc86-3794dad2555d/userFiles-f9174e03-280d-4c4c-ad6c-723d3162654d/org.postgresql_postgresql-42.6.0.jar
26/09/21 21:56:34 INFO SparkContext: Added file file:///home/airflow/.ivy2/jars/org.checkerframework_checker-qual-3.31.0.jar at file:///home/airflow/.ivy2/jars/org.checkerframework_checker-qual-3.31.0.jar with timestamp 1790027794195
26/09/21 21:56:34 INFO Utils: Copying /home/airflow/.ivy2/jars/org.checkerframework_checker-qual-3.31.0.jar to /tmp/spark-5a13ae52-3116-4e31-bc86-3794dad2555d/userFiles-f9174e03-280d-4c4c-ad6c-723d3162654d/org.checkerframework_checker-qual-3.31.0.jar
26/09/21 21:56:34 INFO Executor: Starting executor ID driver on host e6c3ac7e1715
26/09/21 21:56:34 INFO Executor: OS info Linux, 7.0.0-31-generic, amd64
26/09/21 21:56:34 INFO Executor: Java version 17.0.20.1
26/09/21 21:56:34 INFO Executor: Starting executor with user classpath (userClassPathFirst = false): ''
26/09/21 21:56:34 INFO Executor: Created or updated repl class loader org.apache.spark.util.MutableURLClassLoader@4a2b1b56 for default.
26/09/21 21:56:34 INFO Executor: Fetching file:///home/airflow/.ivy2/jars/org.checkerframework_checker-qual-3.31.0.jar with timestamp 1790027794195
26/09/21 21:56:34 INFO Utils: /home/airflow/.ivy2/jars/org.checkerframework_checker-qual-3.31.0.jar has been previously copied to /tmp/spark-5a13ae52-3116-4e31-bc86-3794dad2555d/userFiles-f9174e03-280d-4c4c-ad6c-723d3162654d/org.checkerframework_checker-qual-3.31.0.jar
26/09/21 21:56:34 INFO Executor: Fetching file:///home/airflow/.ivy2/jars/org.postgresql_postgresql-42.6.0.jar with timestamp 1790027794195
26/09/21 21:56:34 INFO Utils: /home/airflow/.ivy2/jars/org.postgresql_postgresql-42.6.0.jar has been previously copied to /tmp/spark-5a13ae52-3116-4e31-bc86-3794dad2555d/userFiles-f9174e03-280d-4c4c-ad6c-723d3162654d/org.postgresql_postgresql-42.6.0.jar
26/09/21 21:56:34 INFO Executor: Fetching spark://e6c3ac7e1715:46263/jars/org.checkerframework_checker-qual-3.31.0.jar with timestamp 1790027794195
26/09/21 21:56:34 INFO TransportClientFactory: Successfully created connection to e6c3ac7e1715/172.21.0.3:46263 after 22 ms (0 ms spent in bootstraps)
26/09/21 21:56:34 INFO Utils: Fetching spark://e6c3ac7e1715:46263/jars/org.checkerframework_checker-qual-3.31.0.jar to /tmp/spark-5a13ae52-3116-4e31-bc86-3794dad2555d/userFiles-f9174e03-280d-4c4c-ad6c-723d3162654d/fetchFileTemp2623361330706603544.tmp
26/09/21 21:56:34 INFO Utils: /tmp/spark-5a13ae52-3116-4e31-bc86-3794dad2555d/userFiles-f9174e03-280d-4c4c-ad6c-723d3162654d/fetchFileTemp2623361330706603544.tmp has been previously copied to /tmp/spark-5a13ae52-3116-4e31-bc86-3794dad2555d/userFiles-f9174e03-280d-4c4c-ad6c-723d3162654d/org.checkerframework_checker-qual-3.31.0.jar
26/09/21 21:56:34 INFO Executor: Adding file:/tmp/spark-5a13ae52-3116-4e31-bc86-3794dad2555d/userFiles-f9174e03-280d-4c4c-ad6c-723d3162654d/org.checkerframework_checker-qual-3.31.0.jar to class loader default
26/09/21 21:56:34 INFO Executor: Fetching spark://e6c3ac7e1715:46263/jars/org.postgresql_postgresql-42.6.0.jar with timestamp 1790027794195
26/09/21 21:56:34 INFO Utils: Fetching spark://e6c3ac7e1715:46263/jars/org.postgresql_postgresql-42.6.0.jar to /tmp/spark-5a13ae52-3116-4e31-bc86-3794dad2555d/userFiles-f9174e03-280d-4c4c-ad6c-723d3162654d/fetchFileTemp7716433652231638887.tmp
26/09/21 21:56:34 INFO Utils: /tmp/spark-5a13ae52-3116-4e31-bc86-3794dad2555d/userFiles-f9174e03-280d-4c4c-ad6c-723d3162654d/fetchFileTemp7716433652231638887.tmp has been previously copied to /tmp/spark-5a13ae52-3116-4e31-bc86-3794dad2555d/userFiles-f9174e03-280d-4c4c-ad6c-723d3162654d/org.postgresql_postgresql-42.6.0.jar
26/09/21 21:56:34 INFO Executor: Adding file:/tmp/spark-5a13ae52-3116-4e31-bc86-3794dad2555d/userFiles-f9174e03-280d-4c4c-ad6c-723d3162654d/org.postgresql_postgresql-42.6.0.jar to class loader default
26/09/21 21:56:34 INFO Utils: Successfully started service 'org.apache.spark.network.netty.NettyBlockTransferService' on port 45855.
26/09/21 21:56:34 INFO NettyBlockTransferService: Server created on e6c3ac7e1715:45855
26/09/21 21:56:34 INFO BlockManager: Using org.apache.spark.storage.RandomBlockReplicationPolicy for block replication policy
26/09/21 21:56:34 INFO BlockManagerMaster: Registering BlockManager BlockManagerId(driver, e6c3ac7e1715, 45855, None)
26/09/21 21:56:34 INFO BlockManagerMasterEndpoint: Registering block manager e6c3ac7e1715:45855 with 434.4 MiB RAM, BlockManagerId(driver, e6c3ac7e1715, 45855, None)
26/09/21 21:56:34 INFO BlockManagerMaster: Registered BlockManager BlockManagerId(driver, e6c3ac7e1715, 45855, None)
26/09/21 21:56:34 INFO BlockManager: Initialized BlockManager: BlockManagerId(driver, e6c3ac7e1715, 45855, None)
26/09/21 21:56:35 INFO SharedState: Setting hive.metastore.warehouse.dir ('null') to the value of spark.sql.warehouse.dir.
26/09/21 21:56:35 INFO SharedState: Warehouse path is 'file:/opt/airflow/spark-warehouse'.
26/09/21 21:56:35 INFO InMemoryFileIndex: It took 30 ms to list leaf files for 1 paths.
26/09/21 21:56:36 INFO SparkContext: Starting job: parquet at NativeMethodAccessorImpl.java:0
26/09/21 21:56:36 INFO DAGScheduler: Got job 0 (parquet at NativeMethodAccessorImpl.java:0) with 1 output partitions
26/09/21 21:56:36 INFO DAGScheduler: Final stage: ResultStage 0 (parquet at NativeMethodAccessorImpl.java:0)
26/09/21 21:56:36 INFO DAGScheduler: Parents of final stage: List()
26/09/21 21:56:36 INFO DAGScheduler: Missing parents: List()
26/09/21 21:56:36 INFO DAGScheduler: Submitting ResultStage 0 (MapPartitionsRDD[1] at parquet at NativeMethodAccessorImpl.java:0), which has no missing parents
26/09/21 21:56:36 INFO MemoryStore: Block broadcast_0 stored as values in memory (estimated size 104.5 KiB, free 434.3 MiB)
26/09/21 21:56:36 INFO MemoryStore: Block broadcast_0_piece0 stored as bytes in memory (estimated size 37.6 KiB, free 434.3 MiB)
26/09/21 21:56:36 INFO BlockManagerInfo: Added broadcast_0_piece0 in memory on e6c3ac7e1715:45855 (size: 37.6 KiB, free: 434.4 MiB)
26/09/21 21:56:36 INFO SparkContext: Created broadcast 0 from broadcast at DAGScheduler.scala:1585
26/09/21 21:56:36 INFO DAGScheduler: Submitting 1 missing tasks from ResultStage 0 (MapPartitionsRDD[1] at parquet at NativeMethodAccessorImpl.java:0) (first 15 tasks are for partitions Vector(0))
26/09/21 21:56:36 INFO TaskSchedulerImpl: Adding task set 0.0 with 1 tasks resource profile 0
26/09/21 21:56:36 INFO TaskSetManager: Starting task 0.0 in stage 0.0 (TID 0) (e6c3ac7e1715, executor driver, partition 0, PROCESS_LOCAL, 8303 bytes) 
26/09/21 21:56:36 INFO Executor: Running task 0.0 in stage 0.0 (TID 0)
26/09/21 21:56:36 INFO Executor: Finished task 0.0 in stage 0.0 (TID 0). 2034 bytes result sent to driver
26/09/21 21:56:36 INFO TaskSetManager: Finished task 0.0 in stage 0.0 (TID 0) in 343 ms on e6c3ac7e1715 (executor driver) (1/1)
26/09/21 21:56:36 INFO TaskSchedulerImpl: Removed TaskSet 0.0, whose tasks have all completed, from pool 
26/09/21 21:56:36 INFO DAGScheduler: ResultStage 0 (parquet at NativeMethodAccessorImpl.java:0) finished in 0.485 s
26/09/21 21:56:36 INFO DAGScheduler: Job 0 is finished. Cancelling potential speculative or zombie tasks for this job
26/09/21 21:56:36 INFO TaskSchedulerImpl: Killing all running tasks in stage 0: Stage finished
26/09/21 21:56:36 INFO DAGScheduler: Job 0 finished: parquet at NativeMethodAccessorImpl.java:0, took 0.522077 s
26/09/21 21:56:37 INFO BlockManagerInfo: Removed broadcast_0_piece0 on e6c3ac7e1715:45855 in memory (size: 37.6 KiB, free: 434.4 MiB)
26/09/21 21:56:37 INFO SparkContext: Invoking stop() from shutdown hook
26/09/21 21:56:37 INFO SparkContext: SparkContext is stopping with exitCode 0.
26/09/21 21:56:37 INFO SparkUI: Stopped Spark web UI at http://e6c3ac7e1715:4040
26/09/21 21:56:37 INFO MapOutputTrackerMasterEndpoint: MapOutputTrackerMasterEndpoint stopped!
26/09/21 21:56:37 INFO MemoryStore: MemoryStore cleared
26/09/21 21:56:37 INFO BlockManager: BlockManager stopped
26/09/21 21:56:37 INFO BlockManagerMaster: BlockManagerMaster stopped
26/09/21 21:56:37 INFO OutputCommitCoordinator$OutputCommitCoordinatorEndpoint: OutputCommitCoordinator stopped!
26/09/21 21:56:37 INFO SparkContext: Successfully stopped SparkContext
26/09/21 21:56:37 INFO ShutdownHookManager: Shutdown hook called
26/09/21 21:56:37 INFO ShutdownHookManager: Deleting directory /tmp/spark-5438f537-50a1-49dd-91da-0bf6c75e3bc2
26/09/21 21:56:37 INFO ShutdownHookManager: Deleting directory /tmp/spark-5a13ae52-3116-4e31-bc86-3794dad2555d/pyspark-96f5903d-fc36-4571-a797-d23d80b182e8
26/09/21 21:56:37 INFO ShutdownHookManager: Deleting directory /tmp/spark-5a13ae52-3116-4e31-bc86-3794dad2555d

[2026-09-21T21:56:37.637+0000] {taskinstance.py:441} INFO - ::group::Post task execution logs
[2026-09-21T21:56:37.637+0000] {taskinstance.py:2905} ERROR - Task failed with exception
Traceback (most recent call last):
  File "/home/airflow/.local/lib/python3.11/site-packages/airflow/models/taskinstance.py", line 465, in _execute_task
    result = _execute_callable(context=context, **execute_callable_kwargs)
             ^^^^^^^^^^^^^^^^^^^^^^^^^^^^^^^^^^^^^^^^^^^^^^^^^^^^^^^^^^^^^
  File "/home/airflow/.local/lib/python3.11/site-packages/airflow/models/taskinstance.py", line 432, in _execute_callable
    return execute_callable(context=context, **execute_callable_kwargs)
           ^^^^^^^^^^^^^^^^^^^^^^^^^^^^^^^^^^^^^^^^^^^^^^^^^^^^^^^^^^^^
  File "/home/airflow/.local/lib/python3.11/site-packages/airflow/models/baseoperator.py", line 401, in wrapper
    return func(self, *args, **kwargs)
           ^^^^^^^^^^^^^^^^^^^^^^^^^^^
  File "/home/airflow/.local/lib/python3.11/site-packages/airflow/decorators/base.py", line 265, in execute
    return_value = super().execute(context)
                   ^^^^^^^^^^^^^^^^^^^^^^^^
  File "/home/airflow/.local/lib/python3.11/site-packages/airflow/models/baseoperator.py", line 401, in wrapper
    return func(self, *args, **kwargs)
           ^^^^^^^^^^^^^^^^^^^^^^^^^^^
  File "/home/airflow/.local/lib/python3.11/site-packages/airflow/operators/python.py", line 235, in execute
    return_value = self.execute_callable()
                   ^^^^^^^^^^^^^^^^^^^^^^^
  File "/home/airflow/.local/lib/python3.11/site-packages/airflow/operators/python.py", line 252, in execute_callable
    return self.python_callable(*self.op_args, **self.op_kwargs)
           ^^^^^^^^^^^^^^^^^^^^^^^^^^^^^^^^^^^^^^^^^^^^^^^^^^^^^
  File "/opt/airflow/dags/etl.py", line 70, in extract
    raise e
  File "/opt/airflow/dags/etl.py", line 59, in extract
    script_run = subprocess.run([
                 ^^^^^^^^^^^^^^^^
  File "/usr/local/lib/python3.11/subprocess.py", line 571, in run
    raise CalledProcessError(retcode, process.args,
subprocess.CalledProcessError: Command '['spark-submit', '--packages', 'org.postgresql:postgresql:42.6.0', '/opt/airflow/dags/daily_etl.py', '2019-10-08']' returned non-zero exit status 1.
[2026-09-21T21:56:37.645+0000] {taskinstance.py:1206} INFO - Marking task as UP_FOR_RETRY. dag_id=ecommerce_data, task_id=extract, run_id=scheduled__2019-10-08T00:00:00+00:00, execution_date=20191008T000000, start_date=20260921T215631, end_date=20260921T215637
[2026-09-21T21:56:37.655+0000] {standard_task_runner.py:110} ERROR - Failed to execute job 113 for task extract (Command '['spark-submit', '--packages', 'org.postgresql:postgresql:42.6.0', '/opt/airflow/dags/daily_etl.py', '2019-10-08']' returned non-zero exit status 1.; 11791)
[2026-09-21T21:56:37.674+0000] {local_task_job_runner.py:240} INFO - Task exited with return code 1
[2026-09-21T21:56:37.687+0000] {taskinstance.py:3503} INFO - 0 downstream tasks scheduled from follow-on schedule check
[2026-09-21T21:56:37.688+0000] {local_task_job_runner.py:222} INFO - ::endgroup::
[2026-09-21T22:27:26.397+0000] {local_task_job_runner.py:120} INFO - ::group::Pre task execution logs
[2026-09-21T22:27:26.414+0000] {taskinstance.py:2076} INFO - Dependencies all met for dep_context=non-requeueable deps ti=<TaskInstance: ecommerce_data.extract scheduled__2019-10-08T00:00:00+00:00 [queued]>
[2026-09-21T22:27:26.418+0000] {taskinstance.py:2076} INFO - Dependencies all met for dep_context=requeueable deps ti=<TaskInstance: ecommerce_data.extract scheduled__2019-10-08T00:00:00+00:00 [queued]>
[2026-09-21T22:27:26.419+0000] {taskinstance.py:2306} INFO - Starting attempt 2 of 4
[2026-09-21T22:27:26.427+0000] {taskinstance.py:2330} INFO - Executing <Task(_PythonDecoratedOperator): extract> on 2019-10-08 00:00:00+00:00
[2026-09-21T22:27:26.433+0000] {standard_task_runner.py:63} INFO - Started process 29091 to run task
[2026-09-21T22:27:26.435+0000] {standard_task_runner.py:90} INFO - Running: ['airflow', 'tasks', 'run', 'ecommerce_data', 'extract', 'scheduled__2019-10-08T00:00:00+00:00', '--job-id', '263', '--raw', '--subdir', 'DAGS_FOLDER/etl.py', '--cfg-path', '/tmp/tmpjt3wkzuj']
[2026-09-21T22:27:26.436+0000] {standard_task_runner.py:91} INFO - Job 263: Subtask extract
[2026-09-21T22:27:26.471+0000] {task_command.py:426} INFO - Running <TaskInstance: ecommerce_data.extract scheduled__2019-10-08T00:00:00+00:00 [running]> on host e6c3ac7e1715
[2026-09-21T22:27:26.522+0000] {taskinstance.py:2648} INFO - Exporting env vars: AIRFLOW_CTX_DAG_OWNER='airflow' AIRFLOW_CTX_DAG_ID='ecommerce_data' AIRFLOW_CTX_TASK_ID='extract' AIRFLOW_CTX_EXECUTION_DATE='2019-10-08T00:00:00+00:00' AIRFLOW_CTX_TRY_NUMBER='2' AIRFLOW_CTX_DAG_RUN_ID='scheduled__2019-10-08T00:00:00+00:00'
[2026-09-21T22:27:26.523+0000] {taskinstance.py:430} INFO - ::endgroup::
[2026-09-21T22:27:26.526+0000] {base.py:84} INFO - Using connection ID 'postgres_conn_id' for task execution.
[2026-09-21T22:27:33.089+0000] {taskinstance.py:441} INFO - ::group::Post task execution logs
[2026-09-21T22:27:33.089+0000] {taskinstance.py:2905} ERROR - Task failed with exception
Traceback (most recent call last):
  File "/home/airflow/.local/lib/python3.11/site-packages/airflow/models/taskinstance.py", line 465, in _execute_task
    result = _execute_callable(context=context, **execute_callable_kwargs)
             ^^^^^^^^^^^^^^^^^^^^^^^^^^^^^^^^^^^^^^^^^^^^^^^^^^^^^^^^^^^^^
  File "/home/airflow/.local/lib/python3.11/site-packages/airflow/models/taskinstance.py", line 432, in _execute_callable
    return execute_callable(context=context, **execute_callable_kwargs)
           ^^^^^^^^^^^^^^^^^^^^^^^^^^^^^^^^^^^^^^^^^^^^^^^^^^^^^^^^^^^^
  File "/home/airflow/.local/lib/python3.11/site-packages/airflow/models/baseoperator.py", line 401, in wrapper
    return func(self, *args, **kwargs)
           ^^^^^^^^^^^^^^^^^^^^^^^^^^^
  File "/home/airflow/.local/lib/python3.11/site-packages/airflow/decorators/base.py", line 265, in execute
    return_value = super().execute(context)
                   ^^^^^^^^^^^^^^^^^^^^^^^^
  File "/home/airflow/.local/lib/python3.11/site-packages/airflow/models/baseoperator.py", line 401, in wrapper
    return func(self, *args, **kwargs)
           ^^^^^^^^^^^^^^^^^^^^^^^^^^^
  File "/home/airflow/.local/lib/python3.11/site-packages/airflow/operators/python.py", line 235, in execute
    return_value = self.execute_callable()
                   ^^^^^^^^^^^^^^^^^^^^^^^
  File "/home/airflow/.local/lib/python3.11/site-packages/airflow/operators/python.py", line 252, in execute_callable
    return self.python_callable(*self.op_args, **self.op_kwargs)
           ^^^^^^^^^^^^^^^^^^^^^^^^^^^^^^^^^^^^^^^^^^^^^^^^^^^^^
  File "/opt/airflow/dags/etl.py", line 58, in extract
    script_run = subprocess.run([
                 ^^^^^^^^^^^^^^^^
  File "/usr/local/lib/python3.11/subprocess.py", line 571, in run
    raise CalledProcessError(retcode, process.args,
subprocess.CalledProcessError: Command '['spark-submit', '--packages', 'org.postgresql:postgresql:42.6.0', '/opt/airflow/dags/daily_etl.py', '2019-10-08']' returned non-zero exit status 1.
[2026-09-21T22:27:33.096+0000] {taskinstance.py:1206} INFO - Marking task as UP_FOR_RETRY. dag_id=ecommerce_data, task_id=extract, run_id=scheduled__2019-10-08T00:00:00+00:00, execution_date=20191008T000000, start_date=20260921T222726, end_date=20260921T222733
[2026-09-21T22:27:33.103+0000] {standard_task_runner.py:110} ERROR - Failed to execute job 263 for task extract (Command '['spark-submit', '--packages', 'org.postgresql:postgresql:42.6.0', '/opt/airflow/dags/daily_etl.py', '2019-10-08']' returned non-zero exit status 1.; 29091)
[2026-09-21T22:27:33.133+0000] {local_task_job_runner.py:240} INFO - Task exited with return code 1
[2026-09-21T22:27:33.146+0000] {taskinstance.py:3503} INFO - 0 downstream tasks scheduled from follow-on schedule check
[2026-09-21T22:27:33.147+0000] {local_task_job_runner.py:222} INFO - ::endgroup::
