[2026-09-18T12:33:08.263+0000] {local_task_job_runner.py:120} INFO - ::group::Pre task execution logs
[2026-09-18T12:33:08.275+0000] {taskinstance.py:2076} INFO - Dependencies all met for dep_context=non-requeueable deps ti=<TaskInstance: ecommerce_data.extract scheduled__2019-10-08T00:00:00+00:00 [queued]>
[2026-09-18T12:33:08.278+0000] {taskinstance.py:2076} INFO - Dependencies all met for dep_context=requeueable deps ti=<TaskInstance: ecommerce_data.extract scheduled__2019-10-08T00:00:00+00:00 [queued]>
[2026-09-18T12:33:08.278+0000] {taskinstance.py:2306} INFO - Starting attempt 3 of 4
[2026-09-18T12:33:08.287+0000] {taskinstance.py:2330} INFO - Executing <Task(_PythonDecoratedOperator): extract> on 2019-10-08 00:00:00+00:00
[2026-09-18T12:33:08.291+0000] {standard_task_runner.py:63} INFO - Started process 2417 to run task
[2026-09-18T12:33:08.293+0000] {standard_task_runner.py:90} INFO - Running: ['airflow', 'tasks', 'run', 'ecommerce_data', 'extract', 'scheduled__2019-10-08T00:00:00+00:00', '--job-id', '34', '--raw', '--subdir', 'DAGS_FOLDER/etl.py', '--cfg-path', '/tmp/tmpk5ty92oz']
[2026-09-18T12:33:08.294+0000] {standard_task_runner.py:91} INFO - Job 34: Subtask extract
[2026-09-18T12:33:08.311+0000] {task_command.py:426} INFO - Running <TaskInstance: ecommerce_data.extract scheduled__2019-10-08T00:00:00+00:00 [running]> on host ac3d43ca2f24
[2026-09-18T12:33:08.339+0000] {taskinstance.py:2648} INFO - Exporting env vars: AIRFLOW_CTX_DAG_OWNER='airflow' AIRFLOW_CTX_DAG_ID='ecommerce_data' AIRFLOW_CTX_TASK_ID='extract' AIRFLOW_CTX_EXECUTION_DATE='2019-10-08T00:00:00+00:00' AIRFLOW_CTX_TRY_NUMBER='3' AIRFLOW_CTX_DAG_RUN_ID='scheduled__2019-10-08T00:00:00+00:00'
[2026-09-18T12:33:08.339+0000] {taskinstance.py:430} INFO - ::endgroup::
[2026-09-18T12:33:09.357+0000] {taskinstance.py:441} INFO - ::group::Post task execution logs
[2026-09-18T12:33:09.357+0000] {taskinstance.py:2905} ERROR - Task failed with exception
Traceback (most recent call last):
  File "/home/airflow/.local/lib/python3.11/site-packages/airflow/models/taskinstance.py", line 465, in _execute_task
    result = _execute_callable(context=context, **execute_callable_kwargs)
             ^^^^^^^^^^^^^^^^^^^^^^^^^^^^^^^^^^^^^^^^^^^^^^^^^^^^^^^^^^^^^
  File "/home/airflow/.local/lib/python3.11/site-packages/airflow/models/taskinstance.py", line 432, in _execute_callable
    return execute_callable(context=context, **execute_callable_kwargs)
           ^^^^^^^^^^^^^^^^^^^^^^^^^^^^^^^^^^^^^^^^^^^^^^^^^^^^^^^^^^^^
  File "/home/airflow/.local/lib/python3.11/site-packages/airflow/models/baseoperator.py", line 401, in wrapper
    return func(self, *args, **kwargs)
           ^^^^^^^^^^^^^^^^^^^^^^^^^^^
  File "/home/airflow/.local/lib/python3.11/site-packages/airflow/decorators/base.py", line 265, in execute
    return_value = super().execute(context)
                   ^^^^^^^^^^^^^^^^^^^^^^^^
  File "/home/airflow/.local/lib/python3.11/site-packages/airflow/models/baseoperator.py", line 401, in wrapper
    return func(self, *args, **kwargs)
           ^^^^^^^^^^^^^^^^^^^^^^^^^^^
  File "/home/airflow/.local/lib/python3.11/site-packages/airflow/operators/python.py", line 235, in execute
    return_value = self.execute_callable()
                   ^^^^^^^^^^^^^^^^^^^^^^^
  File "/home/airflow/.local/lib/python3.11/site-packages/airflow/operators/python.py", line 252, in execute_callable
    return self.python_callable(*self.op_args, **self.op_kwargs)
           ^^^^^^^^^^^^^^^^^^^^^^^^^^^^^^^^^^^^^^^^^^^^^^^^^^^^^
  File "/opt/airflow/dags/etl.py", line 26, in extract
    script_run = subprocess.run(["spark-submit", "daily_etl.py", ds], check=True)
                 ^^^^^^^^^^^^^^^^^^^^^^^^^^^^^^^^^^^^^^^^^^^^^^^^^^^^^^^^^^^^^^^^
  File "/usr/local/lib/python3.11/subprocess.py", line 571, in run
    raise CalledProcessError(retcode, process.args,
subprocess.CalledProcessError: Command '['spark-submit', 'daily_etl.py', '2019-10-08']' returned non-zero exit status 2.
[2026-09-18T12:33:09.360+0000] {taskinstance.py:1206} INFO - Marking task as UP_FOR_RETRY. dag_id=ecommerce_data, task_id=extract, run_id=scheduled__2019-10-08T00:00:00+00:00, execution_date=20191008T000000, start_date=20260918T123308, end_date=20260918T123309
[2026-09-18T12:33:09.365+0000] {standard_task_runner.py:110} ERROR - Failed to execute job 34 for task extract (Command '['spark-submit', 'daily_etl.py', '2019-10-08']' returned non-zero exit status 2.; 2417)
[2026-09-18T12:33:09.387+0000] {local_task_job_runner.py:240} INFO - Task exited with return code 1
[2026-09-18T12:33:09.398+0000] {taskinstance.py:3503} INFO - 0 downstream tasks scheduled from follow-on schedule check
[2026-09-18T12:33:09.398+0000] {local_task_job_runner.py:222} INFO - ::endgroup::
[2026-09-19T13:41:54.656+0000] {local_task_job_runner.py:120} INFO - ::group::Pre task execution logs
[2026-09-19T13:41:54.675+0000] {taskinstance.py:2076} INFO - Dependencies all met for dep_context=non-requeueable deps ti=<TaskInstance: ecommerce_data.extract scheduled__2019-10-08T00:00:00+00:00 [queued]>
[2026-09-19T13:41:54.679+0000] {taskinstance.py:2076} INFO - Dependencies all met for dep_context=requeueable deps ti=<TaskInstance: ecommerce_data.extract scheduled__2019-10-08T00:00:00+00:00 [queued]>
[2026-09-19T13:41:54.679+0000] {taskinstance.py:2306} INFO - Starting attempt 3 of 4
[2026-09-19T13:41:54.689+0000] {taskinstance.py:2330} INFO - Executing <Task(_PythonDecoratedOperator): extract> on 2019-10-08 00:00:00+00:00
[2026-09-19T13:41:54.694+0000] {standard_task_runner.py:63} INFO - Started process 4764 to run task
[2026-09-19T13:41:54.697+0000] {standard_task_runner.py:90} INFO - Running: ['airflow', 'tasks', 'run', 'ecommerce_data', 'extract', 'scheduled__2019-10-08T00:00:00+00:00', '--job-id', '76', '--raw', '--subdir', 'DAGS_FOLDER/etl.py', '--cfg-path', '/tmp/tmp11zimcbz']
[2026-09-19T13:41:54.698+0000] {standard_task_runner.py:91} INFO - Job 76: Subtask extract
[2026-09-19T13:41:54.727+0000] {task_command.py:426} INFO - Running <TaskInstance: ecommerce_data.extract scheduled__2019-10-08T00:00:00+00:00 [running]> on host 8e73891b263a
[2026-09-19T13:41:54.781+0000] {taskinstance.py:2648} INFO - Exporting env vars: AIRFLOW_CTX_DAG_OWNER='airflow' AIRFLOW_CTX_DAG_ID='ecommerce_data' AIRFLOW_CTX_TASK_ID='extract' AIRFLOW_CTX_EXECUTION_DATE='2019-10-08T00:00:00+00:00' AIRFLOW_CTX_TRY_NUMBER='3' AIRFLOW_CTX_DAG_RUN_ID='scheduled__2019-10-08T00:00:00+00:00'
[2026-09-19T13:41:54.782+0000] {taskinstance.py:430} INFO - ::endgroup::
[2026-09-19T13:42:00.716+0000] {taskinstance.py:441} INFO - ::group::Post task execution logs
[2026-09-19T13:42:00.717+0000] {taskinstance.py:2905} ERROR - Task failed with exception
Traceback (most recent call last):
  File "/home/airflow/.local/lib/python3.11/site-packages/airflow/models/taskinstance.py", line 465, in _execute_task
    result = _execute_callable(context=context, **execute_callable_kwargs)
             ^^^^^^^^^^^^^^^^^^^^^^^^^^^^^^^^^^^^^^^^^^^^^^^^^^^^^^^^^^^^^
  File "/home/airflow/.local/lib/python3.11/site-packages/airflow/models/taskinstance.py", line 432, in _execute_callable
    return execute_callable(context=context, **execute_callable_kwargs)
           ^^^^^^^^^^^^^^^^^^^^^^^^^^^^^^^^^^^^^^^^^^^^^^^^^^^^^^^^^^^^
  File "/home/airflow/.local/lib/python3.11/site-packages/airflow/models/baseoperator.py", line 401, in wrapper
    return func(self, *args, **kwargs)
           ^^^^^^^^^^^^^^^^^^^^^^^^^^^
  File "/home/airflow/.local/lib/python3.11/site-packages/airflow/decorators/base.py", line 265, in execute
    return_value = super().execute(context)
                   ^^^^^^^^^^^^^^^^^^^^^^^^
  File "/home/airflow/.local/lib/python3.11/site-packages/airflow/models/baseoperator.py", line 401, in wrapper
    return func(self, *args, **kwargs)
           ^^^^^^^^^^^^^^^^^^^^^^^^^^^
  File "/home/airflow/.local/lib/python3.11/site-packages/airflow/operators/python.py", line 235, in execute
    return_value = self.execute_callable()
                   ^^^^^^^^^^^^^^^^^^^^^^^
  File "/home/airflow/.local/lib/python3.11/site-packages/airflow/operators/python.py", line 252, in execute_callable
    return self.python_callable(*self.op_args, **self.op_kwargs)
           ^^^^^^^^^^^^^^^^^^^^^^^^^^^^^^^^^^^^^^^^^^^^^^^^^^^^^
  File "/opt/airflow/dags/etl.py", line 27, in extract
    script_run = subprocess.run(["spark-submit", "/opt/airflow/dags/daily_etl.py", ds], check=True)
                 ^^^^^^^^^^^^^^^^^^^^^^^^^^^^^^^^^^^^^^^^^^^^^^^^^^^^^^^^^^^^^^^^^^^^^^^^^^^^^^^^^^
  File "/usr/local/lib/python3.11/subprocess.py", line 571, in run
    raise CalledProcessError(retcode, process.args,
subprocess.CalledProcessError: Command '['spark-submit', '/opt/airflow/dags/daily_etl.py', '2019-10-08']' returned non-zero exit status 1.
[2026-09-19T13:42:00.729+0000] {taskinstance.py:1206} INFO - Marking task as UP_FOR_RETRY. dag_id=ecommerce_data, task_id=extract, run_id=scheduled__2019-10-08T00:00:00+00:00, execution_date=20191008T000000, start_date=20260919T134154, end_date=20260919T134200
[2026-09-19T13:42:00.739+0000] {standard_task_runner.py:110} ERROR - Failed to execute job 76 for task extract (Command '['spark-submit', '/opt/airflow/dags/daily_etl.py', '2019-10-08']' returned non-zero exit status 1.; 4764)
[2026-09-19T13:42:00.751+0000] {local_task_job_runner.py:240} INFO - Task exited with return code 1
[2026-09-19T13:42:00.759+0000] {taskinstance.py:3503} INFO - 0 downstream tasks scheduled from follow-on schedule check
[2026-09-19T13:42:00.760+0000] {local_task_job_runner.py:222} INFO - ::endgroup::
[2026-09-21T20:54:53.702+0000] {local_task_job_runner.py:120} INFO - ::group::Pre task execution logs
[2026-09-21T20:54:53.717+0000] {taskinstance.py:2076} INFO - Dependencies all met for dep_context=non-requeueable deps ti=<TaskInstance: ecommerce_data.extract scheduled__2019-10-08T00:00:00+00:00 [queued]>
[2026-09-21T20:54:53.721+0000] {taskinstance.py:2076} INFO - Dependencies all met for dep_context=requeueable deps ti=<TaskInstance: ecommerce_data.extract scheduled__2019-10-08T00:00:00+00:00 [queued]>
[2026-09-21T20:54:53.721+0000] {taskinstance.py:2306} INFO - Starting attempt 3 of 4
[2026-09-21T20:54:53.728+0000] {taskinstance.py:2330} INFO - Executing <Task(_PythonDecoratedOperator): extract> on 2019-10-08 00:00:00+00:00
[2026-09-21T20:54:53.733+0000] {standard_task_runner.py:63} INFO - Started process 3282 to run task
[2026-09-21T20:54:53.734+0000] {standard_task_runner.py:90} INFO - Running: ['airflow', 'tasks', 'run', 'ecommerce_data', 'extract', 'scheduled__2019-10-08T00:00:00+00:00', '--job-id', '46', '--raw', '--subdir', 'DAGS_FOLDER/etl.py', '--cfg-path', '/tmp/tmpgzxqa2_d']
[2026-09-21T20:54:53.735+0000] {standard_task_runner.py:91} INFO - Job 46: Subtask extract
[2026-09-21T20:54:53.757+0000] {task_command.py:426} INFO - Running <TaskInstance: ecommerce_data.extract scheduled__2019-10-08T00:00:00+00:00 [running]> on host e6c3ac7e1715
[2026-09-21T20:54:53.789+0000] {taskinstance.py:2648} INFO - Exporting env vars: AIRFLOW_CTX_DAG_OWNER='airflow' AIRFLOW_CTX_DAG_ID='ecommerce_data' AIRFLOW_CTX_TASK_ID='extract' AIRFLOW_CTX_EXECUTION_DATE='2019-10-08T00:00:00+00:00' AIRFLOW_CTX_TRY_NUMBER='3' AIRFLOW_CTX_DAG_RUN_ID='scheduled__2019-10-08T00:00:00+00:00'
[2026-09-21T20:54:53.790+0000] {taskinstance.py:430} INFO - ::endgroup::
[2026-09-21T20:54:53.792+0000] {base.py:84} INFO - Using connection ID 'postgres_conn_id' for task execution.
[2026-09-21T20:55:00.312+0000] {taskinstance.py:441} INFO - ::group::Post task execution logs
[2026-09-21T20:55:00.312+0000] {taskinstance.py:2905} ERROR - Task failed with exception
Traceback (most recent call last):
  File "/home/airflow/.local/lib/python3.11/site-packages/airflow/models/taskinstance.py", line 465, in _execute_task
    result = _execute_callable(context=context, **execute_callable_kwargs)
             ^^^^^^^^^^^^^^^^^^^^^^^^^^^^^^^^^^^^^^^^^^^^^^^^^^^^^^^^^^^^^
  File "/home/airflow/.local/lib/python3.11/site-packages/airflow/models/taskinstance.py", line 432, in _execute_callable
    return execute_callable(context=context, **execute_callable_kwargs)
           ^^^^^^^^^^^^^^^^^^^^^^^^^^^^^^^^^^^^^^^^^^^^^^^^^^^^^^^^^^^^
  File "/home/airflow/.local/lib/python3.11/site-packages/airflow/models/baseoperator.py", line 401, in wrapper
    return func(self, *args, **kwargs)
           ^^^^^^^^^^^^^^^^^^^^^^^^^^^
  File "/home/airflow/.local/lib/python3.11/site-packages/airflow/decorators/base.py", line 265, in execute
    return_value = super().execute(context)
                   ^^^^^^^^^^^^^^^^^^^^^^^^
  File "/home/airflow/.local/lib/python3.11/site-packages/airflow/models/baseoperator.py", line 401, in wrapper
    return func(self, *args, **kwargs)
           ^^^^^^^^^^^^^^^^^^^^^^^^^^^
  File "/home/airflow/.local/lib/python3.11/site-packages/airflow/operators/python.py", line 235, in execute
    return_value = self.execute_callable()
                   ^^^^^^^^^^^^^^^^^^^^^^^
  File "/home/airflow/.local/lib/python3.11/site-packages/airflow/operators/python.py", line 252, in execute_callable
    return self.python_callable(*self.op_args, **self.op_kwargs)
           ^^^^^^^^^^^^^^^^^^^^^^^^^^^^^^^^^^^^^^^^^^^^^^^^^^^^^
  File "/opt/airflow/dags/etl.py", line 58, in extract
    script_run = subprocess.run([
                 ^^^^^^^^^^^^^^^^
  File "/usr/local/lib/python3.11/subprocess.py", line 571, in run
    raise CalledProcessError(retcode, process.args,
subprocess.CalledProcessError: Command '['spark-submit', '--packages', 'org.postgresql:postgresql:42.6.0', '/opt/airflow/dags/daily_etl.py', '2019-10-08']' returned non-zero exit status 1.
[2026-09-21T20:55:00.315+0000] {taskinstance.py:1206} INFO - Marking task as UP_FOR_RETRY. dag_id=ecommerce_data, task_id=extract, run_id=scheduled__2019-10-08T00:00:00+00:00, execution_date=20191008T000000, start_date=20260921T205453, end_date=20260921T205500
[2026-09-21T20:55:00.320+0000] {standard_task_runner.py:110} ERROR - Failed to execute job 46 for task extract (Command '['spark-submit', '--packages', 'org.postgresql:postgresql:42.6.0', '/opt/airflow/dags/daily_etl.py', '2019-10-08']' returned non-zero exit status 1.; 3282)
[2026-09-21T20:55:00.351+0000] {local_task_job_runner.py:240} INFO - Task exited with return code 1
[2026-09-21T20:55:00.358+0000] {taskinstance.py:3503} INFO - 0 downstream tasks scheduled from follow-on schedule check
[2026-09-21T20:55:00.358+0000] {local_task_job_runner.py:222} INFO - ::endgroup::
[2026-09-21T21:56:42.466+0000] {local_task_job_runner.py:120} INFO - ::group::Pre task execution logs
[2026-09-21T21:56:42.483+0000] {taskinstance.py:2076} INFO - Dependencies all met for dep_context=non-requeueable deps ti=<TaskInstance: ecommerce_data.extract scheduled__2019-10-08T00:00:00+00:00 [queued]>
[2026-09-21T21:56:42.488+0000] {taskinstance.py:2076} INFO - Dependencies all met for dep_context=requeueable deps ti=<TaskInstance: ecommerce_data.extract scheduled__2019-10-08T00:00:00+00:00 [queued]>
[2026-09-21T21:56:42.488+0000] {taskinstance.py:2306} INFO - Starting attempt 3 of 4
[2026-09-21T21:56:42.496+0000] {taskinstance.py:2330} INFO - Executing <Task(_PythonDecoratedOperator): extract> on 2019-10-08 00:00:00+00:00
[2026-09-21T21:56:42.501+0000] {standard_task_runner.py:63} INFO - Started process 11987 to run task
[2026-09-21T21:56:42.504+0000] {standard_task_runner.py:90} INFO - Running: ['airflow', 'tasks', 'run', 'ecommerce_data', 'extract', 'scheduled__2019-10-08T00:00:00+00:00', '--job-id', '114', '--raw', '--subdir', 'DAGS_FOLDER/etl.py', '--cfg-path', '/tmp/tmpu0y4uo4d']
[2026-09-21T21:56:42.505+0000] {standard_task_runner.py:91} INFO - Job 114: Subtask extract
[2026-09-21T21:56:42.538+0000] {task_command.py:426} INFO - Running <TaskInstance: ecommerce_data.extract scheduled__2019-10-08T00:00:00+00:00 [running]> on host e6c3ac7e1715
[2026-09-21T21:56:42.590+0000] {taskinstance.py:2648} INFO - Exporting env vars: AIRFLOW_CTX_DAG_OWNER='airflow' AIRFLOW_CTX_DAG_ID='ecommerce_data' AIRFLOW_CTX_TASK_ID='extract' AIRFLOW_CTX_EXECUTION_DATE='2019-10-08T00:00:00+00:00' AIRFLOW_CTX_TRY_NUMBER='3' AIRFLOW_CTX_DAG_RUN_ID='scheduled__2019-10-08T00:00:00+00:00'
[2026-09-21T21:56:42.590+0000] {taskinstance.py:430} INFO - ::endgroup::
[2026-09-21T21:56:42.594+0000] {base.py:84} INFO - Using connection ID 'postgres_conn_id' for task execution.
[2026-09-21T21:56:48.748+0000] {etl.py:68} ERROR - === СПРАВЖНЯ ПОМИЛКА ВІД SPARK ===
[2026-09-21T21:56:48.748+0000] {etl.py:69} ERROR - /home/airflow/.local/lib/python3.11/site-packages/pyspark/bin/load-spark-env.sh: line 68: ps: command not found
Ivy Default Cache set to: /home/airflow/.ivy2/cache
The jars for the packages stored in: /home/airflow/.ivy2/jars
org.postgresql#postgresql added as a dependency
:: resolving dependencies :: org.apache.spark#spark-submit-parent-8bbf0241-f381-4943-92fa-6d8995bb8b2b;1.0
	confs: [default]
	found org.postgresql#postgresql;42.6.0 in central
	found org.checkerframework#checker-qual;3.31.0 in central
:: resolution report :: resolve 128ms :: artifacts dl 6ms
	:: modules in use:
	org.checkerframework#checker-qual;3.31.0 from central in [default]
	org.postgresql#postgresql;42.6.0 from central in [default]
	---------------------------------------------------------------------
	|                  |            modules            ||   artifacts   |
	|       conf       | number| search|dwnlded|evicted|| number|dwnlded|
	---------------------------------------------------------------------
	|      default     |   2   |   0   |   0   |   0   ||   2   |   0   |
	---------------------------------------------------------------------
:: retrieving :: org.apache.spark#spark-submit-parent-8bbf0241-f381-4943-92fa-6d8995bb8b2b
	confs: [default]
	0 artifacts copied, 2 already retrieved (0kB/6ms)
26/09/21 21:56:44 WARN NativeCodeLoader: Unable to load native-hadoop library for your platform... using builtin-java classes where applicable
26/09/21 21:56:45 INFO SparkContext: Running Spark version 3.5.1
26/09/21 21:56:45 INFO SparkContext: OS info Linux, 7.0.0-31-generic, amd64
26/09/21 21:56:45 INFO SparkContext: Java version 17.0.20.1
26/09/21 21:56:45 INFO ResourceUtils: ==============================================================
26/09/21 21:56:45 INFO ResourceUtils: No custom resources configured for spark.driver.
26/09/21 21:56:45 INFO ResourceUtils: ==============================================================
26/09/21 21:56:45 INFO SparkContext: Submitted application: Daily_ecommerce
26/09/21 21:56:45 INFO ResourceProfile: Default ResourceProfile created, executor resources: Map(cores -> name: cores, amount: 1, script: , vendor: , memory -> name: memory, amount: 1024, script: , vendor: , offHeap -> name: offHeap, amount: 0, script: , vendor: ), task resources: Map(cpus -> name: cpus, amount: 1.0)
26/09/21 21:56:45 INFO ResourceProfile: Limiting resource is cpu
26/09/21 21:56:45 INFO ResourceProfileManager: Added ResourceProfile id: 0
26/09/21 21:56:45 INFO SecurityManager: Changing view acls to: airflow
26/09/21 21:56:45 INFO SecurityManager: Changing modify acls to: airflow
26/09/21 21:56:45 INFO SecurityManager: Changing view acls groups to: 
26/09/21 21:56:45 INFO SecurityManager: Changing modify acls groups to: 
26/09/21 21:56:45 INFO SecurityManager: SecurityManager: authentication disabled; ui acls disabled; users with view permissions: airflow; groups with view permissions: EMPTY; users with modify permissions: airflow; groups with modify permissions: EMPTY
26/09/21 21:56:45 INFO Utils: Successfully started service 'sparkDriver' on port 34715.
26/09/21 21:56:45 INFO SparkEnv: Registering MapOutputTracker
26/09/21 21:56:45 INFO SparkEnv: Registering BlockManagerMaster
26/09/21 21:56:45 INFO BlockManagerMasterEndpoint: Using org.apache.spark.storage.DefaultTopologyMapper for getting topology information
26/09/21 21:56:45 INFO BlockManagerMasterEndpoint: BlockManagerMasterEndpoint up
26/09/21 21:56:45 INFO SparkEnv: Registering BlockManagerMasterHeartbeat
26/09/21 21:56:45 INFO DiskBlockManager: Created local directory at /tmp/blockmgr-440fc5b8-915b-4727-86dd-f9ba25acff7a
26/09/21 21:56:45 INFO MemoryStore: MemoryStore started with capacity 434.4 MiB
26/09/21 21:56:45 INFO SparkEnv: Registering OutputCommitCoordinator
26/09/21 21:56:45 INFO JettyUtils: Start Jetty 0.0.0.0:4040 for SparkUI
26/09/21 21:56:45 INFO Utils: Successfully started service 'SparkUI' on port 4040.
26/09/21 21:56:45 INFO SparkContext: Added JAR file:///home/airflow/.ivy2/jars/org.postgresql_postgresql-42.6.0.jar at spark://e6c3ac7e1715:34715/jars/org.postgresql_postgresql-42.6.0.jar with timestamp 1790027805207
26/09/21 21:56:45 INFO SparkContext: Added JAR file:///home/airflow/.ivy2/jars/org.checkerframework_checker-qual-3.31.0.jar at spark://e6c3ac7e1715:34715/jars/org.checkerframework_checker-qual-3.31.0.jar with timestamp 1790027805207
26/09/21 21:56:45 INFO SparkContext: Added file file:///home/airflow/.ivy2/jars/org.postgresql_postgresql-42.6.0.jar at file:///home/airflow/.ivy2/jars/org.postgresql_postgresql-42.6.0.jar with timestamp 1790027805207
26/09/21 21:56:45 INFO Utils: Copying /home/airflow/.ivy2/jars/org.postgresql_postgresql-42.6.0.jar to /tmp/spark-95b336b8-d673-4498-89dc-f54ebfa91893/userFiles-8dbd39d0-6cb0-48c9-abd6-44e46fc23ed6/org.postgresql_postgresql-42.6.0.jar
26/09/21 21:56:45 INFO SparkContext: Added file file:///home/airflow/.ivy2/jars/org.checkerframework_checker-qual-3.31.0.jar at file:///home/airflow/.ivy2/jars/org.checkerframework_checker-qual-3.31.0.jar with timestamp 1790027805207
26/09/21 21:56:45 INFO Utils: Copying /home/airflow/.ivy2/jars/org.checkerframework_checker-qual-3.31.0.jar to /tmp/spark-95b336b8-d673-4498-89dc-f54ebfa91893/userFiles-8dbd39d0-6cb0-48c9-abd6-44e46fc23ed6/org.checkerframework_checker-qual-3.31.0.jar
26/09/21 21:56:45 INFO Executor: Starting executor ID driver on host e6c3ac7e1715
26/09/21 21:56:45 INFO Executor: OS info Linux, 7.0.0-31-generic, amd64
26/09/21 21:56:45 INFO Executor: Java version 17.0.20.1
26/09/21 21:56:45 INFO Executor: Starting executor with user classpath (userClassPathFirst = false): ''
26/09/21 21:56:45 INFO Executor: Created or updated repl class loader org.apache.spark.util.MutableURLClassLoader@68aee242 for default.
26/09/21 21:56:45 INFO Executor: Fetching file:///home/airflow/.ivy2/jars/org.checkerframework_checker-qual-3.31.0.jar with timestamp 1790027805207
26/09/21 21:56:45 INFO Utils: /home/airflow/.ivy2/jars/org.checkerframework_checker-qual-3.31.0.jar has been previously copied to /tmp/spark-95b336b8-d673-4498-89dc-f54ebfa91893/userFiles-8dbd39d0-6cb0-48c9-abd6-44e46fc23ed6/org.checkerframework_checker-qual-3.31.0.jar
26/09/21 21:56:45 INFO Executor: Fetching file:///home/airflow/.ivy2/jars/org.postgresql_postgresql-42.6.0.jar with timestamp 1790027805207
26/09/21 21:56:45 INFO Utils: /home/airflow/.ivy2/jars/org.postgresql_postgresql-42.6.0.jar has been previously copied to /tmp/spark-95b336b8-d673-4498-89dc-f54ebfa91893/userFiles-8dbd39d0-6cb0-48c9-abd6-44e46fc23ed6/org.postgresql_postgresql-42.6.0.jar
26/09/21 21:56:45 INFO Executor: Fetching spark://e6c3ac7e1715:34715/jars/org.postgresql_postgresql-42.6.0.jar with timestamp 1790027805207
26/09/21 21:56:45 INFO TransportClientFactory: Successfully created connection to e6c3ac7e1715/172.21.0.3:34715 after 19 ms (0 ms spent in bootstraps)
26/09/21 21:56:45 INFO Utils: Fetching spark://e6c3ac7e1715:34715/jars/org.postgresql_postgresql-42.6.0.jar to /tmp/spark-95b336b8-d673-4498-89dc-f54ebfa91893/userFiles-8dbd39d0-6cb0-48c9-abd6-44e46fc23ed6/fetchFileTemp18332033663852234077.tmp
26/09/21 21:56:45 INFO Utils: /tmp/spark-95b336b8-d673-4498-89dc-f54ebfa91893/userFiles-8dbd39d0-6cb0-48c9-abd6-44e46fc23ed6/fetchFileTemp18332033663852234077.tmp has been previously copied to /tmp/spark-95b336b8-d673-4498-89dc-f54ebfa91893/userFiles-8dbd39d0-6cb0-48c9-abd6-44e46fc23ed6/org.postgresql_postgresql-42.6.0.jar
26/09/21 21:56:45 INFO Executor: Adding file:/tmp/spark-95b336b8-d673-4498-89dc-f54ebfa91893/userFiles-8dbd39d0-6cb0-48c9-abd6-44e46fc23ed6/org.postgresql_postgresql-42.6.0.jar to class loader default
26/09/21 21:56:45 INFO Executor: Fetching spark://e6c3ac7e1715:34715/jars/org.checkerframework_checker-qual-3.31.0.jar with timestamp 1790027805207
26/09/21 21:56:45 INFO Utils: Fetching spark://e6c3ac7e1715:34715/jars/org.checkerframework_checker-qual-3.31.0.jar to /tmp/spark-95b336b8-d673-4498-89dc-f54ebfa91893/userFiles-8dbd39d0-6cb0-48c9-abd6-44e46fc23ed6/fetchFileTemp16957506598273261013.tmp
26/09/21 21:56:45 INFO Utils: /tmp/spark-95b336b8-d673-4498-89dc-f54ebfa91893/userFiles-8dbd39d0-6cb0-48c9-abd6-44e46fc23ed6/fetchFileTemp16957506598273261013.tmp has been previously copied to /tmp/spark-95b336b8-d673-4498-89dc-f54ebfa91893/userFiles-8dbd39d0-6cb0-48c9-abd6-44e46fc23ed6/org.checkerframework_checker-qual-3.31.0.jar
26/09/21 21:56:45 INFO Executor: Adding file:/tmp/spark-95b336b8-d673-4498-89dc-f54ebfa91893/userFiles-8dbd39d0-6cb0-48c9-abd6-44e46fc23ed6/org.checkerframework_checker-qual-3.31.0.jar to class loader default
26/09/21 21:56:45 INFO Utils: Successfully started service 'org.apache.spark.network.netty.NettyBlockTransferService' on port 39239.
26/09/21 21:56:45 INFO NettyBlockTransferService: Server created on e6c3ac7e1715:39239
26/09/21 21:56:45 INFO BlockManager: Using org.apache.spark.storage.RandomBlockReplicationPolicy for block replication policy
26/09/21 21:56:45 INFO BlockManagerMaster: Registering BlockManager BlockManagerId(driver, e6c3ac7e1715, 39239, None)
26/09/21 21:56:45 INFO BlockManagerMasterEndpoint: Registering block manager e6c3ac7e1715:39239 with 434.4 MiB RAM, BlockManagerId(driver, e6c3ac7e1715, 39239, None)
26/09/21 21:56:45 INFO BlockManagerMaster: Registered BlockManager BlockManagerId(driver, e6c3ac7e1715, 39239, None)
26/09/21 21:56:46 INFO BlockManager: Initialized BlockManager: BlockManagerId(driver, e6c3ac7e1715, 39239, None)
26/09/21 21:56:46 INFO SharedState: Setting hive.metastore.warehouse.dir ('null') to the value of spark.sql.warehouse.dir.
26/09/21 21:56:46 INFO SharedState: Warehouse path is 'file:/opt/airflow/spark-warehouse'.
26/09/21 21:56:46 INFO InMemoryFileIndex: It took 31 ms to list leaf files for 1 paths.
26/09/21 21:56:47 INFO SparkContext: Starting job: parquet at NativeMethodAccessorImpl.java:0
26/09/21 21:56:47 INFO DAGScheduler: Got job 0 (parquet at NativeMethodAccessorImpl.java:0) with 1 output partitions
26/09/21 21:56:47 INFO DAGScheduler: Final stage: ResultStage 0 (parquet at NativeMethodAccessorImpl.java:0)
26/09/21 21:56:47 INFO DAGScheduler: Parents of final stage: List()
26/09/21 21:56:47 INFO DAGScheduler: Missing parents: List()
26/09/21 21:56:47 INFO DAGScheduler: Submitting ResultStage 0 (MapPartitionsRDD[1] at parquet at NativeMethodAccessorImpl.java:0), which has no missing parents
26/09/21 21:56:47 INFO MemoryStore: Block broadcast_0 stored as values in memory (estimated size 104.5 KiB, free 434.3 MiB)
26/09/21 21:56:47 INFO MemoryStore: Block broadcast_0_piece0 stored as bytes in memory (estimated size 37.6 KiB, free 434.3 MiB)
26/09/21 21:56:47 INFO BlockManagerInfo: Added broadcast_0_piece0 in memory on e6c3ac7e1715:39239 (size: 37.6 KiB, free: 434.4 MiB)
26/09/21 21:56:47 INFO SparkContext: Created broadcast 0 from broadcast at DAGScheduler.scala:1585
26/09/21 21:56:47 INFO DAGScheduler: Submitting 1 missing tasks from ResultStage 0 (MapPartitionsRDD[1] at parquet at NativeMethodAccessorImpl.java:0) (first 15 tasks are for partitions Vector(0))
26/09/21 21:56:47 INFO TaskSchedulerImpl: Adding task set 0.0 with 1 tasks resource profile 0
26/09/21 21:56:47 INFO TaskSetManager: Starting task 0.0 in stage 0.0 (TID 0) (e6c3ac7e1715, executor driver, partition 0, PROCESS_LOCAL, 8303 bytes) 
26/09/21 21:56:47 INFO Executor: Running task 0.0 in stage 0.0 (TID 0)
26/09/21 21:56:47 INFO Executor: Finished task 0.0 in stage 0.0 (TID 0). 2034 bytes result sent to driver
26/09/21 21:56:47 INFO TaskSetManager: Finished task 0.0 in stage 0.0 (TID 0) in 377 ms on e6c3ac7e1715 (executor driver) (1/1)
26/09/21 21:56:47 INFO TaskSchedulerImpl: Removed TaskSet 0.0, whose tasks have all completed, from pool 
26/09/21 21:56:47 INFO DAGScheduler: ResultStage 0 (parquet at NativeMethodAccessorImpl.java:0) finished in 0.509 s
26/09/21 21:56:47 INFO DAGScheduler: Job 0 is finished. Cancelling potential speculative or zombie tasks for this job
26/09/21 21:56:47 INFO TaskSchedulerImpl: Killing all running tasks in stage 0: Stage finished
26/09/21 21:56:47 INFO DAGScheduler: Job 0 finished: parquet at NativeMethodAccessorImpl.java:0, took 0.546654 s
26/09/21 21:56:48 INFO BlockManagerInfo: Removed broadcast_0_piece0 on e6c3ac7e1715:39239 in memory (size: 37.6 KiB, free: 434.4 MiB)
26/09/21 21:56:48 INFO SparkContext: Invoking stop() from shutdown hook
26/09/21 21:56:48 INFO SparkContext: SparkContext is stopping with exitCode 0.
26/09/21 21:56:48 INFO SparkUI: Stopped Spark web UI at http://e6c3ac7e1715:4040
26/09/21 21:56:48 INFO MapOutputTrackerMasterEndpoint: MapOutputTrackerMasterEndpoint stopped!
26/09/21 21:56:48 INFO MemoryStore: MemoryStore cleared
26/09/21 21:56:48 INFO BlockManager: BlockManager stopped
26/09/21 21:56:48 INFO BlockManagerMaster: BlockManagerMaster stopped
26/09/21 21:56:48 INFO OutputCommitCoordinator$OutputCommitCoordinatorEndpoint: OutputCommitCoordinator stopped!
26/09/21 21:56:48 INFO SparkContext: Successfully stopped SparkContext
26/09/21 21:56:48 INFO ShutdownHookManager: Shutdown hook called
26/09/21 21:56:48 INFO ShutdownHookManager: Deleting directory /tmp/spark-95b336b8-d673-4498-89dc-f54ebfa91893/pyspark-ca63eead-3ba9-445c-9152-20ba666c140f
26/09/21 21:56:48 INFO ShutdownHookManager: Deleting directory /tmp/spark-da0f51fb-719f-4ec1-b8f3-cfd056a3049d
26/09/21 21:56:48 INFO ShutdownHookManager: Deleting directory /tmp/spark-95b336b8-d673-4498-89dc-f54ebfa91893

[2026-09-21T21:56:48.749+0000] {taskinstance.py:441} INFO - ::group::Post task execution logs
[2026-09-21T21:56:48.749+0000] {taskinstance.py:2905} ERROR - Task failed with exception
Traceback (most recent call last):
  File "/home/airflow/.local/lib/python3.11/site-packages/airflow/models/taskinstance.py", line 465, in _execute_task
    result = _execute_callable(context=context, **execute_callable_kwargs)
             ^^^^^^^^^^^^^^^^^^^^^^^^^^^^^^^^^^^^^^^^^^^^^^^^^^^^^^^^^^^^^
  File "/home/airflow/.local/lib/python3.11/site-packages/airflow/models/taskinstance.py", line 432, in _execute_callable
    return execute_callable(context=context, **execute_callable_kwargs)
           ^^^^^^^^^^^^^^^^^^^^^^^^^^^^^^^^^^^^^^^^^^^^^^^^^^^^^^^^^^^^
  File "/home/airflow/.local/lib/python3.11/site-packages/airflow/models/baseoperator.py", line 401, in wrapper
    return func(self, *args, **kwargs)
           ^^^^^^^^^^^^^^^^^^^^^^^^^^^
  File "/home/airflow/.local/lib/python3.11/site-packages/airflow/decorators/base.py", line 265, in execute
    return_value = super().execute(context)
                   ^^^^^^^^^^^^^^^^^^^^^^^^
  File "/home/airflow/.local/lib/python3.11/site-packages/airflow/models/baseoperator.py", line 401, in wrapper
    return func(self, *args, **kwargs)
           ^^^^^^^^^^^^^^^^^^^^^^^^^^^
  File "/home/airflow/.local/lib/python3.11/site-packages/airflow/operators/python.py", line 235, in execute
    return_value = self.execute_callable()
                   ^^^^^^^^^^^^^^^^^^^^^^^
  File "/home/airflow/.local/lib/python3.11/site-packages/airflow/operators/python.py", line 252, in execute_callable
    return self.python_callable(*self.op_args, **self.op_kwargs)
           ^^^^^^^^^^^^^^^^^^^^^^^^^^^^^^^^^^^^^^^^^^^^^^^^^^^^^
  File "/opt/airflow/dags/etl.py", line 70, in extract
    raise e
  File "/opt/airflow/dags/etl.py", line 59, in extract
    script_run = subprocess.run([
                 ^^^^^^^^^^^^^^^^
  File "/usr/local/lib/python3.11/subprocess.py", line 571, in run
    raise CalledProcessError(retcode, process.args,
subprocess.CalledProcessError: Command '['spark-submit', '--packages', 'org.postgresql:postgresql:42.6.0', '/opt/airflow/dags/daily_etl.py', '2019-10-08']' returned non-zero exit status 1.
[2026-09-21T21:56:48.758+0000] {taskinstance.py:1206} INFO - Marking task as UP_FOR_RETRY. dag_id=ecommerce_data, task_id=extract, run_id=scheduled__2019-10-08T00:00:00+00:00, execution_date=20191008T000000, start_date=20260921T215642, end_date=20260921T215648
[2026-09-21T21:56:48.768+0000] {standard_task_runner.py:110} ERROR - Failed to execute job 114 for task extract (Command '['spark-submit', '--packages', 'org.postgresql:postgresql:42.6.0', '/opt/airflow/dags/daily_etl.py', '2019-10-08']' returned non-zero exit status 1.; 11987)
[2026-09-21T21:56:48.802+0000] {local_task_job_runner.py:240} INFO - Task exited with return code 1
[2026-09-21T21:56:48.817+0000] {taskinstance.py:3503} INFO - 0 downstream tasks scheduled from follow-on schedule check
[2026-09-21T21:56:48.817+0000] {local_task_job_runner.py:222} INFO - ::endgroup::
[2026-09-21T22:27:37.847+0000] {local_task_job_runner.py:120} INFO - ::group::Pre task execution logs
[2026-09-21T22:27:37.865+0000] {taskinstance.py:2076} INFO - Dependencies all met for dep_context=non-requeueable deps ti=<TaskInstance: ecommerce_data.extract scheduled__2019-10-08T00:00:00+00:00 [queued]>
[2026-09-21T22:27:37.869+0000] {taskinstance.py:2076} INFO - Dependencies all met for dep_context=requeueable deps ti=<TaskInstance: ecommerce_data.extract scheduled__2019-10-08T00:00:00+00:00 [queued]>
[2026-09-21T22:27:37.869+0000] {taskinstance.py:2306} INFO - Starting attempt 3 of 4
[2026-09-21T22:27:37.877+0000] {taskinstance.py:2330} INFO - Executing <Task(_PythonDecoratedOperator): extract> on 2019-10-08 00:00:00+00:00
[2026-09-21T22:27:37.885+0000] {standard_task_runner.py:63} INFO - Started process 29286 to run task
[2026-09-21T22:27:37.887+0000] {standard_task_runner.py:90} INFO - Running: ['airflow', 'tasks', 'run', 'ecommerce_data', 'extract', 'scheduled__2019-10-08T00:00:00+00:00', '--job-id', '264', '--raw', '--subdir', 'DAGS_FOLDER/etl.py', '--cfg-path', '/tmp/tmpebcu_2cr']
[2026-09-21T22:27:37.889+0000] {standard_task_runner.py:91} INFO - Job 264: Subtask extract
[2026-09-21T22:27:37.923+0000] {task_command.py:426} INFO - Running <TaskInstance: ecommerce_data.extract scheduled__2019-10-08T00:00:00+00:00 [running]> on host e6c3ac7e1715
[2026-09-21T22:27:37.976+0000] {taskinstance.py:2648} INFO - Exporting env vars: AIRFLOW_CTX_DAG_OWNER='airflow' AIRFLOW_CTX_DAG_ID='ecommerce_data' AIRFLOW_CTX_TASK_ID='extract' AIRFLOW_CTX_EXECUTION_DATE='2019-10-08T00:00:00+00:00' AIRFLOW_CTX_TRY_NUMBER='3' AIRFLOW_CTX_DAG_RUN_ID='scheduled__2019-10-08T00:00:00+00:00'
[2026-09-21T22:27:37.977+0000] {taskinstance.py:430} INFO - ::endgroup::
[2026-09-21T22:27:37.980+0000] {base.py:84} INFO - Using connection ID 'postgres_conn_id' for task execution.
[2026-09-21T22:27:44.402+0000] {taskinstance.py:441} INFO - ::group::Post task execution logs
[2026-09-21T22:27:44.403+0000] {taskinstance.py:2905} ERROR - Task failed with exception
Traceback (most recent call last):
  File "/home/airflow/.local/lib/python3.11/site-packages/airflow/models/taskinstance.py", line 465, in _execute_task
    result = _execute_callable(context=context, **execute_callable_kwargs)
             ^^^^^^^^^^^^^^^^^^^^^^^^^^^^^^^^^^^^^^^^^^^^^^^^^^^^^^^^^^^^^
  File "/home/airflow/.local/lib/python3.11/site-packages/airflow/models/taskinstance.py", line 432, in _execute_callable
    return execute_callable(context=context, **execute_callable_kwargs)
           ^^^^^^^^^^^^^^^^^^^^^^^^^^^^^^^^^^^^^^^^^^^^^^^^^^^^^^^^^^^^
  File "/home/airflow/.local/lib/python3.11/site-packages/airflow/models/baseoperator.py", line 401, in wrapper
    return func(self, *args, **kwargs)
           ^^^^^^^^^^^^^^^^^^^^^^^^^^^
  File "/home/airflow/.local/lib/python3.11/site-packages/airflow/decorators/base.py", line 265, in execute
    return_value = super().execute(context)
                   ^^^^^^^^^^^^^^^^^^^^^^^^
  File "/home/airflow/.local/lib/python3.11/site-packages/airflow/models/baseoperator.py", line 401, in wrapper
    return func(self, *args, **kwargs)
           ^^^^^^^^^^^^^^^^^^^^^^^^^^^
  File "/home/airflow/.local/lib/python3.11/site-packages/airflow/operators/python.py", line 235, in execute
    return_value = self.execute_callable()
                   ^^^^^^^^^^^^^^^^^^^^^^^
  File "/home/airflow/.local/lib/python3.11/site-packages/airflow/operators/python.py", line 252, in execute_callable
    return self.python_callable(*self.op_args, **self.op_kwargs)
           ^^^^^^^^^^^^^^^^^^^^^^^^^^^^^^^^^^^^^^^^^^^^^^^^^^^^^
  File "/opt/airflow/dags/etl.py", line 58, in extract
    script_run = subprocess.run([
                 ^^^^^^^^^^^^^^^^
  File "/usr/local/lib/python3.11/subprocess.py", line 571, in run
    raise CalledProcessError(retcode, process.args,
subprocess.CalledProcessError: Command '['spark-submit', '--packages', 'org.postgresql:postgresql:42.6.0', '/opt/airflow/dags/daily_etl.py', '2019-10-08']' returned non-zero exit status 1.
[2026-09-21T22:27:44.408+0000] {taskinstance.py:1206} INFO - Marking task as UP_FOR_RETRY. dag_id=ecommerce_data, task_id=extract, run_id=scheduled__2019-10-08T00:00:00+00:00, execution_date=20191008T000000, start_date=20260921T222737, end_date=20260921T222744
[2026-09-21T22:27:44.413+0000] {standard_task_runner.py:110} ERROR - Failed to execute job 264 for task extract (Command '['spark-submit', '--packages', 'org.postgresql:postgresql:42.6.0', '/opt/airflow/dags/daily_etl.py', '2019-10-08']' returned non-zero exit status 1.; 29286)
[2026-09-21T22:27:44.426+0000] {local_task_job_runner.py:240} INFO - Task exited with return code 1
[2026-09-21T22:27:44.438+0000] {taskinstance.py:3503} INFO - 0 downstream tasks scheduled from follow-on schedule check
[2026-09-21T22:27:44.439+0000] {local_task_job_runner.py:222} INFO - ::endgroup::
