[2026-09-18T12:32:50.319+0000] {local_task_job_runner.py:120} INFO - ::group::Pre task execution logs
[2026-09-18T12:32:50.332+0000] {taskinstance.py:2076} INFO - Dependencies all met for dep_context=non-requeueable deps ti=<TaskInstance: ecommerce_data.extract scheduled__2019-10-06T00:00:00+00:00 [queued]>
[2026-09-18T12:32:50.336+0000] {taskinstance.py:2076} INFO - Dependencies all met for dep_context=requeueable deps ti=<TaskInstance: ecommerce_data.extract scheduled__2019-10-06T00:00:00+00:00 [queued]>
[2026-09-18T12:32:50.337+0000] {taskinstance.py:2306} INFO - Starting attempt 4 of 4
[2026-09-18T12:32:50.344+0000] {taskinstance.py:2330} INFO - Executing <Task(_PythonDecoratedOperator): extract> on 2019-10-06 00:00:00+00:00
[2026-09-18T12:32:50.347+0000] {standard_task_runner.py:63} INFO - Started process 1967 to run task
[2026-09-18T12:32:50.348+0000] {standard_task_runner.py:90} INFO - Running: ['airflow', 'tasks', 'run', 'ecommerce_data', 'extract', 'scheduled__2019-10-06T00:00:00+00:00', '--job-id', '28', '--raw', '--subdir', 'DAGS_FOLDER/etl.py', '--cfg-path', '/tmp/tmp00s1dakt']
[2026-09-18T12:32:50.349+0000] {standard_task_runner.py:91} INFO - Job 28: Subtask extract
[2026-09-18T12:32:50.366+0000] {task_command.py:426} INFO - Running <TaskInstance: ecommerce_data.extract scheduled__2019-10-06T00:00:00+00:00 [running]> on host ac3d43ca2f24
[2026-09-18T12:32:50.393+0000] {taskinstance.py:2648} INFO - Exporting env vars: AIRFLOW_CTX_DAG_OWNER='airflow' AIRFLOW_CTX_DAG_ID='ecommerce_data' AIRFLOW_CTX_TASK_ID='extract' AIRFLOW_CTX_EXECUTION_DATE='2019-10-06T00:00:00+00:00' AIRFLOW_CTX_TRY_NUMBER='4' AIRFLOW_CTX_DAG_RUN_ID='scheduled__2019-10-06T00:00:00+00:00'
[2026-09-18T12:32:50.393+0000] {taskinstance.py:430} INFO - ::endgroup::
[2026-09-18T12:32:51.324+0000] {taskinstance.py:441} INFO - ::group::Post task execution logs
[2026-09-18T12:32:51.325+0000] {taskinstance.py:2905} ERROR - Task failed with exception
Traceback (most recent call last):
  File "/home/airflow/.local/lib/python3.11/site-packages/airflow/models/taskinstance.py", line 465, in _execute_task
    result = _execute_callable(context=context, **execute_callable_kwargs)
             ^^^^^^^^^^^^^^^^^^^^^^^^^^^^^^^^^^^^^^^^^^^^^^^^^^^^^^^^^^^^^
  File "/home/airflow/.local/lib/python3.11/site-packages/airflow/models/taskinstance.py", line 432, in _execute_callable
    return execute_callable(context=context, **execute_callable_kwargs)
           ^^^^^^^^^^^^^^^^^^^^^^^^^^^^^^^^^^^^^^^^^^^^^^^^^^^^^^^^^^^^
  File "/home/airflow/.local/lib/python3.11/site-packages/airflow/models/baseoperator.py", line 401, in wrapper
    return func(self, *args, **kwargs)
           ^^^^^^^^^^^^^^^^^^^^^^^^^^^
  File "/home/airflow/.local/lib/python3.11/site-packages/airflow/decorators/base.py", line 265, in execute
    return_value = super().execute(context)
                   ^^^^^^^^^^^^^^^^^^^^^^^^
  File "/home/airflow/.local/lib/python3.11/site-packages/airflow/models/baseoperator.py", line 401, in wrapper
    return func(self, *args, **kwargs)
           ^^^^^^^^^^^^^^^^^^^^^^^^^^^
  File "/home/airflow/.local/lib/python3.11/site-packages/airflow/operators/python.py", line 235, in execute
    return_value = self.execute_callable()
                   ^^^^^^^^^^^^^^^^^^^^^^^
  File "/home/airflow/.local/lib/python3.11/site-packages/airflow/operators/python.py", line 252, in execute_callable
    return self.python_callable(*self.op_args, **self.op_kwargs)
           ^^^^^^^^^^^^^^^^^^^^^^^^^^^^^^^^^^^^^^^^^^^^^^^^^^^^^
  File "/opt/airflow/dags/etl.py", line 26, in extract
    script_run = subprocess.run(["spark-submit", "daily_etl.py", ds], check=True)
                 ^^^^^^^^^^^^^^^^^^^^^^^^^^^^^^^^^^^^^^^^^^^^^^^^^^^^^^^^^^^^^^^^
  File "/usr/local/lib/python3.11/subprocess.py", line 571, in run
    raise CalledProcessError(retcode, process.args,
subprocess.CalledProcessError: Command '['spark-submit', 'daily_etl.py', '2019-10-06']' returned non-zero exit status 2.
[2026-09-18T12:32:51.328+0000] {taskinstance.py:1206} INFO - Marking task as FAILED. dag_id=ecommerce_data, task_id=extract, run_id=scheduled__2019-10-06T00:00:00+00:00, execution_date=20191006T000000, start_date=20260918T123250, end_date=20260918T123251
[2026-09-18T12:32:51.333+0000] {standard_task_runner.py:110} ERROR - Failed to execute job 28 for task extract (Command '['spark-submit', 'daily_etl.py', '2019-10-06']' returned non-zero exit status 2.; 1967)
[2026-09-18T12:32:51.363+0000] {local_task_job_runner.py:240} INFO - Task exited with return code 1
[2026-09-18T12:32:51.375+0000] {taskinstance.py:3503} INFO - 0 downstream tasks scheduled from follow-on schedule check
[2026-09-18T12:32:51.375+0000] {local_task_job_runner.py:222} INFO - ::endgroup::
[2026-09-19T13:40:21.724+0000] {local_task_job_runner.py:120} INFO - ::group::Pre task execution logs
[2026-09-19T13:40:21.743+0000] {taskinstance.py:2076} INFO - Dependencies all met for dep_context=non-requeueable deps ti=<TaskInstance: ecommerce_data.extract scheduled__2019-10-06T00:00:00+00:00 [queued]>
[2026-09-19T13:40:21.747+0000] {taskinstance.py:2076} INFO - Dependencies all met for dep_context=requeueable deps ti=<TaskInstance: ecommerce_data.extract scheduled__2019-10-06T00:00:00+00:00 [queued]>
[2026-09-19T13:40:21.747+0000] {taskinstance.py:2306} INFO - Starting attempt 4 of 4
[2026-09-19T13:40:21.756+0000] {taskinstance.py:2330} INFO - Executing <Task(_PythonDecoratedOperator): extract> on 2019-10-06 00:00:00+00:00
[2026-09-19T13:40:21.762+0000] {standard_task_runner.py:63} INFO - Started process 3508 to run task
[2026-09-19T13:40:21.764+0000] {standard_task_runner.py:90} INFO - Running: ['airflow', 'tasks', 'run', 'ecommerce_data', 'extract', 'scheduled__2019-10-06T00:00:00+00:00', '--job-id', '69', '--raw', '--subdir', 'DAGS_FOLDER/etl.py', '--cfg-path', '/tmp/tmpr66wzjp9']
[2026-09-19T13:40:21.765+0000] {standard_task_runner.py:91} INFO - Job 69: Subtask extract
[2026-09-19T13:40:21.796+0000] {task_command.py:426} INFO - Running <TaskInstance: ecommerce_data.extract scheduled__2019-10-06T00:00:00+00:00 [running]> on host 8e73891b263a
[2026-09-19T13:40:21.851+0000] {taskinstance.py:2648} INFO - Exporting env vars: AIRFLOW_CTX_DAG_OWNER='airflow' AIRFLOW_CTX_DAG_ID='ecommerce_data' AIRFLOW_CTX_TASK_ID='extract' AIRFLOW_CTX_EXECUTION_DATE='2019-10-06T00:00:00+00:00' AIRFLOW_CTX_TRY_NUMBER='4' AIRFLOW_CTX_DAG_RUN_ID='scheduled__2019-10-06T00:00:00+00:00'
[2026-09-19T13:40:21.852+0000] {taskinstance.py:430} INFO - ::endgroup::
[2026-09-19T13:40:27.919+0000] {taskinstance.py:441} INFO - ::group::Post task execution logs
[2026-09-19T13:40:27.919+0000] {taskinstance.py:2905} ERROR - Task failed with exception
Traceback (most recent call last):
  File "/home/airflow/.local/lib/python3.11/site-packages/airflow/models/taskinstance.py", line 465, in _execute_task
    result = _execute_callable(context=context, **execute_callable_kwargs)
             ^^^^^^^^^^^^^^^^^^^^^^^^^^^^^^^^^^^^^^^^^^^^^^^^^^^^^^^^^^^^^
  File "/home/airflow/.local/lib/python3.11/site-packages/airflow/models/taskinstance.py", line 432, in _execute_callable
    return execute_callable(context=context, **execute_callable_kwargs)
           ^^^^^^^^^^^^^^^^^^^^^^^^^^^^^^^^^^^^^^^^^^^^^^^^^^^^^^^^^^^^
  File "/home/airflow/.local/lib/python3.11/site-packages/airflow/models/baseoperator.py", line 401, in wrapper
    return func(self, *args, **kwargs)
           ^^^^^^^^^^^^^^^^^^^^^^^^^^^
  File "/home/airflow/.local/lib/python3.11/site-packages/airflow/decorators/base.py", line 265, in execute
    return_value = super().execute(context)
                   ^^^^^^^^^^^^^^^^^^^^^^^^
  File "/home/airflow/.local/lib/python3.11/site-packages/airflow/models/baseoperator.py", line 401, in wrapper
    return func(self, *args, **kwargs)
           ^^^^^^^^^^^^^^^^^^^^^^^^^^^
  File "/home/airflow/.local/lib/python3.11/site-packages/airflow/operators/python.py", line 235, in execute
    return_value = self.execute_callable()
                   ^^^^^^^^^^^^^^^^^^^^^^^
  File "/home/airflow/.local/lib/python3.11/site-packages/airflow/operators/python.py", line 252, in execute_callable
    return self.python_callable(*self.op_args, **self.op_kwargs)
           ^^^^^^^^^^^^^^^^^^^^^^^^^^^^^^^^^^^^^^^^^^^^^^^^^^^^^
  File "/opt/airflow/dags/etl.py", line 27, in extract
    script_run = subprocess.run(["spark-submit", "/opt/airflow/dags/daily_etl.py", ds], check=True)
                 ^^^^^^^^^^^^^^^^^^^^^^^^^^^^^^^^^^^^^^^^^^^^^^^^^^^^^^^^^^^^^^^^^^^^^^^^^^^^^^^^^^
  File "/usr/local/lib/python3.11/subprocess.py", line 571, in run
    raise CalledProcessError(retcode, process.args,
subprocess.CalledProcessError: Command '['spark-submit', '/opt/airflow/dags/daily_etl.py', '2019-10-06']' returned non-zero exit status 1.
[2026-09-19T13:40:27.929+0000] {taskinstance.py:1206} INFO - Marking task as FAILED. dag_id=ecommerce_data, task_id=extract, run_id=scheduled__2019-10-06T00:00:00+00:00, execution_date=20191006T000000, start_date=20260919T134021, end_date=20260919T134027
[2026-09-19T13:40:27.939+0000] {standard_task_runner.py:110} ERROR - Failed to execute job 69 for task extract (Command '['spark-submit', '/opt/airflow/dags/daily_etl.py', '2019-10-06']' returned non-zero exit status 1.; 3508)
[2026-09-19T13:40:27.982+0000] {local_task_job_runner.py:240} INFO - Task exited with return code 1
[2026-09-19T13:40:27.997+0000] {taskinstance.py:3503} INFO - 0 downstream tasks scheduled from follow-on schedule check
[2026-09-19T13:40:27.998+0000] {local_task_job_runner.py:222} INFO - ::endgroup::
[2026-09-21T20:22:34.611+0000] {local_task_job_runner.py:120} INFO - ::group::Pre task execution logs
[2026-09-21T20:22:34.624+0000] {taskinstance.py:2076} INFO - Dependencies all met for dep_context=non-requeueable deps ti=<TaskInstance: ecommerce_data.extract scheduled__2019-10-06T00:00:00+00:00 [queued]>
[2026-09-21T20:22:34.628+0000] {taskinstance.py:2076} INFO - Dependencies all met for dep_context=requeueable deps ti=<TaskInstance: ecommerce_data.extract scheduled__2019-10-06T00:00:00+00:00 [queued]>
[2026-09-21T20:22:34.628+0000] {taskinstance.py:2306} INFO - Starting attempt 4 of 4
[2026-09-21T20:22:34.634+0000] {taskinstance.py:2330} INFO - Executing <Task(_PythonDecoratedOperator): extract> on 2019-10-06 00:00:00+00:00
[2026-09-21T20:22:34.638+0000] {standard_task_runner.py:63} INFO - Started process 1290 to run task
[2026-09-21T20:22:34.639+0000] {standard_task_runner.py:90} INFO - Running: ['airflow', 'tasks', 'run', 'ecommerce_data', 'extract', 'scheduled__2019-10-06T00:00:00+00:00', '--job-id', '33', '--raw', '--subdir', 'DAGS_FOLDER/etl.py', '--cfg-path', '/tmp/tmpulj7s9xh']
[2026-09-21T20:22:34.640+0000] {standard_task_runner.py:91} INFO - Job 33: Subtask extract
[2026-09-21T20:22:34.659+0000] {task_command.py:426} INFO - Running <TaskInstance: ecommerce_data.extract scheduled__2019-10-06T00:00:00+00:00 [running]> on host e6c3ac7e1715
[2026-09-21T20:22:34.688+0000] {taskinstance.py:2648} INFO - Exporting env vars: AIRFLOW_CTX_DAG_OWNER='airflow' AIRFLOW_CTX_DAG_ID='ecommerce_data' AIRFLOW_CTX_TASK_ID='extract' AIRFLOW_CTX_EXECUTION_DATE='2019-10-06T00:00:00+00:00' AIRFLOW_CTX_TRY_NUMBER='4' AIRFLOW_CTX_DAG_RUN_ID='scheduled__2019-10-06T00:00:00+00:00'
[2026-09-21T20:22:34.688+0000] {taskinstance.py:430} INFO - ::endgroup::
[2026-09-21T20:22:34.691+0000] {base.py:84} INFO - Using connection ID 'postgres_conn_id' for task execution.
[2026-09-21T20:22:40.739+0000] {taskinstance.py:441} INFO - ::group::Post task execution logs
[2026-09-21T20:22:40.739+0000] {taskinstance.py:2905} ERROR - Task failed with exception
Traceback (most recent call last):
  File "/home/airflow/.local/lib/python3.11/site-packages/airflow/models/taskinstance.py", line 465, in _execute_task
    result = _execute_callable(context=context, **execute_callable_kwargs)
             ^^^^^^^^^^^^^^^^^^^^^^^^^^^^^^^^^^^^^^^^^^^^^^^^^^^^^^^^^^^^^
  File "/home/airflow/.local/lib/python3.11/site-packages/airflow/models/taskinstance.py", line 432, in _execute_callable
    return execute_callable(context=context, **execute_callable_kwargs)
           ^^^^^^^^^^^^^^^^^^^^^^^^^^^^^^^^^^^^^^^^^^^^^^^^^^^^^^^^^^^^
  File "/home/airflow/.local/lib/python3.11/site-packages/airflow/models/baseoperator.py", line 401, in wrapper
    return func(self, *args, **kwargs)
           ^^^^^^^^^^^^^^^^^^^^^^^^^^^
  File "/home/airflow/.local/lib/python3.11/site-packages/airflow/decorators/base.py", line 265, in execute
    return_value = super().execute(context)
                   ^^^^^^^^^^^^^^^^^^^^^^^^
  File "/home/airflow/.local/lib/python3.11/site-packages/airflow/models/baseoperator.py", line 401, in wrapper
    return func(self, *args, **kwargs)
           ^^^^^^^^^^^^^^^^^^^^^^^^^^^
  File "/home/airflow/.local/lib/python3.11/site-packages/airflow/operators/python.py", line 235, in execute
    return_value = self.execute_callable()
                   ^^^^^^^^^^^^^^^^^^^^^^^
  File "/home/airflow/.local/lib/python3.11/site-packages/airflow/operators/python.py", line 252, in execute_callable
    return self.python_callable(*self.op_args, **self.op_kwargs)
           ^^^^^^^^^^^^^^^^^^^^^^^^^^^^^^^^^^^^^^^^^^^^^^^^^^^^^
  File "/opt/airflow/dags/etl.py", line 58, in extract
    script_run = subprocess.run([
                 ^^^^^^^^^^^^^^^^
  File "/usr/local/lib/python3.11/subprocess.py", line 571, in run
    raise CalledProcessError(retcode, process.args,
subprocess.CalledProcessError: Command '['spark-submit', '--packages', 'org.postgresql:postgresql:42.6.0', '/opt/airflow/dags/daily_etl.py', '2019-10-06']' returned non-zero exit status 1.
[2026-09-21T20:22:40.743+0000] {taskinstance.py:1206} INFO - Marking task as FAILED. dag_id=ecommerce_data, task_id=extract, run_id=scheduled__2019-10-06T00:00:00+00:00, execution_date=20191006T000000, start_date=20260921T202234, end_date=20260921T202240
[2026-09-21T20:22:40.747+0000] {standard_task_runner.py:110} ERROR - Failed to execute job 33 for task extract (Command '['spark-submit', '--packages', 'org.postgresql:postgresql:42.6.0', '/opt/airflow/dags/daily_etl.py', '2019-10-06']' returned non-zero exit status 1.; 1290)
[2026-09-21T20:22:40.761+0000] {local_task_job_runner.py:240} INFO - Task exited with return code 1
[2026-09-21T20:22:40.766+0000] {taskinstance.py:3503} INFO - 0 downstream tasks scheduled from follow-on schedule check
[2026-09-21T20:22:40.767+0000] {local_task_job_runner.py:222} INFO - ::endgroup::
[2026-09-21T21:55:05.268+0000] {local_task_job_runner.py:120} INFO - ::group::Pre task execution logs
[2026-09-21T21:55:05.285+0000] {taskinstance.py:2076} INFO - Dependencies all met for dep_context=non-requeueable deps ti=<TaskInstance: ecommerce_data.extract scheduled__2019-10-06T00:00:00+00:00 [queued]>
[2026-09-21T21:55:05.290+0000] {taskinstance.py:2076} INFO - Dependencies all met for dep_context=requeueable deps ti=<TaskInstance: ecommerce_data.extract scheduled__2019-10-06T00:00:00+00:00 [queued]>
[2026-09-21T21:55:05.290+0000] {taskinstance.py:2306} INFO - Starting attempt 4 of 4
[2026-09-21T21:55:05.298+0000] {taskinstance.py:2330} INFO - Executing <Task(_PythonDecoratedOperator): extract> on 2019-10-06 00:00:00+00:00
[2026-09-21T21:55:05.303+0000] {standard_task_runner.py:63} INFO - Started process 10561 to run task
[2026-09-21T21:55:05.305+0000] {standard_task_runner.py:90} INFO - Running: ['airflow', 'tasks', 'run', 'ecommerce_data', 'extract', 'scheduled__2019-10-06T00:00:00+00:00', '--job-id', '101', '--raw', '--subdir', 'DAGS_FOLDER/etl.py', '--cfg-path', '/tmp/tmpncmrzziv']
[2026-09-21T21:55:05.306+0000] {standard_task_runner.py:91} INFO - Job 101: Subtask extract
[2026-09-21T21:55:05.340+0000] {task_command.py:426} INFO - Running <TaskInstance: ecommerce_data.extract scheduled__2019-10-06T00:00:00+00:00 [running]> on host e6c3ac7e1715
[2026-09-21T21:55:05.392+0000] {taskinstance.py:2648} INFO - Exporting env vars: AIRFLOW_CTX_DAG_OWNER='airflow' AIRFLOW_CTX_DAG_ID='ecommerce_data' AIRFLOW_CTX_TASK_ID='extract' AIRFLOW_CTX_EXECUTION_DATE='2019-10-06T00:00:00+00:00' AIRFLOW_CTX_TRY_NUMBER='4' AIRFLOW_CTX_DAG_RUN_ID='scheduled__2019-10-06T00:00:00+00:00'
[2026-09-21T21:55:05.393+0000] {taskinstance.py:430} INFO - ::endgroup::
[2026-09-21T21:55:05.396+0000] {base.py:84} INFO - Using connection ID 'postgres_conn_id' for task execution.
[2026-09-21T21:55:11.545+0000] {etl.py:68} ERROR - === СПРАВЖНЯ ПОМИЛКА ВІД SPARK ===
[2026-09-21T21:55:11.546+0000] {etl.py:69} ERROR - /home/airflow/.local/lib/python3.11/site-packages/pyspark/bin/load-spark-env.sh: line 68: ps: command not found
Ivy Default Cache set to: /home/airflow/.ivy2/cache
The jars for the packages stored in: /home/airflow/.ivy2/jars
org.postgresql#postgresql added as a dependency
:: resolving dependencies :: org.apache.spark#spark-submit-parent-b89caa03-fc09-4035-aa7f-e97444323549;1.0
	confs: [default]
	found org.postgresql#postgresql;42.6.0 in central
	found org.checkerframework#checker-qual;3.31.0 in central
:: resolution report :: resolve 117ms :: artifacts dl 6ms
	:: modules in use:
	org.checkerframework#checker-qual;3.31.0 from central in [default]
	org.postgresql#postgresql;42.6.0 from central in [default]
	---------------------------------------------------------------------
	|                  |            modules            ||   artifacts   |
	|       conf       | number| search|dwnlded|evicted|| number|dwnlded|
	---------------------------------------------------------------------
	|      default     |   2   |   0   |   0   |   0   ||   2   |   0   |
	---------------------------------------------------------------------
:: retrieving :: org.apache.spark#spark-submit-parent-b89caa03-fc09-4035-aa7f-e97444323549
	confs: [default]
	0 artifacts copied, 2 already retrieved (0kB/5ms)
26/09/21 21:55:07 WARN NativeCodeLoader: Unable to load native-hadoop library for your platform... using builtin-java classes where applicable
26/09/21 21:55:08 INFO SparkContext: Running Spark version 3.5.1
26/09/21 21:55:08 INFO SparkContext: OS info Linux, 7.0.0-31-generic, amd64
26/09/21 21:55:08 INFO SparkContext: Java version 17.0.20.1
26/09/21 21:55:08 INFO ResourceUtils: ==============================================================
26/09/21 21:55:08 INFO ResourceUtils: No custom resources configured for spark.driver.
26/09/21 21:55:08 INFO ResourceUtils: ==============================================================
26/09/21 21:55:08 INFO SparkContext: Submitted application: Daily_ecommerce
26/09/21 21:55:08 INFO ResourceProfile: Default ResourceProfile created, executor resources: Map(cores -> name: cores, amount: 1, script: , vendor: , memory -> name: memory, amount: 1024, script: , vendor: , offHeap -> name: offHeap, amount: 0, script: , vendor: ), task resources: Map(cpus -> name: cpus, amount: 1.0)
26/09/21 21:55:08 INFO ResourceProfile: Limiting resource is cpu
26/09/21 21:55:08 INFO ResourceProfileManager: Added ResourceProfile id: 0
26/09/21 21:55:08 INFO SecurityManager: Changing view acls to: airflow
26/09/21 21:55:08 INFO SecurityManager: Changing modify acls to: airflow
26/09/21 21:55:08 INFO SecurityManager: Changing view acls groups to: 
26/09/21 21:55:08 INFO SecurityManager: Changing modify acls groups to: 
26/09/21 21:55:08 INFO SecurityManager: SecurityManager: authentication disabled; ui acls disabled; users with view permissions: airflow; groups with view permissions: EMPTY; users with modify permissions: airflow; groups with modify permissions: EMPTY
26/09/21 21:55:08 INFO Utils: Successfully started service 'sparkDriver' on port 35699.
26/09/21 21:55:08 INFO SparkEnv: Registering MapOutputTracker
26/09/21 21:55:08 INFO SparkEnv: Registering BlockManagerMaster
26/09/21 21:55:08 INFO BlockManagerMasterEndpoint: Using org.apache.spark.storage.DefaultTopologyMapper for getting topology information
26/09/21 21:55:08 INFO BlockManagerMasterEndpoint: BlockManagerMasterEndpoint up
26/09/21 21:55:08 INFO SparkEnv: Registering BlockManagerMasterHeartbeat
26/09/21 21:55:08 INFO DiskBlockManager: Created local directory at /tmp/blockmgr-09c0d2d3-c35d-468e-93cd-3ac6ebe88b77
26/09/21 21:55:08 INFO MemoryStore: MemoryStore started with capacity 434.4 MiB
26/09/21 21:55:08 INFO SparkEnv: Registering OutputCommitCoordinator
26/09/21 21:55:08 INFO JettyUtils: Start Jetty 0.0.0.0:4040 for SparkUI
26/09/21 21:55:08 INFO Utils: Successfully started service 'SparkUI' on port 4040.
26/09/21 21:55:08 INFO SparkContext: Added JAR file:///home/airflow/.ivy2/jars/org.postgresql_postgresql-42.6.0.jar at spark://e6c3ac7e1715:35699/jars/org.postgresql_postgresql-42.6.0.jar with timestamp 1790027708062
26/09/21 21:55:08 INFO SparkContext: Added JAR file:///home/airflow/.ivy2/jars/org.checkerframework_checker-qual-3.31.0.jar at spark://e6c3ac7e1715:35699/jars/org.checkerframework_checker-qual-3.31.0.jar with timestamp 1790027708062
26/09/21 21:55:08 INFO SparkContext: Added file file:///home/airflow/.ivy2/jars/org.postgresql_postgresql-42.6.0.jar at file:///home/airflow/.ivy2/jars/org.postgresql_postgresql-42.6.0.jar with timestamp 1790027708062
26/09/21 21:55:08 INFO Utils: Copying /home/airflow/.ivy2/jars/org.postgresql_postgresql-42.6.0.jar to /tmp/spark-cd03d61f-ef99-4fc0-a84a-d67dc1353f90/userFiles-fb261646-7de2-4bca-aae4-e0e870c7fc19/org.postgresql_postgresql-42.6.0.jar
26/09/21 21:55:08 INFO SparkContext: Added file file:///home/airflow/.ivy2/jars/org.checkerframework_checker-qual-3.31.0.jar at file:///home/airflow/.ivy2/jars/org.checkerframework_checker-qual-3.31.0.jar with timestamp 1790027708062
26/09/21 21:55:08 INFO Utils: Copying /home/airflow/.ivy2/jars/org.checkerframework_checker-qual-3.31.0.jar to /tmp/spark-cd03d61f-ef99-4fc0-a84a-d67dc1353f90/userFiles-fb261646-7de2-4bca-aae4-e0e870c7fc19/org.checkerframework_checker-qual-3.31.0.jar
26/09/21 21:55:08 INFO Executor: Starting executor ID driver on host e6c3ac7e1715
26/09/21 21:55:08 INFO Executor: OS info Linux, 7.0.0-31-generic, amd64
26/09/21 21:55:08 INFO Executor: Java version 17.0.20.1
26/09/21 21:55:08 INFO Executor: Starting executor with user classpath (userClassPathFirst = false): ''
26/09/21 21:55:08 INFO Executor: Created or updated repl class loader org.apache.spark.util.MutableURLClassLoader@4e870ecc for default.
26/09/21 21:55:08 INFO Executor: Fetching file:///home/airflow/.ivy2/jars/org.checkerframework_checker-qual-3.31.0.jar with timestamp 1790027708062
26/09/21 21:55:08 INFO Utils: /home/airflow/.ivy2/jars/org.checkerframework_checker-qual-3.31.0.jar has been previously copied to /tmp/spark-cd03d61f-ef99-4fc0-a84a-d67dc1353f90/userFiles-fb261646-7de2-4bca-aae4-e0e870c7fc19/org.checkerframework_checker-qual-3.31.0.jar
26/09/21 21:55:08 INFO Executor: Fetching file:///home/airflow/.ivy2/jars/org.postgresql_postgresql-42.6.0.jar with timestamp 1790027708062
26/09/21 21:55:08 INFO Utils: /home/airflow/.ivy2/jars/org.postgresql_postgresql-42.6.0.jar has been previously copied to /tmp/spark-cd03d61f-ef99-4fc0-a84a-d67dc1353f90/userFiles-fb261646-7de2-4bca-aae4-e0e870c7fc19/org.postgresql_postgresql-42.6.0.jar
26/09/21 21:55:08 INFO Executor: Fetching spark://e6c3ac7e1715:35699/jars/org.checkerframework_checker-qual-3.31.0.jar with timestamp 1790027708062
26/09/21 21:55:08 INFO TransportClientFactory: Successfully created connection to e6c3ac7e1715/172.21.0.3:35699 after 20 ms (0 ms spent in bootstraps)
26/09/21 21:55:08 INFO Utils: Fetching spark://e6c3ac7e1715:35699/jars/org.checkerframework_checker-qual-3.31.0.jar to /tmp/spark-cd03d61f-ef99-4fc0-a84a-d67dc1353f90/userFiles-fb261646-7de2-4bca-aae4-e0e870c7fc19/fetchFileTemp5806156883636373554.tmp
26/09/21 21:55:08 INFO Utils: /tmp/spark-cd03d61f-ef99-4fc0-a84a-d67dc1353f90/userFiles-fb261646-7de2-4bca-aae4-e0e870c7fc19/fetchFileTemp5806156883636373554.tmp has been previously copied to /tmp/spark-cd03d61f-ef99-4fc0-a84a-d67dc1353f90/userFiles-fb261646-7de2-4bca-aae4-e0e870c7fc19/org.checkerframework_checker-qual-3.31.0.jar
26/09/21 21:55:08 INFO Executor: Adding file:/tmp/spark-cd03d61f-ef99-4fc0-a84a-d67dc1353f90/userFiles-fb261646-7de2-4bca-aae4-e0e870c7fc19/org.checkerframework_checker-qual-3.31.0.jar to class loader default
26/09/21 21:55:08 INFO Executor: Fetching spark://e6c3ac7e1715:35699/jars/org.postgresql_postgresql-42.6.0.jar with timestamp 1790027708062
26/09/21 21:55:08 INFO Utils: Fetching spark://e6c3ac7e1715:35699/jars/org.postgresql_postgresql-42.6.0.jar to /tmp/spark-cd03d61f-ef99-4fc0-a84a-d67dc1353f90/userFiles-fb261646-7de2-4bca-aae4-e0e870c7fc19/fetchFileTemp17687856263262402630.tmp
26/09/21 21:55:08 INFO Utils: /tmp/spark-cd03d61f-ef99-4fc0-a84a-d67dc1353f90/userFiles-fb261646-7de2-4bca-aae4-e0e870c7fc19/fetchFileTemp17687856263262402630.tmp has been previously copied to /tmp/spark-cd03d61f-ef99-4fc0-a84a-d67dc1353f90/userFiles-fb261646-7de2-4bca-aae4-e0e870c7fc19/org.postgresql_postgresql-42.6.0.jar
26/09/21 21:55:08 INFO Executor: Adding file:/tmp/spark-cd03d61f-ef99-4fc0-a84a-d67dc1353f90/userFiles-fb261646-7de2-4bca-aae4-e0e870c7fc19/org.postgresql_postgresql-42.6.0.jar to class loader default
26/09/21 21:55:08 INFO Utils: Successfully started service 'org.apache.spark.network.netty.NettyBlockTransferService' on port 42043.
26/09/21 21:55:08 INFO NettyBlockTransferService: Server created on e6c3ac7e1715:42043
26/09/21 21:55:08 INFO BlockManager: Using org.apache.spark.storage.RandomBlockReplicationPolicy for block replication policy
26/09/21 21:55:08 INFO BlockManagerMaster: Registering BlockManager BlockManagerId(driver, e6c3ac7e1715, 42043, None)
26/09/21 21:55:08 INFO BlockManagerMasterEndpoint: Registering block manager e6c3ac7e1715:42043 with 434.4 MiB RAM, BlockManagerId(driver, e6c3ac7e1715, 42043, None)
26/09/21 21:55:08 INFO BlockManagerMaster: Registered BlockManager BlockManagerId(driver, e6c3ac7e1715, 42043, None)
26/09/21 21:55:08 INFO BlockManager: Initialized BlockManager: BlockManagerId(driver, e6c3ac7e1715, 42043, None)
26/09/21 21:55:09 INFO SharedState: Setting hive.metastore.warehouse.dir ('null') to the value of spark.sql.warehouse.dir.
26/09/21 21:55:09 INFO SharedState: Warehouse path is 'file:/opt/airflow/spark-warehouse'.
26/09/21 21:55:09 INFO InMemoryFileIndex: It took 34 ms to list leaf files for 1 paths.
26/09/21 21:55:10 INFO SparkContext: Starting job: parquet at NativeMethodAccessorImpl.java:0
26/09/21 21:55:10 INFO DAGScheduler: Got job 0 (parquet at NativeMethodAccessorImpl.java:0) with 1 output partitions
26/09/21 21:55:10 INFO DAGScheduler: Final stage: ResultStage 0 (parquet at NativeMethodAccessorImpl.java:0)
26/09/21 21:55:10 INFO DAGScheduler: Parents of final stage: List()
26/09/21 21:55:10 INFO DAGScheduler: Missing parents: List()
26/09/21 21:55:10 INFO DAGScheduler: Submitting ResultStage 0 (MapPartitionsRDD[1] at parquet at NativeMethodAccessorImpl.java:0), which has no missing parents
26/09/21 21:55:10 INFO MemoryStore: Block broadcast_0 stored as values in memory (estimated size 104.5 KiB, free 434.3 MiB)
26/09/21 21:55:10 INFO MemoryStore: Block broadcast_0_piece0 stored as bytes in memory (estimated size 37.6 KiB, free 434.3 MiB)
26/09/21 21:55:10 INFO BlockManagerInfo: Added broadcast_0_piece0 in memory on e6c3ac7e1715:42043 (size: 37.6 KiB, free: 434.4 MiB)
26/09/21 21:55:10 INFO SparkContext: Created broadcast 0 from broadcast at DAGScheduler.scala:1585
26/09/21 21:55:10 INFO DAGScheduler: Submitting 1 missing tasks from ResultStage 0 (MapPartitionsRDD[1] at parquet at NativeMethodAccessorImpl.java:0) (first 15 tasks are for partitions Vector(0))
26/09/21 21:55:10 INFO TaskSchedulerImpl: Adding task set 0.0 with 1 tasks resource profile 0
26/09/21 21:55:10 INFO TaskSetManager: Starting task 0.0 in stage 0.0 (TID 0) (e6c3ac7e1715, executor driver, partition 0, PROCESS_LOCAL, 8303 bytes) 
26/09/21 21:55:10 INFO Executor: Running task 0.0 in stage 0.0 (TID 0)
26/09/21 21:55:10 INFO Executor: Finished task 0.0 in stage 0.0 (TID 0). 2034 bytes result sent to driver
26/09/21 21:55:10 INFO TaskSetManager: Finished task 0.0 in stage 0.0 (TID 0) in 308 ms on e6c3ac7e1715 (executor driver) (1/1)
26/09/21 21:55:10 INFO TaskSchedulerImpl: Removed TaskSet 0.0, whose tasks have all completed, from pool 
26/09/21 21:55:10 INFO DAGScheduler: ResultStage 0 (parquet at NativeMethodAccessorImpl.java:0) finished in 0.420 s
26/09/21 21:55:10 INFO DAGScheduler: Job 0 is finished. Cancelling potential speculative or zombie tasks for this job
26/09/21 21:55:10 INFO TaskSchedulerImpl: Killing all running tasks in stage 0: Stage finished
26/09/21 21:55:10 INFO DAGScheduler: Job 0 finished: parquet at NativeMethodAccessorImpl.java:0, took 0.450863 s
26/09/21 21:55:10 INFO BlockManagerInfo: Removed broadcast_0_piece0 on e6c3ac7e1715:42043 in memory (size: 37.6 KiB, free: 434.4 MiB)
26/09/21 21:55:11 INFO SparkContext: Invoking stop() from shutdown hook
26/09/21 21:55:11 INFO SparkContext: SparkContext is stopping with exitCode 0.
26/09/21 21:55:11 INFO SparkUI: Stopped Spark web UI at http://e6c3ac7e1715:4040
26/09/21 21:55:11 INFO MapOutputTrackerMasterEndpoint: MapOutputTrackerMasterEndpoint stopped!
26/09/21 21:55:11 INFO MemoryStore: MemoryStore cleared
26/09/21 21:55:11 INFO BlockManager: BlockManager stopped
26/09/21 21:55:11 INFO BlockManagerMaster: BlockManagerMaster stopped
26/09/21 21:55:11 INFO OutputCommitCoordinator$OutputCommitCoordinatorEndpoint: OutputCommitCoordinator stopped!
26/09/21 21:55:11 INFO SparkContext: Successfully stopped SparkContext
26/09/21 21:55:11 INFO ShutdownHookManager: Shutdown hook called
26/09/21 21:55:11 INFO ShutdownHookManager: Deleting directory /tmp/spark-cd03d61f-ef99-4fc0-a84a-d67dc1353f90
26/09/21 21:55:11 INFO ShutdownHookManager: Deleting directory /tmp/spark-cd03d61f-ef99-4fc0-a84a-d67dc1353f90/pyspark-6f951837-ddf3-49ac-9568-51aa39e1af6c
26/09/21 21:55:11 INFO ShutdownHookManager: Deleting directory /tmp/spark-973bc5cf-656a-400f-998c-ca0a21291199

[2026-09-21T21:55:11.546+0000] {taskinstance.py:441} INFO - ::group::Post task execution logs
[2026-09-21T21:55:11.547+0000] {taskinstance.py:2905} ERROR - Task failed with exception
Traceback (most recent call last):
  File "/home/airflow/.local/lib/python3.11/site-packages/airflow/models/taskinstance.py", line 465, in _execute_task
    result = _execute_callable(context=context, **execute_callable_kwargs)
             ^^^^^^^^^^^^^^^^^^^^^^^^^^^^^^^^^^^^^^^^^^^^^^^^^^^^^^^^^^^^^
  File "/home/airflow/.local/lib/python3.11/site-packages/airflow/models/taskinstance.py", line 432, in _execute_callable
    return execute_callable(context=context, **execute_callable_kwargs)
           ^^^^^^^^^^^^^^^^^^^^^^^^^^^^^^^^^^^^^^^^^^^^^^^^^^^^^^^^^^^^
  File "/home/airflow/.local/lib/python3.11/site-packages/airflow/models/baseoperator.py", line 401, in wrapper
    return func(self, *args, **kwargs)
           ^^^^^^^^^^^^^^^^^^^^^^^^^^^
  File "/home/airflow/.local/lib/python3.11/site-packages/airflow/decorators/base.py", line 265, in execute
    return_value = super().execute(context)
                   ^^^^^^^^^^^^^^^^^^^^^^^^
  File "/home/airflow/.local/lib/python3.11/site-packages/airflow/models/baseoperator.py", line 401, in wrapper
    return func(self, *args, **kwargs)
           ^^^^^^^^^^^^^^^^^^^^^^^^^^^
  File "/home/airflow/.local/lib/python3.11/site-packages/airflow/operators/python.py", line 235, in execute
    return_value = self.execute_callable()
                   ^^^^^^^^^^^^^^^^^^^^^^^
  File "/home/airflow/.local/lib/python3.11/site-packages/airflow/operators/python.py", line 252, in execute_callable
    return self.python_callable(*self.op_args, **self.op_kwargs)
           ^^^^^^^^^^^^^^^^^^^^^^^^^^^^^^^^^^^^^^^^^^^^^^^^^^^^^
  File "/opt/airflow/dags/etl.py", line 70, in extract
    raise e
  File "/opt/airflow/dags/etl.py", line 59, in extract
    script_run = subprocess.run([
                 ^^^^^^^^^^^^^^^^
  File "/usr/local/lib/python3.11/subprocess.py", line 571, in run
    raise CalledProcessError(retcode, process.args,
subprocess.CalledProcessError: Command '['spark-submit', '--packages', 'org.postgresql:postgresql:42.6.0', '/opt/airflow/dags/daily_etl.py', '2019-10-06']' returned non-zero exit status 1.
[2026-09-21T21:55:11.555+0000] {taskinstance.py:1206} INFO - Marking task as FAILED. dag_id=ecommerce_data, task_id=extract, run_id=scheduled__2019-10-06T00:00:00+00:00, execution_date=20191006T000000, start_date=20260921T215505, end_date=20260921T215511
[2026-09-21T21:55:11.563+0000] {standard_task_runner.py:110} ERROR - Failed to execute job 101 for task extract (Command '['spark-submit', '--packages', 'org.postgresql:postgresql:42.6.0', '/opt/airflow/dags/daily_etl.py', '2019-10-06']' returned non-zero exit status 1.; 10561)
[2026-09-21T21:55:11.611+0000] {local_task_job_runner.py:240} INFO - Task exited with return code 1
[2026-09-21T21:55:11.626+0000] {taskinstance.py:3503} INFO - 0 downstream tasks scheduled from follow-on schedule check
[2026-09-21T21:55:11.627+0000] {local_task_job_runner.py:222} INFO - ::endgroup::
[2026-09-21T22:25:58.834+0000] {local_task_job_runner.py:120} INFO - ::group::Pre task execution logs
[2026-09-21T22:25:58.851+0000] {taskinstance.py:2076} INFO - Dependencies all met for dep_context=non-requeueable deps ti=<TaskInstance: ecommerce_data.extract scheduled__2019-10-06T00:00:00+00:00 [queued]>
[2026-09-21T22:25:58.855+0000] {taskinstance.py:2076} INFO - Dependencies all met for dep_context=requeueable deps ti=<TaskInstance: ecommerce_data.extract scheduled__2019-10-06T00:00:00+00:00 [queued]>
[2026-09-21T22:25:58.856+0000] {taskinstance.py:2306} INFO - Starting attempt 4 of 4
[2026-09-21T22:25:58.863+0000] {taskinstance.py:2330} INFO - Executing <Task(_PythonDecoratedOperator): extract> on 2019-10-06 00:00:00+00:00
[2026-09-21T22:25:58.869+0000] {standard_task_runner.py:63} INFO - Started process 27858 to run task
[2026-09-21T22:25:58.871+0000] {standard_task_runner.py:90} INFO - Running: ['airflow', 'tasks', 'run', 'ecommerce_data', 'extract', 'scheduled__2019-10-06T00:00:00+00:00', '--job-id', '251', '--raw', '--subdir', 'DAGS_FOLDER/etl.py', '--cfg-path', '/tmp/tmpm6k20xax']
[2026-09-21T22:25:58.872+0000] {standard_task_runner.py:91} INFO - Job 251: Subtask extract
[2026-09-21T22:25:58.904+0000] {task_command.py:426} INFO - Running <TaskInstance: ecommerce_data.extract scheduled__2019-10-06T00:00:00+00:00 [running]> on host e6c3ac7e1715
[2026-09-21T22:25:58.958+0000] {taskinstance.py:2648} INFO - Exporting env vars: AIRFLOW_CTX_DAG_OWNER='airflow' AIRFLOW_CTX_DAG_ID='ecommerce_data' AIRFLOW_CTX_TASK_ID='extract' AIRFLOW_CTX_EXECUTION_DATE='2019-10-06T00:00:00+00:00' AIRFLOW_CTX_TRY_NUMBER='4' AIRFLOW_CTX_DAG_RUN_ID='scheduled__2019-10-06T00:00:00+00:00'
[2026-09-21T22:25:58.958+0000] {taskinstance.py:430} INFO - ::endgroup::
[2026-09-21T22:25:58.962+0000] {base.py:84} INFO - Using connection ID 'postgres_conn_id' for task execution.
[2026-09-21T22:26:05.363+0000] {taskinstance.py:441} INFO - ::group::Post task execution logs
[2026-09-21T22:26:05.363+0000] {taskinstance.py:2905} ERROR - Task failed with exception
Traceback (most recent call last):
  File "/home/airflow/.local/lib/python3.11/site-packages/airflow/models/taskinstance.py", line 465, in _execute_task
    result = _execute_callable(context=context, **execute_callable_kwargs)
             ^^^^^^^^^^^^^^^^^^^^^^^^^^^^^^^^^^^^^^^^^^^^^^^^^^^^^^^^^^^^^
  File "/home/airflow/.local/lib/python3.11/site-packages/airflow/models/taskinstance.py", line 432, in _execute_callable
    return execute_callable(context=context, **execute_callable_kwargs)
           ^^^^^^^^^^^^^^^^^^^^^^^^^^^^^^^^^^^^^^^^^^^^^^^^^^^^^^^^^^^^
  File "/home/airflow/.local/lib/python3.11/site-packages/airflow/models/baseoperator.py", line 401, in wrapper
    return func(self, *args, **kwargs)
           ^^^^^^^^^^^^^^^^^^^^^^^^^^^
  File "/home/airflow/.local/lib/python3.11/site-packages/airflow/decorators/base.py", line 265, in execute
    return_value = super().execute(context)
                   ^^^^^^^^^^^^^^^^^^^^^^^^
  File "/home/airflow/.local/lib/python3.11/site-packages/airflow/models/baseoperator.py", line 401, in wrapper
    return func(self, *args, **kwargs)
           ^^^^^^^^^^^^^^^^^^^^^^^^^^^
  File "/home/airflow/.local/lib/python3.11/site-packages/airflow/operators/python.py", line 235, in execute
    return_value = self.execute_callable()
                   ^^^^^^^^^^^^^^^^^^^^^^^
  File "/home/airflow/.local/lib/python3.11/site-packages/airflow/operators/python.py", line 252, in execute_callable
    return self.python_callable(*self.op_args, **self.op_kwargs)
           ^^^^^^^^^^^^^^^^^^^^^^^^^^^^^^^^^^^^^^^^^^^^^^^^^^^^^
  File "/opt/airflow/dags/etl.py", line 58, in extract
    script_run = subprocess.run([
                 ^^^^^^^^^^^^^^^^
  File "/usr/local/lib/python3.11/subprocess.py", line 571, in run
    raise CalledProcessError(retcode, process.args,
subprocess.CalledProcessError: Command '['spark-submit', '--packages', 'org.postgresql:postgresql:42.6.0', '/opt/airflow/dags/daily_etl.py', '2019-10-06']' returned non-zero exit status 1.
[2026-09-21T22:26:05.370+0000] {taskinstance.py:1206} INFO - Marking task as FAILED. dag_id=ecommerce_data, task_id=extract, run_id=scheduled__2019-10-06T00:00:00+00:00, execution_date=20191006T000000, start_date=20260921T222558, end_date=20260921T222605
[2026-09-21T22:26:05.379+0000] {standard_task_runner.py:110} ERROR - Failed to execute job 251 for task extract (Command '['spark-submit', '--packages', 'org.postgresql:postgresql:42.6.0', '/opt/airflow/dags/daily_etl.py', '2019-10-06']' returned non-zero exit status 1.; 27858)
[2026-09-21T22:26:05.412+0000] {local_task_job_runner.py:240} INFO - Task exited with return code 1
[2026-09-21T22:26:05.426+0000] {taskinstance.py:3503} INFO - 0 downstream tasks scheduled from follow-on schedule check
[2026-09-21T22:26:05.427+0000] {local_task_job_runner.py:222} INFO - ::endgroup::
[2026-09-22T17:40:12.772+0000] {local_task_job_runner.py:120} INFO - ::group::Pre task execution logs
[2026-09-22T17:40:12.789+0000] {taskinstance.py:2076} INFO - Dependencies all met for dep_context=non-requeueable deps ti=<TaskInstance: ecommerce_data.extract scheduled__2019-10-06T00:00:00+00:00 [queued]>
[2026-09-22T17:40:12.795+0000] {taskinstance.py:2076} INFO - Dependencies all met for dep_context=requeueable deps ti=<TaskInstance: ecommerce_data.extract scheduled__2019-10-06T00:00:00+00:00 [queued]>
[2026-09-22T17:40:12.795+0000] {taskinstance.py:2306} INFO - Starting attempt 4 of 4
[2026-09-22T17:40:12.808+0000] {taskinstance.py:2330} INFO - Executing <Task(_PythonDecoratedOperator): extract> on 2019-10-06 00:00:00+00:00
[2026-09-22T17:40:12.815+0000] {standard_task_runner.py:63} INFO - Started process 5446 to run task
[2026-09-22T17:40:12.817+0000] {standard_task_runner.py:90} INFO - Running: ['airflow', 'tasks', 'run', 'ecommerce_data', 'extract', 'scheduled__2019-10-06T00:00:00+00:00', '--job-id', '51', '--raw', '--subdir', 'DAGS_FOLDER/etl.py', '--cfg-path', '/tmp/tmp5qkwff5_']
[2026-09-22T17:40:12.819+0000] {standard_task_runner.py:91} INFO - Job 51: Subtask extract
[2026-09-22T17:40:12.845+0000] {task_command.py:426} INFO - Running <TaskInstance: ecommerce_data.extract scheduled__2019-10-06T00:00:00+00:00 [running]> on host 398971961f28
[2026-09-22T17:40:12.896+0000] {taskinstance.py:2648} INFO - Exporting env vars: AIRFLOW_CTX_DAG_OWNER='airflow' AIRFLOW_CTX_DAG_ID='ecommerce_data' AIRFLOW_CTX_TASK_ID='extract' AIRFLOW_CTX_EXECUTION_DATE='2019-10-06T00:00:00+00:00' AIRFLOW_CTX_TRY_NUMBER='4' AIRFLOW_CTX_DAG_RUN_ID='scheduled__2019-10-06T00:00:00+00:00'
[2026-09-22T17:40:12.897+0000] {taskinstance.py:430} INFO - ::endgroup::
[2026-09-22T17:40:12.902+0000] {base.py:84} INFO - Using connection ID 'postgres_conn_id' for task execution.
[2026-09-22T17:40:22.096+0000] {etl.py:66} ERROR - === STDOUT ===
:: loading settings :: url = jar:file:/home/airflow/.local/lib/python3.11/site-packages/pyspark/jars/ivy-2.5.1.jar!/org/apache/ivy/core/settings/ivysettings.xml
Traceback (most recent call last):
  File "/opt/airflow/dags/daily_etl.py", line 69, in <module>
    .save()
     ^^^^^^
  File "/home/airflow/.local/lib/python3.11/site-packages/pyspark/python/lib/pyspark.zip/pyspark/sql/readwriter.py", line 1461, in save
  File "/home/airflow/.local/lib/python3.11/site-packages/pyspark/python/lib/py4j-0.10.9.7-src.zip/py4j/java_gateway.py", line 1322, in __call__
  File "/home/airflow/.local/lib/python3.11/site-packages/pyspark/python/lib/pyspark.zip/pyspark/errors/exceptions/captured.py", line 185, in deco
pyspark.errors.exceptions.captured.AnalysisException: Column total_views not found in schema Some(StructType(StructField(user_id,StringType,true),StructField(total_events,LongType,false),StructField(total_spent,DoubleType,true),StructField(country,StringType,true),StructField(event_date,DateType,true))).

[2026-09-22T17:40:22.096+0000] {etl.py:67} ERROR - === STDERR ===
/home/airflow/.local/lib/python3.11/site-packages/pyspark/bin/load-spark-env.sh: line 68: ps: command not found
Ivy Default Cache set to: /home/airflow/.ivy2/cache
The jars for the packages stored in: /home/airflow/.ivy2/jars
org.postgresql#postgresql added as a dependency
:: resolving dependencies :: org.apache.spark#spark-submit-parent-3fbdff73-dbc3-4da5-b753-dcb77cbcf0c6;1.0
	confs: [default]
	found org.postgresql#postgresql;42.6.0 in central
	found org.checkerframework#checker-qual;3.31.0 in central
:: resolution report :: resolve 114ms :: artifacts dl 7ms
	:: modules in use:
	org.checkerframework#checker-qual;3.31.0 from central in [default]
	org.postgresql#postgresql;42.6.0 from central in [default]
	---------------------------------------------------------------------
	|                  |            modules            ||   artifacts   |
	|       conf       | number| search|dwnlded|evicted|| number|dwnlded|
	---------------------------------------------------------------------
	|      default     |   2   |   0   |   0   |   0   ||   2   |   0   |
	---------------------------------------------------------------------
:: retrieving :: org.apache.spark#spark-submit-parent-3fbdff73-dbc3-4da5-b753-dcb77cbcf0c6
	confs: [default]
	0 artifacts copied, 2 already retrieved (0kB/7ms)
26/09/22 17:40:14 WARN NativeCodeLoader: Unable to load native-hadoop library for your platform... using builtin-java classes where applicable
26/09/22 17:40:15 INFO SparkContext: Running Spark version 3.5.1
26/09/22 17:40:15 INFO SparkContext: OS info Linux, 7.0.0-31-generic, amd64
26/09/22 17:40:15 INFO SparkContext: Java version 17.0.20.1
26/09/22 17:40:15 INFO ResourceUtils: ==============================================================
26/09/22 17:40:15 INFO ResourceUtils: No custom resources configured for spark.driver.
26/09/22 17:40:15 INFO ResourceUtils: ==============================================================
26/09/22 17:40:15 INFO SparkContext: Submitted application: Daily_ecommerce
26/09/22 17:40:15 INFO ResourceProfile: Default ResourceProfile created, executor resources: Map(cores -> name: cores, amount: 1, script: , vendor: , memory -> name: memory, amount: 1024, script: , vendor: , offHeap -> name: offHeap, amount: 0, script: , vendor: ), task resources: Map(cpus -> name: cpus, amount: 1.0)
26/09/22 17:40:15 INFO ResourceProfile: Limiting resource is cpu
26/09/22 17:40:15 INFO ResourceProfileManager: Added ResourceProfile id: 0
26/09/22 17:40:15 INFO SecurityManager: Changing view acls to: airflow
26/09/22 17:40:15 INFO SecurityManager: Changing modify acls to: airflow
26/09/22 17:40:15 INFO SecurityManager: Changing view acls groups to: 
26/09/22 17:40:15 INFO SecurityManager: Changing modify acls groups to: 
26/09/22 17:40:15 INFO SecurityManager: SecurityManager: authentication disabled; ui acls disabled; users with view permissions: airflow; groups with view permissions: EMPTY; users with modify permissions: airflow; groups with modify permissions: EMPTY
26/09/22 17:40:15 INFO Utils: Successfully started service 'sparkDriver' on port 39829.
26/09/22 17:40:15 INFO SparkEnv: Registering MapOutputTracker
26/09/22 17:40:15 INFO SparkEnv: Registering BlockManagerMaster
26/09/22 17:40:15 INFO BlockManagerMasterEndpoint: Using org.apache.spark.storage.DefaultTopologyMapper for getting topology information
26/09/22 17:40:15 INFO BlockManagerMasterEndpoint: BlockManagerMasterEndpoint up
26/09/22 17:40:15 INFO SparkEnv: Registering BlockManagerMasterHeartbeat
26/09/22 17:40:15 INFO DiskBlockManager: Created local directory at /tmp/blockmgr-489a205f-c68a-4839-8733-3f564504dbc5
26/09/22 17:40:15 INFO MemoryStore: MemoryStore started with capacity 434.4 MiB
26/09/22 17:40:16 INFO SparkEnv: Registering OutputCommitCoordinator
26/09/22 17:40:16 INFO JettyUtils: Start Jetty 0.0.0.0:4040 for SparkUI
26/09/22 17:40:16 INFO Utils: Successfully started service 'SparkUI' on port 4040.
26/09/22 17:40:16 INFO SparkContext: Added JAR file:///home/airflow/.ivy2/jars/org.postgresql_postgresql-42.6.0.jar at spark://398971961f28:39829/jars/org.postgresql_postgresql-42.6.0.jar with timestamp 1790098815559
26/09/22 17:40:16 INFO SparkContext: Added JAR file:///home/airflow/.ivy2/jars/org.checkerframework_checker-qual-3.31.0.jar at spark://398971961f28:39829/jars/org.checkerframework_checker-qual-3.31.0.jar with timestamp 1790098815559
26/09/22 17:40:16 INFO SparkContext: Added file file:///home/airflow/.ivy2/jars/org.postgresql_postgresql-42.6.0.jar at file:///home/airflow/.ivy2/jars/org.postgresql_postgresql-42.6.0.jar with timestamp 1790098815559
26/09/22 17:40:16 INFO Utils: Copying /home/airflow/.ivy2/jars/org.postgresql_postgresql-42.6.0.jar to /tmp/spark-472e64b7-b786-4e8c-98db-d2adb8f0e680/userFiles-4ccce060-0322-4815-a55d-b783301402ee/org.postgresql_postgresql-42.6.0.jar
26/09/22 17:40:16 INFO SparkContext: Added file file:///home/airflow/.ivy2/jars/org.checkerframework_checker-qual-3.31.0.jar at file:///home/airflow/.ivy2/jars/org.checkerframework_checker-qual-3.31.0.jar with timestamp 1790098815559
26/09/22 17:40:16 INFO Utils: Copying /home/airflow/.ivy2/jars/org.checkerframework_checker-qual-3.31.0.jar to /tmp/spark-472e64b7-b786-4e8c-98db-d2adb8f0e680/userFiles-4ccce060-0322-4815-a55d-b783301402ee/org.checkerframework_checker-qual-3.31.0.jar
26/09/22 17:40:16 INFO Executor: Starting executor ID driver on host 398971961f28
26/09/22 17:40:16 INFO Executor: OS info Linux, 7.0.0-31-generic, amd64
26/09/22 17:40:16 INFO Executor: Java version 17.0.20.1
26/09/22 17:40:16 INFO Executor: Starting executor with user classpath (userClassPathFirst = false): ''
26/09/22 17:40:16 INFO Executor: Created or updated repl class loader org.apache.spark.util.MutableURLClassLoader@12f4a203 for default.
26/09/22 17:40:16 INFO Executor: Fetching file:///home/airflow/.ivy2/jars/org.checkerframework_checker-qual-3.31.0.jar with timestamp 1790098815559
26/09/22 17:40:16 INFO Utils: /home/airflow/.ivy2/jars/org.checkerframework_checker-qual-3.31.0.jar has been previously copied to /tmp/spark-472e64b7-b786-4e8c-98db-d2adb8f0e680/userFiles-4ccce060-0322-4815-a55d-b783301402ee/org.checkerframework_checker-qual-3.31.0.jar
26/09/22 17:40:16 INFO Executor: Fetching file:///home/airflow/.ivy2/jars/org.postgresql_postgresql-42.6.0.jar with timestamp 1790098815559
26/09/22 17:40:16 INFO Utils: /home/airflow/.ivy2/jars/org.postgresql_postgresql-42.6.0.jar has been previously copied to /tmp/spark-472e64b7-b786-4e8c-98db-d2adb8f0e680/userFiles-4ccce060-0322-4815-a55d-b783301402ee/org.postgresql_postgresql-42.6.0.jar
26/09/22 17:40:16 INFO Executor: Fetching spark://398971961f28:39829/jars/org.postgresql_postgresql-42.6.0.jar with timestamp 1790098815559
26/09/22 17:40:16 INFO TransportClientFactory: Successfully created connection to 398971961f28/172.21.0.3:39829 after 22 ms (0 ms spent in bootstraps)
26/09/22 17:40:16 INFO Utils: Fetching spark://398971961f28:39829/jars/org.postgresql_postgresql-42.6.0.jar to /tmp/spark-472e64b7-b786-4e8c-98db-d2adb8f0e680/userFiles-4ccce060-0322-4815-a55d-b783301402ee/fetchFileTemp13473347601268175941.tmp
26/09/22 17:40:16 INFO Utils: /tmp/spark-472e64b7-b786-4e8c-98db-d2adb8f0e680/userFiles-4ccce060-0322-4815-a55d-b783301402ee/fetchFileTemp13473347601268175941.tmp has been previously copied to /tmp/spark-472e64b7-b786-4e8c-98db-d2adb8f0e680/userFiles-4ccce060-0322-4815-a55d-b783301402ee/org.postgresql_postgresql-42.6.0.jar
26/09/22 17:40:16 INFO Executor: Adding file:/tmp/spark-472e64b7-b786-4e8c-98db-d2adb8f0e680/userFiles-4ccce060-0322-4815-a55d-b783301402ee/org.postgresql_postgresql-42.6.0.jar to class loader default
26/09/22 17:40:16 INFO Executor: Fetching spark://398971961f28:39829/jars/org.checkerframework_checker-qual-3.31.0.jar with timestamp 1790098815559
26/09/22 17:40:16 INFO Utils: Fetching spark://398971961f28:39829/jars/org.checkerframework_checker-qual-3.31.0.jar to /tmp/spark-472e64b7-b786-4e8c-98db-d2adb8f0e680/userFiles-4ccce060-0322-4815-a55d-b783301402ee/fetchFileTemp9565401263220186363.tmp
26/09/22 17:40:16 INFO Utils: /tmp/spark-472e64b7-b786-4e8c-98db-d2adb8f0e680/userFiles-4ccce060-0322-4815-a55d-b783301402ee/fetchFileTemp9565401263220186363.tmp has been previously copied to /tmp/spark-472e64b7-b786-4e8c-98db-d2adb8f0e680/userFiles-4ccce060-0322-4815-a55d-b783301402ee/org.checkerframework_checker-qual-3.31.0.jar
26/09/22 17:40:16 INFO Executor: Adding file:/tmp/spark-472e64b7-b786-4e8c-98db-d2adb8f0e680/userFiles-4ccce060-0322-4815-a55d-b783301402ee/org.checkerframework_checker-qual-3.31.0.jar to class loader default
26/09/22 17:40:16 INFO Utils: Successfully started service 'org.apache.spark.network.netty.NettyBlockTransferService' on port 45263.
26/09/22 17:40:16 INFO NettyBlockTransferService: Server created on 398971961f28:45263
26/09/22 17:40:16 INFO BlockManager: Using org.apache.spark.storage.RandomBlockReplicationPolicy for block replication policy
26/09/22 17:40:16 INFO BlockManagerMaster: Registering BlockManager BlockManagerId(driver, 398971961f28, 45263, None)
26/09/22 17:40:16 INFO BlockManagerMasterEndpoint: Registering block manager 398971961f28:45263 with 434.4 MiB RAM, BlockManagerId(driver, 398971961f28, 45263, None)
26/09/22 17:40:16 INFO BlockManagerMaster: Registered BlockManager BlockManagerId(driver, 398971961f28, 45263, None)
26/09/22 17:40:16 INFO BlockManager: Initialized BlockManager: BlockManagerId(driver, 398971961f28, 45263, None)
26/09/22 17:40:16 INFO SharedState: Setting hive.metastore.warehouse.dir ('null') to the value of spark.sql.warehouse.dir.
26/09/22 17:40:16 INFO SharedState: Warehouse path is 'file:/opt/airflow/spark-warehouse'.
26/09/22 17:40:17 INFO InMemoryFileIndex: It took 31 ms to list leaf files for 1 paths.
26/09/22 17:40:17 INFO SparkContext: Starting job: parquet at NativeMethodAccessorImpl.java:0
26/09/22 17:40:17 INFO DAGScheduler: Got job 0 (parquet at NativeMethodAccessorImpl.java:0) with 1 output partitions
26/09/22 17:40:17 INFO DAGScheduler: Final stage: ResultStage 0 (parquet at NativeMethodAccessorImpl.java:0)
26/09/22 17:40:17 INFO DAGScheduler: Parents of final stage: List()
26/09/22 17:40:17 INFO DAGScheduler: Missing parents: List()
26/09/22 17:40:17 INFO DAGScheduler: Submitting ResultStage 0 (MapPartitionsRDD[1] at parquet at NativeMethodAccessorImpl.java:0), which has no missing parents
26/09/22 17:40:17 INFO MemoryStore: Block broadcast_0 stored as values in memory (estimated size 104.5 KiB, free 434.3 MiB)
26/09/22 17:40:17 INFO MemoryStore: Block broadcast_0_piece0 stored as bytes in memory (estimated size 37.6 KiB, free 434.3 MiB)
26/09/22 17:40:17 INFO BlockManagerInfo: Added broadcast_0_piece0 in memory on 398971961f28:45263 (size: 37.6 KiB, free: 434.4 MiB)
26/09/22 17:40:17 INFO SparkContext: Created broadcast 0 from broadcast at DAGScheduler.scala:1585
26/09/22 17:40:17 INFO DAGScheduler: Submitting 1 missing tasks from ResultStage 0 (MapPartitionsRDD[1] at parquet at NativeMethodAccessorImpl.java:0) (first 15 tasks are for partitions Vector(0))
26/09/22 17:40:17 INFO TaskSchedulerImpl: Adding task set 0.0 with 1 tasks resource profile 0
26/09/22 17:40:18 INFO TaskSetManager: Starting task 0.0 in stage 0.0 (TID 0) (398971961f28, executor driver, partition 0, PROCESS_LOCAL, 8303 bytes) 
26/09/22 17:40:18 INFO Executor: Running task 0.0 in stage 0.0 (TID 0)
26/09/22 17:40:18 INFO Executor: Finished task 0.0 in stage 0.0 (TID 0). 2034 bytes result sent to driver
26/09/22 17:40:18 INFO TaskSetManager: Finished task 0.0 in stage 0.0 (TID 0) in 388 ms on 398971961f28 (executor driver) (1/1)
26/09/22 17:40:18 INFO TaskSchedulerImpl: Removed TaskSet 0.0, whose tasks have all completed, from pool 
26/09/22 17:40:18 INFO DAGScheduler: ResultStage 0 (parquet at NativeMethodAccessorImpl.java:0) finished in 0.510 s
26/09/22 17:40:18 INFO DAGScheduler: Job 0 is finished. Cancelling potential speculative or zombie tasks for this job
26/09/22 17:40:18 INFO TaskSchedulerImpl: Killing all running tasks in stage 0: Stage finished
26/09/22 17:40:18 INFO DAGScheduler: Job 0 finished: parquet at NativeMethodAccessorImpl.java:0, took 0.545214 s
26/09/22 17:40:18 INFO BlockManagerInfo: Removed broadcast_0_piece0 on 398971961f28:45263 in memory (size: 37.6 KiB, free: 434.4 MiB)
26/09/22 17:40:19 INFO FileSourceStrategy: Pushed Filters: 
26/09/22 17:40:19 INFO FileSourceStrategy: Post-Scan Filters: (((isnull(user_id#7) OR (cast(price#6 as float) <= 0.0)) OR isnull(event_type#1)) OR (event_type#1 = ))
26/09/22 17:40:19 INFO ParquetUtils: Using default output committer for Parquet: org.apache.parquet.hadoop.ParquetOutputCommitter
26/09/22 17:40:19 INFO FileOutputCommitter: File Output Committer Algorithm version is 1
26/09/22 17:40:19 INFO FileOutputCommitter: FileOutputCommitter skip cleanup _temporary folders under output directory:false, ignore cleanup failures: false
26/09/22 17:40:19 INFO SQLHadoopMapReduceCommitProtocol: Using user defined output committer class org.apache.parquet.hadoop.ParquetOutputCommitter
26/09/22 17:40:19 INFO FileOutputCommitter: File Output Committer Algorithm version is 1
26/09/22 17:40:19 INFO FileOutputCommitter: FileOutputCommitter skip cleanup _temporary folders under output directory:false, ignore cleanup failures: false
26/09/22 17:40:19 INFO SQLHadoopMapReduceCommitProtocol: Using output committer class org.apache.parquet.hadoop.ParquetOutputCommitter
26/09/22 17:40:20 INFO CodeGenerator: Code generated in 239.418576 ms
26/09/22 17:40:20 INFO MemoryStore: Block broadcast_1 stored as values in memory (estimated size 203.8 KiB, free 434.2 MiB)
26/09/22 17:40:20 INFO MemoryStore: Block broadcast_1_piece0 stored as bytes in memory (estimated size 35.7 KiB, free 434.2 MiB)
26/09/22 17:40:20 INFO BlockManagerInfo: Added broadcast_1_piece0 in memory on 398971961f28:45263 (size: 35.7 KiB, free: 434.4 MiB)
26/09/22 17:40:20 INFO SparkContext: Created broadcast 1 from parquet at NativeMethodAccessorImpl.java:0
26/09/22 17:40:20 INFO FileSourceScanExec: Planning scan with bin packing, max size: 6657231 bytes, open cost is considered as scanning 4194304 bytes.
26/09/22 17:40:20 INFO SparkContext: Starting job: parquet at NativeMethodAccessorImpl.java:0
26/09/22 17:40:20 INFO DAGScheduler: Got job 1 (parquet at NativeMethodAccessorImpl.java:0) with 8 output partitions
26/09/22 17:40:20 INFO DAGScheduler: Final stage: ResultStage 1 (parquet at NativeMethodAccessorImpl.java:0)
26/09/22 17:40:20 INFO DAGScheduler: Parents of final stage: List()
26/09/22 17:40:20 INFO DAGScheduler: Missing parents: List()
26/09/22 17:40:20 INFO DAGScheduler: Submitting ResultStage 1 (MapPartitionsRDD[5] at parquet at NativeMethodAccessorImpl.java:0), which has no missing parents
26/09/22 17:40:20 INFO MemoryStore: Block broadcast_2 stored as values in memory (estimated size 225.4 KiB, free 433.9 MiB)
26/09/22 17:40:20 INFO MemoryStore: Block broadcast_2_piece0 stored as bytes in memory (estimated size 79.5 KiB, free 433.9 MiB)
26/09/22 17:40:20 INFO BlockManagerInfo: Added broadcast_2_piece0 in memory on 398971961f28:45263 (size: 79.5 KiB, free: 434.3 MiB)
26/09/22 17:40:20 INFO SparkContext: Created broadcast 2 from broadcast at DAGScheduler.scala:1585
26/09/22 17:40:20 INFO DAGScheduler: Submitting 8 missing tasks from ResultStage 1 (MapPartitionsRDD[5] at parquet at NativeMethodAccessorImpl.java:0) (first 15 tasks are for partitions Vector(0, 1, 2, 3, 4, 5, 6, 7))
26/09/22 17:40:20 INFO TaskSchedulerImpl: Adding task set 1.0 with 8 tasks resource profile 0
26/09/22 17:40:20 INFO TaskSetManager: Starting task 0.0 in stage 1.0 (TID 1) (398971961f28, executor driver, partition 0, PROCESS_LOCAL, 8810 bytes) 
26/09/22 17:40:20 INFO TaskSetManager: Starting task 1.0 in stage 1.0 (TID 2) (398971961f28, executor driver, partition 1, PROCESS_LOCAL, 8810 bytes) 
26/09/22 17:40:20 INFO TaskSetManager: Starting task 2.0 in stage 1.0 (TID 3) (398971961f28, executor driver, partition 2, PROCESS_LOCAL, 8810 bytes) 
26/09/22 17:40:20 INFO TaskSetManager: Starting task 3.0 in stage 1.0 (TID 4) (398971961f28, executor driver, partition 3, PROCESS_LOCAL, 8810 bytes) 
26/09/22 17:40:20 INFO TaskSetManager: Starting task 4.0 in stage 1.0 (TID 5) (398971961f28, executor driver, partition 4, PROCESS_LOCAL, 8810 bytes) 
26/09/22 17:40:20 INFO TaskSetManager: Starting task 5.0 in stage 1.0 (TID 6) (398971961f28, executor driver, partition 5, PROCESS_LOCAL, 8810 bytes) 
26/09/22 17:40:20 INFO TaskSetManager: Starting task 6.0 in stage 1.0 (TID 7) (398971961f28, executor driver, partition 6, PROCESS_LOCAL, 8810 bytes) 
26/09/22 17:40:20 INFO TaskSetManager: Starting task 7.0 in stage 1.0 (TID 8) (398971961f28, executor driver, partition 7, PROCESS_LOCAL, 8810 bytes) 
26/09/22 17:40:20 INFO Executor: Running task 0.0 in stage 1.0 (TID 1)
26/09/22 17:40:20 INFO Executor: Running task 1.0 in stage 1.0 (TID 2)
26/09/22 17:40:20 INFO Executor: Running task 2.0 in stage 1.0 (TID 3)
26/09/22 17:40:20 INFO Executor: Running task 3.0 in stage 1.0 (TID 4)
26/09/22 17:40:20 INFO Executor: Running task 4.0 in stage 1.0 (TID 5)
26/09/22 17:40:20 INFO Executor: Running task 6.0 in stage 1.0 (TID 7)
26/09/22 17:40:20 INFO Executor: Running task 7.0 in stage 1.0 (TID 8)
26/09/22 17:40:20 INFO Executor: Running task 5.0 in stage 1.0 (TID 6)
26/09/22 17:40:20 INFO CodeGenerator: Code generated in 45.494298 ms
26/09/22 17:40:20 INFO FileOutputCommitter: File Output Committer Algorithm version is 1
26/09/22 17:40:20 INFO FileOutputCommitter: FileOutputCommitter skip cleanup _temporary folders under output directory:false, ignore cleanup failures: false
26/09/22 17:40:20 INFO SQLHadoopMapReduceCommitProtocol: Using user defined output committer class org.apache.parquet.hadoop.ParquetOutputCommitter
26/09/22 17:40:20 INFO FileOutputCommitter: File Output Committer Algorithm version is 1
26/09/22 17:40:20 INFO FileOutputCommitter: FileOutputCommitter skip cleanup _temporary folders under output directory:false, ignore cleanup failures: false
26/09/22 17:40:20 INFO FileOutputCommitter: File Output Committer Algorithm version is 1
26/09/22 17:40:20 INFO FileOutputCommitter: FileOutputCommitter skip cleanup _temporary folders under output directory:false, ignore cleanup failures: false
26/09/22 17:40:20 INFO SQLHadoopMapReduceCommitProtocol: Using user defined output committer class org.apache.parquet.hadoop.ParquetOutputCommitter
26/09/22 17:40:20 INFO FileOutputCommitter: File Output Committer Algorithm version is 1
26/09/22 17:40:20 INFO FileOutputCommitter: FileOutputCommitter skip cleanup _temporary folders under output directory:false, ignore cleanup failures: false
26/09/22 17:40:20 INFO FileOutputCommitter: File Output Committer Algorithm version is 1
26/09/22 17:40:20 INFO FileOutputCommitter: FileOutputCommitter skip cleanup _temporary folders under output directory:false, ignore cleanup failures: false
26/09/22 17:40:20 INFO SQLHadoopMapReduceCommitProtocol: Using output committer class org.apache.parquet.hadoop.ParquetOutputCommitter
26/09/22 17:40:20 INFO SQLHadoopMapReduceCommitProtocol: Using user defined output committer class org.apache.parquet.hadoop.ParquetOutputCommitter
26/09/22 17:40:20 INFO FileOutputCommitter: File Output Committer Algorithm version is 1
26/09/22 17:40:20 INFO FileOutputCommitter: FileOutputCommitter skip cleanup _temporary folders under output directory:false, ignore cleanup failures: false
26/09/22 17:40:20 INFO FileOutputCommitter: File Output Committer Algorithm version is 1
26/09/22 17:40:20 INFO FileOutputCommitter: FileOutputCommitter skip cleanup _temporary folders under output directory:false, ignore cleanup failures: false
26/09/22 17:40:20 INFO FileOutputCommitter: File Output Committer Algorithm version is 1
26/09/22 17:40:20 INFO FileOutputCommitter: FileOutputCommitter skip cleanup _temporary folders under output directory:false, ignore cleanup failures: false
26/09/22 17:40:20 INFO FileOutputCommitter: File Output Committer Algorithm version is 1
26/09/22 17:40:20 INFO FileOutputCommitter: FileOutputCommitter skip cleanup _temporary folders under output directory:false, ignore cleanup failures: false
26/09/22 17:40:20 INFO FileScanRDD: Reading File path: file:///opt/airflow/data/lake/raw/events/2019-Oct/event_date=2019-10-06/part-00006-e6dbecb7-a75e-4a1e-be16-8089c329fa2c.c000.snappy.parquet, range: 19971693-24487609, partition values: [empty row]
26/09/22 17:40:20 INFO FileOutputCommitter: File Output Committer Algorithm version is 1
26/09/22 17:40:20 INFO SQLHadoopMapReduceCommitProtocol: Using user defined output committer class org.apache.parquet.hadoop.ParquetOutputCommitter
26/09/22 17:40:20 INFO FileOutputCommitter: FileOutputCommitter skip cleanup _temporary folders under output directory:false, ignore cleanup failures: false
26/09/22 17:40:20 INFO FileOutputCommitter: File Output Committer Algorithm version is 1
26/09/22 17:40:20 INFO FileOutputCommitter: FileOutputCommitter skip cleanup _temporary folders under output directory:false, ignore cleanup failures: false
26/09/22 17:40:20 INFO SQLHadoopMapReduceCommitProtocol: Using output committer class org.apache.parquet.hadoop.ParquetOutputCommitter
26/09/22 17:40:20 INFO SQLHadoopMapReduceCommitProtocol: Using output committer class org.apache.parquet.hadoop.ParquetOutputCommitter
26/09/22 17:40:20 INFO SQLHadoopMapReduceCommitProtocol: Using user defined output committer class org.apache.parquet.hadoop.ParquetOutputCommitter
26/09/22 17:40:20 INFO FileScanRDD: Reading File path: file:///opt/airflow/data/lake/raw/events/2019-Oct/event_date=2019-10-06/part-00006-e6dbecb7-a75e-4a1e-be16-8089c329fa2c.c000.snappy.parquet, range: 0-6657231, partition values: [empty row]
26/09/22 17:40:20 INFO FileOutputCommitter: File Output Committer Algorithm version is 1
26/09/22 17:40:20 INFO FileOutputCommitter: FileOutputCommitter skip cleanup _temporary folders under output directory:false, ignore cleanup failures: false
26/09/22 17:40:20 INFO SQLHadoopMapReduceCommitProtocol: Using output committer class org.apache.parquet.hadoop.ParquetOutputCommitter
26/09/22 17:40:20 INFO FileOutputCommitter: File Output Committer Algorithm version is 1
26/09/22 17:40:20 INFO FileScanRDD: Reading File path: file:///opt/airflow/data/lake/raw/events/2019-Oct/event_date=2019-10-06/part-00007-e6dbecb7-a75e-4a1e-be16-8089c329fa2c.c000.snappy.parquet, range: 19971693-20381634, partition values: [empty row]
26/09/22 17:40:20 INFO FileOutputCommitter: FileOutputCommitter skip cleanup _temporary folders under output directory:false, ignore cleanup failures: false
26/09/22 17:40:20 INFO SQLHadoopMapReduceCommitProtocol: Using user defined output committer class org.apache.parquet.hadoop.ParquetOutputCommitter
26/09/22 17:40:20 INFO FileOutputCommitter: File Output Committer Algorithm version is 1
26/09/22 17:40:20 INFO FileOutputCommitter: FileOutputCommitter skip cleanup _temporary folders under output directory:false, ignore cleanup failures: false
26/09/22 17:40:20 INFO SQLHadoopMapReduceCommitProtocol: Using user defined output committer class org.apache.parquet.hadoop.ParquetOutputCommitter
26/09/22 17:40:20 INFO FileOutputCommitter: File Output Committer Algorithm version is 1
26/09/22 17:40:20 INFO FileOutputCommitter: FileOutputCommitter skip cleanup _temporary folders under output directory:false, ignore cleanup failures: false
26/09/22 17:40:20 INFO SQLHadoopMapReduceCommitProtocol: Using output committer class org.apache.parquet.hadoop.ParquetOutputCommitter
26/09/22 17:40:20 INFO FileScanRDD: Reading File path: file:///opt/airflow/data/lake/raw/events/2019-Oct/event_date=2019-10-06/part-00007-e6dbecb7-a75e-4a1e-be16-8089c329fa2c.c000.snappy.parquet, range: 13314462-19971693, partition values: [empty row]
26/09/22 17:40:20 INFO SQLHadoopMapReduceCommitProtocol: Using output committer class org.apache.parquet.hadoop.ParquetOutputCommitter
26/09/22 17:40:20 INFO FileScanRDD: Reading File path: file:///opt/airflow/data/lake/raw/events/2019-Oct/event_date=2019-10-06/part-00006-e6dbecb7-a75e-4a1e-be16-8089c329fa2c.c000.snappy.parquet, range: 6657231-13314462, partition values: [empty row]
26/09/22 17:40:20 INFO SQLHadoopMapReduceCommitProtocol: Using output committer class org.apache.parquet.hadoop.ParquetOutputCommitter
26/09/22 17:40:20 INFO FileScanRDD: Reading File path: file:///opt/airflow/data/lake/raw/events/2019-Oct/event_date=2019-10-06/part-00007-e6dbecb7-a75e-4a1e-be16-8089c329fa2c.c000.snappy.parquet, range: 6657231-13314462, partition values: [empty row]
26/09/22 17:40:20 INFO SQLHadoopMapReduceCommitProtocol: Using user defined output committer class org.apache.parquet.hadoop.ParquetOutputCommitter
26/09/22 17:40:20 INFO FileOutputCommitter: File Output Committer Algorithm version is 1
26/09/22 17:40:20 INFO FileOutputCommitter: FileOutputCommitter skip cleanup _temporary folders under output directory:false, ignore cleanup failures: false
26/09/22 17:40:20 INFO SQLHadoopMapReduceCommitProtocol: Using output committer class org.apache.parquet.hadoop.ParquetOutputCommitter
26/09/22 17:40:20 INFO FileScanRDD: Reading File path: file:///opt/airflow/data/lake/raw/events/2019-Oct/event_date=2019-10-06/part-00006-e6dbecb7-a75e-4a1e-be16-8089c329fa2c.c000.snappy.parquet, range: 13314462-19971693, partition values: [empty row]
26/09/22 17:40:20 INFO CodecConfig: Compression: SNAPPY
26/09/22 17:40:20 INFO CodecConfig: Compression: SNAPPY
26/09/22 17:40:20 INFO ParquetOutputFormat: ParquetRecordWriter [block size: 134217728b, row group padding size: 8388608b, validating: false]
26/09/22 17:40:20 INFO ParquetWriteSupport: Initialized Parquet WriteSupport with Catalyst schema:
{
  "type" : "struct",
  "fields" : [ {
    "name" : "event_time",
    "type" : "string",
    "nullable" : true,
    "metadata" : { }
  }, {
    "name" : "event_type",
    "type" : "string",
    "nullable" : true,
    "metadata" : { }
  }, {
    "name" : "product_id",
    "type" : "string",
    "nullable" : true,
    "metadata" : { }
  }, {
    "name" : "category_id",
    "type" : "string",
    "nullable" : true,
    "metadata" : { }
  }, {
    "name" : "category_code",
    "type" : "string",
    "nullable" : true,
    "metadata" : { }
  }, {
    "name" : "brand",
    "type" : "string",
    "nullable" : true,
    "metadata" : { }
  }, {
    "name" : "price",
    "type" : "string",
    "nullable" : true,
    "metadata" : { }
  }, {
    "name" : "user_id",
    "type" : "string",
    "nullable" : true,
    "metadata" : { }
  }, {
    "name" : "user_session",
    "type" : "string",
    "nullable" : true,
    "metadata" : { }
  } ]
}
and corresponding Parquet message type:
message spark_schema {
  optional binary event_time (STRING);
  optional binary event_type (STRING);
  optional binary product_id (STRING);
  optional binary category_id (STRING);
  optional binary category_code (STRING);
  optional binary brand (STRING);
  optional binary price (STRING);
  optional binary user_id (STRING);
  optional binary user_session (STRING);
}

       
26/09/22 17:40:20 INFO SparkHadoopMapRedUtil: No need to commit output of task because needsTaskCommit=false: attempt_202609221740202500883161396301381_0001_m_000006_7
26/09/22 17:40:20 INFO SparkHadoopMapRedUtil: No need to commit output of task because needsTaskCommit=false: attempt_202609221740202500883161396301381_0001_m_000007_8
26/09/22 17:40:20 INFO SparkHadoopMapRedUtil: No need to commit output of task because needsTaskCommit=false: attempt_202609221740202500883161396301381_0001_m_000005_6
26/09/22 17:40:20 INFO SparkHadoopMapRedUtil: No need to commit output of task because needsTaskCommit=false: attempt_202609221740202500883161396301381_0001_m_000003_4
26/09/22 17:40:20 INFO SparkHadoopMapRedUtil: No need to commit output of task because needsTaskCommit=false: attempt_202609221740202500883161396301381_0001_m_000002_3
26/09/22 17:40:20 INFO Executor: Finished task 3.0 in stage 1.0 (TID 4). 2748 bytes result sent to driver
26/09/22 17:40:20 INFO Executor: Finished task 7.0 in stage 1.0 (TID 8). 2748 bytes result sent to driver
26/09/22 17:40:20 INFO CodecPool: Got brand-new compressor [.snappy]
26/09/22 17:40:20 INFO Executor: Finished task 5.0 in stage 1.0 (TID 6). 2748 bytes result sent to driver
26/09/22 17:40:20 INFO Executor: Finished task 6.0 in stage 1.0 (TID 7). 2748 bytes result sent to driver
26/09/22 17:40:20 INFO Executor: Finished task 2.0 in stage 1.0 (TID 3). 2748 bytes result sent to driver
26/09/22 17:40:20 INFO TaskSetManager: Finished task 3.0 in stage 1.0 (TID 4) in 358 ms on 398971961f28 (executor driver) (1/8)
26/09/22 17:40:20 INFO TaskSetManager: Finished task 6.0 in stage 1.0 (TID 7) in 356 ms on 398971961f28 (executor driver) (2/8)
26/09/22 17:40:20 INFO TaskSetManager: Finished task 5.0 in stage 1.0 (TID 6) in 357 ms on 398971961f28 (executor driver) (3/8)
26/09/22 17:40:20 INFO TaskSetManager: Finished task 7.0 in stage 1.0 (TID 8) in 359 ms on 398971961f28 (executor driver) (4/8)
26/09/22 17:40:20 INFO TaskSetManager: Finished task 2.0 in stage 1.0 (TID 3) in 379 ms on 398971961f28 (executor driver) (5/8)
26/09/22 17:40:20 INFO CodecPool: Got brand-new decompressor [.snappy]
26/09/22 17:40:20 INFO CodecPool: Got brand-new decompressor [.snappy]
26/09/22 17:40:20 INFO FileScanRDD: Reading File path: file:///opt/airflow/data/lake/raw/events/2019-Oct/event_date=2019-10-06/part-00007-e6dbecb7-a75e-4a1e-be16-8089c329fa2c.c000.snappy.parquet, range: 0-6657231, partition values: [empty row]
26/09/22 17:40:20 INFO CodecConfig: Compression: SNAPPY
26/09/22 17:40:20 INFO CodecConfig: Compression: SNAPPY
26/09/22 17:40:20 INFO CodecConfig: Compression: SNAPPY
26/09/22 17:40:20 INFO CodecConfig: Compression: SNAPPY
26/09/22 17:40:20 INFO ParquetOutputFormat: ParquetRecordWriter [block size: 134217728b, row group padding size: 8388608b, validating: false]
26/09/22 17:40:20 INFO ParquetOutputFormat: ParquetRecordWriter [block size: 134217728b, row group padding size: 8388608b, validating: false]
26/09/22 17:40:20 INFO ParquetWriteSupport: Initialized Parquet WriteSupport with Catalyst schema:
{
  "type" : "struct",
  "fields" : [ {
    "name" : "event_time",
    "type" : "string",
    "nullable" : true,
    "metadata" : { }
  }, {
    "name" : "event_type",
    "type" : "string",
    "nullable" : true,
    "metadata" : { }
  }, {
    "name" : "product_id",
    "type" : "string",
    "nullable" : true,
    "metadata" : { }
  }, {
    "name" : "category_id",
    "type" : "string",
    "nullable" : true,
    "metadata" : { }
  }, {
    "name" : "category_code",
    "type" : "string",
    "nullable" : true,
    "metadata" : { }
  }, {
    "name" : "brand",
    "type" : "string",
    "nullable" : true,
    "metadata" : { }
  }, {
    "name" : "price",
    "type" : "string",
    "nullable" : true,
    "metadata" : { }
  }, {
    "name" : "user_id",
    "type" : "string",
    "nullable" : true,
    "metadata" : { }
  }, {
    "name" : "user_session",
    "type" : "string",
    "nullable" : true,
    "metadata" : { }
  } ]
}
and corresponding Parquet message type:
message spark_schema {
  optional binary event_time (STRING);
  optional binary event_type (STRING);
  optional binary product_id (STRING);
  optional binary category_id (STRING);
  optional binary category_code (STRING);
  optional binary brand (STRING);
  optional binary price (STRING);
  optional binary user_id (STRING);
  optional binary user_session (STRING);
}

       
26/09/22 17:40:20 INFO ParquetWriteSupport: Initialized Parquet WriteSupport with Catalyst schema:
{
  "type" : "struct",
  "fields" : [ {
    "name" : "event_time",
    "type" : "string",
    "nullable" : true,
    "metadata" : { }
  }, {
    "name" : "event_type",
    "type" : "string",
    "nullable" : true,
    "metadata" : { }
  }, {
    "name" : "product_id",
    "type" : "string",
    "nullable" : true,
    "metadata" : { }
  }, {
    "name" : "category_id",
    "type" : "string",
    "nullable" : true,
    "metadata" : { }
  }, {
    "name" : "category_code",
    "type" : "string",
    "nullable" : true,
    "metadata" : { }
  }, {
    "name" : "brand",
    "type" : "string",
    "nullable" : true,
    "metadata" : { }
  }, {
    "name" : "price",
    "type" : "string",
    "nullable" : true,
    "metadata" : { }
  }, {
    "name" : "user_id",
    "type" : "string",
    "nullable" : true,
    "metadata" : { }
  }, {
    "name" : "user_session",
    "type" : "string",
    "nullable" : true,
    "metadata" : { }
  } ]
}
and corresponding Parquet message type:
message spark_schema {
  optional binary event_time (STRING);
  optional binary event_type (STRING);
  optional binary product_id (STRING);
  optional binary category_id (STRING);
  optional binary category_code (STRING);
  optional binary brand (STRING);
  optional binary price (STRING);
  optional binary user_id (STRING);
  optional binary user_session (STRING);
}

       
26/09/22 17:40:20 INFO FileOutputCommitter: Saved output of task 'attempt_202609221740202500883161396301381_0001_m_000000_1' to file:/opt/airflow/data/lake/rejected/events/2019-10-06/_temporary/0/task_202609221740202500883161396301381_0001_m_000000
26/09/22 17:40:20 INFO SparkHadoopMapRedUtil: attempt_202609221740202500883161396301381_0001_m_000000_1: Committed. Elapsed time: 1 ms.
26/09/22 17:40:20 INFO Executor: Finished task 0.0 in stage 1.0 (TID 1). 2791 bytes result sent to driver
26/09/22 17:40:20 INFO TaskSetManager: Finished task 0.0 in stage 1.0 (TID 1) in 627 ms on 398971961f28 (executor driver) (6/8)
26/09/22 17:40:20 INFO CodecPool: Got brand-new compressor [.snappy]
26/09/22 17:40:21 INFO FileOutputCommitter: Saved output of task 'attempt_202609221740202500883161396301381_0001_m_000004_5' to file:/opt/airflow/data/lake/rejected/events/2019-10-06/_temporary/0/task_202609221740202500883161396301381_0001_m_000004
26/09/22 17:40:21 INFO SparkHadoopMapRedUtil: attempt_202609221740202500883161396301381_0001_m_000004_5: Committed. Elapsed time: 1 ms.
26/09/22 17:40:21 INFO FileOutputCommitter: Saved output of task 'attempt_202609221740202500883161396301381_0001_m_000001_2' to file:/opt/airflow/data/lake/rejected/events/2019-10-06/_temporary/0/task_202609221740202500883161396301381_0001_m_000001
26/09/22 17:40:21 INFO SparkHadoopMapRedUtil: attempt_202609221740202500883161396301381_0001_m_000001_2: Committed. Elapsed time: 1 ms.
26/09/22 17:40:21 INFO Executor: Finished task 4.0 in stage 1.0 (TID 5). 2834 bytes result sent to driver
26/09/22 17:40:21 INFO Executor: Finished task 1.0 in stage 1.0 (TID 2). 2834 bytes result sent to driver
26/09/22 17:40:21 INFO TaskSetManager: Finished task 4.0 in stage 1.0 (TID 5) in 1362 ms on 398971961f28 (executor driver) (7/8)
26/09/22 17:40:21 INFO TaskSetManager: Finished task 1.0 in stage 1.0 (TID 2) in 1366 ms on 398971961f28 (executor driver) (8/8)
26/09/22 17:40:21 INFO TaskSchedulerImpl: Removed TaskSet 1.0, whose tasks have all completed, from pool 
26/09/22 17:40:21 INFO DAGScheduler: ResultStage 1 (parquet at NativeMethodAccessorImpl.java:0) finished in 1.444 s
26/09/22 17:40:21 INFO DAGScheduler: Job 1 is finished. Cancelling potential speculative or zombie tasks for this job
26/09/22 17:40:21 INFO TaskSchedulerImpl: Killing all running tasks in stage 1: Stage finished
26/09/22 17:40:21 INFO DAGScheduler: Job 1 finished: parquet at NativeMethodAccessorImpl.java:0, took 1.450311 s
26/09/22 17:40:21 INFO FileFormatWriter: Start to commit write Job 6b135aa4-a237-4473-8a10-9a46560420cf.
26/09/22 17:40:21 INFO FileFormatWriter: Write Job 6b135aa4-a237-4473-8a10-9a46560420cf committed. Elapsed time: 17 ms.
26/09/22 17:40:21 INFO FileFormatWriter: Finished processing stats for write job 6b135aa4-a237-4473-8a10-9a46560420cf.
26/09/22 17:40:21 INFO SparkContext: Invoking stop() from shutdown hook
26/09/22 17:40:21 INFO SparkContext: SparkContext is stopping with exitCode 0.
26/09/22 17:40:21 INFO SparkUI: Stopped Spark web UI at http://398971961f28:4040
26/09/22 17:40:21 INFO MapOutputTrackerMasterEndpoint: MapOutputTrackerMasterEndpoint stopped!
26/09/22 17:40:21 INFO MemoryStore: MemoryStore cleared
26/09/22 17:40:21 INFO BlockManager: BlockManager stopped
26/09/22 17:40:21 INFO BlockManagerMaster: BlockManagerMaster stopped
26/09/22 17:40:21 INFO OutputCommitCoordinator$OutputCommitCoordinatorEndpoint: OutputCommitCoordinator stopped!
26/09/22 17:40:21 INFO SparkContext: Successfully stopped SparkContext
26/09/22 17:40:21 INFO ShutdownHookManager: Shutdown hook called
26/09/22 17:40:21 INFO ShutdownHookManager: Deleting directory /tmp/spark-c0f8b7de-2c11-44fe-a10f-4e9b60be44bc
26/09/22 17:40:21 INFO ShutdownHookManager: Deleting directory /tmp/spark-472e64b7-b786-4e8c-98db-d2adb8f0e680
26/09/22 17:40:21 INFO ShutdownHookManager: Deleting directory /tmp/spark-472e64b7-b786-4e8c-98db-d2adb8f0e680/pyspark-1b170db2-cc2d-4230-aaa0-e3da3aa0a95c

[2026-09-22T17:40:22.097+0000] {taskinstance.py:441} INFO - ::group::Post task execution logs
[2026-09-22T17:40:22.097+0000] {taskinstance.py:2905} ERROR - Task failed with exception
Traceback (most recent call last):
  File "/home/airflow/.local/lib/python3.11/site-packages/airflow/models/taskinstance.py", line 465, in _execute_task
    result = _execute_callable(context=context, **execute_callable_kwargs)
             ^^^^^^^^^^^^^^^^^^^^^^^^^^^^^^^^^^^^^^^^^^^^^^^^^^^^^^^^^^^^^
  File "/home/airflow/.local/lib/python3.11/site-packages/airflow/models/taskinstance.py", line 432, in _execute_callable
    return execute_callable(context=context, **execute_callable_kwargs)
           ^^^^^^^^^^^^^^^^^^^^^^^^^^^^^^^^^^^^^^^^^^^^^^^^^^^^^^^^^^^^
  File "/home/airflow/.local/lib/python3.11/site-packages/airflow/models/baseoperator.py", line 401, in wrapper
    return func(self, *args, **kwargs)
           ^^^^^^^^^^^^^^^^^^^^^^^^^^^
  File "/home/airflow/.local/lib/python3.11/site-packages/airflow/decorators/base.py", line 265, in execute
    return_value = super().execute(context)
                   ^^^^^^^^^^^^^^^^^^^^^^^^
  File "/home/airflow/.local/lib/python3.11/site-packages/airflow/models/baseoperator.py", line 401, in wrapper
    return func(self, *args, **kwargs)
           ^^^^^^^^^^^^^^^^^^^^^^^^^^^
  File "/home/airflow/.local/lib/python3.11/site-packages/airflow/operators/python.py", line 235, in execute
    return_value = self.execute_callable()
                   ^^^^^^^^^^^^^^^^^^^^^^^
  File "/home/airflow/.local/lib/python3.11/site-packages/airflow/operators/python.py", line 252, in execute_callable
    return self.python_callable(*self.op_args, **self.op_kwargs)
           ^^^^^^^^^^^^^^^^^^^^^^^^^^^^^^^^^^^^^^^^^^^^^^^^^^^^^
  File "/opt/airflow/dags/etl.py", line 68, in extract
    env['DB_PASSWORD'] = conn_info.password
        ^^^^^^^
  File "/opt/airflow/dags/etl.py", line 59, in extract
    )
      
  File "/usr/local/lib/python3.11/subprocess.py", line 571, in run
    raise CalledProcessError(retcode, process.args,
subprocess.CalledProcessError: Command '['spark-submit', '--packages', 'org.postgresql:postgresql:42.6.0', '/opt/airflow/dags/daily_etl.py', '2019-10-06']' returned non-zero exit status 1.
[2026-09-22T17:40:22.102+0000] {taskinstance.py:1206} INFO - Marking task as FAILED. dag_id=ecommerce_data, task_id=extract, run_id=scheduled__2019-10-06T00:00:00+00:00, execution_date=20191006T000000, start_date=20260922T174012, end_date=20260922T174022
[2026-09-22T17:40:22.108+0000] {standard_task_runner.py:110} ERROR - Failed to execute job 51 for task extract (Command '['spark-submit', '--packages', 'org.postgresql:postgresql:42.6.0', '/opt/airflow/dags/daily_etl.py', '2019-10-06']' returned non-zero exit status 1.; 5446)
[2026-09-22T17:40:22.145+0000] {local_task_job_runner.py:240} INFO - Task exited with return code 1
[2026-09-22T17:40:22.159+0000] {taskinstance.py:3503} INFO - 0 downstream tasks scheduled from follow-on schedule check
[2026-09-22T17:40:22.160+0000] {local_task_job_runner.py:222} INFO - ::endgroup::
