[2026-09-18T12:32:28.532+0000] {local_task_job_runner.py:120} INFO - ::group::Pre task execution logs
[2026-09-18T12:32:28.544+0000] {taskinstance.py:2076} INFO - Dependencies all met for dep_context=non-requeueable deps ti=<TaskInstance: ecommerce_data.extract scheduled__2019-10-06T00:00:00+00:00 [queued]>
[2026-09-18T12:32:28.547+0000] {taskinstance.py:2076} INFO - Dependencies all met for dep_context=requeueable deps ti=<TaskInstance: ecommerce_data.extract scheduled__2019-10-06T00:00:00+00:00 [queued]>
[2026-09-18T12:32:28.547+0000] {taskinstance.py:2306} INFO - Starting attempt 2 of 4
[2026-09-18T12:32:28.552+0000] {taskinstance.py:2330} INFO - Executing <Task(_PythonDecoratedOperator): extract> on 2019-10-06 00:00:00+00:00
[2026-09-18T12:32:28.555+0000] {standard_task_runner.py:63} INFO - Started process 1441 to run task
[2026-09-18T12:32:28.557+0000] {standard_task_runner.py:90} INFO - Running: ['airflow', 'tasks', 'run', 'ecommerce_data', 'extract', 'scheduled__2019-10-06T00:00:00+00:00', '--job-id', '21', '--raw', '--subdir', 'DAGS_FOLDER/etl.py', '--cfg-path', '/tmp/tmp72v6nu78']
[2026-09-18T12:32:28.558+0000] {standard_task_runner.py:91} INFO - Job 21: Subtask extract
[2026-09-18T12:32:28.575+0000] {task_command.py:426} INFO - Running <TaskInstance: ecommerce_data.extract scheduled__2019-10-06T00:00:00+00:00 [running]> on host ac3d43ca2f24
[2026-09-18T12:32:28.601+0000] {taskinstance.py:2648} INFO - Exporting env vars: AIRFLOW_CTX_DAG_OWNER='airflow' AIRFLOW_CTX_DAG_ID='ecommerce_data' AIRFLOW_CTX_TASK_ID='extract' AIRFLOW_CTX_EXECUTION_DATE='2019-10-06T00:00:00+00:00' AIRFLOW_CTX_TRY_NUMBER='2' AIRFLOW_CTX_DAG_RUN_ID='scheduled__2019-10-06T00:00:00+00:00'
[2026-09-18T12:32:28.601+0000] {taskinstance.py:430} INFO - ::endgroup::
[2026-09-18T12:32:29.578+0000] {taskinstance.py:441} INFO - ::group::Post task execution logs
[2026-09-18T12:32:29.578+0000] {taskinstance.py:2905} ERROR - Task failed with exception
Traceback (most recent call last):
  File "/home/airflow/.local/lib/python3.11/site-packages/airflow/models/taskinstance.py", line 465, in _execute_task
    result = _execute_callable(context=context, **execute_callable_kwargs)
             ^^^^^^^^^^^^^^^^^^^^^^^^^^^^^^^^^^^^^^^^^^^^^^^^^^^^^^^^^^^^^
  File "/home/airflow/.local/lib/python3.11/site-packages/airflow/models/taskinstance.py", line 432, in _execute_callable
    return execute_callable(context=context, **execute_callable_kwargs)
           ^^^^^^^^^^^^^^^^^^^^^^^^^^^^^^^^^^^^^^^^^^^^^^^^^^^^^^^^^^^^
  File "/home/airflow/.local/lib/python3.11/site-packages/airflow/models/baseoperator.py", line 401, in wrapper
    return func(self, *args, **kwargs)
           ^^^^^^^^^^^^^^^^^^^^^^^^^^^
  File "/home/airflow/.local/lib/python3.11/site-packages/airflow/decorators/base.py", line 265, in execute
    return_value = super().execute(context)
                   ^^^^^^^^^^^^^^^^^^^^^^^^
  File "/home/airflow/.local/lib/python3.11/site-packages/airflow/models/baseoperator.py", line 401, in wrapper
    return func(self, *args, **kwargs)
           ^^^^^^^^^^^^^^^^^^^^^^^^^^^
  File "/home/airflow/.local/lib/python3.11/site-packages/airflow/operators/python.py", line 235, in execute
    return_value = self.execute_callable()
                   ^^^^^^^^^^^^^^^^^^^^^^^
  File "/home/airflow/.local/lib/python3.11/site-packages/airflow/operators/python.py", line 252, in execute_callable
    return self.python_callable(*self.op_args, **self.op_kwargs)
           ^^^^^^^^^^^^^^^^^^^^^^^^^^^^^^^^^^^^^^^^^^^^^^^^^^^^^
  File "/opt/airflow/dags/etl.py", line 26, in extract
    script_run = subprocess.run(["spark-submit", "daily_etl.py", ds], check=True)
                 ^^^^^^^^^^^^^^^^^^^^^^^^^^^^^^^^^^^^^^^^^^^^^^^^^^^^^^^^^^^^^^^^
  File "/usr/local/lib/python3.11/subprocess.py", line 571, in run
    raise CalledProcessError(retcode, process.args,
subprocess.CalledProcessError: Command '['spark-submit', 'daily_etl.py', '2019-10-06']' returned non-zero exit status 2.
[2026-09-18T12:32:29.581+0000] {taskinstance.py:1206} INFO - Marking task as UP_FOR_RETRY. dag_id=ecommerce_data, task_id=extract, run_id=scheduled__2019-10-06T00:00:00+00:00, execution_date=20191006T000000, start_date=20260918T123228, end_date=20260918T123229
[2026-09-18T12:32:29.585+0000] {standard_task_runner.py:110} ERROR - Failed to execute job 21 for task extract (Command '['spark-submit', 'daily_etl.py', '2019-10-06']' returned non-zero exit status 2.; 1441)
[2026-09-18T12:32:29.611+0000] {local_task_job_runner.py:240} INFO - Task exited with return code 1
[2026-09-18T12:32:29.624+0000] {taskinstance.py:3503} INFO - 0 downstream tasks scheduled from follow-on schedule check
[2026-09-18T12:32:29.624+0000] {local_task_job_runner.py:222} INFO - ::endgroup::
[2026-09-19T13:39:55.813+0000] {local_task_job_runner.py:120} INFO - ::group::Pre task execution logs
[2026-09-19T13:39:55.832+0000] {taskinstance.py:2076} INFO - Dependencies all met for dep_context=non-requeueable deps ti=<TaskInstance: ecommerce_data.extract scheduled__2019-10-06T00:00:00+00:00 [queued]>
[2026-09-19T13:39:55.836+0000] {taskinstance.py:2076} INFO - Dependencies all met for dep_context=requeueable deps ti=<TaskInstance: ecommerce_data.extract scheduled__2019-10-06T00:00:00+00:00 [queued]>
[2026-09-19T13:39:55.837+0000] {taskinstance.py:2306} INFO - Starting attempt 2 of 4
[2026-09-19T13:39:55.845+0000] {taskinstance.py:2330} INFO - Executing <Task(_PythonDecoratedOperator): extract> on 2019-10-06 00:00:00+00:00
[2026-09-19T13:39:55.851+0000] {standard_task_runner.py:63} INFO - Started process 3147 to run task
[2026-09-19T13:39:55.853+0000] {standard_task_runner.py:90} INFO - Running: ['airflow', 'tasks', 'run', 'ecommerce_data', 'extract', 'scheduled__2019-10-06T00:00:00+00:00', '--job-id', '67', '--raw', '--subdir', 'DAGS_FOLDER/etl.py', '--cfg-path', '/tmp/tmp4x_14gds']
[2026-09-19T13:39:55.854+0000] {standard_task_runner.py:91} INFO - Job 67: Subtask extract
[2026-09-19T13:39:55.890+0000] {task_command.py:426} INFO - Running <TaskInstance: ecommerce_data.extract scheduled__2019-10-06T00:00:00+00:00 [running]> on host 8e73891b263a
[2026-09-19T13:39:55.943+0000] {taskinstance.py:2648} INFO - Exporting env vars: AIRFLOW_CTX_DAG_OWNER='airflow' AIRFLOW_CTX_DAG_ID='ecommerce_data' AIRFLOW_CTX_TASK_ID='extract' AIRFLOW_CTX_EXECUTION_DATE='2019-10-06T00:00:00+00:00' AIRFLOW_CTX_TRY_NUMBER='2' AIRFLOW_CTX_DAG_RUN_ID='scheduled__2019-10-06T00:00:00+00:00'
[2026-09-19T13:39:55.944+0000] {taskinstance.py:430} INFO - ::endgroup::
[2026-09-19T13:40:01.762+0000] {taskinstance.py:441} INFO - ::group::Post task execution logs
[2026-09-19T13:40:01.763+0000] {taskinstance.py:2905} ERROR - Task failed with exception
Traceback (most recent call last):
  File "/home/airflow/.local/lib/python3.11/site-packages/airflow/models/taskinstance.py", line 465, in _execute_task
    result = _execute_callable(context=context, **execute_callable_kwargs)
             ^^^^^^^^^^^^^^^^^^^^^^^^^^^^^^^^^^^^^^^^^^^^^^^^^^^^^^^^^^^^^
  File "/home/airflow/.local/lib/python3.11/site-packages/airflow/models/taskinstance.py", line 432, in _execute_callable
    return execute_callable(context=context, **execute_callable_kwargs)
           ^^^^^^^^^^^^^^^^^^^^^^^^^^^^^^^^^^^^^^^^^^^^^^^^^^^^^^^^^^^^
  File "/home/airflow/.local/lib/python3.11/site-packages/airflow/models/baseoperator.py", line 401, in wrapper
    return func(self, *args, **kwargs)
           ^^^^^^^^^^^^^^^^^^^^^^^^^^^
  File "/home/airflow/.local/lib/python3.11/site-packages/airflow/decorators/base.py", line 265, in execute
    return_value = super().execute(context)
                   ^^^^^^^^^^^^^^^^^^^^^^^^
  File "/home/airflow/.local/lib/python3.11/site-packages/airflow/models/baseoperator.py", line 401, in wrapper
    return func(self, *args, **kwargs)
           ^^^^^^^^^^^^^^^^^^^^^^^^^^^
  File "/home/airflow/.local/lib/python3.11/site-packages/airflow/operators/python.py", line 235, in execute
    return_value = self.execute_callable()
                   ^^^^^^^^^^^^^^^^^^^^^^^
  File "/home/airflow/.local/lib/python3.11/site-packages/airflow/operators/python.py", line 252, in execute_callable
    return self.python_callable(*self.op_args, **self.op_kwargs)
           ^^^^^^^^^^^^^^^^^^^^^^^^^^^^^^^^^^^^^^^^^^^^^^^^^^^^^
  File "/opt/airflow/dags/etl.py", line 27, in extract
    script_run = subprocess.run(["spark-submit", "/opt/airflow/dags/daily_etl.py", ds], check=True)
                 ^^^^^^^^^^^^^^^^^^^^^^^^^^^^^^^^^^^^^^^^^^^^^^^^^^^^^^^^^^^^^^^^^^^^^^^^^^^^^^^^^^
  File "/usr/local/lib/python3.11/subprocess.py", line 571, in run
    raise CalledProcessError(retcode, process.args,
subprocess.CalledProcessError: Command '['spark-submit', '/opt/airflow/dags/daily_etl.py', '2019-10-06']' returned non-zero exit status 1.
[2026-09-19T13:40:01.773+0000] {taskinstance.py:1206} INFO - Marking task as UP_FOR_RETRY. dag_id=ecommerce_data, task_id=extract, run_id=scheduled__2019-10-06T00:00:00+00:00, execution_date=20191006T000000, start_date=20260919T133955, end_date=20260919T134001
[2026-09-19T13:40:01.784+0000] {standard_task_runner.py:110} ERROR - Failed to execute job 67 for task extract (Command '['spark-submit', '/opt/airflow/dags/daily_etl.py', '2019-10-06']' returned non-zero exit status 1.; 3147)
[2026-09-19T13:40:01.832+0000] {local_task_job_runner.py:240} INFO - Task exited with return code 1
[2026-09-19T13:40:01.847+0000] {taskinstance.py:3503} INFO - 0 downstream tasks scheduled from follow-on schedule check
[2026-09-19T13:40:01.848+0000] {local_task_job_runner.py:222} INFO - ::endgroup::
[2026-09-21T20:22:10.404+0000] {local_task_job_runner.py:120} INFO - ::group::Pre task execution logs
[2026-09-21T20:22:10.417+0000] {taskinstance.py:2076} INFO - Dependencies all met for dep_context=non-requeueable deps ti=<TaskInstance: ecommerce_data.extract scheduled__2019-10-06T00:00:00+00:00 [queued]>
[2026-09-21T20:22:10.420+0000] {taskinstance.py:2076} INFO - Dependencies all met for dep_context=requeueable deps ti=<TaskInstance: ecommerce_data.extract scheduled__2019-10-06T00:00:00+00:00 [queued]>
[2026-09-21T20:22:10.420+0000] {taskinstance.py:2306} INFO - Starting attempt 2 of 4
[2026-09-21T20:22:10.426+0000] {taskinstance.py:2330} INFO - Executing <Task(_PythonDecoratedOperator): extract> on 2019-10-06 00:00:00+00:00
[2026-09-21T20:22:10.430+0000] {standard_task_runner.py:63} INFO - Started process 803 to run task
[2026-09-21T20:22:10.431+0000] {standard_task_runner.py:90} INFO - Running: ['airflow', 'tasks', 'run', 'ecommerce_data', 'extract', 'scheduled__2019-10-06T00:00:00+00:00', '--job-id', '31', '--raw', '--subdir', 'DAGS_FOLDER/etl.py', '--cfg-path', '/tmp/tmpqc9pd7w7']
[2026-09-21T20:22:10.432+0000] {standard_task_runner.py:91} INFO - Job 31: Subtask extract
[2026-09-21T20:22:10.451+0000] {task_command.py:426} INFO - Running <TaskInstance: ecommerce_data.extract scheduled__2019-10-06T00:00:00+00:00 [running]> on host e6c3ac7e1715
[2026-09-21T20:22:10.480+0000] {taskinstance.py:2648} INFO - Exporting env vars: AIRFLOW_CTX_DAG_OWNER='airflow' AIRFLOW_CTX_DAG_ID='ecommerce_data' AIRFLOW_CTX_TASK_ID='extract' AIRFLOW_CTX_EXECUTION_DATE='2019-10-06T00:00:00+00:00' AIRFLOW_CTX_TRY_NUMBER='2' AIRFLOW_CTX_DAG_RUN_ID='scheduled__2019-10-06T00:00:00+00:00'
[2026-09-21T20:22:10.480+0000] {taskinstance.py:430} INFO - ::endgroup::
[2026-09-21T20:22:10.483+0000] {base.py:84} INFO - Using connection ID 'postgres_conn_id' for task execution.
[2026-09-21T20:22:16.502+0000] {taskinstance.py:441} INFO - ::group::Post task execution logs
[2026-09-21T20:22:16.503+0000] {taskinstance.py:2905} ERROR - Task failed with exception
Traceback (most recent call last):
  File "/home/airflow/.local/lib/python3.11/site-packages/airflow/models/taskinstance.py", line 465, in _execute_task
    result = _execute_callable(context=context, **execute_callable_kwargs)
             ^^^^^^^^^^^^^^^^^^^^^^^^^^^^^^^^^^^^^^^^^^^^^^^^^^^^^^^^^^^^^
  File "/home/airflow/.local/lib/python3.11/site-packages/airflow/models/taskinstance.py", line 432, in _execute_callable
    return execute_callable(context=context, **execute_callable_kwargs)
           ^^^^^^^^^^^^^^^^^^^^^^^^^^^^^^^^^^^^^^^^^^^^^^^^^^^^^^^^^^^^
  File "/home/airflow/.local/lib/python3.11/site-packages/airflow/models/baseoperator.py", line 401, in wrapper
    return func(self, *args, **kwargs)
           ^^^^^^^^^^^^^^^^^^^^^^^^^^^
  File "/home/airflow/.local/lib/python3.11/site-packages/airflow/decorators/base.py", line 265, in execute
    return_value = super().execute(context)
                   ^^^^^^^^^^^^^^^^^^^^^^^^
  File "/home/airflow/.local/lib/python3.11/site-packages/airflow/models/baseoperator.py", line 401, in wrapper
    return func(self, *args, **kwargs)
           ^^^^^^^^^^^^^^^^^^^^^^^^^^^
  File "/home/airflow/.local/lib/python3.11/site-packages/airflow/operators/python.py", line 235, in execute
    return_value = self.execute_callable()
                   ^^^^^^^^^^^^^^^^^^^^^^^
  File "/home/airflow/.local/lib/python3.11/site-packages/airflow/operators/python.py", line 252, in execute_callable
    return self.python_callable(*self.op_args, **self.op_kwargs)
           ^^^^^^^^^^^^^^^^^^^^^^^^^^^^^^^^^^^^^^^^^^^^^^^^^^^^^
  File "/opt/airflow/dags/etl.py", line 58, in extract
    script_run = subprocess.run([
                 ^^^^^^^^^^^^^^^^
  File "/usr/local/lib/python3.11/subprocess.py", line 571, in run
    raise CalledProcessError(retcode, process.args,
subprocess.CalledProcessError: Command '['spark-submit', '--packages', 'org.postgresql:postgresql:42.6.0', '/opt/airflow/dags/daily_etl.py', '2019-10-06']' returned non-zero exit status 1.
[2026-09-21T20:22:16.506+0000] {taskinstance.py:1206} INFO - Marking task as UP_FOR_RETRY. dag_id=ecommerce_data, task_id=extract, run_id=scheduled__2019-10-06T00:00:00+00:00, execution_date=20191006T000000, start_date=20260921T202210, end_date=20260921T202216
[2026-09-21T20:22:16.510+0000] {standard_task_runner.py:110} ERROR - Failed to execute job 31 for task extract (Command '['spark-submit', '--packages', 'org.postgresql:postgresql:42.6.0', '/opt/airflow/dags/daily_etl.py', '2019-10-06']' returned non-zero exit status 1.; 803)
[2026-09-21T20:22:16.545+0000] {local_task_job_runner.py:240} INFO - Task exited with return code 1
[2026-09-21T20:22:16.553+0000] {taskinstance.py:3503} INFO - 0 downstream tasks scheduled from follow-on schedule check
[2026-09-21T20:22:16.554+0000] {local_task_job_runner.py:222} INFO - ::endgroup::
[2026-09-21T21:54:39.585+0000] {local_task_job_runner.py:120} INFO - ::group::Pre task execution logs
[2026-09-21T21:54:39.603+0000] {taskinstance.py:2076} INFO - Dependencies all met for dep_context=non-requeueable deps ti=<TaskInstance: ecommerce_data.extract scheduled__2019-10-06T00:00:00+00:00 [queued]>
[2026-09-21T21:54:39.607+0000] {taskinstance.py:2076} INFO - Dependencies all met for dep_context=requeueable deps ti=<TaskInstance: ecommerce_data.extract scheduled__2019-10-06T00:00:00+00:00 [queued]>
[2026-09-21T21:54:39.608+0000] {taskinstance.py:2306} INFO - Starting attempt 2 of 4
[2026-09-21T21:54:39.615+0000] {taskinstance.py:2330} INFO - Executing <Task(_PythonDecoratedOperator): extract> on 2019-10-06 00:00:00+00:00
[2026-09-21T21:54:39.621+0000] {standard_task_runner.py:63} INFO - Started process 10170 to run task
[2026-09-21T21:54:39.623+0000] {standard_task_runner.py:90} INFO - Running: ['airflow', 'tasks', 'run', 'ecommerce_data', 'extract', 'scheduled__2019-10-06T00:00:00+00:00', '--job-id', '99', '--raw', '--subdir', 'DAGS_FOLDER/etl.py', '--cfg-path', '/tmp/tmp8ymp400n']
[2026-09-21T21:54:39.624+0000] {standard_task_runner.py:91} INFO - Job 99: Subtask extract
[2026-09-21T21:54:39.655+0000] {task_command.py:426} INFO - Running <TaskInstance: ecommerce_data.extract scheduled__2019-10-06T00:00:00+00:00 [running]> on host e6c3ac7e1715
[2026-09-21T21:54:39.726+0000] {taskinstance.py:2648} INFO - Exporting env vars: AIRFLOW_CTX_DAG_OWNER='airflow' AIRFLOW_CTX_DAG_ID='ecommerce_data' AIRFLOW_CTX_TASK_ID='extract' AIRFLOW_CTX_EXECUTION_DATE='2019-10-06T00:00:00+00:00' AIRFLOW_CTX_TRY_NUMBER='2' AIRFLOW_CTX_DAG_RUN_ID='scheduled__2019-10-06T00:00:00+00:00'
[2026-09-21T21:54:39.727+0000] {taskinstance.py:430} INFO - ::endgroup::
[2026-09-21T21:54:39.731+0000] {base.py:84} INFO - Using connection ID 'postgres_conn_id' for task execution.
[2026-09-21T21:54:45.662+0000] {etl.py:68} ERROR - === СПРАВЖНЯ ПОМИЛКА ВІД SPARK ===
[2026-09-21T21:54:45.663+0000] {etl.py:69} ERROR - /home/airflow/.local/lib/python3.11/site-packages/pyspark/bin/load-spark-env.sh: line 68: ps: command not found
Ivy Default Cache set to: /home/airflow/.ivy2/cache
The jars for the packages stored in: /home/airflow/.ivy2/jars
org.postgresql#postgresql added as a dependency
:: resolving dependencies :: org.apache.spark#spark-submit-parent-578e290a-ad7b-4d47-86bf-73f58faf54ed;1.0
	confs: [default]
	found org.postgresql#postgresql;42.6.0 in central
	found org.checkerframework#checker-qual;3.31.0 in central
:: resolution report :: resolve 103ms :: artifacts dl 4ms
	:: modules in use:
	org.checkerframework#checker-qual;3.31.0 from central in [default]
	org.postgresql#postgresql;42.6.0 from central in [default]
	---------------------------------------------------------------------
	|                  |            modules            ||   artifacts   |
	|       conf       | number| search|dwnlded|evicted|| number|dwnlded|
	---------------------------------------------------------------------
	|      default     |   2   |   0   |   0   |   0   ||   2   |   0   |
	---------------------------------------------------------------------
:: retrieving :: org.apache.spark#spark-submit-parent-578e290a-ad7b-4d47-86bf-73f58faf54ed
	confs: [default]
	0 artifacts copied, 2 already retrieved (0kB/3ms)
26/09/21 21:54:41 WARN NativeCodeLoader: Unable to load native-hadoop library for your platform... using builtin-java classes where applicable
26/09/21 21:54:42 INFO SparkContext: Running Spark version 3.5.1
26/09/21 21:54:42 INFO SparkContext: OS info Linux, 7.0.0-31-generic, amd64
26/09/21 21:54:42 INFO SparkContext: Java version 17.0.20.1
26/09/21 21:54:42 INFO ResourceUtils: ==============================================================
26/09/21 21:54:42 INFO ResourceUtils: No custom resources configured for spark.driver.
26/09/21 21:54:42 INFO ResourceUtils: ==============================================================
26/09/21 21:54:42 INFO SparkContext: Submitted application: Daily_ecommerce
26/09/21 21:54:42 INFO ResourceProfile: Default ResourceProfile created, executor resources: Map(cores -> name: cores, amount: 1, script: , vendor: , memory -> name: memory, amount: 1024, script: , vendor: , offHeap -> name: offHeap, amount: 0, script: , vendor: ), task resources: Map(cpus -> name: cpus, amount: 1.0)
26/09/21 21:54:42 INFO ResourceProfile: Limiting resource is cpu
26/09/21 21:54:42 INFO ResourceProfileManager: Added ResourceProfile id: 0
26/09/21 21:54:42 INFO SecurityManager: Changing view acls to: airflow
26/09/21 21:54:42 INFO SecurityManager: Changing modify acls to: airflow
26/09/21 21:54:42 INFO SecurityManager: Changing view acls groups to: 
26/09/21 21:54:42 INFO SecurityManager: Changing modify acls groups to: 
26/09/21 21:54:42 INFO SecurityManager: SecurityManager: authentication disabled; ui acls disabled; users with view permissions: airflow; groups with view permissions: EMPTY; users with modify permissions: airflow; groups with modify permissions: EMPTY
26/09/21 21:54:42 INFO Utils: Successfully started service 'sparkDriver' on port 42593.
26/09/21 21:54:42 INFO SparkEnv: Registering MapOutputTracker
26/09/21 21:54:42 INFO SparkEnv: Registering BlockManagerMaster
26/09/21 21:54:42 INFO BlockManagerMasterEndpoint: Using org.apache.spark.storage.DefaultTopologyMapper for getting topology information
26/09/21 21:54:42 INFO BlockManagerMasterEndpoint: BlockManagerMasterEndpoint up
26/09/21 21:54:42 INFO SparkEnv: Registering BlockManagerMasterHeartbeat
26/09/21 21:54:42 INFO DiskBlockManager: Created local directory at /tmp/blockmgr-e87a3130-1b85-422f-a06b-c1943cb53d25
26/09/21 21:54:42 INFO MemoryStore: MemoryStore started with capacity 434.4 MiB
26/09/21 21:54:42 INFO SparkEnv: Registering OutputCommitCoordinator
26/09/21 21:54:42 INFO JettyUtils: Start Jetty 0.0.0.0:4040 for SparkUI
26/09/21 21:54:42 INFO Utils: Successfully started service 'SparkUI' on port 4040.
26/09/21 21:54:42 INFO SparkContext: Added JAR file:///home/airflow/.ivy2/jars/org.postgresql_postgresql-42.6.0.jar at spark://e6c3ac7e1715:42593/jars/org.postgresql_postgresql-42.6.0.jar with timestamp 1790027682264
26/09/21 21:54:42 INFO SparkContext: Added JAR file:///home/airflow/.ivy2/jars/org.checkerframework_checker-qual-3.31.0.jar at spark://e6c3ac7e1715:42593/jars/org.checkerframework_checker-qual-3.31.0.jar with timestamp 1790027682264
26/09/21 21:54:42 INFO SparkContext: Added file file:///home/airflow/.ivy2/jars/org.postgresql_postgresql-42.6.0.jar at file:///home/airflow/.ivy2/jars/org.postgresql_postgresql-42.6.0.jar with timestamp 1790027682264
26/09/21 21:54:42 INFO Utils: Copying /home/airflow/.ivy2/jars/org.postgresql_postgresql-42.6.0.jar to /tmp/spark-4490a7c7-0169-4c4f-88ee-1c2bd4127e0a/userFiles-03dd02ff-6453-4789-a2a9-19eb6c795c1e/org.postgresql_postgresql-42.6.0.jar
26/09/21 21:54:42 INFO SparkContext: Added file file:///home/airflow/.ivy2/jars/org.checkerframework_checker-qual-3.31.0.jar at file:///home/airflow/.ivy2/jars/org.checkerframework_checker-qual-3.31.0.jar with timestamp 1790027682264
26/09/21 21:54:42 INFO Utils: Copying /home/airflow/.ivy2/jars/org.checkerframework_checker-qual-3.31.0.jar to /tmp/spark-4490a7c7-0169-4c4f-88ee-1c2bd4127e0a/userFiles-03dd02ff-6453-4789-a2a9-19eb6c795c1e/org.checkerframework_checker-qual-3.31.0.jar
26/09/21 21:54:42 INFO Executor: Starting executor ID driver on host e6c3ac7e1715
26/09/21 21:54:42 INFO Executor: OS info Linux, 7.0.0-31-generic, amd64
26/09/21 21:54:42 INFO Executor: Java version 17.0.20.1
26/09/21 21:54:42 INFO Executor: Starting executor with user classpath (userClassPathFirst = false): ''
26/09/21 21:54:42 INFO Executor: Created or updated repl class loader org.apache.spark.util.MutableURLClassLoader@4e870ecc for default.
26/09/21 21:54:42 INFO Executor: Fetching file:///home/airflow/.ivy2/jars/org.checkerframework_checker-qual-3.31.0.jar with timestamp 1790027682264
26/09/21 21:54:42 INFO Utils: /home/airflow/.ivy2/jars/org.checkerframework_checker-qual-3.31.0.jar has been previously copied to /tmp/spark-4490a7c7-0169-4c4f-88ee-1c2bd4127e0a/userFiles-03dd02ff-6453-4789-a2a9-19eb6c795c1e/org.checkerframework_checker-qual-3.31.0.jar
26/09/21 21:54:42 INFO Executor: Fetching file:///home/airflow/.ivy2/jars/org.postgresql_postgresql-42.6.0.jar with timestamp 1790027682264
26/09/21 21:54:42 INFO Utils: /home/airflow/.ivy2/jars/org.postgresql_postgresql-42.6.0.jar has been previously copied to /tmp/spark-4490a7c7-0169-4c4f-88ee-1c2bd4127e0a/userFiles-03dd02ff-6453-4789-a2a9-19eb6c795c1e/org.postgresql_postgresql-42.6.0.jar
26/09/21 21:54:42 INFO Executor: Fetching spark://e6c3ac7e1715:42593/jars/org.postgresql_postgresql-42.6.0.jar with timestamp 1790027682264
26/09/21 21:54:43 INFO TransportClientFactory: Successfully created connection to e6c3ac7e1715/172.21.0.3:42593 after 22 ms (0 ms spent in bootstraps)
26/09/21 21:54:43 INFO Utils: Fetching spark://e6c3ac7e1715:42593/jars/org.postgresql_postgresql-42.6.0.jar to /tmp/spark-4490a7c7-0169-4c4f-88ee-1c2bd4127e0a/userFiles-03dd02ff-6453-4789-a2a9-19eb6c795c1e/fetchFileTemp12848755001568770823.tmp
26/09/21 21:54:43 INFO Utils: /tmp/spark-4490a7c7-0169-4c4f-88ee-1c2bd4127e0a/userFiles-03dd02ff-6453-4789-a2a9-19eb6c795c1e/fetchFileTemp12848755001568770823.tmp has been previously copied to /tmp/spark-4490a7c7-0169-4c4f-88ee-1c2bd4127e0a/userFiles-03dd02ff-6453-4789-a2a9-19eb6c795c1e/org.postgresql_postgresql-42.6.0.jar
26/09/21 21:54:43 INFO Executor: Adding file:/tmp/spark-4490a7c7-0169-4c4f-88ee-1c2bd4127e0a/userFiles-03dd02ff-6453-4789-a2a9-19eb6c795c1e/org.postgresql_postgresql-42.6.0.jar to class loader default
26/09/21 21:54:43 INFO Executor: Fetching spark://e6c3ac7e1715:42593/jars/org.checkerframework_checker-qual-3.31.0.jar with timestamp 1790027682264
26/09/21 21:54:43 INFO Utils: Fetching spark://e6c3ac7e1715:42593/jars/org.checkerframework_checker-qual-3.31.0.jar to /tmp/spark-4490a7c7-0169-4c4f-88ee-1c2bd4127e0a/userFiles-03dd02ff-6453-4789-a2a9-19eb6c795c1e/fetchFileTemp14529250209616691979.tmp
26/09/21 21:54:43 INFO Utils: /tmp/spark-4490a7c7-0169-4c4f-88ee-1c2bd4127e0a/userFiles-03dd02ff-6453-4789-a2a9-19eb6c795c1e/fetchFileTemp14529250209616691979.tmp has been previously copied to /tmp/spark-4490a7c7-0169-4c4f-88ee-1c2bd4127e0a/userFiles-03dd02ff-6453-4789-a2a9-19eb6c795c1e/org.checkerframework_checker-qual-3.31.0.jar
26/09/21 21:54:43 INFO Executor: Adding file:/tmp/spark-4490a7c7-0169-4c4f-88ee-1c2bd4127e0a/userFiles-03dd02ff-6453-4789-a2a9-19eb6c795c1e/org.checkerframework_checker-qual-3.31.0.jar to class loader default
26/09/21 21:54:43 INFO Utils: Successfully started service 'org.apache.spark.network.netty.NettyBlockTransferService' on port 43903.
26/09/21 21:54:43 INFO NettyBlockTransferService: Server created on e6c3ac7e1715:43903
26/09/21 21:54:43 INFO BlockManager: Using org.apache.spark.storage.RandomBlockReplicationPolicy for block replication policy
26/09/21 21:54:43 INFO BlockManagerMaster: Registering BlockManager BlockManagerId(driver, e6c3ac7e1715, 43903, None)
26/09/21 21:54:43 INFO BlockManagerMasterEndpoint: Registering block manager e6c3ac7e1715:43903 with 434.4 MiB RAM, BlockManagerId(driver, e6c3ac7e1715, 43903, None)
26/09/21 21:54:43 INFO BlockManagerMaster: Registered BlockManager BlockManagerId(driver, e6c3ac7e1715, 43903, None)
26/09/21 21:54:43 INFO BlockManager: Initialized BlockManager: BlockManagerId(driver, e6c3ac7e1715, 43903, None)
26/09/21 21:54:43 INFO SharedState: Setting hive.metastore.warehouse.dir ('null') to the value of spark.sql.warehouse.dir.
26/09/21 21:54:43 INFO SharedState: Warehouse path is 'file:/opt/airflow/spark-warehouse'.
26/09/21 21:54:44 INFO InMemoryFileIndex: It took 30 ms to list leaf files for 1 paths.
26/09/21 21:54:44 INFO SparkContext: Starting job: parquet at NativeMethodAccessorImpl.java:0
26/09/21 21:54:44 INFO DAGScheduler: Got job 0 (parquet at NativeMethodAccessorImpl.java:0) with 1 output partitions
26/09/21 21:54:44 INFO DAGScheduler: Final stage: ResultStage 0 (parquet at NativeMethodAccessorImpl.java:0)
26/09/21 21:54:44 INFO DAGScheduler: Parents of final stage: List()
26/09/21 21:54:44 INFO DAGScheduler: Missing parents: List()
26/09/21 21:54:44 INFO DAGScheduler: Submitting ResultStage 0 (MapPartitionsRDD[1] at parquet at NativeMethodAccessorImpl.java:0), which has no missing parents
26/09/21 21:54:44 INFO MemoryStore: Block broadcast_0 stored as values in memory (estimated size 104.5 KiB, free 434.3 MiB)
26/09/21 21:54:44 INFO MemoryStore: Block broadcast_0_piece0 stored as bytes in memory (estimated size 37.6 KiB, free 434.3 MiB)
26/09/21 21:54:44 INFO BlockManagerInfo: Added broadcast_0_piece0 in memory on e6c3ac7e1715:43903 (size: 37.6 KiB, free: 434.4 MiB)
26/09/21 21:54:44 INFO SparkContext: Created broadcast 0 from broadcast at DAGScheduler.scala:1585
26/09/21 21:54:44 INFO DAGScheduler: Submitting 1 missing tasks from ResultStage 0 (MapPartitionsRDD[1] at parquet at NativeMethodAccessorImpl.java:0) (first 15 tasks are for partitions Vector(0))
26/09/21 21:54:44 INFO TaskSchedulerImpl: Adding task set 0.0 with 1 tasks resource profile 0
26/09/21 21:54:44 INFO TaskSetManager: Starting task 0.0 in stage 0.0 (TID 0) (e6c3ac7e1715, executor driver, partition 0, PROCESS_LOCAL, 8303 bytes) 
26/09/21 21:54:44 INFO Executor: Running task 0.0 in stage 0.0 (TID 0)
26/09/21 21:54:44 INFO Executor: Finished task 0.0 in stage 0.0 (TID 0). 2034 bytes result sent to driver
26/09/21 21:54:44 INFO TaskSetManager: Finished task 0.0 in stage 0.0 (TID 0) in 310 ms on e6c3ac7e1715 (executor driver) (1/1)
26/09/21 21:54:44 INFO TaskSchedulerImpl: Removed TaskSet 0.0, whose tasks have all completed, from pool 
26/09/21 21:54:44 INFO DAGScheduler: ResultStage 0 (parquet at NativeMethodAccessorImpl.java:0) finished in 0.464 s
26/09/21 21:54:44 INFO DAGScheduler: Job 0 is finished. Cancelling potential speculative or zombie tasks for this job
26/09/21 21:54:44 INFO TaskSchedulerImpl: Killing all running tasks in stage 0: Stage finished
26/09/21 21:54:44 INFO DAGScheduler: Job 0 finished: parquet at NativeMethodAccessorImpl.java:0, took 0.513589 s
26/09/21 21:54:45 INFO BlockManagerInfo: Removed broadcast_0_piece0 on e6c3ac7e1715:43903 in memory (size: 37.6 KiB, free: 434.4 MiB)
26/09/21 21:54:45 INFO SparkContext: Invoking stop() from shutdown hook
26/09/21 21:54:45 INFO SparkContext: SparkContext is stopping with exitCode 0.
26/09/21 21:54:45 INFO SparkUI: Stopped Spark web UI at http://e6c3ac7e1715:4040
26/09/21 21:54:45 INFO MapOutputTrackerMasterEndpoint: MapOutputTrackerMasterEndpoint stopped!
26/09/21 21:54:45 INFO MemoryStore: MemoryStore cleared
26/09/21 21:54:45 INFO BlockManager: BlockManager stopped
26/09/21 21:54:45 INFO BlockManagerMaster: BlockManagerMaster stopped
26/09/21 21:54:45 INFO OutputCommitCoordinator$OutputCommitCoordinatorEndpoint: OutputCommitCoordinator stopped!
26/09/21 21:54:45 INFO SparkContext: Successfully stopped SparkContext
26/09/21 21:54:45 INFO ShutdownHookManager: Shutdown hook called
26/09/21 21:54:45 INFO ShutdownHookManager: Deleting directory /tmp/spark-5f1c0389-b30f-45ff-912e-741390e0eac0
26/09/21 21:54:45 INFO ShutdownHookManager: Deleting directory /tmp/spark-4490a7c7-0169-4c4f-88ee-1c2bd4127e0a/pyspark-ecdf34b2-e9e4-4dac-a1ed-ab51e6ca8afa
26/09/21 21:54:45 INFO ShutdownHookManager: Deleting directory /tmp/spark-4490a7c7-0169-4c4f-88ee-1c2bd4127e0a

[2026-09-21T21:54:45.663+0000] {taskinstance.py:441} INFO - ::group::Post task execution logs
[2026-09-21T21:54:45.664+0000] {taskinstance.py:2905} ERROR - Task failed with exception
Traceback (most recent call last):
  File "/home/airflow/.local/lib/python3.11/site-packages/airflow/models/taskinstance.py", line 465, in _execute_task
    result = _execute_callable(context=context, **execute_callable_kwargs)
             ^^^^^^^^^^^^^^^^^^^^^^^^^^^^^^^^^^^^^^^^^^^^^^^^^^^^^^^^^^^^^
  File "/home/airflow/.local/lib/python3.11/site-packages/airflow/models/taskinstance.py", line 432, in _execute_callable
    return execute_callable(context=context, **execute_callable_kwargs)
           ^^^^^^^^^^^^^^^^^^^^^^^^^^^^^^^^^^^^^^^^^^^^^^^^^^^^^^^^^^^^
  File "/home/airflow/.local/lib/python3.11/site-packages/airflow/models/baseoperator.py", line 401, in wrapper
    return func(self, *args, **kwargs)
           ^^^^^^^^^^^^^^^^^^^^^^^^^^^
  File "/home/airflow/.local/lib/python3.11/site-packages/airflow/decorators/base.py", line 265, in execute
    return_value = super().execute(context)
                   ^^^^^^^^^^^^^^^^^^^^^^^^
  File "/home/airflow/.local/lib/python3.11/site-packages/airflow/models/baseoperator.py", line 401, in wrapper
    return func(self, *args, **kwargs)
           ^^^^^^^^^^^^^^^^^^^^^^^^^^^
  File "/home/airflow/.local/lib/python3.11/site-packages/airflow/operators/python.py", line 235, in execute
    return_value = self.execute_callable()
                   ^^^^^^^^^^^^^^^^^^^^^^^
  File "/home/airflow/.local/lib/python3.11/site-packages/airflow/operators/python.py", line 252, in execute_callable
    return self.python_callable(*self.op_args, **self.op_kwargs)
           ^^^^^^^^^^^^^^^^^^^^^^^^^^^^^^^^^^^^^^^^^^^^^^^^^^^^^
  File "/opt/airflow/dags/etl.py", line 70, in extract
    raise e
  File "/opt/airflow/dags/etl.py", line 59, in extract
    script_run = subprocess.run([
                 ^^^^^^^^^^^^^^^^
  File "/usr/local/lib/python3.11/subprocess.py", line 571, in run
    raise CalledProcessError(retcode, process.args,
subprocess.CalledProcessError: Command '['spark-submit', '--packages', 'org.postgresql:postgresql:42.6.0', '/opt/airflow/dags/daily_etl.py', '2019-10-06']' returned non-zero exit status 1.
[2026-09-21T21:54:45.672+0000] {taskinstance.py:1206} INFO - Marking task as UP_FOR_RETRY. dag_id=ecommerce_data, task_id=extract, run_id=scheduled__2019-10-06T00:00:00+00:00, execution_date=20191006T000000, start_date=20260921T215439, end_date=20260921T215445
[2026-09-21T21:54:45.683+0000] {standard_task_runner.py:110} ERROR - Failed to execute job 99 for task extract (Command '['spark-submit', '--packages', 'org.postgresql:postgresql:42.6.0', '/opt/airflow/dags/daily_etl.py', '2019-10-06']' returned non-zero exit status 1.; 10170)
[2026-09-21T21:54:45.725+0000] {local_task_job_runner.py:240} INFO - Task exited with return code 1
[2026-09-21T21:54:45.739+0000] {taskinstance.py:3503} INFO - 0 downstream tasks scheduled from follow-on schedule check
[2026-09-21T21:54:45.740+0000] {local_task_job_runner.py:222} INFO - ::endgroup::
[2026-09-21T22:25:31.565+0000] {local_task_job_runner.py:120} INFO - ::group::Pre task execution logs
[2026-09-21T22:25:31.583+0000] {taskinstance.py:2076} INFO - Dependencies all met for dep_context=non-requeueable deps ti=<TaskInstance: ecommerce_data.extract scheduled__2019-10-06T00:00:00+00:00 [queued]>
[2026-09-21T22:25:31.587+0000] {taskinstance.py:2076} INFO - Dependencies all met for dep_context=requeueable deps ti=<TaskInstance: ecommerce_data.extract scheduled__2019-10-06T00:00:00+00:00 [queued]>
[2026-09-21T22:25:31.587+0000] {taskinstance.py:2306} INFO - Starting attempt 2 of 4
[2026-09-21T22:25:31.595+0000] {taskinstance.py:2330} INFO - Executing <Task(_PythonDecoratedOperator): extract> on 2019-10-06 00:00:00+00:00
[2026-09-21T22:25:31.601+0000] {standard_task_runner.py:63} INFO - Started process 27468 to run task
[2026-09-21T22:25:31.603+0000] {standard_task_runner.py:90} INFO - Running: ['airflow', 'tasks', 'run', 'ecommerce_data', 'extract', 'scheduled__2019-10-06T00:00:00+00:00', '--job-id', '249', '--raw', '--subdir', 'DAGS_FOLDER/etl.py', '--cfg-path', '/tmp/tmpktwibpps']
[2026-09-21T22:25:31.605+0000] {standard_task_runner.py:91} INFO - Job 249: Subtask extract
[2026-09-21T22:25:31.638+0000] {task_command.py:426} INFO - Running <TaskInstance: ecommerce_data.extract scheduled__2019-10-06T00:00:00+00:00 [running]> on host e6c3ac7e1715
[2026-09-21T22:25:31.689+0000] {taskinstance.py:2648} INFO - Exporting env vars: AIRFLOW_CTX_DAG_OWNER='airflow' AIRFLOW_CTX_DAG_ID='ecommerce_data' AIRFLOW_CTX_TASK_ID='extract' AIRFLOW_CTX_EXECUTION_DATE='2019-10-06T00:00:00+00:00' AIRFLOW_CTX_TRY_NUMBER='2' AIRFLOW_CTX_DAG_RUN_ID='scheduled__2019-10-06T00:00:00+00:00'
[2026-09-21T22:25:31.690+0000] {taskinstance.py:430} INFO - ::endgroup::
[2026-09-21T22:25:31.693+0000] {base.py:84} INFO - Using connection ID 'postgres_conn_id' for task execution.
[2026-09-21T22:25:38.282+0000] {taskinstance.py:441} INFO - ::group::Post task execution logs
[2026-09-21T22:25:38.283+0000] {taskinstance.py:2905} ERROR - Task failed with exception
Traceback (most recent call last):
  File "/home/airflow/.local/lib/python3.11/site-packages/airflow/models/taskinstance.py", line 465, in _execute_task
    result = _execute_callable(context=context, **execute_callable_kwargs)
             ^^^^^^^^^^^^^^^^^^^^^^^^^^^^^^^^^^^^^^^^^^^^^^^^^^^^^^^^^^^^^
  File "/home/airflow/.local/lib/python3.11/site-packages/airflow/models/taskinstance.py", line 432, in _execute_callable
    return execute_callable(context=context, **execute_callable_kwargs)
           ^^^^^^^^^^^^^^^^^^^^^^^^^^^^^^^^^^^^^^^^^^^^^^^^^^^^^^^^^^^^
  File "/home/airflow/.local/lib/python3.11/site-packages/airflow/models/baseoperator.py", line 401, in wrapper
    return func(self, *args, **kwargs)
           ^^^^^^^^^^^^^^^^^^^^^^^^^^^
  File "/home/airflow/.local/lib/python3.11/site-packages/airflow/decorators/base.py", line 265, in execute
    return_value = super().execute(context)
                   ^^^^^^^^^^^^^^^^^^^^^^^^
  File "/home/airflow/.local/lib/python3.11/site-packages/airflow/models/baseoperator.py", line 401, in wrapper
    return func(self, *args, **kwargs)
           ^^^^^^^^^^^^^^^^^^^^^^^^^^^
  File "/home/airflow/.local/lib/python3.11/site-packages/airflow/operators/python.py", line 235, in execute
    return_value = self.execute_callable()
                   ^^^^^^^^^^^^^^^^^^^^^^^
  File "/home/airflow/.local/lib/python3.11/site-packages/airflow/operators/python.py", line 252, in execute_callable
    return self.python_callable(*self.op_args, **self.op_kwargs)
           ^^^^^^^^^^^^^^^^^^^^^^^^^^^^^^^^^^^^^^^^^^^^^^^^^^^^^
  File "/opt/airflow/dags/etl.py", line 58, in extract
    script_run = subprocess.run([
                 ^^^^^^^^^^^^^^^^
  File "/usr/local/lib/python3.11/subprocess.py", line 571, in run
    raise CalledProcessError(retcode, process.args,
subprocess.CalledProcessError: Command '['spark-submit', '--packages', 'org.postgresql:postgresql:42.6.0', '/opt/airflow/dags/daily_etl.py', '2019-10-06']' returned non-zero exit status 1.
[2026-09-21T22:25:38.292+0000] {taskinstance.py:1206} INFO - Marking task as UP_FOR_RETRY. dag_id=ecommerce_data, task_id=extract, run_id=scheduled__2019-10-06T00:00:00+00:00, execution_date=20191006T000000, start_date=20260921T222531, end_date=20260921T222538
[2026-09-21T22:25:38.303+0000] {standard_task_runner.py:110} ERROR - Failed to execute job 249 for task extract (Command '['spark-submit', '--packages', 'org.postgresql:postgresql:42.6.0', '/opt/airflow/dags/daily_etl.py', '2019-10-06']' returned non-zero exit status 1.; 27468)
[2026-09-21T22:25:38.344+0000] {local_task_job_runner.py:240} INFO - Task exited with return code 1
[2026-09-21T22:25:38.358+0000] {taskinstance.py:3503} INFO - 0 downstream tasks scheduled from follow-on schedule check
[2026-09-21T22:25:38.359+0000] {local_task_job_runner.py:222} INFO - ::endgroup::
[2026-09-22T17:39:40.641+0000] {local_task_job_runner.py:120} INFO - ::group::Pre task execution logs
[2026-09-22T17:39:40.658+0000] {taskinstance.py:2076} INFO - Dependencies all met for dep_context=non-requeueable deps ti=<TaskInstance: ecommerce_data.extract scheduled__2019-10-06T00:00:00+00:00 [queued]>
[2026-09-22T17:39:40.663+0000] {taskinstance.py:2076} INFO - Dependencies all met for dep_context=requeueable deps ti=<TaskInstance: ecommerce_data.extract scheduled__2019-10-06T00:00:00+00:00 [queued]>
[2026-09-22T17:39:40.663+0000] {taskinstance.py:2306} INFO - Starting attempt 2 of 4
[2026-09-22T17:39:40.673+0000] {taskinstance.py:2330} INFO - Executing <Task(_PythonDecoratedOperator): extract> on 2019-10-06 00:00:00+00:00
[2026-09-22T17:39:40.678+0000] {standard_task_runner.py:63} INFO - Started process 4961 to run task
[2026-09-22T17:39:40.680+0000] {standard_task_runner.py:90} INFO - Running: ['airflow', 'tasks', 'run', 'ecommerce_data', 'extract', 'scheduled__2019-10-06T00:00:00+00:00', '--job-id', '49', '--raw', '--subdir', 'DAGS_FOLDER/etl.py', '--cfg-path', '/tmp/tmpp_whmjda']
[2026-09-22T17:39:40.682+0000] {standard_task_runner.py:91} INFO - Job 49: Subtask extract
[2026-09-22T17:39:40.708+0000] {task_command.py:426} INFO - Running <TaskInstance: ecommerce_data.extract scheduled__2019-10-06T00:00:00+00:00 [running]> on host 398971961f28
[2026-09-22T17:39:40.782+0000] {taskinstance.py:2648} INFO - Exporting env vars: AIRFLOW_CTX_DAG_OWNER='airflow' AIRFLOW_CTX_DAG_ID='ecommerce_data' AIRFLOW_CTX_TASK_ID='extract' AIRFLOW_CTX_EXECUTION_DATE='2019-10-06T00:00:00+00:00' AIRFLOW_CTX_TRY_NUMBER='2' AIRFLOW_CTX_DAG_RUN_ID='scheduled__2019-10-06T00:00:00+00:00'
[2026-09-22T17:39:40.783+0000] {taskinstance.py:430} INFO - ::endgroup::
[2026-09-22T17:39:40.786+0000] {base.py:84} INFO - Using connection ID 'postgres_conn_id' for task execution.
[2026-09-22T17:39:49.653+0000] {etl.py:66} ERROR - === STDOUT ===
:: loading settings :: url = jar:file:/home/airflow/.local/lib/python3.11/site-packages/pyspark/jars/ivy-2.5.1.jar!/org/apache/ivy/core/settings/ivysettings.xml
Traceback (most recent call last):
  File "/opt/airflow/dags/daily_etl.py", line 69, in <module>
    .save()
     ^^^^^^
  File "/home/airflow/.local/lib/python3.11/site-packages/pyspark/python/lib/pyspark.zip/pyspark/sql/readwriter.py", line 1461, in save
  File "/home/airflow/.local/lib/python3.11/site-packages/pyspark/python/lib/py4j-0.10.9.7-src.zip/py4j/java_gateway.py", line 1322, in __call__
  File "/home/airflow/.local/lib/python3.11/site-packages/pyspark/python/lib/pyspark.zip/pyspark/errors/exceptions/captured.py", line 185, in deco
pyspark.errors.exceptions.captured.AnalysisException: Column total_views not found in schema Some(StructType(StructField(user_id,StringType,true),StructField(total_events,LongType,false),StructField(total_spent,DoubleType,true),StructField(country,StringType,true),StructField(event_date,DateType,true))).

[2026-09-22T17:39:49.654+0000] {etl.py:67} ERROR - === STDERR ===
/home/airflow/.local/lib/python3.11/site-packages/pyspark/bin/load-spark-env.sh: line 68: ps: command not found
Ivy Default Cache set to: /home/airflow/.ivy2/cache
The jars for the packages stored in: /home/airflow/.ivy2/jars
org.postgresql#postgresql added as a dependency
:: resolving dependencies :: org.apache.spark#spark-submit-parent-b28bf3b2-e006-4dac-81da-ffbff0a75039;1.0
	confs: [default]
	found org.postgresql#postgresql;42.6.0 in central
	found org.checkerframework#checker-qual;3.31.0 in central
:: resolution report :: resolve 123ms :: artifacts dl 7ms
	:: modules in use:
	org.checkerframework#checker-qual;3.31.0 from central in [default]
	org.postgresql#postgresql;42.6.0 from central in [default]
	---------------------------------------------------------------------
	|                  |            modules            ||   artifacts   |
	|       conf       | number| search|dwnlded|evicted|| number|dwnlded|
	---------------------------------------------------------------------
	|      default     |   2   |   0   |   0   |   0   ||   2   |   0   |
	---------------------------------------------------------------------
:: retrieving :: org.apache.spark#spark-submit-parent-b28bf3b2-e006-4dac-81da-ffbff0a75039
	confs: [default]
	0 artifacts copied, 2 already retrieved (0kB/5ms)
26/09/22 17:39:42 WARN NativeCodeLoader: Unable to load native-hadoop library for your platform... using builtin-java classes where applicable
26/09/22 17:39:43 INFO SparkContext: Running Spark version 3.5.1
26/09/22 17:39:43 INFO SparkContext: OS info Linux, 7.0.0-31-generic, amd64
26/09/22 17:39:43 INFO SparkContext: Java version 17.0.20.1
26/09/22 17:39:43 INFO ResourceUtils: ==============================================================
26/09/22 17:39:43 INFO ResourceUtils: No custom resources configured for spark.driver.
26/09/22 17:39:43 INFO ResourceUtils: ==============================================================
26/09/22 17:39:43 INFO SparkContext: Submitted application: Daily_ecommerce
26/09/22 17:39:43 INFO ResourceProfile: Default ResourceProfile created, executor resources: Map(cores -> name: cores, amount: 1, script: , vendor: , memory -> name: memory, amount: 1024, script: , vendor: , offHeap -> name: offHeap, amount: 0, script: , vendor: ), task resources: Map(cpus -> name: cpus, amount: 1.0)
26/09/22 17:39:43 INFO ResourceProfile: Limiting resource is cpu
26/09/22 17:39:43 INFO ResourceProfileManager: Added ResourceProfile id: 0
26/09/22 17:39:43 INFO SecurityManager: Changing view acls to: airflow
26/09/22 17:39:43 INFO SecurityManager: Changing modify acls to: airflow
26/09/22 17:39:43 INFO SecurityManager: Changing view acls groups to: 
26/09/22 17:39:43 INFO SecurityManager: Changing modify acls groups to: 
26/09/22 17:39:43 INFO SecurityManager: SecurityManager: authentication disabled; ui acls disabled; users with view permissions: airflow; groups with view permissions: EMPTY; users with modify permissions: airflow; groups with modify permissions: EMPTY
26/09/22 17:39:43 INFO Utils: Successfully started service 'sparkDriver' on port 38715.
26/09/22 17:39:43 INFO SparkEnv: Registering MapOutputTracker
26/09/22 17:39:43 INFO SparkEnv: Registering BlockManagerMaster
26/09/22 17:39:44 INFO BlockManagerMasterEndpoint: Using org.apache.spark.storage.DefaultTopologyMapper for getting topology information
26/09/22 17:39:44 INFO BlockManagerMasterEndpoint: BlockManagerMasterEndpoint up
26/09/22 17:39:44 INFO SparkEnv: Registering BlockManagerMasterHeartbeat
26/09/22 17:39:44 INFO DiskBlockManager: Created local directory at /tmp/blockmgr-961a67f1-f92f-4f0e-a492-4977ff654730
26/09/22 17:39:44 INFO MemoryStore: MemoryStore started with capacity 434.4 MiB
26/09/22 17:39:44 INFO SparkEnv: Registering OutputCommitCoordinator
26/09/22 17:39:44 INFO JettyUtils: Start Jetty 0.0.0.0:4040 for SparkUI
26/09/22 17:39:44 INFO Utils: Successfully started service 'SparkUI' on port 4040.
26/09/22 17:39:44 INFO SparkContext: Added JAR file:///home/airflow/.ivy2/jars/org.postgresql_postgresql-42.6.0.jar at spark://398971961f28:38715/jars/org.postgresql_postgresql-42.6.0.jar with timestamp 1790098783599
26/09/22 17:39:44 INFO SparkContext: Added JAR file:///home/airflow/.ivy2/jars/org.checkerframework_checker-qual-3.31.0.jar at spark://398971961f28:38715/jars/org.checkerframework_checker-qual-3.31.0.jar with timestamp 1790098783599
26/09/22 17:39:44 INFO SparkContext: Added file file:///home/airflow/.ivy2/jars/org.postgresql_postgresql-42.6.0.jar at file:///home/airflow/.ivy2/jars/org.postgresql_postgresql-42.6.0.jar with timestamp 1790098783599
26/09/22 17:39:44 INFO Utils: Copying /home/airflow/.ivy2/jars/org.postgresql_postgresql-42.6.0.jar to /tmp/spark-ba98a25e-305e-47c8-bb27-91d609daa271/userFiles-f0d36d1c-5f89-4fb1-99de-4d7fca473f98/org.postgresql_postgresql-42.6.0.jar
26/09/22 17:39:44 INFO SparkContext: Added file file:///home/airflow/.ivy2/jars/org.checkerframework_checker-qual-3.31.0.jar at file:///home/airflow/.ivy2/jars/org.checkerframework_checker-qual-3.31.0.jar with timestamp 1790098783599
26/09/22 17:39:44 INFO Utils: Copying /home/airflow/.ivy2/jars/org.checkerframework_checker-qual-3.31.0.jar to /tmp/spark-ba98a25e-305e-47c8-bb27-91d609daa271/userFiles-f0d36d1c-5f89-4fb1-99de-4d7fca473f98/org.checkerframework_checker-qual-3.31.0.jar
26/09/22 17:39:44 INFO Executor: Starting executor ID driver on host 398971961f28
26/09/22 17:39:44 INFO Executor: OS info Linux, 7.0.0-31-generic, amd64
26/09/22 17:39:44 INFO Executor: Java version 17.0.20.1
26/09/22 17:39:44 INFO Executor: Starting executor with user classpath (userClassPathFirst = false): ''
26/09/22 17:39:44 INFO Executor: Created or updated repl class loader org.apache.spark.util.MutableURLClassLoader@70b8e4c5 for default.
26/09/22 17:39:44 INFO Executor: Fetching file:///home/airflow/.ivy2/jars/org.checkerframework_checker-qual-3.31.0.jar with timestamp 1790098783599
26/09/22 17:39:44 INFO Utils: /home/airflow/.ivy2/jars/org.checkerframework_checker-qual-3.31.0.jar has been previously copied to /tmp/spark-ba98a25e-305e-47c8-bb27-91d609daa271/userFiles-f0d36d1c-5f89-4fb1-99de-4d7fca473f98/org.checkerframework_checker-qual-3.31.0.jar
26/09/22 17:39:44 INFO Executor: Fetching file:///home/airflow/.ivy2/jars/org.postgresql_postgresql-42.6.0.jar with timestamp 1790098783599
26/09/22 17:39:44 INFO Utils: /home/airflow/.ivy2/jars/org.postgresql_postgresql-42.6.0.jar has been previously copied to /tmp/spark-ba98a25e-305e-47c8-bb27-91d609daa271/userFiles-f0d36d1c-5f89-4fb1-99de-4d7fca473f98/org.postgresql_postgresql-42.6.0.jar
26/09/22 17:39:44 INFO Executor: Fetching spark://398971961f28:38715/jars/org.checkerframework_checker-qual-3.31.0.jar with timestamp 1790098783599
26/09/22 17:39:44 INFO TransportClientFactory: Successfully created connection to 398971961f28/172.21.0.3:38715 after 35 ms (0 ms spent in bootstraps)
26/09/22 17:39:44 INFO Utils: Fetching spark://398971961f28:38715/jars/org.checkerframework_checker-qual-3.31.0.jar to /tmp/spark-ba98a25e-305e-47c8-bb27-91d609daa271/userFiles-f0d36d1c-5f89-4fb1-99de-4d7fca473f98/fetchFileTemp1241716551347917050.tmp
26/09/22 17:39:44 INFO Utils: /tmp/spark-ba98a25e-305e-47c8-bb27-91d609daa271/userFiles-f0d36d1c-5f89-4fb1-99de-4d7fca473f98/fetchFileTemp1241716551347917050.tmp has been previously copied to /tmp/spark-ba98a25e-305e-47c8-bb27-91d609daa271/userFiles-f0d36d1c-5f89-4fb1-99de-4d7fca473f98/org.checkerframework_checker-qual-3.31.0.jar
26/09/22 17:39:44 INFO Executor: Adding file:/tmp/spark-ba98a25e-305e-47c8-bb27-91d609daa271/userFiles-f0d36d1c-5f89-4fb1-99de-4d7fca473f98/org.checkerframework_checker-qual-3.31.0.jar to class loader default
26/09/22 17:39:44 INFO Executor: Fetching spark://398971961f28:38715/jars/org.postgresql_postgresql-42.6.0.jar with timestamp 1790098783599
26/09/22 17:39:44 INFO Utils: Fetching spark://398971961f28:38715/jars/org.postgresql_postgresql-42.6.0.jar to /tmp/spark-ba98a25e-305e-47c8-bb27-91d609daa271/userFiles-f0d36d1c-5f89-4fb1-99de-4d7fca473f98/fetchFileTemp14441196929338648049.tmp
26/09/22 17:39:44 INFO Utils: /tmp/spark-ba98a25e-305e-47c8-bb27-91d609daa271/userFiles-f0d36d1c-5f89-4fb1-99de-4d7fca473f98/fetchFileTemp14441196929338648049.tmp has been previously copied to /tmp/spark-ba98a25e-305e-47c8-bb27-91d609daa271/userFiles-f0d36d1c-5f89-4fb1-99de-4d7fca473f98/org.postgresql_postgresql-42.6.0.jar
26/09/22 17:39:44 INFO Executor: Adding file:/tmp/spark-ba98a25e-305e-47c8-bb27-91d609daa271/userFiles-f0d36d1c-5f89-4fb1-99de-4d7fca473f98/org.postgresql_postgresql-42.6.0.jar to class loader default
26/09/22 17:39:44 INFO Utils: Successfully started service 'org.apache.spark.network.netty.NettyBlockTransferService' on port 44797.
26/09/22 17:39:44 INFO NettyBlockTransferService: Server created on 398971961f28:44797
26/09/22 17:39:44 INFO BlockManager: Using org.apache.spark.storage.RandomBlockReplicationPolicy for block replication policy
26/09/22 17:39:44 INFO BlockManagerMaster: Registering BlockManager BlockManagerId(driver, 398971961f28, 44797, None)
26/09/22 17:39:44 INFO BlockManagerMasterEndpoint: Registering block manager 398971961f28:44797 with 434.4 MiB RAM, BlockManagerId(driver, 398971961f28, 44797, None)
26/09/22 17:39:44 INFO BlockManagerMaster: Registered BlockManager BlockManagerId(driver, 398971961f28, 44797, None)
26/09/22 17:39:44 INFO BlockManager: Initialized BlockManager: BlockManagerId(driver, 398971961f28, 44797, None)
26/09/22 17:39:44 INFO SharedState: Setting hive.metastore.warehouse.dir ('null') to the value of spark.sql.warehouse.dir.
26/09/22 17:39:44 INFO SharedState: Warehouse path is 'file:/opt/airflow/spark-warehouse'.
26/09/22 17:39:45 INFO InMemoryFileIndex: It took 29 ms to list leaf files for 1 paths.
26/09/22 17:39:45 INFO SparkContext: Starting job: parquet at NativeMethodAccessorImpl.java:0
26/09/22 17:39:45 INFO DAGScheduler: Got job 0 (parquet at NativeMethodAccessorImpl.java:0) with 1 output partitions
26/09/22 17:39:45 INFO DAGScheduler: Final stage: ResultStage 0 (parquet at NativeMethodAccessorImpl.java:0)
26/09/22 17:39:45 INFO DAGScheduler: Parents of final stage: List()
26/09/22 17:39:45 INFO DAGScheduler: Missing parents: List()
26/09/22 17:39:45 INFO DAGScheduler: Submitting ResultStage 0 (MapPartitionsRDD[1] at parquet at NativeMethodAccessorImpl.java:0), which has no missing parents
26/09/22 17:39:45 INFO MemoryStore: Block broadcast_0 stored as values in memory (estimated size 104.5 KiB, free 434.3 MiB)
26/09/22 17:39:45 INFO MemoryStore: Block broadcast_0_piece0 stored as bytes in memory (estimated size 37.6 KiB, free 434.3 MiB)
26/09/22 17:39:45 INFO BlockManagerInfo: Added broadcast_0_piece0 in memory on 398971961f28:44797 (size: 37.6 KiB, free: 434.4 MiB)
26/09/22 17:39:45 INFO SparkContext: Created broadcast 0 from broadcast at DAGScheduler.scala:1585
26/09/22 17:39:45 INFO DAGScheduler: Submitting 1 missing tasks from ResultStage 0 (MapPartitionsRDD[1] at parquet at NativeMethodAccessorImpl.java:0) (first 15 tasks are for partitions Vector(0))
26/09/22 17:39:45 INFO TaskSchedulerImpl: Adding task set 0.0 with 1 tasks resource profile 0
26/09/22 17:39:46 INFO TaskSetManager: Starting task 0.0 in stage 0.0 (TID 0) (398971961f28, executor driver, partition 0, PROCESS_LOCAL, 8303 bytes) 
26/09/22 17:39:46 INFO Executor: Running task 0.0 in stage 0.0 (TID 0)
26/09/22 17:39:46 INFO Executor: Finished task 0.0 in stage 0.0 (TID 0). 2034 bytes result sent to driver
26/09/22 17:39:46 INFO TaskSetManager: Finished task 0.0 in stage 0.0 (TID 0) in 351 ms on 398971961f28 (executor driver) (1/1)
26/09/22 17:39:46 INFO TaskSchedulerImpl: Removed TaskSet 0.0, whose tasks have all completed, from pool 
26/09/22 17:39:46 INFO DAGScheduler: ResultStage 0 (parquet at NativeMethodAccessorImpl.java:0) finished in 0.486 s
26/09/22 17:39:46 INFO DAGScheduler: Job 0 is finished. Cancelling potential speculative or zombie tasks for this job
26/09/22 17:39:46 INFO TaskSchedulerImpl: Killing all running tasks in stage 0: Stage finished
26/09/22 17:39:46 INFO DAGScheduler: Job 0 finished: parquet at NativeMethodAccessorImpl.java:0, took 0.524021 s
26/09/22 17:39:46 INFO BlockManagerInfo: Removed broadcast_0_piece0 on 398971961f28:44797 in memory (size: 37.6 KiB, free: 434.4 MiB)
26/09/22 17:39:47 INFO FileSourceStrategy: Pushed Filters: 
26/09/22 17:39:47 INFO FileSourceStrategy: Post-Scan Filters: (((isnull(user_id#7) OR (cast(price#6 as float) <= 0.0)) OR isnull(event_type#1)) OR (event_type#1 = ))
26/09/22 17:39:47 INFO ParquetUtils: Using default output committer for Parquet: org.apache.parquet.hadoop.ParquetOutputCommitter
26/09/22 17:39:47 INFO FileOutputCommitter: File Output Committer Algorithm version is 1
26/09/22 17:39:47 INFO FileOutputCommitter: FileOutputCommitter skip cleanup _temporary folders under output directory:false, ignore cleanup failures: false
26/09/22 17:39:47 INFO SQLHadoopMapReduceCommitProtocol: Using user defined output committer class org.apache.parquet.hadoop.ParquetOutputCommitter
26/09/22 17:39:47 INFO FileOutputCommitter: File Output Committer Algorithm version is 1
26/09/22 17:39:47 INFO FileOutputCommitter: FileOutputCommitter skip cleanup _temporary folders under output directory:false, ignore cleanup failures: false
26/09/22 17:39:47 INFO SQLHadoopMapReduceCommitProtocol: Using output committer class org.apache.parquet.hadoop.ParquetOutputCommitter
26/09/22 17:39:47 INFO CodeGenerator: Code generated in 186.45162 ms
26/09/22 17:39:47 INFO MemoryStore: Block broadcast_1 stored as values in memory (estimated size 203.8 KiB, free 434.2 MiB)
26/09/22 17:39:47 INFO MemoryStore: Block broadcast_1_piece0 stored as bytes in memory (estimated size 35.7 KiB, free 434.2 MiB)
26/09/22 17:39:47 INFO BlockManagerInfo: Added broadcast_1_piece0 in memory on 398971961f28:44797 (size: 35.7 KiB, free: 434.4 MiB)
26/09/22 17:39:47 INFO SparkContext: Created broadcast 1 from parquet at NativeMethodAccessorImpl.java:0
26/09/22 17:39:47 INFO FileSourceScanExec: Planning scan with bin packing, max size: 6657231 bytes, open cost is considered as scanning 4194304 bytes.
26/09/22 17:39:47 INFO SparkContext: Starting job: parquet at NativeMethodAccessorImpl.java:0
26/09/22 17:39:47 INFO DAGScheduler: Got job 1 (parquet at NativeMethodAccessorImpl.java:0) with 8 output partitions
26/09/22 17:39:47 INFO DAGScheduler: Final stage: ResultStage 1 (parquet at NativeMethodAccessorImpl.java:0)
26/09/22 17:39:47 INFO DAGScheduler: Parents of final stage: List()
26/09/22 17:39:47 INFO DAGScheduler: Missing parents: List()
26/09/22 17:39:47 INFO DAGScheduler: Submitting ResultStage 1 (MapPartitionsRDD[5] at parquet at NativeMethodAccessorImpl.java:0), which has no missing parents
26/09/22 17:39:48 INFO MemoryStore: Block broadcast_2 stored as values in memory (estimated size 225.4 KiB, free 433.9 MiB)
26/09/22 17:39:48 INFO MemoryStore: Block broadcast_2_piece0 stored as bytes in memory (estimated size 79.4 KiB, free 433.9 MiB)
26/09/22 17:39:48 INFO BlockManagerInfo: Added broadcast_2_piece0 in memory on 398971961f28:44797 (size: 79.4 KiB, free: 434.3 MiB)
26/09/22 17:39:48 INFO SparkContext: Created broadcast 2 from broadcast at DAGScheduler.scala:1585
26/09/22 17:39:48 INFO DAGScheduler: Submitting 8 missing tasks from ResultStage 1 (MapPartitionsRDD[5] at parquet at NativeMethodAccessorImpl.java:0) (first 15 tasks are for partitions Vector(0, 1, 2, 3, 4, 5, 6, 7))
26/09/22 17:39:48 INFO TaskSchedulerImpl: Adding task set 1.0 with 8 tasks resource profile 0
26/09/22 17:39:48 INFO TaskSetManager: Starting task 0.0 in stage 1.0 (TID 1) (398971961f28, executor driver, partition 0, PROCESS_LOCAL, 8810 bytes) 
26/09/22 17:39:48 INFO TaskSetManager: Starting task 1.0 in stage 1.0 (TID 2) (398971961f28, executor driver, partition 1, PROCESS_LOCAL, 8810 bytes) 
26/09/22 17:39:48 INFO TaskSetManager: Starting task 2.0 in stage 1.0 (TID 3) (398971961f28, executor driver, partition 2, PROCESS_LOCAL, 8810 bytes) 
26/09/22 17:39:48 INFO TaskSetManager: Starting task 3.0 in stage 1.0 (TID 4) (398971961f28, executor driver, partition 3, PROCESS_LOCAL, 8810 bytes) 
26/09/22 17:39:48 INFO TaskSetManager: Starting task 4.0 in stage 1.0 (TID 5) (398971961f28, executor driver, partition 4, PROCESS_LOCAL, 8810 bytes) 
26/09/22 17:39:48 INFO TaskSetManager: Starting task 5.0 in stage 1.0 (TID 6) (398971961f28, executor driver, partition 5, PROCESS_LOCAL, 8810 bytes) 
26/09/22 17:39:48 INFO TaskSetManager: Starting task 6.0 in stage 1.0 (TID 7) (398971961f28, executor driver, partition 6, PROCESS_LOCAL, 8810 bytes) 
26/09/22 17:39:48 INFO TaskSetManager: Starting task 7.0 in stage 1.0 (TID 8) (398971961f28, executor driver, partition 7, PROCESS_LOCAL, 8810 bytes) 
26/09/22 17:39:48 INFO Executor: Running task 0.0 in stage 1.0 (TID 1)
26/09/22 17:39:48 INFO Executor: Running task 1.0 in stage 1.0 (TID 2)
26/09/22 17:39:48 INFO Executor: Running task 2.0 in stage 1.0 (TID 3)
26/09/22 17:39:48 INFO Executor: Running task 3.0 in stage 1.0 (TID 4)
26/09/22 17:39:48 INFO Executor: Running task 5.0 in stage 1.0 (TID 6)
26/09/22 17:39:48 INFO Executor: Running task 4.0 in stage 1.0 (TID 5)
26/09/22 17:39:48 INFO Executor: Running task 6.0 in stage 1.0 (TID 7)
26/09/22 17:39:48 INFO Executor: Running task 7.0 in stage 1.0 (TID 8)
26/09/22 17:39:48 INFO CodeGenerator: Code generated in 48.837474 ms
26/09/22 17:39:48 INFO FileOutputCommitter: File Output Committer Algorithm version is 1
26/09/22 17:39:48 INFO FileOutputCommitter: FileOutputCommitter skip cleanup _temporary folders under output directory:false, ignore cleanup failures: false
26/09/22 17:39:48 INFO SQLHadoopMapReduceCommitProtocol: Using user defined output committer class org.apache.parquet.hadoop.ParquetOutputCommitter
26/09/22 17:39:48 INFO FileOutputCommitter: File Output Committer Algorithm version is 1
26/09/22 17:39:48 INFO FileOutputCommitter: FileOutputCommitter skip cleanup _temporary folders under output directory:false, ignore cleanup failures: false
26/09/22 17:39:48 INFO SQLHadoopMapReduceCommitProtocol: Using output committer class org.apache.parquet.hadoop.ParquetOutputCommitter
26/09/22 17:39:48 INFO FileScanRDD: Reading File path: file:///opt/airflow/data/lake/raw/events/2019-Oct/event_date=2019-10-06/part-00006-e6dbecb7-a75e-4a1e-be16-8089c329fa2c.c000.snappy.parquet, range: 0-6657231, partition values: [empty row]
26/09/22 17:39:48 INFO FileOutputCommitter: File Output Committer Algorithm version is 1
26/09/22 17:39:48 INFO FileOutputCommitter: FileOutputCommitter skip cleanup _temporary folders under output directory:false, ignore cleanup failures: false
26/09/22 17:39:48 INFO SQLHadoopMapReduceCommitProtocol: Using user defined output committer class org.apache.parquet.hadoop.ParquetOutputCommitter
26/09/22 17:39:48 INFO FileOutputCommitter: File Output Committer Algorithm version is 1
26/09/22 17:39:48 INFO FileOutputCommitter: FileOutputCommitter skip cleanup _temporary folders under output directory:false, ignore cleanup failures: false
26/09/22 17:39:48 INFO SQLHadoopMapReduceCommitProtocol: Using output committer class org.apache.parquet.hadoop.ParquetOutputCommitter
26/09/22 17:39:48 INFO FileOutputCommitter: File Output Committer Algorithm version is 1
26/09/22 17:39:48 INFO FileOutputCommitter: FileOutputCommitter skip cleanup _temporary folders under output directory:false, ignore cleanup failures: false
26/09/22 17:39:48 INFO FileOutputCommitter: File Output Committer Algorithm version is 1
26/09/22 17:39:48 INFO FileOutputCommitter: FileOutputCommitter skip cleanup _temporary folders under output directory:false, ignore cleanup failures: false
26/09/22 17:39:48 INFO SQLHadoopMapReduceCommitProtocol: Using user defined output committer class org.apache.parquet.hadoop.ParquetOutputCommitter
26/09/22 17:39:48 INFO SQLHadoopMapReduceCommitProtocol: Using user defined output committer class org.apache.parquet.hadoop.ParquetOutputCommitter
26/09/22 17:39:48 INFO FileOutputCommitter: File Output Committer Algorithm version is 1
26/09/22 17:39:48 INFO FileOutputCommitter: FileOutputCommitter skip cleanup _temporary folders under output directory:false, ignore cleanup failures: false
26/09/22 17:39:48 INFO SQLHadoopMapReduceCommitProtocol: Using output committer class org.apache.parquet.hadoop.ParquetOutputCommitter
26/09/22 17:39:48 INFO FileScanRDD: Reading File path: file:///opt/airflow/data/lake/raw/events/2019-Oct/event_date=2019-10-06/part-00007-e6dbecb7-a75e-4a1e-be16-8089c329fa2c.c000.snappy.parquet, range: 6657231-13314462, partition values: [empty row]
26/09/22 17:39:48 INFO FileOutputCommitter: File Output Committer Algorithm version is 1
26/09/22 17:39:48 INFO FileOutputCommitter: FileOutputCommitter skip cleanup _temporary folders under output directory:false, ignore cleanup failures: false
26/09/22 17:39:48 INFO FileOutputCommitter: File Output Committer Algorithm version is 1
26/09/22 17:39:48 INFO FileOutputCommitter: File Output Committer Algorithm version is 1
26/09/22 17:39:48 INFO FileOutputCommitter: FileOutputCommitter skip cleanup _temporary folders under output directory:false, ignore cleanup failures: false
26/09/22 17:39:48 INFO FileOutputCommitter: File Output Committer Algorithm version is 1
26/09/22 17:39:48 INFO FileOutputCommitter: FileOutputCommitter skip cleanup _temporary folders under output directory:false, ignore cleanup failures: false
26/09/22 17:39:48 INFO SQLHadoopMapReduceCommitProtocol: Using user defined output committer class org.apache.parquet.hadoop.ParquetOutputCommitter
26/09/22 17:39:48 INFO FileOutputCommitter: File Output Committer Algorithm version is 1
26/09/22 17:39:48 INFO FileOutputCommitter: FileOutputCommitter skip cleanup _temporary folders under output directory:false, ignore cleanup failures: false
26/09/22 17:39:48 INFO SQLHadoopMapReduceCommitProtocol: Using user defined output committer class org.apache.parquet.hadoop.ParquetOutputCommitter
26/09/22 17:39:48 INFO SQLHadoopMapReduceCommitProtocol: Using output committer class org.apache.parquet.hadoop.ParquetOutputCommitter
26/09/22 17:39:48 INFO FileOutputCommitter: File Output Committer Algorithm version is 1
26/09/22 17:39:48 INFO FileOutputCommitter: FileOutputCommitter skip cleanup _temporary folders under output directory:false, ignore cleanup failures: false
26/09/22 17:39:48 INFO FileScanRDD: Reading File path: file:///opt/airflow/data/lake/raw/events/2019-Oct/event_date=2019-10-06/part-00006-e6dbecb7-a75e-4a1e-be16-8089c329fa2c.c000.snappy.parquet, range: 19971693-24487609, partition values: [empty row]
26/09/22 17:39:48 INFO SQLHadoopMapReduceCommitProtocol: Using output committer class org.apache.parquet.hadoop.ParquetOutputCommitter
26/09/22 17:39:48 INFO FileScanRDD: Reading File path: file:///opt/airflow/data/lake/raw/events/2019-Oct/event_date=2019-10-06/part-00006-e6dbecb7-a75e-4a1e-be16-8089c329fa2c.c000.snappy.parquet, range: 6657231-13314462, partition values: [empty row]
26/09/22 17:39:48 INFO FileScanRDD: Reading File path: file:///opt/airflow/data/lake/raw/events/2019-Oct/event_date=2019-10-06/part-00007-e6dbecb7-a75e-4a1e-be16-8089c329fa2c.c000.snappy.parquet, range: 13314462-19971693, partition values: [empty row]
26/09/22 17:39:48 INFO FileOutputCommitter: FileOutputCommitter skip cleanup _temporary folders under output directory:false, ignore cleanup failures: false
26/09/22 17:39:48 INFO FileOutputCommitter: File Output Committer Algorithm version is 1
26/09/22 17:39:48 INFO FileOutputCommitter: FileOutputCommitter skip cleanup _temporary folders under output directory:false, ignore cleanup failures: false
26/09/22 17:39:48 INFO SQLHadoopMapReduceCommitProtocol: Using user defined output committer class org.apache.parquet.hadoop.ParquetOutputCommitter
26/09/22 17:39:48 INFO FileOutputCommitter: File Output Committer Algorithm version is 1
26/09/22 17:39:48 INFO FileOutputCommitter: FileOutputCommitter skip cleanup _temporary folders under output directory:false, ignore cleanup failures: false
26/09/22 17:39:48 INFO SQLHadoopMapReduceCommitProtocol: Using user defined output committer class org.apache.parquet.hadoop.ParquetOutputCommitter
26/09/22 17:39:48 INFO FileOutputCommitter: File Output Committer Algorithm version is 1
26/09/22 17:39:48 INFO FileOutputCommitter: FileOutputCommitter skip cleanup _temporary folders under output directory:false, ignore cleanup failures: false
26/09/22 17:39:48 INFO SQLHadoopMapReduceCommitProtocol: Using output committer class org.apache.parquet.hadoop.ParquetOutputCommitter
26/09/22 17:39:48 INFO SQLHadoopMapReduceCommitProtocol: Using output committer class org.apache.parquet.hadoop.ParquetOutputCommitter
26/09/22 17:39:48 INFO FileScanRDD: Reading File path: file:///opt/airflow/data/lake/raw/events/2019-Oct/event_date=2019-10-06/part-00007-e6dbecb7-a75e-4a1e-be16-8089c329fa2c.c000.snappy.parquet, range: 19971693-20381634, partition values: [empty row]
26/09/22 17:39:48 INFO CodecConfig: Compression: SNAPPY
26/09/22 17:39:48 INFO SQLHadoopMapReduceCommitProtocol: Using output committer class org.apache.parquet.hadoop.ParquetOutputCommitter
26/09/22 17:39:48 INFO FileScanRDD: Reading File path: file:///opt/airflow/data/lake/raw/events/2019-Oct/event_date=2019-10-06/part-00006-e6dbecb7-a75e-4a1e-be16-8089c329fa2c.c000.snappy.parquet, range: 13314462-19971693, partition values: [empty row]
26/09/22 17:39:48 INFO CodecConfig: Compression: SNAPPY
26/09/22 17:39:48 INFO ParquetOutputFormat: ParquetRecordWriter [block size: 134217728b, row group padding size: 8388608b, validating: false]
26/09/22 17:39:48 INFO ParquetWriteSupport: Initialized Parquet WriteSupport with Catalyst schema:
{
  "type" : "struct",
  "fields" : [ {
    "name" : "event_time",
    "type" : "string",
    "nullable" : true,
    "metadata" : { }
  }, {
    "name" : "event_type",
    "type" : "string",
    "nullable" : true,
    "metadata" : { }
  }, {
    "name" : "product_id",
    "type" : "string",
    "nullable" : true,
    "metadata" : { }
  }, {
    "name" : "category_id",
    "type" : "string",
    "nullable" : true,
    "metadata" : { }
  }, {
    "name" : "category_code",
    "type" : "string",
    "nullable" : true,
    "metadata" : { }
  }, {
    "name" : "brand",
    "type" : "string",
    "nullable" : true,
    "metadata" : { }
  }, {
    "name" : "price",
    "type" : "string",
    "nullable" : true,
    "metadata" : { }
  }, {
    "name" : "user_id",
    "type" : "string",
    "nullable" : true,
    "metadata" : { }
  }, {
    "name" : "user_session",
    "type" : "string",
    "nullable" : true,
    "metadata" : { }
  } ]
}
and corresponding Parquet message type:
message spark_schema {
  optional binary event_time (STRING);
  optional binary event_type (STRING);
  optional binary product_id (STRING);
  optional binary category_id (STRING);
  optional binary category_code (STRING);
  optional binary brand (STRING);
  optional binary price (STRING);
  optional binary user_id (STRING);
  optional binary user_session (STRING);
}

       
26/09/22 17:39:48 INFO CodecPool: Got brand-new compressor [.snappy]
26/09/22 17:39:48 INFO SparkHadoopMapRedUtil: No need to commit output of task because needsTaskCommit=false: attempt_202609221739476920381093595142764_0001_m_000006_7
26/09/22 17:39:48 INFO SparkHadoopMapRedUtil: No need to commit output of task because needsTaskCommit=false: attempt_202609221739476920381093595142764_0001_m_000007_8
26/09/22 17:39:48 INFO SparkHadoopMapRedUtil: No need to commit output of task because needsTaskCommit=false: attempt_202609221739476920381093595142764_0001_m_000002_3
26/09/22 17:39:48 INFO SparkHadoopMapRedUtil: No need to commit output of task because needsTaskCommit=false: attempt_202609221739476920381093595142764_0001_m_000005_6
26/09/22 17:39:48 INFO SparkHadoopMapRedUtil: No need to commit output of task because needsTaskCommit=false: attempt_202609221739476920381093595142764_0001_m_000003_4
26/09/22 17:39:48 INFO Executor: Finished task 2.0 in stage 1.0 (TID 3). 2748 bytes result sent to driver
26/09/22 17:39:48 INFO Executor: Finished task 6.0 in stage 1.0 (TID 7). 2748 bytes result sent to driver
26/09/22 17:39:48 INFO Executor: Finished task 5.0 in stage 1.0 (TID 6). 2748 bytes result sent to driver
26/09/22 17:39:48 INFO Executor: Finished task 3.0 in stage 1.0 (TID 4). 2748 bytes result sent to driver
26/09/22 17:39:48 INFO Executor: Finished task 7.0 in stage 1.0 (TID 8). 2748 bytes result sent to driver
26/09/22 17:39:48 INFO TaskSetManager: Finished task 5.0 in stage 1.0 (TID 6) in 319 ms on 398971961f28 (executor driver) (1/8)
26/09/22 17:39:48 INFO TaskSetManager: Finished task 2.0 in stage 1.0 (TID 3) in 322 ms on 398971961f28 (executor driver) (2/8)
26/09/22 17:39:48 INFO TaskSetManager: Finished task 3.0 in stage 1.0 (TID 4) in 323 ms on 398971961f28 (executor driver) (3/8)
26/09/22 17:39:48 INFO TaskSetManager: Finished task 7.0 in stage 1.0 (TID 8) in 322 ms on 398971961f28 (executor driver) (4/8)
26/09/22 17:39:48 INFO TaskSetManager: Finished task 6.0 in stage 1.0 (TID 7) in 324 ms on 398971961f28 (executor driver) (5/8)
26/09/22 17:39:48 INFO CodecPool: Got brand-new decompressor [.snappy]
26/09/22 17:39:48 INFO CodecPool: Got brand-new decompressor [.snappy]
26/09/22 17:39:48 INFO FileScanRDD: Reading File path: file:///opt/airflow/data/lake/raw/events/2019-Oct/event_date=2019-10-06/part-00007-e6dbecb7-a75e-4a1e-be16-8089c329fa2c.c000.snappy.parquet, range: 0-6657231, partition values: [empty row]
26/09/22 17:39:48 INFO CodecConfig: Compression: SNAPPY
26/09/22 17:39:48 INFO CodecConfig: Compression: SNAPPY
26/09/22 17:39:48 INFO CodecConfig: Compression: SNAPPY
26/09/22 17:39:48 INFO CodecConfig: Compression: SNAPPY
26/09/22 17:39:48 INFO ParquetOutputFormat: ParquetRecordWriter [block size: 134217728b, row group padding size: 8388608b, validating: false]
26/09/22 17:39:48 INFO ParquetOutputFormat: ParquetRecordWriter [block size: 134217728b, row group padding size: 8388608b, validating: false]
26/09/22 17:39:48 INFO ParquetWriteSupport: Initialized Parquet WriteSupport with Catalyst schema:
{
  "type" : "struct",
  "fields" : [ {
    "name" : "event_time",
    "type" : "string",
    "nullable" : true,
    "metadata" : { }
  }, {
    "name" : "event_type",
    "type" : "string",
    "nullable" : true,
    "metadata" : { }
  }, {
    "name" : "product_id",
    "type" : "string",
    "nullable" : true,
    "metadata" : { }
  }, {
    "name" : "category_id",
    "type" : "string",
    "nullable" : true,
    "metadata" : { }
  }, {
    "name" : "category_code",
    "type" : "string",
    "nullable" : true,
    "metadata" : { }
  }, {
    "name" : "brand",
    "type" : "string",
    "nullable" : true,
    "metadata" : { }
  }, {
    "name" : "price",
    "type" : "string",
    "nullable" : true,
    "metadata" : { }
  }, {
    "name" : "user_id",
    "type" : "string",
    "nullable" : true,
    "metadata" : { }
  }, {
    "name" : "user_session",
    "type" : "string",
    "nullable" : true,
    "metadata" : { }
  } ]
}
and corresponding Parquet message type:
message spark_schema {
  optional binary event_time (STRING);
  optional binary event_type (STRING);
  optional binary product_id (STRING);
  optional binary category_id (STRING);
  optional binary category_code (STRING);
  optional binary brand (STRING);
  optional binary price (STRING);
  optional binary user_id (STRING);
  optional binary user_session (STRING);
}

       
26/09/22 17:39:48 INFO ParquetWriteSupport: Initialized Parquet WriteSupport with Catalyst schema:
{
  "type" : "struct",
  "fields" : [ {
    "name" : "event_time",
    "type" : "string",
    "nullable" : true,
    "metadata" : { }
  }, {
    "name" : "event_type",
    "type" : "string",
    "nullable" : true,
    "metadata" : { }
  }, {
    "name" : "product_id",
    "type" : "string",
    "nullable" : true,
    "metadata" : { }
  }, {
    "name" : "category_id",
    "type" : "string",
    "nullable" : true,
    "metadata" : { }
  }, {
    "name" : "category_code",
    "type" : "string",
    "nullable" : true,
    "metadata" : { }
  }, {
    "name" : "brand",
    "type" : "string",
    "nullable" : true,
    "metadata" : { }
  }, {
    "name" : "price",
    "type" : "string",
    "nullable" : true,
    "metadata" : { }
  }, {
    "name" : "user_id",
    "type" : "string",
    "nullable" : true,
    "metadata" : { }
  }, {
    "name" : "user_session",
    "type" : "string",
    "nullable" : true,
    "metadata" : { }
  } ]
}
and corresponding Parquet message type:
message spark_schema {
  optional binary event_time (STRING);
  optional binary event_type (STRING);
  optional binary product_id (STRING);
  optional binary category_id (STRING);
  optional binary category_code (STRING);
  optional binary brand (STRING);
  optional binary price (STRING);
  optional binary user_id (STRING);
  optional binary user_session (STRING);
}

       
26/09/22 17:39:48 INFO FileOutputCommitter: Saved output of task 'attempt_202609221739476920381093595142764_0001_m_000000_1' to file:/opt/airflow/data/lake/rejected/events/2019-10-06/_temporary/0/task_202609221739476920381093595142764_0001_m_000000
26/09/22 17:39:48 INFO SparkHadoopMapRedUtil: attempt_202609221739476920381093595142764_0001_m_000000_1: Committed. Elapsed time: 1 ms.
26/09/22 17:39:48 INFO Executor: Finished task 0.0 in stage 1.0 (TID 1). 2791 bytes result sent to driver
26/09/22 17:39:48 INFO TaskSetManager: Finished task 0.0 in stage 1.0 (TID 1) in 465 ms on 398971961f28 (executor driver) (6/8)
26/09/22 17:39:48 INFO CodecPool: Got brand-new compressor [.snappy]
26/09/22 17:39:48 INFO FileOutputCommitter: Saved output of task 'attempt_202609221739476920381093595142764_0001_m_000001_2' to file:/opt/airflow/data/lake/rejected/events/2019-10-06/_temporary/0/task_202609221739476920381093595142764_0001_m_000001
26/09/22 17:39:48 INFO SparkHadoopMapRedUtil: attempt_202609221739476920381093595142764_0001_m_000001_2: Committed. Elapsed time: 0 ms.
26/09/22 17:39:48 INFO Executor: Finished task 1.0 in stage 1.0 (TID 2). 2834 bytes result sent to driver
26/09/22 17:39:48 INFO TaskSetManager: Finished task 1.0 in stage 1.0 (TID 2) in 918 ms on 398971961f28 (executor driver) (7/8)
26/09/22 17:39:49 INFO FileOutputCommitter: Saved output of task 'attempt_202609221739476920381093595142764_0001_m_000004_5' to file:/opt/airflow/data/lake/rejected/events/2019-10-06/_temporary/0/task_202609221739476920381093595142764_0001_m_000004
26/09/22 17:39:49 INFO SparkHadoopMapRedUtil: attempt_202609221739476920381093595142764_0001_m_000004_5: Committed. Elapsed time: 0 ms.
26/09/22 17:39:49 INFO Executor: Finished task 4.0 in stage 1.0 (TID 5). 2834 bytes result sent to driver
26/09/22 17:39:49 INFO TaskSetManager: Finished task 4.0 in stage 1.0 (TID 5) in 963 ms on 398971961f28 (executor driver) (8/8)
26/09/22 17:39:49 INFO TaskSchedulerImpl: Removed TaskSet 1.0, whose tasks have all completed, from pool 
26/09/22 17:39:49 INFO DAGScheduler: ResultStage 1 (parquet at NativeMethodAccessorImpl.java:0) finished in 1.057 s
26/09/22 17:39:49 INFO DAGScheduler: Job 1 is finished. Cancelling potential speculative or zombie tasks for this job
26/09/22 17:39:49 INFO TaskSchedulerImpl: Killing all running tasks in stage 1: Stage finished
26/09/22 17:39:49 INFO DAGScheduler: Job 1 finished: parquet at NativeMethodAccessorImpl.java:0, took 1.066146 s
26/09/22 17:39:49 INFO FileFormatWriter: Start to commit write Job 17a711ea-eb39-4d52-ab07-18380fd3f2b0.
26/09/22 17:39:49 INFO FileFormatWriter: Write Job 17a711ea-eb39-4d52-ab07-18380fd3f2b0 committed. Elapsed time: 15 ms.
26/09/22 17:39:49 INFO FileFormatWriter: Finished processing stats for write job 17a711ea-eb39-4d52-ab07-18380fd3f2b0.
26/09/22 17:39:49 INFO SparkContext: Invoking stop() from shutdown hook
26/09/22 17:39:49 INFO SparkContext: SparkContext is stopping with exitCode 0.
26/09/22 17:39:49 INFO SparkUI: Stopped Spark web UI at http://398971961f28:4040
26/09/22 17:39:49 INFO MapOutputTrackerMasterEndpoint: MapOutputTrackerMasterEndpoint stopped!
26/09/22 17:39:49 INFO MemoryStore: MemoryStore cleared
26/09/22 17:39:49 INFO BlockManager: BlockManager stopped
26/09/22 17:39:49 INFO BlockManagerMaster: BlockManagerMaster stopped
26/09/22 17:39:49 INFO OutputCommitCoordinator$OutputCommitCoordinatorEndpoint: OutputCommitCoordinator stopped!
26/09/22 17:39:49 INFO SparkContext: Successfully stopped SparkContext
26/09/22 17:39:49 INFO ShutdownHookManager: Shutdown hook called
26/09/22 17:39:49 INFO ShutdownHookManager: Deleting directory /tmp/spark-77537035-381f-4437-bb69-66c80d0f43bf
26/09/22 17:39:49 INFO ShutdownHookManager: Deleting directory /tmp/spark-ba98a25e-305e-47c8-bb27-91d609daa271
26/09/22 17:39:49 INFO ShutdownHookManager: Deleting directory /tmp/spark-ba98a25e-305e-47c8-bb27-91d609daa271/pyspark-c89ff18e-18b7-4e38-ae65-63431c5c9140

[2026-09-22T17:39:49.654+0000] {taskinstance.py:441} INFO - ::group::Post task execution logs
[2026-09-22T17:39:49.655+0000] {taskinstance.py:2905} ERROR - Task failed with exception
Traceback (most recent call last):
  File "/home/airflow/.local/lib/python3.11/site-packages/airflow/models/taskinstance.py", line 465, in _execute_task
    result = _execute_callable(context=context, **execute_callable_kwargs)
             ^^^^^^^^^^^^^^^^^^^^^^^^^^^^^^^^^^^^^^^^^^^^^^^^^^^^^^^^^^^^^
  File "/home/airflow/.local/lib/python3.11/site-packages/airflow/models/taskinstance.py", line 432, in _execute_callable
    return execute_callable(context=context, **execute_callable_kwargs)
           ^^^^^^^^^^^^^^^^^^^^^^^^^^^^^^^^^^^^^^^^^^^^^^^^^^^^^^^^^^^^
  File "/home/airflow/.local/lib/python3.11/site-packages/airflow/models/baseoperator.py", line 401, in wrapper
    return func(self, *args, **kwargs)
           ^^^^^^^^^^^^^^^^^^^^^^^^^^^
  File "/home/airflow/.local/lib/python3.11/site-packages/airflow/decorators/base.py", line 265, in execute
    return_value = super().execute(context)
                   ^^^^^^^^^^^^^^^^^^^^^^^^
  File "/home/airflow/.local/lib/python3.11/site-packages/airflow/models/baseoperator.py", line 401, in wrapper
    return func(self, *args, **kwargs)
           ^^^^^^^^^^^^^^^^^^^^^^^^^^^
  File "/home/airflow/.local/lib/python3.11/site-packages/airflow/operators/python.py", line 235, in execute
    return_value = self.execute_callable()
                   ^^^^^^^^^^^^^^^^^^^^^^^
  File "/home/airflow/.local/lib/python3.11/site-packages/airflow/operators/python.py", line 252, in execute_callable
    return self.python_callable(*self.op_args, **self.op_kwargs)
           ^^^^^^^^^^^^^^^^^^^^^^^^^^^^^^^^^^^^^^^^^^^^^^^^^^^^^
  File "/opt/airflow/dags/etl.py", line 68, in extract
    raise e
  File "/opt/airflow/dags/etl.py", line 59, in extract
    script_run = subprocess.run([
                 ^^^^^^^^^^^^^^^^
  File "/usr/local/lib/python3.11/subprocess.py", line 571, in run
    raise CalledProcessError(retcode, process.args,
subprocess.CalledProcessError: Command '['spark-submit', '--packages', 'org.postgresql:postgresql:42.6.0', '/opt/airflow/dags/daily_etl.py', '2019-10-06']' returned non-zero exit status 1.
[2026-09-22T17:39:49.660+0000] {taskinstance.py:1206} INFO - Marking task as UP_FOR_RETRY. dag_id=ecommerce_data, task_id=extract, run_id=scheduled__2019-10-06T00:00:00+00:00, execution_date=20191006T000000, start_date=20260922T173940, end_date=20260922T173949
[2026-09-22T17:39:49.666+0000] {standard_task_runner.py:110} ERROR - Failed to execute job 49 for task extract (Command '['spark-submit', '--packages', 'org.postgresql:postgresql:42.6.0', '/opt/airflow/dags/daily_etl.py', '2019-10-06']' returned non-zero exit status 1.; 4961)
[2026-09-22T17:39:49.709+0000] {local_task_job_runner.py:240} INFO - Task exited with return code 1
[2026-09-22T17:39:49.724+0000] {taskinstance.py:3503} INFO - 0 downstream tasks scheduled from follow-on schedule check
[2026-09-22T17:39:49.724+0000] {local_task_job_runner.py:222} INFO - ::endgroup::
