[2026-09-18T12:32:13.966+0000] {local_task_job_runner.py:120} INFO - ::group::Pre task execution logs
[2026-09-18T12:32:13.981+0000] {taskinstance.py:2076} INFO - Dependencies all met for dep_context=non-requeueable deps ti=<TaskInstance: ecommerce_data.extract scheduled__2019-10-06T00:00:00+00:00 [queued]>
[2026-09-18T12:32:13.984+0000] {taskinstance.py:2076} INFO - Dependencies all met for dep_context=requeueable deps ti=<TaskInstance: ecommerce_data.extract scheduled__2019-10-06T00:00:00+00:00 [queued]>
[2026-09-18T12:32:13.984+0000] {taskinstance.py:2306} INFO - Starting attempt 1 of 4
[2026-09-18T12:32:13.990+0000] {taskinstance.py:2330} INFO - Executing <Task(_PythonDecoratedOperator): extract> on 2019-10-06 00:00:00+00:00
[2026-09-18T12:32:13.994+0000] {standard_task_runner.py:63} INFO - Started process 1069 to run task
[2026-09-18T12:32:13.996+0000] {standard_task_runner.py:90} INFO - Running: ['airflow', 'tasks', 'run', 'ecommerce_data', 'extract', 'scheduled__2019-10-06T00:00:00+00:00', '--job-id', '16', '--raw', '--subdir', 'DAGS_FOLDER/etl.py', '--cfg-path', '/tmp/tmp8sev6_vt']
[2026-09-18T12:32:13.997+0000] {standard_task_runner.py:91} INFO - Job 16: Subtask extract
[2026-09-18T12:32:14.017+0000] {task_command.py:426} INFO - Running <TaskInstance: ecommerce_data.extract scheduled__2019-10-06T00:00:00+00:00 [running]> on host ac3d43ca2f24
[2026-09-18T12:32:14.048+0000] {taskinstance.py:2648} INFO - Exporting env vars: AIRFLOW_CTX_DAG_OWNER='airflow' AIRFLOW_CTX_DAG_ID='ecommerce_data' AIRFLOW_CTX_TASK_ID='extract' AIRFLOW_CTX_EXECUTION_DATE='2019-10-06T00:00:00+00:00' AIRFLOW_CTX_TRY_NUMBER='1' AIRFLOW_CTX_DAG_RUN_ID='scheduled__2019-10-06T00:00:00+00:00'
[2026-09-18T12:32:14.049+0000] {taskinstance.py:430} INFO - ::endgroup::
[2026-09-18T12:32:15.075+0000] {taskinstance.py:441} INFO - ::group::Post task execution logs
[2026-09-18T12:32:15.075+0000] {taskinstance.py:2905} ERROR - Task failed with exception
Traceback (most recent call last):
  File "/home/airflow/.local/lib/python3.11/site-packages/airflow/models/taskinstance.py", line 465, in _execute_task
    result = _execute_callable(context=context, **execute_callable_kwargs)
             ^^^^^^^^^^^^^^^^^^^^^^^^^^^^^^^^^^^^^^^^^^^^^^^^^^^^^^^^^^^^^
  File "/home/airflow/.local/lib/python3.11/site-packages/airflow/models/taskinstance.py", line 432, in _execute_callable
    return execute_callable(context=context, **execute_callable_kwargs)
           ^^^^^^^^^^^^^^^^^^^^^^^^^^^^^^^^^^^^^^^^^^^^^^^^^^^^^^^^^^^^
  File "/home/airflow/.local/lib/python3.11/site-packages/airflow/models/baseoperator.py", line 401, in wrapper
    return func(self, *args, **kwargs)
           ^^^^^^^^^^^^^^^^^^^^^^^^^^^
  File "/home/airflow/.local/lib/python3.11/site-packages/airflow/decorators/base.py", line 265, in execute
    return_value = super().execute(context)
                   ^^^^^^^^^^^^^^^^^^^^^^^^
  File "/home/airflow/.local/lib/python3.11/site-packages/airflow/models/baseoperator.py", line 401, in wrapper
    return func(self, *args, **kwargs)
           ^^^^^^^^^^^^^^^^^^^^^^^^^^^
  File "/home/airflow/.local/lib/python3.11/site-packages/airflow/operators/python.py", line 235, in execute
    return_value = self.execute_callable()
                   ^^^^^^^^^^^^^^^^^^^^^^^
  File "/home/airflow/.local/lib/python3.11/site-packages/airflow/operators/python.py", line 252, in execute_callable
    return self.python_callable(*self.op_args, **self.op_kwargs)
           ^^^^^^^^^^^^^^^^^^^^^^^^^^^^^^^^^^^^^^^^^^^^^^^^^^^^^
  File "/opt/airflow/dags/etl.py", line 26, in extract
    script_run = subprocess.run(["spark-submit", "daily_etl.py", ds], check=True)
                 ^^^^^^^^^^^^^^^^^^^^^^^^^^^^^^^^^^^^^^^^^^^^^^^^^^^^^^^^^^^^^^^^
  File "/usr/local/lib/python3.11/subprocess.py", line 571, in run
    raise CalledProcessError(retcode, process.args,
subprocess.CalledProcessError: Command '['spark-submit', 'daily_etl.py', '2019-10-06']' returned non-zero exit status 2.
[2026-09-18T12:32:15.078+0000] {taskinstance.py:1206} INFO - Marking task as UP_FOR_RETRY. dag_id=ecommerce_data, task_id=extract, run_id=scheduled__2019-10-06T00:00:00+00:00, execution_date=20191006T000000, start_date=20260918T123213, end_date=20260918T123215
[2026-09-18T12:32:15.082+0000] {standard_task_runner.py:110} ERROR - Failed to execute job 16 for task extract (Command '['spark-submit', 'daily_etl.py', '2019-10-06']' returned non-zero exit status 2.; 1069)
[2026-09-18T12:32:15.090+0000] {local_task_job_runner.py:240} INFO - Task exited with return code 1
[2026-09-18T12:32:15.097+0000] {taskinstance.py:3503} INFO - 0 downstream tasks scheduled from follow-on schedule check
[2026-09-18T12:32:15.097+0000] {local_task_job_runner.py:222} INFO - ::endgroup::
[2026-09-19T13:39:45.803+0000] {local_task_job_runner.py:120} INFO - ::group::Pre task execution logs
[2026-09-19T13:39:45.822+0000] {taskinstance.py:2076} INFO - Dependencies all met for dep_context=non-requeueable deps ti=<TaskInstance: ecommerce_data.extract scheduled__2019-10-06T00:00:00+00:00 [queued]>
[2026-09-19T13:39:45.826+0000] {taskinstance.py:2076} INFO - Dependencies all met for dep_context=requeueable deps ti=<TaskInstance: ecommerce_data.extract scheduled__2019-10-06T00:00:00+00:00 [queued]>
[2026-09-19T13:39:45.827+0000] {taskinstance.py:2306} INFO - Starting attempt 1 of 4
[2026-09-19T13:39:45.834+0000] {taskinstance.py:2330} INFO - Executing <Task(_PythonDecoratedOperator): extract> on 2019-10-06 00:00:00+00:00
[2026-09-19T13:39:45.840+0000] {standard_task_runner.py:63} INFO - Started process 2966 to run task
[2026-09-19T13:39:45.842+0000] {standard_task_runner.py:90} INFO - Running: ['airflow', 'tasks', 'run', 'ecommerce_data', 'extract', 'scheduled__2019-10-06T00:00:00+00:00', '--job-id', '66', '--raw', '--subdir', 'DAGS_FOLDER/etl.py', '--cfg-path', '/tmp/tmpqh30kt15']
[2026-09-19T13:39:45.843+0000] {standard_task_runner.py:91} INFO - Job 66: Subtask extract
[2026-09-19T13:39:45.875+0000] {task_command.py:426} INFO - Running <TaskInstance: ecommerce_data.extract scheduled__2019-10-06T00:00:00+00:00 [running]> on host 8e73891b263a
[2026-09-19T13:39:45.931+0000] {taskinstance.py:2648} INFO - Exporting env vars: AIRFLOW_CTX_DAG_OWNER='airflow' AIRFLOW_CTX_DAG_ID='ecommerce_data' AIRFLOW_CTX_TASK_ID='extract' AIRFLOW_CTX_EXECUTION_DATE='2019-10-06T00:00:00+00:00' AIRFLOW_CTX_TRY_NUMBER='1' AIRFLOW_CTX_DAG_RUN_ID='scheduled__2019-10-06T00:00:00+00:00'
[2026-09-19T13:39:45.931+0000] {taskinstance.py:430} INFO - ::endgroup::
[2026-09-19T13:39:51.790+0000] {taskinstance.py:441} INFO - ::group::Post task execution logs
[2026-09-19T13:39:51.790+0000] {taskinstance.py:2905} ERROR - Task failed with exception
Traceback (most recent call last):
  File "/home/airflow/.local/lib/python3.11/site-packages/airflow/models/taskinstance.py", line 465, in _execute_task
    result = _execute_callable(context=context, **execute_callable_kwargs)
             ^^^^^^^^^^^^^^^^^^^^^^^^^^^^^^^^^^^^^^^^^^^^^^^^^^^^^^^^^^^^^
  File "/home/airflow/.local/lib/python3.11/site-packages/airflow/models/taskinstance.py", line 432, in _execute_callable
    return execute_callable(context=context, **execute_callable_kwargs)
           ^^^^^^^^^^^^^^^^^^^^^^^^^^^^^^^^^^^^^^^^^^^^^^^^^^^^^^^^^^^^
  File "/home/airflow/.local/lib/python3.11/site-packages/airflow/models/baseoperator.py", line 401, in wrapper
    return func(self, *args, **kwargs)
           ^^^^^^^^^^^^^^^^^^^^^^^^^^^
  File "/home/airflow/.local/lib/python3.11/site-packages/airflow/decorators/base.py", line 265, in execute
    return_value = super().execute(context)
                   ^^^^^^^^^^^^^^^^^^^^^^^^
  File "/home/airflow/.local/lib/python3.11/site-packages/airflow/models/baseoperator.py", line 401, in wrapper
    return func(self, *args, **kwargs)
           ^^^^^^^^^^^^^^^^^^^^^^^^^^^
  File "/home/airflow/.local/lib/python3.11/site-packages/airflow/operators/python.py", line 235, in execute
    return_value = self.execute_callable()
                   ^^^^^^^^^^^^^^^^^^^^^^^
  File "/home/airflow/.local/lib/python3.11/site-packages/airflow/operators/python.py", line 252, in execute_callable
    return self.python_callable(*self.op_args, **self.op_kwargs)
           ^^^^^^^^^^^^^^^^^^^^^^^^^^^^^^^^^^^^^^^^^^^^^^^^^^^^^
  File "/opt/airflow/dags/etl.py", line 27, in extract
    script_run = subprocess.run(["spark-submit", "/opt/airflow/dags/daily_etl.py", ds], check=True)
                 ^^^^^^^^^^^^^^^^^^^^^^^^^^^^^^^^^^^^^^^^^^^^^^^^^^^^^^^^^^^^^^^^^^^^^^^^^^^^^^^^^^
  File "/usr/local/lib/python3.11/subprocess.py", line 571, in run
    raise CalledProcessError(retcode, process.args,
subprocess.CalledProcessError: Command '['spark-submit', '/opt/airflow/dags/daily_etl.py', '2019-10-06']' returned non-zero exit status 1.
[2026-09-19T13:39:51.799+0000] {taskinstance.py:1206} INFO - Marking task as UP_FOR_RETRY. dag_id=ecommerce_data, task_id=extract, run_id=scheduled__2019-10-06T00:00:00+00:00, execution_date=20191006T000000, start_date=20260919T133945, end_date=20260919T133951
[2026-09-19T13:39:51.811+0000] {standard_task_runner.py:110} ERROR - Failed to execute job 66 for task extract (Command '['spark-submit', '/opt/airflow/dags/daily_etl.py', '2019-10-06']' returned non-zero exit status 1.; 2966)
[2026-09-19T13:39:51.855+0000] {local_task_job_runner.py:240} INFO - Task exited with return code 1
[2026-09-19T13:39:51.870+0000] {taskinstance.py:3503} INFO - 0 downstream tasks scheduled from follow-on schedule check
[2026-09-19T13:39:51.870+0000] {local_task_job_runner.py:222} INFO - ::endgroup::
[2026-09-19T14:17:22.292+0000] {local_task_job_runner.py:120} INFO - ::group::Pre task execution logs
[2026-09-19T14:17:22.311+0000] {taskinstance.py:2076} INFO - Dependencies all met for dep_context=non-requeueable deps ti=<TaskInstance: ecommerce_data.extract scheduled__2019-10-06T00:00:00+00:00 [queued]>
[2026-09-19T14:17:22.315+0000] {taskinstance.py:2076} INFO - Dependencies all met for dep_context=requeueable deps ti=<TaskInstance: ecommerce_data.extract scheduled__2019-10-06T00:00:00+00:00 [queued]>
[2026-09-19T14:17:22.315+0000] {taskinstance.py:2306} INFO - Starting attempt 1 of 4
[2026-09-19T14:17:22.323+0000] {taskinstance.py:2330} INFO - Executing <Task(_PythonDecoratedOperator): extract> on 2019-10-06 00:00:00+00:00
[2026-09-19T14:17:22.328+0000] {standard_task_runner.py:63} INFO - Started process 6752 to run task
[2026-09-19T14:17:22.330+0000] {standard_task_runner.py:90} INFO - Running: ['airflow', 'tasks', 'run', 'ecommerce_data', 'extract', 'scheduled__2019-10-06T00:00:00+00:00', '--job-id', '113', '--raw', '--subdir', 'DAGS_FOLDER/etl.py', '--cfg-path', '/tmp/tmpxu5ofxn1']
[2026-09-19T14:17:22.332+0000] {standard_task_runner.py:91} INFO - Job 113: Subtask extract
[2026-09-19T14:17:22.359+0000] {task_command.py:426} INFO - Running <TaskInstance: ecommerce_data.extract scheduled__2019-10-06T00:00:00+00:00 [running]> on host 8e73891b263a
[2026-09-19T14:17:22.422+0000] {taskinstance.py:2648} INFO - Exporting env vars: AIRFLOW_CTX_DAG_OWNER='airflow' AIRFLOW_CTX_DAG_ID='ecommerce_data' AIRFLOW_CTX_TASK_ID='extract' AIRFLOW_CTX_EXECUTION_DATE='2019-10-06T00:00:00+00:00' AIRFLOW_CTX_TRY_NUMBER='1' AIRFLOW_CTX_DAG_RUN_ID='scheduled__2019-10-06T00:00:00+00:00'
[2026-09-19T14:17:22.422+0000] {taskinstance.py:430} INFO - ::endgroup::
[2026-09-19T14:17:36.783+0000] {python.py:237} INFO - Done. Returned value was: None
[2026-09-19T14:17:36.784+0000] {taskinstance.py:441} INFO - ::group::Post task execution logs
[2026-09-19T14:17:36.788+0000] {taskinstance.py:1206} INFO - Marking task as SUCCESS. dag_id=ecommerce_data, task_id=extract, run_id=scheduled__2019-10-06T00:00:00+00:00, execution_date=20191006T000000, start_date=20260919T141722, end_date=20260919T141736
[2026-09-19T14:17:36.835+0000] {local_task_job_runner.py:240} INFO - Task exited with return code 0
[2026-09-19T14:17:36.850+0000] {taskinstance.py:3503} INFO - 0 downstream tasks scheduled from follow-on schedule check
[2026-09-19T14:17:36.851+0000] {local_task_job_runner.py:222} INFO - ::endgroup::
[2026-09-21T20:22:00.212+0000] {local_task_job_runner.py:120} INFO - ::group::Pre task execution logs
[2026-09-21T20:22:00.226+0000] {taskinstance.py:2076} INFO - Dependencies all met for dep_context=non-requeueable deps ti=<TaskInstance: ecommerce_data.extract scheduled__2019-10-06T00:00:00+00:00 [queued]>
[2026-09-21T20:22:00.230+0000] {taskinstance.py:2076} INFO - Dependencies all met for dep_context=requeueable deps ti=<TaskInstance: ecommerce_data.extract scheduled__2019-10-06T00:00:00+00:00 [queued]>
[2026-09-21T20:22:00.230+0000] {taskinstance.py:2306} INFO - Starting attempt 1 of 4
[2026-09-21T20:22:00.237+0000] {taskinstance.py:2330} INFO - Executing <Task(_PythonDecoratedOperator): extract> on 2019-10-06 00:00:00+00:00
[2026-09-21T20:22:00.240+0000] {standard_task_runner.py:63} INFO - Started process 560 to run task
[2026-09-21T20:22:00.241+0000] {standard_task_runner.py:90} INFO - Running: ['airflow', 'tasks', 'run', 'ecommerce_data', 'extract', 'scheduled__2019-10-06T00:00:00+00:00', '--job-id', '30', '--raw', '--subdir', 'DAGS_FOLDER/etl.py', '--cfg-path', '/tmp/tmp1gwbppfc']
[2026-09-21T20:22:00.242+0000] {standard_task_runner.py:91} INFO - Job 30: Subtask extract
[2026-09-21T20:22:00.263+0000] {task_command.py:426} INFO - Running <TaskInstance: ecommerce_data.extract scheduled__2019-10-06T00:00:00+00:00 [running]> on host e6c3ac7e1715
[2026-09-21T20:22:00.293+0000] {taskinstance.py:2648} INFO - Exporting env vars: AIRFLOW_CTX_DAG_OWNER='airflow' AIRFLOW_CTX_DAG_ID='ecommerce_data' AIRFLOW_CTX_TASK_ID='extract' AIRFLOW_CTX_EXECUTION_DATE='2019-10-06T00:00:00+00:00' AIRFLOW_CTX_TRY_NUMBER='1' AIRFLOW_CTX_DAG_RUN_ID='scheduled__2019-10-06T00:00:00+00:00'
[2026-09-21T20:22:00.294+0000] {taskinstance.py:430} INFO - ::endgroup::
[2026-09-21T20:22:00.296+0000] {base.py:84} INFO - Using connection ID 'postgres_conn_id' for task execution.
[2026-09-21T20:22:07.358+0000] {taskinstance.py:441} INFO - ::group::Post task execution logs
[2026-09-21T20:22:07.358+0000] {taskinstance.py:2905} ERROR - Task failed with exception
Traceback (most recent call last):
  File "/home/airflow/.local/lib/python3.11/site-packages/airflow/models/taskinstance.py", line 465, in _execute_task
    result = _execute_callable(context=context, **execute_callable_kwargs)
             ^^^^^^^^^^^^^^^^^^^^^^^^^^^^^^^^^^^^^^^^^^^^^^^^^^^^^^^^^^^^^
  File "/home/airflow/.local/lib/python3.11/site-packages/airflow/models/taskinstance.py", line 432, in _execute_callable
    return execute_callable(context=context, **execute_callable_kwargs)
           ^^^^^^^^^^^^^^^^^^^^^^^^^^^^^^^^^^^^^^^^^^^^^^^^^^^^^^^^^^^^
  File "/home/airflow/.local/lib/python3.11/site-packages/airflow/models/baseoperator.py", line 401, in wrapper
    return func(self, *args, **kwargs)
           ^^^^^^^^^^^^^^^^^^^^^^^^^^^
  File "/home/airflow/.local/lib/python3.11/site-packages/airflow/decorators/base.py", line 265, in execute
    return_value = super().execute(context)
                   ^^^^^^^^^^^^^^^^^^^^^^^^
  File "/home/airflow/.local/lib/python3.11/site-packages/airflow/models/baseoperator.py", line 401, in wrapper
    return func(self, *args, **kwargs)
           ^^^^^^^^^^^^^^^^^^^^^^^^^^^
  File "/home/airflow/.local/lib/python3.11/site-packages/airflow/operators/python.py", line 235, in execute
    return_value = self.execute_callable()
                   ^^^^^^^^^^^^^^^^^^^^^^^
  File "/home/airflow/.local/lib/python3.11/site-packages/airflow/operators/python.py", line 252, in execute_callable
    return self.python_callable(*self.op_args, **self.op_kwargs)
           ^^^^^^^^^^^^^^^^^^^^^^^^^^^^^^^^^^^^^^^^^^^^^^^^^^^^^
  File "/opt/airflow/dags/etl.py", line 58, in extract
    script_run = subprocess.run([
                 ^^^^^^^^^^^^^^^^
  File "/usr/local/lib/python3.11/subprocess.py", line 571, in run
    raise CalledProcessError(retcode, process.args,
subprocess.CalledProcessError: Command '['spark-submit', '--packages', 'org.postgresql:postgresql:42.6.0', '/opt/airflow/dags/daily_etl.py', '2019-10-06']' returned non-zero exit status 1.
[2026-09-21T20:22:07.362+0000] {taskinstance.py:1206} INFO - Marking task as UP_FOR_RETRY. dag_id=ecommerce_data, task_id=extract, run_id=scheduled__2019-10-06T00:00:00+00:00, execution_date=20191006T000000, start_date=20260921T202200, end_date=20260921T202207
[2026-09-21T20:22:07.366+0000] {standard_task_runner.py:110} ERROR - Failed to execute job 30 for task extract (Command '['spark-submit', '--packages', 'org.postgresql:postgresql:42.6.0', '/opt/airflow/dags/daily_etl.py', '2019-10-06']' returned non-zero exit status 1.; 560)
[2026-09-21T20:22:07.378+0000] {local_task_job_runner.py:240} INFO - Task exited with return code 1
[2026-09-21T20:22:07.384+0000] {taskinstance.py:3503} INFO - 0 downstream tasks scheduled from follow-on schedule check
[2026-09-21T20:22:07.384+0000] {local_task_job_runner.py:222} INFO - ::endgroup::
[2026-09-21T21:54:29.855+0000] {local_task_job_runner.py:120} INFO - ::group::Pre task execution logs
[2026-09-21T21:54:29.873+0000] {taskinstance.py:2076} INFO - Dependencies all met for dep_context=non-requeueable deps ti=<TaskInstance: ecommerce_data.extract scheduled__2019-10-06T00:00:00+00:00 [queued]>
[2026-09-21T21:54:29.877+0000] {taskinstance.py:2076} INFO - Dependencies all met for dep_context=requeueable deps ti=<TaskInstance: ecommerce_data.extract scheduled__2019-10-06T00:00:00+00:00 [queued]>
[2026-09-21T21:54:29.877+0000] {taskinstance.py:2306} INFO - Starting attempt 1 of 4
[2026-09-21T21:54:29.885+0000] {taskinstance.py:2330} INFO - Executing <Task(_PythonDecoratedOperator): extract> on 2019-10-06 00:00:00+00:00
[2026-09-21T21:54:29.890+0000] {standard_task_runner.py:63} INFO - Started process 9973 to run task
[2026-09-21T21:54:29.892+0000] {standard_task_runner.py:90} INFO - Running: ['airflow', 'tasks', 'run', 'ecommerce_data', 'extract', 'scheduled__2019-10-06T00:00:00+00:00', '--job-id', '98', '--raw', '--subdir', 'DAGS_FOLDER/etl.py', '--cfg-path', '/tmp/tmpv5w5jdn0']
[2026-09-21T21:54:29.893+0000] {standard_task_runner.py:91} INFO - Job 98: Subtask extract
[2026-09-21T21:54:29.919+0000] {task_command.py:426} INFO - Running <TaskInstance: ecommerce_data.extract scheduled__2019-10-06T00:00:00+00:00 [running]> on host e6c3ac7e1715
[2026-09-21T21:54:29.958+0000] {taskinstance.py:2648} INFO - Exporting env vars: AIRFLOW_CTX_DAG_OWNER='airflow' AIRFLOW_CTX_DAG_ID='ecommerce_data' AIRFLOW_CTX_TASK_ID='extract' AIRFLOW_CTX_EXECUTION_DATE='2019-10-06T00:00:00+00:00' AIRFLOW_CTX_TRY_NUMBER='1' AIRFLOW_CTX_DAG_RUN_ID='scheduled__2019-10-06T00:00:00+00:00'
[2026-09-21T21:54:29.959+0000] {taskinstance.py:430} INFO - ::endgroup::
[2026-09-21T21:54:29.962+0000] {base.py:84} INFO - Using connection ID 'postgres_conn_id' for task execution.
[2026-09-21T21:54:35.797+0000] {etl.py:68} ERROR - === СПРАВЖНЯ ПОМИЛКА ВІД SPARK ===
[2026-09-21T21:54:35.797+0000] {etl.py:69} ERROR - /home/airflow/.local/lib/python3.11/site-packages/pyspark/bin/load-spark-env.sh: line 68: ps: command not found
Ivy Default Cache set to: /home/airflow/.ivy2/cache
The jars for the packages stored in: /home/airflow/.ivy2/jars
org.postgresql#postgresql added as a dependency
:: resolving dependencies :: org.apache.spark#spark-submit-parent-0feef9b0-697d-448f-8ff4-8c9173a2f47c;1.0
	confs: [default]
	found org.postgresql#postgresql;42.6.0 in central
	found org.checkerframework#checker-qual;3.31.0 in central
:: resolution report :: resolve 111ms :: artifacts dl 6ms
	:: modules in use:
	org.checkerframework#checker-qual;3.31.0 from central in [default]
	org.postgresql#postgresql;42.6.0 from central in [default]
	---------------------------------------------------------------------
	|                  |            modules            ||   artifacts   |
	|       conf       | number| search|dwnlded|evicted|| number|dwnlded|
	---------------------------------------------------------------------
	|      default     |   2   |   0   |   0   |   0   ||   2   |   0   |
	---------------------------------------------------------------------
:: retrieving :: org.apache.spark#spark-submit-parent-0feef9b0-697d-448f-8ff4-8c9173a2f47c
	confs: [default]
	0 artifacts copied, 2 already retrieved (0kB/4ms)
26/09/21 21:54:31 WARN NativeCodeLoader: Unable to load native-hadoop library for your platform... using builtin-java classes where applicable
26/09/21 21:54:32 INFO SparkContext: Running Spark version 3.5.1
26/09/21 21:54:32 INFO SparkContext: OS info Linux, 7.0.0-31-generic, amd64
26/09/21 21:54:32 INFO SparkContext: Java version 17.0.20.1
26/09/21 21:54:32 INFO ResourceUtils: ==============================================================
26/09/21 21:54:32 INFO ResourceUtils: No custom resources configured for spark.driver.
26/09/21 21:54:32 INFO ResourceUtils: ==============================================================
26/09/21 21:54:32 INFO SparkContext: Submitted application: Daily_ecommerce
26/09/21 21:54:32 INFO ResourceProfile: Default ResourceProfile created, executor resources: Map(cores -> name: cores, amount: 1, script: , vendor: , memory -> name: memory, amount: 1024, script: , vendor: , offHeap -> name: offHeap, amount: 0, script: , vendor: ), task resources: Map(cpus -> name: cpus, amount: 1.0)
26/09/21 21:54:32 INFO ResourceProfile: Limiting resource is cpu
26/09/21 21:54:32 INFO ResourceProfileManager: Added ResourceProfile id: 0
26/09/21 21:54:32 INFO SecurityManager: Changing view acls to: airflow
26/09/21 21:54:32 INFO SecurityManager: Changing modify acls to: airflow
26/09/21 21:54:32 INFO SecurityManager: Changing view acls groups to: 
26/09/21 21:54:32 INFO SecurityManager: Changing modify acls groups to: 
26/09/21 21:54:32 INFO SecurityManager: SecurityManager: authentication disabled; ui acls disabled; users with view permissions: airflow; groups with view permissions: EMPTY; users with modify permissions: airflow; groups with modify permissions: EMPTY
26/09/21 21:54:32 INFO Utils: Successfully started service 'sparkDriver' on port 34307.
26/09/21 21:54:32 INFO SparkEnv: Registering MapOutputTracker
26/09/21 21:54:32 INFO SparkEnv: Registering BlockManagerMaster
26/09/21 21:54:32 INFO BlockManagerMasterEndpoint: Using org.apache.spark.storage.DefaultTopologyMapper for getting topology information
26/09/21 21:54:32 INFO BlockManagerMasterEndpoint: BlockManagerMasterEndpoint up
26/09/21 21:54:32 INFO SparkEnv: Registering BlockManagerMasterHeartbeat
26/09/21 21:54:32 INFO DiskBlockManager: Created local directory at /tmp/blockmgr-5ec2fde8-1f29-4128-a216-5c1ba2a63bfc
26/09/21 21:54:32 INFO MemoryStore: MemoryStore started with capacity 434.4 MiB
26/09/21 21:54:32 INFO SparkEnv: Registering OutputCommitCoordinator
26/09/21 21:54:32 INFO JettyUtils: Start Jetty 0.0.0.0:4040 for SparkUI
26/09/21 21:54:32 INFO Utils: Successfully started service 'SparkUI' on port 4040.
26/09/21 21:54:32 INFO SparkContext: Added JAR file:///home/airflow/.ivy2/jars/org.postgresql_postgresql-42.6.0.jar at spark://e6c3ac7e1715:34307/jars/org.postgresql_postgresql-42.6.0.jar with timestamp 1790027672410
26/09/21 21:54:32 INFO SparkContext: Added JAR file:///home/airflow/.ivy2/jars/org.checkerframework_checker-qual-3.31.0.jar at spark://e6c3ac7e1715:34307/jars/org.checkerframework_checker-qual-3.31.0.jar with timestamp 1790027672410
26/09/21 21:54:32 INFO SparkContext: Added file file:///home/airflow/.ivy2/jars/org.postgresql_postgresql-42.6.0.jar at file:///home/airflow/.ivy2/jars/org.postgresql_postgresql-42.6.0.jar with timestamp 1790027672410
26/09/21 21:54:32 INFO Utils: Copying /home/airflow/.ivy2/jars/org.postgresql_postgresql-42.6.0.jar to /tmp/spark-21b8b9bd-06fd-479c-af36-e7aefe0eea72/userFiles-adf1796e-74d6-4d7a-8bf9-5c0a0ed05d34/org.postgresql_postgresql-42.6.0.jar
26/09/21 21:54:32 INFO SparkContext: Added file file:///home/airflow/.ivy2/jars/org.checkerframework_checker-qual-3.31.0.jar at file:///home/airflow/.ivy2/jars/org.checkerframework_checker-qual-3.31.0.jar with timestamp 1790027672410
26/09/21 21:54:32 INFO Utils: Copying /home/airflow/.ivy2/jars/org.checkerframework_checker-qual-3.31.0.jar to /tmp/spark-21b8b9bd-06fd-479c-af36-e7aefe0eea72/userFiles-adf1796e-74d6-4d7a-8bf9-5c0a0ed05d34/org.checkerframework_checker-qual-3.31.0.jar
26/09/21 21:54:33 INFO Executor: Starting executor ID driver on host e6c3ac7e1715
26/09/21 21:54:33 INFO Executor: OS info Linux, 7.0.0-31-generic, amd64
26/09/21 21:54:33 INFO Executor: Java version 17.0.20.1
26/09/21 21:54:33 INFO Executor: Starting executor with user classpath (userClassPathFirst = false): ''
26/09/21 21:54:33 INFO Executor: Created or updated repl class loader org.apache.spark.util.MutableURLClassLoader@4e870ecc for default.
26/09/21 21:54:33 INFO Executor: Fetching file:///home/airflow/.ivy2/jars/org.checkerframework_checker-qual-3.31.0.jar with timestamp 1790027672410
26/09/21 21:54:33 INFO Utils: /home/airflow/.ivy2/jars/org.checkerframework_checker-qual-3.31.0.jar has been previously copied to /tmp/spark-21b8b9bd-06fd-479c-af36-e7aefe0eea72/userFiles-adf1796e-74d6-4d7a-8bf9-5c0a0ed05d34/org.checkerframework_checker-qual-3.31.0.jar
26/09/21 21:54:33 INFO Executor: Fetching file:///home/airflow/.ivy2/jars/org.postgresql_postgresql-42.6.0.jar with timestamp 1790027672410
26/09/21 21:54:33 INFO Utils: /home/airflow/.ivy2/jars/org.postgresql_postgresql-42.6.0.jar has been previously copied to /tmp/spark-21b8b9bd-06fd-479c-af36-e7aefe0eea72/userFiles-adf1796e-74d6-4d7a-8bf9-5c0a0ed05d34/org.postgresql_postgresql-42.6.0.jar
26/09/21 21:54:33 INFO Executor: Fetching spark://e6c3ac7e1715:34307/jars/org.postgresql_postgresql-42.6.0.jar with timestamp 1790027672410
26/09/21 21:54:33 INFO TransportClientFactory: Successfully created connection to e6c3ac7e1715/172.21.0.3:34307 after 23 ms (0 ms spent in bootstraps)
26/09/21 21:54:33 INFO Utils: Fetching spark://e6c3ac7e1715:34307/jars/org.postgresql_postgresql-42.6.0.jar to /tmp/spark-21b8b9bd-06fd-479c-af36-e7aefe0eea72/userFiles-adf1796e-74d6-4d7a-8bf9-5c0a0ed05d34/fetchFileTemp13937748933950763739.tmp
26/09/21 21:54:33 INFO Utils: /tmp/spark-21b8b9bd-06fd-479c-af36-e7aefe0eea72/userFiles-adf1796e-74d6-4d7a-8bf9-5c0a0ed05d34/fetchFileTemp13937748933950763739.tmp has been previously copied to /tmp/spark-21b8b9bd-06fd-479c-af36-e7aefe0eea72/userFiles-adf1796e-74d6-4d7a-8bf9-5c0a0ed05d34/org.postgresql_postgresql-42.6.0.jar
26/09/21 21:54:33 INFO Executor: Adding file:/tmp/spark-21b8b9bd-06fd-479c-af36-e7aefe0eea72/userFiles-adf1796e-74d6-4d7a-8bf9-5c0a0ed05d34/org.postgresql_postgresql-42.6.0.jar to class loader default
26/09/21 21:54:33 INFO Executor: Fetching spark://e6c3ac7e1715:34307/jars/org.checkerframework_checker-qual-3.31.0.jar with timestamp 1790027672410
26/09/21 21:54:33 INFO Utils: Fetching spark://e6c3ac7e1715:34307/jars/org.checkerframework_checker-qual-3.31.0.jar to /tmp/spark-21b8b9bd-06fd-479c-af36-e7aefe0eea72/userFiles-adf1796e-74d6-4d7a-8bf9-5c0a0ed05d34/fetchFileTemp11502890212753180353.tmp
26/09/21 21:54:33 INFO Utils: /tmp/spark-21b8b9bd-06fd-479c-af36-e7aefe0eea72/userFiles-adf1796e-74d6-4d7a-8bf9-5c0a0ed05d34/fetchFileTemp11502890212753180353.tmp has been previously copied to /tmp/spark-21b8b9bd-06fd-479c-af36-e7aefe0eea72/userFiles-adf1796e-74d6-4d7a-8bf9-5c0a0ed05d34/org.checkerframework_checker-qual-3.31.0.jar
26/09/21 21:54:33 INFO Executor: Adding file:/tmp/spark-21b8b9bd-06fd-479c-af36-e7aefe0eea72/userFiles-adf1796e-74d6-4d7a-8bf9-5c0a0ed05d34/org.checkerframework_checker-qual-3.31.0.jar to class loader default
26/09/21 21:54:33 INFO Utils: Successfully started service 'org.apache.spark.network.netty.NettyBlockTransferService' on port 32917.
26/09/21 21:54:33 INFO NettyBlockTransferService: Server created on e6c3ac7e1715:32917
26/09/21 21:54:33 INFO BlockManager: Using org.apache.spark.storage.RandomBlockReplicationPolicy for block replication policy
26/09/21 21:54:33 INFO BlockManagerMaster: Registering BlockManager BlockManagerId(driver, e6c3ac7e1715, 32917, None)
26/09/21 21:54:33 INFO BlockManagerMasterEndpoint: Registering block manager e6c3ac7e1715:32917 with 434.4 MiB RAM, BlockManagerId(driver, e6c3ac7e1715, 32917, None)
26/09/21 21:54:33 INFO BlockManagerMaster: Registered BlockManager BlockManagerId(driver, e6c3ac7e1715, 32917, None)
26/09/21 21:54:33 INFO BlockManager: Initialized BlockManager: BlockManagerId(driver, e6c3ac7e1715, 32917, None)
26/09/21 21:54:33 INFO SharedState: Setting hive.metastore.warehouse.dir ('null') to the value of spark.sql.warehouse.dir.
26/09/21 21:54:33 INFO SharedState: Warehouse path is 'file:/opt/airflow/spark-warehouse'.
26/09/21 21:54:34 INFO InMemoryFileIndex: It took 30 ms to list leaf files for 1 paths.
26/09/21 21:54:34 INFO SparkContext: Starting job: parquet at NativeMethodAccessorImpl.java:0
26/09/21 21:54:34 INFO DAGScheduler: Got job 0 (parquet at NativeMethodAccessorImpl.java:0) with 1 output partitions
26/09/21 21:54:34 INFO DAGScheduler: Final stage: ResultStage 0 (parquet at NativeMethodAccessorImpl.java:0)
26/09/21 21:54:34 INFO DAGScheduler: Parents of final stage: List()
26/09/21 21:54:34 INFO DAGScheduler: Missing parents: List()
26/09/21 21:54:34 INFO DAGScheduler: Submitting ResultStage 0 (MapPartitionsRDD[1] at parquet at NativeMethodAccessorImpl.java:0), which has no missing parents
26/09/21 21:54:34 INFO MemoryStore: Block broadcast_0 stored as values in memory (estimated size 104.5 KiB, free 434.3 MiB)
26/09/21 21:54:34 INFO MemoryStore: Block broadcast_0_piece0 stored as bytes in memory (estimated size 37.6 KiB, free 434.3 MiB)
26/09/21 21:54:34 INFO BlockManagerInfo: Added broadcast_0_piece0 in memory on e6c3ac7e1715:32917 (size: 37.6 KiB, free: 434.4 MiB)
26/09/21 21:54:34 INFO SparkContext: Created broadcast 0 from broadcast at DAGScheduler.scala:1585
26/09/21 21:54:34 INFO DAGScheduler: Submitting 1 missing tasks from ResultStage 0 (MapPartitionsRDD[1] at parquet at NativeMethodAccessorImpl.java:0) (first 15 tasks are for partitions Vector(0))
26/09/21 21:54:34 INFO TaskSchedulerImpl: Adding task set 0.0 with 1 tasks resource profile 0
26/09/21 21:54:34 INFO TaskSetManager: Starting task 0.0 in stage 0.0 (TID 0) (e6c3ac7e1715, executor driver, partition 0, PROCESS_LOCAL, 8303 bytes) 
26/09/21 21:54:34 INFO Executor: Running task 0.0 in stage 0.0 (TID 0)
26/09/21 21:54:34 INFO Executor: Finished task 0.0 in stage 0.0 (TID 0). 2034 bytes result sent to driver
26/09/21 21:54:34 INFO TaskSetManager: Finished task 0.0 in stage 0.0 (TID 0) in 315 ms on e6c3ac7e1715 (executor driver) (1/1)
26/09/21 21:54:34 INFO TaskSchedulerImpl: Removed TaskSet 0.0, whose tasks have all completed, from pool 
26/09/21 21:54:34 INFO DAGScheduler: ResultStage 0 (parquet at NativeMethodAccessorImpl.java:0) finished in 0.434 s
26/09/21 21:54:34 INFO DAGScheduler: Job 0 is finished. Cancelling potential speculative or zombie tasks for this job
26/09/21 21:54:34 INFO TaskSchedulerImpl: Killing all running tasks in stage 0: Stage finished
26/09/21 21:54:34 INFO DAGScheduler: Job 0 finished: parquet at NativeMethodAccessorImpl.java:0, took 0.473793 s
26/09/21 21:54:35 INFO BlockManagerInfo: Removed broadcast_0_piece0 on e6c3ac7e1715:32917 in memory (size: 37.6 KiB, free: 434.4 MiB)
26/09/21 21:54:35 INFO SparkContext: Invoking stop() from shutdown hook
26/09/21 21:54:35 INFO SparkContext: SparkContext is stopping with exitCode 0.
26/09/21 21:54:35 INFO SparkUI: Stopped Spark web UI at http://e6c3ac7e1715:4040
26/09/21 21:54:35 INFO MapOutputTrackerMasterEndpoint: MapOutputTrackerMasterEndpoint stopped!
26/09/21 21:54:35 INFO MemoryStore: MemoryStore cleared
26/09/21 21:54:35 INFO BlockManager: BlockManager stopped
26/09/21 21:54:35 INFO BlockManagerMaster: BlockManagerMaster stopped
26/09/21 21:54:35 INFO OutputCommitCoordinator$OutputCommitCoordinatorEndpoint: OutputCommitCoordinator stopped!
26/09/21 21:54:35 INFO SparkContext: Successfully stopped SparkContext
26/09/21 21:54:35 INFO ShutdownHookManager: Shutdown hook called
26/09/21 21:54:35 INFO ShutdownHookManager: Deleting directory /tmp/spark-beacedc2-1133-4444-b9ca-68d778ffb783
26/09/21 21:54:35 INFO ShutdownHookManager: Deleting directory /tmp/spark-21b8b9bd-06fd-479c-af36-e7aefe0eea72/pyspark-fdfba7b9-d658-4c48-87a9-970d8a0c2387
26/09/21 21:54:35 INFO ShutdownHookManager: Deleting directory /tmp/spark-21b8b9bd-06fd-479c-af36-e7aefe0eea72

[2026-09-21T21:54:35.798+0000] {taskinstance.py:441} INFO - ::group::Post task execution logs
[2026-09-21T21:54:35.798+0000] {taskinstance.py:2905} ERROR - Task failed with exception
Traceback (most recent call last):
  File "/home/airflow/.local/lib/python3.11/site-packages/airflow/models/taskinstance.py", line 465, in _execute_task
    result = _execute_callable(context=context, **execute_callable_kwargs)
             ^^^^^^^^^^^^^^^^^^^^^^^^^^^^^^^^^^^^^^^^^^^^^^^^^^^^^^^^^^^^^
  File "/home/airflow/.local/lib/python3.11/site-packages/airflow/models/taskinstance.py", line 432, in _execute_callable
    return execute_callable(context=context, **execute_callable_kwargs)
           ^^^^^^^^^^^^^^^^^^^^^^^^^^^^^^^^^^^^^^^^^^^^^^^^^^^^^^^^^^^^
  File "/home/airflow/.local/lib/python3.11/site-packages/airflow/models/baseoperator.py", line 401, in wrapper
    return func(self, *args, **kwargs)
           ^^^^^^^^^^^^^^^^^^^^^^^^^^^
  File "/home/airflow/.local/lib/python3.11/site-packages/airflow/decorators/base.py", line 265, in execute
    return_value = super().execute(context)
                   ^^^^^^^^^^^^^^^^^^^^^^^^
  File "/home/airflow/.local/lib/python3.11/site-packages/airflow/models/baseoperator.py", line 401, in wrapper
    return func(self, *args, **kwargs)
           ^^^^^^^^^^^^^^^^^^^^^^^^^^^
  File "/home/airflow/.local/lib/python3.11/site-packages/airflow/operators/python.py", line 235, in execute
    return_value = self.execute_callable()
                   ^^^^^^^^^^^^^^^^^^^^^^^
  File "/home/airflow/.local/lib/python3.11/site-packages/airflow/operators/python.py", line 252, in execute_callable
    return self.python_callable(*self.op_args, **self.op_kwargs)
           ^^^^^^^^^^^^^^^^^^^^^^^^^^^^^^^^^^^^^^^^^^^^^^^^^^^^^
  File "/opt/airflow/dags/etl.py", line 70, in extract
    raise e
  File "/opt/airflow/dags/etl.py", line 59, in extract
    script_run = subprocess.run([
                 ^^^^^^^^^^^^^^^^
  File "/usr/local/lib/python3.11/subprocess.py", line 571, in run
    raise CalledProcessError(retcode, process.args,
subprocess.CalledProcessError: Command '['spark-submit', '--packages', 'org.postgresql:postgresql:42.6.0', '/opt/airflow/dags/daily_etl.py', '2019-10-06']' returned non-zero exit status 1.
[2026-09-21T21:54:35.806+0000] {taskinstance.py:1206} INFO - Marking task as UP_FOR_RETRY. dag_id=ecommerce_data, task_id=extract, run_id=scheduled__2019-10-06T00:00:00+00:00, execution_date=20191006T000000, start_date=20260921T215429, end_date=20260921T215435
[2026-09-21T21:54:35.816+0000] {standard_task_runner.py:110} ERROR - Failed to execute job 98 for task extract (Command '['spark-submit', '--packages', 'org.postgresql:postgresql:42.6.0', '/opt/airflow/dags/daily_etl.py', '2019-10-06']' returned non-zero exit status 1.; 9973)
[2026-09-21T21:54:35.828+0000] {local_task_job_runner.py:240} INFO - Task exited with return code 1
[2026-09-21T21:54:35.839+0000] {taskinstance.py:3503} INFO - 0 downstream tasks scheduled from follow-on schedule check
[2026-09-21T21:54:35.840+0000] {local_task_job_runner.py:222} INFO - ::endgroup::
[2026-09-21T22:25:21.103+0000] {local_task_job_runner.py:120} INFO - ::group::Pre task execution logs
[2026-09-21T22:25:21.121+0000] {taskinstance.py:2076} INFO - Dependencies all met for dep_context=non-requeueable deps ti=<TaskInstance: ecommerce_data.extract scheduled__2019-10-06T00:00:00+00:00 [queued]>
[2026-09-21T22:25:21.125+0000] {taskinstance.py:2076} INFO - Dependencies all met for dep_context=requeueable deps ti=<TaskInstance: ecommerce_data.extract scheduled__2019-10-06T00:00:00+00:00 [queued]>
[2026-09-21T22:25:21.125+0000] {taskinstance.py:2306} INFO - Starting attempt 1 of 4
[2026-09-21T22:25:21.133+0000] {taskinstance.py:2330} INFO - Executing <Task(_PythonDecoratedOperator): extract> on 2019-10-06 00:00:00+00:00
[2026-09-21T22:25:21.138+0000] {standard_task_runner.py:63} INFO - Started process 27274 to run task
[2026-09-21T22:25:21.140+0000] {standard_task_runner.py:90} INFO - Running: ['airflow', 'tasks', 'run', 'ecommerce_data', 'extract', 'scheduled__2019-10-06T00:00:00+00:00', '--job-id', '248', '--raw', '--subdir', 'DAGS_FOLDER/etl.py', '--cfg-path', '/tmp/tmpmlpnowuq']
[2026-09-21T22:25:21.142+0000] {standard_task_runner.py:91} INFO - Job 248: Subtask extract
[2026-09-21T22:25:21.175+0000] {task_command.py:426} INFO - Running <TaskInstance: ecommerce_data.extract scheduled__2019-10-06T00:00:00+00:00 [running]> on host e6c3ac7e1715
[2026-09-21T22:25:21.230+0000] {taskinstance.py:2648} INFO - Exporting env vars: AIRFLOW_CTX_DAG_OWNER='airflow' AIRFLOW_CTX_DAG_ID='ecommerce_data' AIRFLOW_CTX_TASK_ID='extract' AIRFLOW_CTX_EXECUTION_DATE='2019-10-06T00:00:00+00:00' AIRFLOW_CTX_TRY_NUMBER='1' AIRFLOW_CTX_DAG_RUN_ID='scheduled__2019-10-06T00:00:00+00:00'
[2026-09-21T22:25:21.231+0000] {taskinstance.py:430} INFO - ::endgroup::
[2026-09-21T22:25:21.234+0000] {base.py:84} INFO - Using connection ID 'postgres_conn_id' for task execution.
[2026-09-21T22:25:27.761+0000] {taskinstance.py:441} INFO - ::group::Post task execution logs
[2026-09-21T22:25:27.762+0000] {taskinstance.py:2905} ERROR - Task failed with exception
Traceback (most recent call last):
  File "/home/airflow/.local/lib/python3.11/site-packages/airflow/models/taskinstance.py", line 465, in _execute_task
    result = _execute_callable(context=context, **execute_callable_kwargs)
             ^^^^^^^^^^^^^^^^^^^^^^^^^^^^^^^^^^^^^^^^^^^^^^^^^^^^^^^^^^^^^
  File "/home/airflow/.local/lib/python3.11/site-packages/airflow/models/taskinstance.py", line 432, in _execute_callable
    return execute_callable(context=context, **execute_callable_kwargs)
           ^^^^^^^^^^^^^^^^^^^^^^^^^^^^^^^^^^^^^^^^^^^^^^^^^^^^^^^^^^^^
  File "/home/airflow/.local/lib/python3.11/site-packages/airflow/models/baseoperator.py", line 401, in wrapper
    return func(self, *args, **kwargs)
           ^^^^^^^^^^^^^^^^^^^^^^^^^^^
  File "/home/airflow/.local/lib/python3.11/site-packages/airflow/decorators/base.py", line 265, in execute
    return_value = super().execute(context)
                   ^^^^^^^^^^^^^^^^^^^^^^^^
  File "/home/airflow/.local/lib/python3.11/site-packages/airflow/models/baseoperator.py", line 401, in wrapper
    return func(self, *args, **kwargs)
           ^^^^^^^^^^^^^^^^^^^^^^^^^^^
  File "/home/airflow/.local/lib/python3.11/site-packages/airflow/operators/python.py", line 235, in execute
    return_value = self.execute_callable()
                   ^^^^^^^^^^^^^^^^^^^^^^^
  File "/home/airflow/.local/lib/python3.11/site-packages/airflow/operators/python.py", line 252, in execute_callable
    return self.python_callable(*self.op_args, **self.op_kwargs)
           ^^^^^^^^^^^^^^^^^^^^^^^^^^^^^^^^^^^^^^^^^^^^^^^^^^^^^
  File "/opt/airflow/dags/etl.py", line 58, in extract
    script_run = subprocess.run([
                 ^^^^^^^^^^^^^^^^
  File "/usr/local/lib/python3.11/subprocess.py", line 571, in run
    raise CalledProcessError(retcode, process.args,
subprocess.CalledProcessError: Command '['spark-submit', '--packages', 'org.postgresql:postgresql:42.6.0', '/opt/airflow/dags/daily_etl.py', '2019-10-06']' returned non-zero exit status 1.
[2026-09-21T22:25:27.767+0000] {taskinstance.py:1206} INFO - Marking task as UP_FOR_RETRY. dag_id=ecommerce_data, task_id=extract, run_id=scheduled__2019-10-06T00:00:00+00:00, execution_date=20191006T000000, start_date=20260921T222521, end_date=20260921T222527
[2026-09-21T22:25:27.772+0000] {standard_task_runner.py:110} ERROR - Failed to execute job 248 for task extract (Command '['spark-submit', '--packages', 'org.postgresql:postgresql:42.6.0', '/opt/airflow/dags/daily_etl.py', '2019-10-06']' returned non-zero exit status 1.; 27274)
[2026-09-21T22:25:27.800+0000] {local_task_job_runner.py:240} INFO - Task exited with return code 1
[2026-09-21T22:25:27.813+0000] {taskinstance.py:3503} INFO - 0 downstream tasks scheduled from follow-on schedule check
[2026-09-21T22:25:27.814+0000] {local_task_job_runner.py:222} INFO - ::endgroup::
[2026-09-22T17:39:27.680+0000] {local_task_job_runner.py:120} INFO - ::group::Pre task execution logs
[2026-09-22T17:39:27.697+0000] {taskinstance.py:2076} INFO - Dependencies all met for dep_context=non-requeueable deps ti=<TaskInstance: ecommerce_data.extract scheduled__2019-10-06T00:00:00+00:00 [queued]>
[2026-09-22T17:39:27.702+0000] {taskinstance.py:2076} INFO - Dependencies all met for dep_context=requeueable deps ti=<TaskInstance: ecommerce_data.extract scheduled__2019-10-06T00:00:00+00:00 [queued]>
[2026-09-22T17:39:27.702+0000] {taskinstance.py:2306} INFO - Starting attempt 1 of 4
[2026-09-22T17:39:27.712+0000] {taskinstance.py:2330} INFO - Executing <Task(_PythonDecoratedOperator): extract> on 2019-10-06 00:00:00+00:00
[2026-09-22T17:39:27.717+0000] {standard_task_runner.py:63} INFO - Started process 4720 to run task
[2026-09-22T17:39:27.719+0000] {standard_task_runner.py:90} INFO - Running: ['airflow', 'tasks', 'run', 'ecommerce_data', 'extract', 'scheduled__2019-10-06T00:00:00+00:00', '--job-id', '48', '--raw', '--subdir', 'DAGS_FOLDER/etl.py', '--cfg-path', '/tmp/tmpl6r7qg_9']
[2026-09-22T17:39:27.720+0000] {standard_task_runner.py:91} INFO - Job 48: Subtask extract
[2026-09-22T17:39:27.748+0000] {task_command.py:426} INFO - Running <TaskInstance: ecommerce_data.extract scheduled__2019-10-06T00:00:00+00:00 [running]> on host 398971961f28
[2026-09-22T17:39:27.806+0000] {taskinstance.py:2648} INFO - Exporting env vars: AIRFLOW_CTX_DAG_OWNER='airflow' AIRFLOW_CTX_DAG_ID='ecommerce_data' AIRFLOW_CTX_TASK_ID='extract' AIRFLOW_CTX_EXECUTION_DATE='2019-10-06T00:00:00+00:00' AIRFLOW_CTX_TRY_NUMBER='1' AIRFLOW_CTX_DAG_RUN_ID='scheduled__2019-10-06T00:00:00+00:00'
[2026-09-22T17:39:27.807+0000] {taskinstance.py:430} INFO - ::endgroup::
[2026-09-22T17:39:27.811+0000] {base.py:84} INFO - Using connection ID 'postgres_conn_id' for task execution.
[2026-09-22T17:39:36.860+0000] {etl.py:66} ERROR - === STDOUT ===
:: loading settings :: url = jar:file:/home/airflow/.local/lib/python3.11/site-packages/pyspark/jars/ivy-2.5.1.jar!/org/apache/ivy/core/settings/ivysettings.xml
Traceback (most recent call last):
  File "/opt/airflow/dags/daily_etl.py", line 69, in <module>
    .save()
     ^^^^^^
  File "/home/airflow/.local/lib/python3.11/site-packages/pyspark/python/lib/pyspark.zip/pyspark/sql/readwriter.py", line 1461, in save
  File "/home/airflow/.local/lib/python3.11/site-packages/pyspark/python/lib/py4j-0.10.9.7-src.zip/py4j/java_gateway.py", line 1322, in __call__
  File "/home/airflow/.local/lib/python3.11/site-packages/pyspark/python/lib/pyspark.zip/pyspark/errors/exceptions/captured.py", line 185, in deco
pyspark.errors.exceptions.captured.AnalysisException: Column total_views not found in schema Some(StructType(StructField(user_id,StringType,true),StructField(total_events,LongType,false),StructField(total_spent,DoubleType,true),StructField(country,StringType,true),StructField(event_date,DateType,true))).

[2026-09-22T17:39:36.860+0000] {etl.py:67} ERROR - === STDERR ===
/home/airflow/.local/lib/python3.11/site-packages/pyspark/bin/load-spark-env.sh: line 68: ps: command not found
Ivy Default Cache set to: /home/airflow/.ivy2/cache
The jars for the packages stored in: /home/airflow/.ivy2/jars
org.postgresql#postgresql added as a dependency
:: resolving dependencies :: org.apache.spark#spark-submit-parent-cfeeba61-8bc0-4487-969a-3b61c7bd42d5;1.0
	confs: [default]
	found org.postgresql#postgresql;42.6.0 in central
	found org.checkerframework#checker-qual;3.31.0 in central
:: resolution report :: resolve 107ms :: artifacts dl 4ms
	:: modules in use:
	org.checkerframework#checker-qual;3.31.0 from central in [default]
	org.postgresql#postgresql;42.6.0 from central in [default]
	---------------------------------------------------------------------
	|                  |            modules            ||   artifacts   |
	|       conf       | number| search|dwnlded|evicted|| number|dwnlded|
	---------------------------------------------------------------------
	|      default     |   2   |   0   |   0   |   0   ||   2   |   0   |
	---------------------------------------------------------------------
:: retrieving :: org.apache.spark#spark-submit-parent-cfeeba61-8bc0-4487-969a-3b61c7bd42d5
	confs: [default]
	0 artifacts copied, 2 already retrieved (0kB/4ms)
26/09/22 17:39:29 WARN NativeCodeLoader: Unable to load native-hadoop library for your platform... using builtin-java classes where applicable
26/09/22 17:39:30 INFO SparkContext: Running Spark version 3.5.1
26/09/22 17:39:30 INFO SparkContext: OS info Linux, 7.0.0-31-generic, amd64
26/09/22 17:39:30 INFO SparkContext: Java version 17.0.20.1
26/09/22 17:39:30 INFO ResourceUtils: ==============================================================
26/09/22 17:39:30 INFO ResourceUtils: No custom resources configured for spark.driver.
26/09/22 17:39:30 INFO ResourceUtils: ==============================================================
26/09/22 17:39:30 INFO SparkContext: Submitted application: Daily_ecommerce
26/09/22 17:39:30 INFO ResourceProfile: Default ResourceProfile created, executor resources: Map(cores -> name: cores, amount: 1, script: , vendor: , memory -> name: memory, amount: 1024, script: , vendor: , offHeap -> name: offHeap, amount: 0, script: , vendor: ), task resources: Map(cpus -> name: cpus, amount: 1.0)
26/09/22 17:39:30 INFO ResourceProfile: Limiting resource is cpu
26/09/22 17:39:30 INFO ResourceProfileManager: Added ResourceProfile id: 0
26/09/22 17:39:30 INFO SecurityManager: Changing view acls to: airflow
26/09/22 17:39:30 INFO SecurityManager: Changing modify acls to: airflow
26/09/22 17:39:30 INFO SecurityManager: Changing view acls groups to: 
26/09/22 17:39:30 INFO SecurityManager: Changing modify acls groups to: 
26/09/22 17:39:30 INFO SecurityManager: SecurityManager: authentication disabled; ui acls disabled; users with view permissions: airflow; groups with view permissions: EMPTY; users with modify permissions: airflow; groups with modify permissions: EMPTY
26/09/22 17:39:30 INFO Utils: Successfully started service 'sparkDriver' on port 42907.
26/09/22 17:39:30 INFO SparkEnv: Registering MapOutputTracker
26/09/22 17:39:30 INFO SparkEnv: Registering BlockManagerMaster
26/09/22 17:39:30 INFO BlockManagerMasterEndpoint: Using org.apache.spark.storage.DefaultTopologyMapper for getting topology information
26/09/22 17:39:30 INFO BlockManagerMasterEndpoint: BlockManagerMasterEndpoint up
26/09/22 17:39:30 INFO SparkEnv: Registering BlockManagerMasterHeartbeat
26/09/22 17:39:30 INFO DiskBlockManager: Created local directory at /tmp/blockmgr-9e873599-ca53-4aa3-8303-202209e763fb
26/09/22 17:39:30 INFO MemoryStore: MemoryStore started with capacity 434.4 MiB
26/09/22 17:39:30 INFO SparkEnv: Registering OutputCommitCoordinator
26/09/22 17:39:31 INFO JettyUtils: Start Jetty 0.0.0.0:4040 for SparkUI
26/09/22 17:39:31 INFO Utils: Successfully started service 'SparkUI' on port 4040.
26/09/22 17:39:31 INFO SparkContext: Added JAR file:///home/airflow/.ivy2/jars/org.postgresql_postgresql-42.6.0.jar at spark://398971961f28:42907/jars/org.postgresql_postgresql-42.6.0.jar with timestamp 1790098770505
26/09/22 17:39:31 INFO SparkContext: Added JAR file:///home/airflow/.ivy2/jars/org.checkerframework_checker-qual-3.31.0.jar at spark://398971961f28:42907/jars/org.checkerframework_checker-qual-3.31.0.jar with timestamp 1790098770505
26/09/22 17:39:31 INFO SparkContext: Added file file:///home/airflow/.ivy2/jars/org.postgresql_postgresql-42.6.0.jar at file:///home/airflow/.ivy2/jars/org.postgresql_postgresql-42.6.0.jar with timestamp 1790098770505
26/09/22 17:39:31 INFO Utils: Copying /home/airflow/.ivy2/jars/org.postgresql_postgresql-42.6.0.jar to /tmp/spark-bb29b273-86d6-47b2-881c-3065fac2c291/userFiles-408588ba-dbe5-4963-8332-c5b881783ba3/org.postgresql_postgresql-42.6.0.jar
26/09/22 17:39:31 INFO SparkContext: Added file file:///home/airflow/.ivy2/jars/org.checkerframework_checker-qual-3.31.0.jar at file:///home/airflow/.ivy2/jars/org.checkerframework_checker-qual-3.31.0.jar with timestamp 1790098770505
26/09/22 17:39:31 INFO Utils: Copying /home/airflow/.ivy2/jars/org.checkerframework_checker-qual-3.31.0.jar to /tmp/spark-bb29b273-86d6-47b2-881c-3065fac2c291/userFiles-408588ba-dbe5-4963-8332-c5b881783ba3/org.checkerframework_checker-qual-3.31.0.jar
26/09/22 17:39:31 INFO Executor: Starting executor ID driver on host 398971961f28
26/09/22 17:39:31 INFO Executor: OS info Linux, 7.0.0-31-generic, amd64
26/09/22 17:39:31 INFO Executor: Java version 17.0.20.1
26/09/22 17:39:31 INFO Executor: Starting executor with user classpath (userClassPathFirst = false): ''
26/09/22 17:39:31 INFO Executor: Created or updated repl class loader org.apache.spark.util.MutableURLClassLoader@307005a2 for default.
26/09/22 17:39:31 INFO Executor: Fetching file:///home/airflow/.ivy2/jars/org.checkerframework_checker-qual-3.31.0.jar with timestamp 1790098770505
26/09/22 17:39:31 INFO Utils: /home/airflow/.ivy2/jars/org.checkerframework_checker-qual-3.31.0.jar has been previously copied to /tmp/spark-bb29b273-86d6-47b2-881c-3065fac2c291/userFiles-408588ba-dbe5-4963-8332-c5b881783ba3/org.checkerframework_checker-qual-3.31.0.jar
26/09/22 17:39:31 INFO Executor: Fetching file:///home/airflow/.ivy2/jars/org.postgresql_postgresql-42.6.0.jar with timestamp 1790098770505
26/09/22 17:39:31 INFO Utils: /home/airflow/.ivy2/jars/org.postgresql_postgresql-42.6.0.jar has been previously copied to /tmp/spark-bb29b273-86d6-47b2-881c-3065fac2c291/userFiles-408588ba-dbe5-4963-8332-c5b881783ba3/org.postgresql_postgresql-42.6.0.jar
26/09/22 17:39:31 INFO Executor: Fetching spark://398971961f28:42907/jars/org.postgresql_postgresql-42.6.0.jar with timestamp 1790098770505
26/09/22 17:39:31 INFO TransportClientFactory: Successfully created connection to 398971961f28/172.21.0.3:42907 after 22 ms (0 ms spent in bootstraps)
26/09/22 17:39:31 INFO Utils: Fetching spark://398971961f28:42907/jars/org.postgresql_postgresql-42.6.0.jar to /tmp/spark-bb29b273-86d6-47b2-881c-3065fac2c291/userFiles-408588ba-dbe5-4963-8332-c5b881783ba3/fetchFileTemp7424835031212321866.tmp
26/09/22 17:39:31 INFO Utils: /tmp/spark-bb29b273-86d6-47b2-881c-3065fac2c291/userFiles-408588ba-dbe5-4963-8332-c5b881783ba3/fetchFileTemp7424835031212321866.tmp has been previously copied to /tmp/spark-bb29b273-86d6-47b2-881c-3065fac2c291/userFiles-408588ba-dbe5-4963-8332-c5b881783ba3/org.postgresql_postgresql-42.6.0.jar
26/09/22 17:39:31 INFO Executor: Adding file:/tmp/spark-bb29b273-86d6-47b2-881c-3065fac2c291/userFiles-408588ba-dbe5-4963-8332-c5b881783ba3/org.postgresql_postgresql-42.6.0.jar to class loader default
26/09/22 17:39:31 INFO Executor: Fetching spark://398971961f28:42907/jars/org.checkerframework_checker-qual-3.31.0.jar with timestamp 1790098770505
26/09/22 17:39:31 INFO Utils: Fetching spark://398971961f28:42907/jars/org.checkerframework_checker-qual-3.31.0.jar to /tmp/spark-bb29b273-86d6-47b2-881c-3065fac2c291/userFiles-408588ba-dbe5-4963-8332-c5b881783ba3/fetchFileTemp3104922639201787788.tmp
26/09/22 17:39:31 INFO Utils: /tmp/spark-bb29b273-86d6-47b2-881c-3065fac2c291/userFiles-408588ba-dbe5-4963-8332-c5b881783ba3/fetchFileTemp3104922639201787788.tmp has been previously copied to /tmp/spark-bb29b273-86d6-47b2-881c-3065fac2c291/userFiles-408588ba-dbe5-4963-8332-c5b881783ba3/org.checkerframework_checker-qual-3.31.0.jar
26/09/22 17:39:31 INFO Executor: Adding file:/tmp/spark-bb29b273-86d6-47b2-881c-3065fac2c291/userFiles-408588ba-dbe5-4963-8332-c5b881783ba3/org.checkerframework_checker-qual-3.31.0.jar to class loader default
26/09/22 17:39:31 INFO Utils: Successfully started service 'org.apache.spark.network.netty.NettyBlockTransferService' on port 37029.
26/09/22 17:39:31 INFO NettyBlockTransferService: Server created on 398971961f28:37029
26/09/22 17:39:31 INFO BlockManager: Using org.apache.spark.storage.RandomBlockReplicationPolicy for block replication policy
26/09/22 17:39:31 INFO BlockManagerMaster: Registering BlockManager BlockManagerId(driver, 398971961f28, 37029, None)
26/09/22 17:39:31 INFO BlockManagerMasterEndpoint: Registering block manager 398971961f28:37029 with 434.4 MiB RAM, BlockManagerId(driver, 398971961f28, 37029, None)
26/09/22 17:39:31 INFO BlockManagerMaster: Registered BlockManager BlockManagerId(driver, 398971961f28, 37029, None)
26/09/22 17:39:31 INFO BlockManager: Initialized BlockManager: BlockManagerId(driver, 398971961f28, 37029, None)
26/09/22 17:39:31 INFO SharedState: Setting hive.metastore.warehouse.dir ('null') to the value of spark.sql.warehouse.dir.
26/09/22 17:39:31 INFO SharedState: Warehouse path is 'file:/opt/airflow/spark-warehouse'.
26/09/22 17:39:32 INFO InMemoryFileIndex: It took 33 ms to list leaf files for 1 paths.
26/09/22 17:39:32 INFO SparkContext: Starting job: parquet at NativeMethodAccessorImpl.java:0
26/09/22 17:39:32 INFO DAGScheduler: Got job 0 (parquet at NativeMethodAccessorImpl.java:0) with 1 output partitions
26/09/22 17:39:32 INFO DAGScheduler: Final stage: ResultStage 0 (parquet at NativeMethodAccessorImpl.java:0)
26/09/22 17:39:32 INFO DAGScheduler: Parents of final stage: List()
26/09/22 17:39:32 INFO DAGScheduler: Missing parents: List()
26/09/22 17:39:32 INFO DAGScheduler: Submitting ResultStage 0 (MapPartitionsRDD[1] at parquet at NativeMethodAccessorImpl.java:0), which has no missing parents
26/09/22 17:39:32 INFO MemoryStore: Block broadcast_0 stored as values in memory (estimated size 104.5 KiB, free 434.3 MiB)
26/09/22 17:39:32 INFO MemoryStore: Block broadcast_0_piece0 stored as bytes in memory (estimated size 37.6 KiB, free 434.3 MiB)
26/09/22 17:39:32 INFO BlockManagerInfo: Added broadcast_0_piece0 in memory on 398971961f28:37029 (size: 37.6 KiB, free: 434.4 MiB)
26/09/22 17:39:32 INFO SparkContext: Created broadcast 0 from broadcast at DAGScheduler.scala:1585
26/09/22 17:39:32 INFO DAGScheduler: Submitting 1 missing tasks from ResultStage 0 (MapPartitionsRDD[1] at parquet at NativeMethodAccessorImpl.java:0) (first 15 tasks are for partitions Vector(0))
26/09/22 17:39:32 INFO TaskSchedulerImpl: Adding task set 0.0 with 1 tasks resource profile 0
26/09/22 17:39:32 INFO TaskSetManager: Starting task 0.0 in stage 0.0 (TID 0) (398971961f28, executor driver, partition 0, PROCESS_LOCAL, 8303 bytes) 
26/09/22 17:39:32 INFO Executor: Running task 0.0 in stage 0.0 (TID 0)
26/09/22 17:39:33 INFO Executor: Finished task 0.0 in stage 0.0 (TID 0). 2034 bytes result sent to driver
26/09/22 17:39:33 INFO TaskSetManager: Finished task 0.0 in stage 0.0 (TID 0) in 351 ms on 398971961f28 (executor driver) (1/1)
26/09/22 17:39:33 INFO TaskSchedulerImpl: Removed TaskSet 0.0, whose tasks have all completed, from pool 
26/09/22 17:39:33 INFO DAGScheduler: ResultStage 0 (parquet at NativeMethodAccessorImpl.java:0) finished in 0.480 s
26/09/22 17:39:33 INFO DAGScheduler: Job 0 is finished. Cancelling potential speculative or zombie tasks for this job
26/09/22 17:39:33 INFO TaskSchedulerImpl: Killing all running tasks in stage 0: Stage finished
26/09/22 17:39:33 INFO DAGScheduler: Job 0 finished: parquet at NativeMethodAccessorImpl.java:0, took 0.514424 s
26/09/22 17:39:33 INFO BlockManagerInfo: Removed broadcast_0_piece0 on 398971961f28:37029 in memory (size: 37.6 KiB, free: 434.4 MiB)
26/09/22 17:39:34 INFO FileSourceStrategy: Pushed Filters: 
26/09/22 17:39:34 INFO FileSourceStrategy: Post-Scan Filters: (((isnull(user_id#7) OR (cast(price#6 as float) <= 0.0)) OR isnull(event_type#1)) OR (event_type#1 = ))
26/09/22 17:39:34 INFO ParquetUtils: Using default output committer for Parquet: org.apache.parquet.hadoop.ParquetOutputCommitter
26/09/22 17:39:34 INFO FileOutputCommitter: File Output Committer Algorithm version is 1
26/09/22 17:39:34 INFO FileOutputCommitter: FileOutputCommitter skip cleanup _temporary folders under output directory:false, ignore cleanup failures: false
26/09/22 17:39:34 INFO SQLHadoopMapReduceCommitProtocol: Using user defined output committer class org.apache.parquet.hadoop.ParquetOutputCommitter
26/09/22 17:39:34 INFO FileOutputCommitter: File Output Committer Algorithm version is 1
26/09/22 17:39:34 INFO FileOutputCommitter: FileOutputCommitter skip cleanup _temporary folders under output directory:false, ignore cleanup failures: false
26/09/22 17:39:34 INFO SQLHadoopMapReduceCommitProtocol: Using output committer class org.apache.parquet.hadoop.ParquetOutputCommitter
26/09/22 17:39:34 INFO CodeGenerator: Code generated in 171.172939 ms
26/09/22 17:39:34 INFO MemoryStore: Block broadcast_1 stored as values in memory (estimated size 203.8 KiB, free 434.2 MiB)
26/09/22 17:39:34 INFO MemoryStore: Block broadcast_1_piece0 stored as bytes in memory (estimated size 35.7 KiB, free 434.2 MiB)
26/09/22 17:39:34 INFO BlockManagerInfo: Added broadcast_1_piece0 in memory on 398971961f28:37029 (size: 35.7 KiB, free: 434.4 MiB)
26/09/22 17:39:34 INFO SparkContext: Created broadcast 1 from parquet at NativeMethodAccessorImpl.java:0
26/09/22 17:39:34 INFO FileSourceScanExec: Planning scan with bin packing, max size: 6657231 bytes, open cost is considered as scanning 4194304 bytes.
26/09/22 17:39:34 INFO SparkContext: Starting job: parquet at NativeMethodAccessorImpl.java:0
26/09/22 17:39:34 INFO DAGScheduler: Got job 1 (parquet at NativeMethodAccessorImpl.java:0) with 8 output partitions
26/09/22 17:39:34 INFO DAGScheduler: Final stage: ResultStage 1 (parquet at NativeMethodAccessorImpl.java:0)
26/09/22 17:39:34 INFO DAGScheduler: Parents of final stage: List()
26/09/22 17:39:34 INFO DAGScheduler: Missing parents: List()
26/09/22 17:39:34 INFO DAGScheduler: Submitting ResultStage 1 (MapPartitionsRDD[5] at parquet at NativeMethodAccessorImpl.java:0), which has no missing parents
26/09/22 17:39:34 INFO MemoryStore: Block broadcast_2 stored as values in memory (estimated size 225.4 KiB, free 433.9 MiB)
26/09/22 17:39:34 INFO MemoryStore: Block broadcast_2_piece0 stored as bytes in memory (estimated size 79.5 KiB, free 433.9 MiB)
26/09/22 17:39:34 INFO BlockManagerInfo: Added broadcast_2_piece0 in memory on 398971961f28:37029 (size: 79.5 KiB, free: 434.3 MiB)
26/09/22 17:39:34 INFO SparkContext: Created broadcast 2 from broadcast at DAGScheduler.scala:1585
26/09/22 17:39:34 INFO DAGScheduler: Submitting 8 missing tasks from ResultStage 1 (MapPartitionsRDD[5] at parquet at NativeMethodAccessorImpl.java:0) (first 15 tasks are for partitions Vector(0, 1, 2, 3, 4, 5, 6, 7))
26/09/22 17:39:34 INFO TaskSchedulerImpl: Adding task set 1.0 with 8 tasks resource profile 0
26/09/22 17:39:35 INFO TaskSetManager: Starting task 0.0 in stage 1.0 (TID 1) (398971961f28, executor driver, partition 0, PROCESS_LOCAL, 8810 bytes) 
26/09/22 17:39:35 INFO TaskSetManager: Starting task 1.0 in stage 1.0 (TID 2) (398971961f28, executor driver, partition 1, PROCESS_LOCAL, 8810 bytes) 
26/09/22 17:39:35 INFO TaskSetManager: Starting task 2.0 in stage 1.0 (TID 3) (398971961f28, executor driver, partition 2, PROCESS_LOCAL, 8810 bytes) 
26/09/22 17:39:35 INFO TaskSetManager: Starting task 3.0 in stage 1.0 (TID 4) (398971961f28, executor driver, partition 3, PROCESS_LOCAL, 8810 bytes) 
26/09/22 17:39:35 INFO TaskSetManager: Starting task 4.0 in stage 1.0 (TID 5) (398971961f28, executor driver, partition 4, PROCESS_LOCAL, 8810 bytes) 
26/09/22 17:39:35 INFO TaskSetManager: Starting task 5.0 in stage 1.0 (TID 6) (398971961f28, executor driver, partition 5, PROCESS_LOCAL, 8810 bytes) 
26/09/22 17:39:35 INFO TaskSetManager: Starting task 6.0 in stage 1.0 (TID 7) (398971961f28, executor driver, partition 6, PROCESS_LOCAL, 8810 bytes) 
26/09/22 17:39:35 INFO TaskSetManager: Starting task 7.0 in stage 1.0 (TID 8) (398971961f28, executor driver, partition 7, PROCESS_LOCAL, 8810 bytes) 
26/09/22 17:39:35 INFO Executor: Running task 0.0 in stage 1.0 (TID 1)
26/09/22 17:39:35 INFO Executor: Running task 1.0 in stage 1.0 (TID 2)
26/09/22 17:39:35 INFO Executor: Running task 2.0 in stage 1.0 (TID 3)
26/09/22 17:39:35 INFO Executor: Running task 3.0 in stage 1.0 (TID 4)
26/09/22 17:39:35 INFO Executor: Running task 4.0 in stage 1.0 (TID 5)
26/09/22 17:39:35 INFO Executor: Running task 6.0 in stage 1.0 (TID 7)
26/09/22 17:39:35 INFO Executor: Running task 7.0 in stage 1.0 (TID 8)
26/09/22 17:39:35 INFO Executor: Running task 5.0 in stage 1.0 (TID 6)
26/09/22 17:39:35 INFO CodeGenerator: Code generated in 42.747771 ms
26/09/22 17:39:35 INFO FileOutputCommitter: File Output Committer Algorithm version is 1
26/09/22 17:39:35 INFO FileOutputCommitter: File Output Committer Algorithm version is 1
26/09/22 17:39:35 INFO FileOutputCommitter: FileOutputCommitter skip cleanup _temporary folders under output directory:false, ignore cleanup failures: false
26/09/22 17:39:35 INFO FileOutputCommitter: FileOutputCommitter skip cleanup _temporary folders under output directory:false, ignore cleanup failures: false
26/09/22 17:39:35 INFO FileOutputCommitter: File Output Committer Algorithm version is 1
26/09/22 17:39:35 INFO FileOutputCommitter: FileOutputCommitter skip cleanup _temporary folders under output directory:false, ignore cleanup failures: false
26/09/22 17:39:35 INFO SQLHadoopMapReduceCommitProtocol: Using user defined output committer class org.apache.parquet.hadoop.ParquetOutputCommitter
26/09/22 17:39:35 INFO SQLHadoopMapReduceCommitProtocol: Using user defined output committer class org.apache.parquet.hadoop.ParquetOutputCommitter
26/09/22 17:39:35 INFO FileOutputCommitter: File Output Committer Algorithm version is 1
26/09/22 17:39:35 INFO FileOutputCommitter: File Output Committer Algorithm version is 1
26/09/22 17:39:35 INFO FileOutputCommitter: FileOutputCommitter skip cleanup _temporary folders under output directory:false, ignore cleanup failures: false
26/09/22 17:39:35 INFO SQLHadoopMapReduceCommitProtocol: Using output committer class org.apache.parquet.hadoop.ParquetOutputCommitter
26/09/22 17:39:35 INFO FileOutputCommitter: File Output Committer Algorithm version is 1
26/09/22 17:39:35 INFO FileOutputCommitter: FileOutputCommitter skip cleanup _temporary folders under output directory:false, ignore cleanup failures: false
26/09/22 17:39:35 INFO SQLHadoopMapReduceCommitProtocol: Using user defined output committer class org.apache.parquet.hadoop.ParquetOutputCommitter
26/09/22 17:39:35 INFO FileOutputCommitter: FileOutputCommitter skip cleanup _temporary folders under output directory:false, ignore cleanup failures: false
26/09/22 17:39:35 INFO FileOutputCommitter: File Output Committer Algorithm version is 1
26/09/22 17:39:35 INFO FileOutputCommitter: FileOutputCommitter skip cleanup _temporary folders under output directory:false, ignore cleanup failures: false
26/09/22 17:39:35 INFO FileScanRDD: Reading File path: file:///opt/airflow/data/lake/raw/events/2019-Oct/event_date=2019-10-06/part-00007-e6dbecb7-a75e-4a1e-be16-8089c329fa2c.c000.snappy.parquet, range: 6657231-13314462, partition values: [empty row]
26/09/22 17:39:35 INFO SQLHadoopMapReduceCommitProtocol: Using output committer class org.apache.parquet.hadoop.ParquetOutputCommitter
26/09/22 17:39:35 INFO SQLHadoopMapReduceCommitProtocol: Using output committer class org.apache.parquet.hadoop.ParquetOutputCommitter
26/09/22 17:39:35 INFO FileScanRDD: Reading File path: file:///opt/airflow/data/lake/raw/events/2019-Oct/event_date=2019-10-06/part-00006-e6dbecb7-a75e-4a1e-be16-8089c329fa2c.c000.snappy.parquet, range: 6657231-13314462, partition values: [empty row]
26/09/22 17:39:35 INFO FileScanRDD: Reading File path: file:///opt/airflow/data/lake/raw/events/2019-Oct/event_date=2019-10-06/part-00006-e6dbecb7-a75e-4a1e-be16-8089c329fa2c.c000.snappy.parquet, range: 13314462-19971693, partition values: [empty row]
26/09/22 17:39:35 INFO FileOutputCommitter: File Output Committer Algorithm version is 1
26/09/22 17:39:35 INFO SQLHadoopMapReduceCommitProtocol: Using user defined output committer class org.apache.parquet.hadoop.ParquetOutputCommitter
26/09/22 17:39:35 INFO FileOutputCommitter: File Output Committer Algorithm version is 1
26/09/22 17:39:35 INFO FileOutputCommitter: FileOutputCommitter skip cleanup _temporary folders under output directory:false, ignore cleanup failures: false
26/09/22 17:39:35 INFO FileOutputCommitter: FileOutputCommitter skip cleanup _temporary folders under output directory:false, ignore cleanup failures: false
26/09/22 17:39:35 INFO FileOutputCommitter: File Output Committer Algorithm version is 1
26/09/22 17:39:35 INFO FileOutputCommitter: FileOutputCommitter skip cleanup _temporary folders under output directory:false, ignore cleanup failures: false
26/09/22 17:39:35 INFO SQLHadoopMapReduceCommitProtocol: Using output committer class org.apache.parquet.hadoop.ParquetOutputCommitter
26/09/22 17:39:35 INFO SQLHadoopMapReduceCommitProtocol: Using user defined output committer class org.apache.parquet.hadoop.ParquetOutputCommitter
26/09/22 17:39:35 INFO FileOutputCommitter: File Output Committer Algorithm version is 1
26/09/22 17:39:35 INFO FileOutputCommitter: FileOutputCommitter skip cleanup _temporary folders under output directory:false, ignore cleanup failures: false
26/09/22 17:39:35 INFO SQLHadoopMapReduceCommitProtocol: Using output committer class org.apache.parquet.hadoop.ParquetOutputCommitter
26/09/22 17:39:35 INFO FileOutputCommitter: File Output Committer Algorithm version is 1
26/09/22 17:39:35 INFO FileOutputCommitter: FileOutputCommitter skip cleanup _temporary folders under output directory:false, ignore cleanup failures: false
26/09/22 17:39:35 INFO FileScanRDD: Reading File path: file:///opt/airflow/data/lake/raw/events/2019-Oct/event_date=2019-10-06/part-00007-e6dbecb7-a75e-4a1e-be16-8089c329fa2c.c000.snappy.parquet, range: 19971693-20381634, partition values: [empty row]
26/09/22 17:39:35 INFO SQLHadoopMapReduceCommitProtocol: Using user defined output committer class org.apache.parquet.hadoop.ParquetOutputCommitter
26/09/22 17:39:35 INFO FileOutputCommitter: File Output Committer Algorithm version is 1
26/09/22 17:39:35 INFO FileOutputCommitter: FileOutputCommitter skip cleanup _temporary folders under output directory:false, ignore cleanup failures: false
26/09/22 17:39:35 INFO SQLHadoopMapReduceCommitProtocol: Using user defined output committer class org.apache.parquet.hadoop.ParquetOutputCommitter
26/09/22 17:39:35 INFO FileOutputCommitter: File Output Committer Algorithm version is 1
26/09/22 17:39:35 INFO FileOutputCommitter: FileOutputCommitter skip cleanup _temporary folders under output directory:false, ignore cleanup failures: false
26/09/22 17:39:35 INFO SQLHadoopMapReduceCommitProtocol: Using output committer class org.apache.parquet.hadoop.ParquetOutputCommitter
26/09/22 17:39:35 INFO FileScanRDD: Reading File path: file:///opt/airflow/data/lake/raw/events/2019-Oct/event_date=2019-10-06/part-00006-e6dbecb7-a75e-4a1e-be16-8089c329fa2c.c000.snappy.parquet, range: 19971693-24487609, partition values: [empty row]
26/09/22 17:39:35 INFO FileScanRDD: Reading File path: file:///opt/airflow/data/lake/raw/events/2019-Oct/event_date=2019-10-06/part-00006-e6dbecb7-a75e-4a1e-be16-8089c329fa2c.c000.snappy.parquet, range: 0-6657231, partition values: [empty row]
26/09/22 17:39:35 INFO FileOutputCommitter: File Output Committer Algorithm version is 1
26/09/22 17:39:35 INFO FileOutputCommitter: FileOutputCommitter skip cleanup _temporary folders under output directory:false, ignore cleanup failures: false
26/09/22 17:39:35 INFO SQLHadoopMapReduceCommitProtocol: Using user defined output committer class org.apache.parquet.hadoop.ParquetOutputCommitter
26/09/22 17:39:35 INFO FileOutputCommitter: File Output Committer Algorithm version is 1
26/09/22 17:39:35 INFO FileOutputCommitter: FileOutputCommitter skip cleanup _temporary folders under output directory:false, ignore cleanup failures: false
26/09/22 17:39:35 INFO SQLHadoopMapReduceCommitProtocol: Using output committer class org.apache.parquet.hadoop.ParquetOutputCommitter
26/09/22 17:39:35 INFO SQLHadoopMapReduceCommitProtocol: Using output committer class org.apache.parquet.hadoop.ParquetOutputCommitter
26/09/22 17:39:35 INFO FileScanRDD: Reading File path: file:///opt/airflow/data/lake/raw/events/2019-Oct/event_date=2019-10-06/part-00007-e6dbecb7-a75e-4a1e-be16-8089c329fa2c.c000.snappy.parquet, range: 13314462-19971693, partition values: [empty row]
26/09/22 17:39:35 INFO CodecConfig: Compression: SNAPPY
26/09/22 17:39:35 INFO CodecConfig: Compression: SNAPPY
26/09/22 17:39:35 INFO ParquetOutputFormat: ParquetRecordWriter [block size: 134217728b, row group padding size: 8388608b, validating: false]
26/09/22 17:39:35 INFO ParquetWriteSupport: Initialized Parquet WriteSupport with Catalyst schema:
{
  "type" : "struct",
  "fields" : [ {
    "name" : "event_time",
    "type" : "string",
    "nullable" : true,
    "metadata" : { }
  }, {
    "name" : "event_type",
    "type" : "string",
    "nullable" : true,
    "metadata" : { }
  }, {
    "name" : "product_id",
    "type" : "string",
    "nullable" : true,
    "metadata" : { }
  }, {
    "name" : "category_id",
    "type" : "string",
    "nullable" : true,
    "metadata" : { }
  }, {
    "name" : "category_code",
    "type" : "string",
    "nullable" : true,
    "metadata" : { }
  }, {
    "name" : "brand",
    "type" : "string",
    "nullable" : true,
    "metadata" : { }
  }, {
    "name" : "price",
    "type" : "string",
    "nullable" : true,
    "metadata" : { }
  }, {
    "name" : "user_id",
    "type" : "string",
    "nullable" : true,
    "metadata" : { }
  }, {
    "name" : "user_session",
    "type" : "string",
    "nullable" : true,
    "metadata" : { }
  } ]
}
and corresponding Parquet message type:
message spark_schema {
  optional binary event_time (STRING);
  optional binary event_type (STRING);
  optional binary product_id (STRING);
  optional binary category_id (STRING);
  optional binary category_code (STRING);
  optional binary brand (STRING);
  optional binary price (STRING);
  optional binary user_id (STRING);
  optional binary user_session (STRING);
}

       
26/09/22 17:39:35 INFO SparkHadoopMapRedUtil: No need to commit output of task because needsTaskCommit=false: attempt_202609221739341978264108366082824_0001_m_000006_7
26/09/22 17:39:35 INFO SparkHadoopMapRedUtil: No need to commit output of task because needsTaskCommit=false: attempt_202609221739341978264108366082824_0001_m_000003_4
26/09/22 17:39:35 INFO SparkHadoopMapRedUtil: No need to commit output of task because needsTaskCommit=false: attempt_202609221739341978264108366082824_0001_m_000005_6
26/09/22 17:39:35 INFO SparkHadoopMapRedUtil: No need to commit output of task because needsTaskCommit=false: attempt_202609221739341978264108366082824_0001_m_000007_8
26/09/22 17:39:35 INFO SparkHadoopMapRedUtil: No need to commit output of task because needsTaskCommit=false: attempt_202609221739341978264108366082824_0001_m_000002_3
26/09/22 17:39:35 INFO Executor: Finished task 2.0 in stage 1.0 (TID 3). 2748 bytes result sent to driver
26/09/22 17:39:35 INFO Executor: Finished task 5.0 in stage 1.0 (TID 6). 2748 bytes result sent to driver
26/09/22 17:39:35 INFO Executor: Finished task 6.0 in stage 1.0 (TID 7). 2748 bytes result sent to driver
26/09/22 17:39:35 INFO Executor: Finished task 3.0 in stage 1.0 (TID 4). 2748 bytes result sent to driver
26/09/22 17:39:35 INFO CodecPool: Got brand-new compressor [.snappy]
26/09/22 17:39:35 INFO Executor: Finished task 7.0 in stage 1.0 (TID 8). 2705 bytes result sent to driver
26/09/22 17:39:35 INFO TaskSetManager: Finished task 6.0 in stage 1.0 (TID 7) in 291 ms on 398971961f28 (executor driver) (1/8)
26/09/22 17:39:35 INFO TaskSetManager: Finished task 3.0 in stage 1.0 (TID 4) in 294 ms on 398971961f28 (executor driver) (2/8)
26/09/22 17:39:35 INFO TaskSetManager: Finished task 2.0 in stage 1.0 (TID 3) in 294 ms on 398971961f28 (executor driver) (3/8)
26/09/22 17:39:35 INFO TaskSetManager: Finished task 7.0 in stage 1.0 (TID 8) in 299 ms on 398971961f28 (executor driver) (4/8)
26/09/22 17:39:35 INFO TaskSetManager: Finished task 5.0 in stage 1.0 (TID 6) in 302 ms on 398971961f28 (executor driver) (5/8)
26/09/22 17:39:35 INFO CodecPool: Got brand-new decompressor [.snappy]
26/09/22 17:39:35 INFO CodecPool: Got brand-new decompressor [.snappy]
26/09/22 17:39:35 INFO FileScanRDD: Reading File path: file:///opt/airflow/data/lake/raw/events/2019-Oct/event_date=2019-10-06/part-00007-e6dbecb7-a75e-4a1e-be16-8089c329fa2c.c000.snappy.parquet, range: 0-6657231, partition values: [empty row]
26/09/22 17:39:35 INFO CodecConfig: Compression: SNAPPY
26/09/22 17:39:35 INFO CodecConfig: Compression: SNAPPY
26/09/22 17:39:35 INFO CodecConfig: Compression: SNAPPY
26/09/22 17:39:35 INFO FileOutputCommitter: Saved output of task 'attempt_202609221739341978264108366082824_0001_m_000000_1' to file:/opt/airflow/data/lake/rejected/events/2019-10-06/_temporary/0/task_202609221739341978264108366082824_0001_m_000000
26/09/22 17:39:35 INFO CodecConfig: Compression: SNAPPY
26/09/22 17:39:35 INFO SparkHadoopMapRedUtil: attempt_202609221739341978264108366082824_0001_m_000000_1: Committed. Elapsed time: 1 ms.
26/09/22 17:39:35 INFO ParquetOutputFormat: ParquetRecordWriter [block size: 134217728b, row group padding size: 8388608b, validating: false]
26/09/22 17:39:35 INFO ParquetOutputFormat: ParquetRecordWriter [block size: 134217728b, row group padding size: 8388608b, validating: false]
26/09/22 17:39:35 INFO Executor: Finished task 0.0 in stage 1.0 (TID 1). 2748 bytes result sent to driver
26/09/22 17:39:35 INFO ParquetWriteSupport: Initialized Parquet WriteSupport with Catalyst schema:
{
  "type" : "struct",
  "fields" : [ {
    "name" : "event_time",
    "type" : "string",
    "nullable" : true,
    "metadata" : { }
  }, {
    "name" : "event_type",
    "type" : "string",
    "nullable" : true,
    "metadata" : { }
  }, {
    "name" : "product_id",
    "type" : "string",
    "nullable" : true,
    "metadata" : { }
  }, {
    "name" : "category_id",
    "type" : "string",
    "nullable" : true,
    "metadata" : { }
  }, {
    "name" : "category_code",
    "type" : "string",
    "nullable" : true,
    "metadata" : { }
  }, {
    "name" : "brand",
    "type" : "string",
    "nullable" : true,
    "metadata" : { }
  }, {
    "name" : "price",
    "type" : "string",
    "nullable" : true,
    "metadata" : { }
  }, {
    "name" : "user_id",
    "type" : "string",
    "nullable" : true,
    "metadata" : { }
  }, {
    "name" : "user_session",
    "type" : "string",
    "nullable" : true,
    "metadata" : { }
  } ]
}
and corresponding Parquet message type:
message spark_schema {
  optional binary event_time (STRING);
  optional binary event_type (STRING);
  optional binary product_id (STRING);
  optional binary category_id (STRING);
  optional binary category_code (STRING);
  optional binary brand (STRING);
  optional binary price (STRING);
  optional binary user_id (STRING);
  optional binary user_session (STRING);
}

       
26/09/22 17:39:35 INFO ParquetWriteSupport: Initialized Parquet WriteSupport with Catalyst schema:
{
  "type" : "struct",
  "fields" : [ {
    "name" : "event_time",
    "type" : "string",
    "nullable" : true,
    "metadata" : { }
  }, {
    "name" : "event_type",
    "type" : "string",
    "nullable" : true,
    "metadata" : { }
  }, {
    "name" : "product_id",
    "type" : "string",
    "nullable" : true,
    "metadata" : { }
  }, {
    "name" : "category_id",
    "type" : "string",
    "nullable" : true,
    "metadata" : { }
  }, {
    "name" : "category_code",
    "type" : "string",
    "nullable" : true,
    "metadata" : { }
  }, {
    "name" : "brand",
    "type" : "string",
    "nullable" : true,
    "metadata" : { }
  }, {
    "name" : "price",
    "type" : "string",
    "nullable" : true,
    "metadata" : { }
  }, {
    "name" : "user_id",
    "type" : "string",
    "nullable" : true,
    "metadata" : { }
  }, {
    "name" : "user_session",
    "type" : "string",
    "nullable" : true,
    "metadata" : { }
  } ]
}
and corresponding Parquet message type:
message spark_schema {
  optional binary event_time (STRING);
  optional binary event_type (STRING);
  optional binary product_id (STRING);
  optional binary category_id (STRING);
  optional binary category_code (STRING);
  optional binary brand (STRING);
  optional binary price (STRING);
  optional binary user_id (STRING);
  optional binary user_session (STRING);
}

       
26/09/22 17:39:35 INFO TaskSetManager: Finished task 0.0 in stage 1.0 (TID 1) in 524 ms on 398971961f28 (executor driver) (6/8)
26/09/22 17:39:35 INFO CodecPool: Got brand-new compressor [.snappy]
26/09/22 17:39:36 INFO FileOutputCommitter: Saved output of task 'attempt_202609221739341978264108366082824_0001_m_000001_2' to file:/opt/airflow/data/lake/rejected/events/2019-10-06/_temporary/0/task_202609221739341978264108366082824_0001_m_000001
26/09/22 17:39:36 INFO SparkHadoopMapRedUtil: attempt_202609221739341978264108366082824_0001_m_000001_2: Committed. Elapsed time: 0 ms.
26/09/22 17:39:36 INFO Executor: Finished task 1.0 in stage 1.0 (TID 2). 2834 bytes result sent to driver
26/09/22 17:39:36 INFO TaskSetManager: Finished task 1.0 in stage 1.0 (TID 2) in 1162 ms on 398971961f28 (executor driver) (7/8)
26/09/22 17:39:36 INFO FileOutputCommitter: Saved output of task 'attempt_202609221739341978264108366082824_0001_m_000004_5' to file:/opt/airflow/data/lake/rejected/events/2019-10-06/_temporary/0/task_202609221739341978264108366082824_0001_m_000004
26/09/22 17:39:36 INFO SparkHadoopMapRedUtil: attempt_202609221739341978264108366082824_0001_m_000004_5: Committed. Elapsed time: 0 ms.
26/09/22 17:39:36 INFO Executor: Finished task 4.0 in stage 1.0 (TID 5). 2834 bytes result sent to driver
26/09/22 17:39:36 INFO TaskSetManager: Finished task 4.0 in stage 1.0 (TID 5) in 1201 ms on 398971961f28 (executor driver) (8/8)
26/09/22 17:39:36 INFO TaskSchedulerImpl: Removed TaskSet 1.0, whose tasks have all completed, from pool 
26/09/22 17:39:36 INFO DAGScheduler: ResultStage 1 (parquet at NativeMethodAccessorImpl.java:0) finished in 1.262 s
26/09/22 17:39:36 INFO DAGScheduler: Job 1 is finished. Cancelling potential speculative or zombie tasks for this job
26/09/22 17:39:36 INFO TaskSchedulerImpl: Killing all running tasks in stage 1: Stage finished
26/09/22 17:39:36 INFO DAGScheduler: Job 1 finished: parquet at NativeMethodAccessorImpl.java:0, took 1.268481 s
26/09/22 17:39:36 INFO FileFormatWriter: Start to commit write Job 933af8fa-f2a2-419a-96e1-9ee2e6c02f25.
26/09/22 17:39:36 INFO FileFormatWriter: Write Job 933af8fa-f2a2-419a-96e1-9ee2e6c02f25 committed. Elapsed time: 15 ms.
26/09/22 17:39:36 INFO FileFormatWriter: Finished processing stats for write job 933af8fa-f2a2-419a-96e1-9ee2e6c02f25.
26/09/22 17:39:36 INFO SparkContext: Invoking stop() from shutdown hook
26/09/22 17:39:36 INFO SparkContext: SparkContext is stopping with exitCode 0.
26/09/22 17:39:36 INFO SparkUI: Stopped Spark web UI at http://398971961f28:4040
26/09/22 17:39:36 INFO MapOutputTrackerMasterEndpoint: MapOutputTrackerMasterEndpoint stopped!
26/09/22 17:39:36 INFO MemoryStore: MemoryStore cleared
26/09/22 17:39:36 INFO BlockManager: BlockManager stopped
26/09/22 17:39:36 INFO BlockManagerMaster: BlockManagerMaster stopped
26/09/22 17:39:36 INFO OutputCommitCoordinator$OutputCommitCoordinatorEndpoint: OutputCommitCoordinator stopped!
26/09/22 17:39:36 INFO SparkContext: Successfully stopped SparkContext
26/09/22 17:39:36 INFO ShutdownHookManager: Shutdown hook called
26/09/22 17:39:36 INFO ShutdownHookManager: Deleting directory /tmp/spark-eb124ebd-c298-4aca-9bd1-61172ed3b7dc
26/09/22 17:39:36 INFO ShutdownHookManager: Deleting directory /tmp/spark-bb29b273-86d6-47b2-881c-3065fac2c291/pyspark-e186a077-6169-4a9f-8ad2-29220a80377e
26/09/22 17:39:36 INFO ShutdownHookManager: Deleting directory /tmp/spark-bb29b273-86d6-47b2-881c-3065fac2c291

[2026-09-22T17:39:36.861+0000] {taskinstance.py:441} INFO - ::group::Post task execution logs
[2026-09-22T17:39:36.861+0000] {taskinstance.py:2905} ERROR - Task failed with exception
Traceback (most recent call last):
  File "/home/airflow/.local/lib/python3.11/site-packages/airflow/models/taskinstance.py", line 465, in _execute_task
    result = _execute_callable(context=context, **execute_callable_kwargs)
             ^^^^^^^^^^^^^^^^^^^^^^^^^^^^^^^^^^^^^^^^^^^^^^^^^^^^^^^^^^^^^
  File "/home/airflow/.local/lib/python3.11/site-packages/airflow/models/taskinstance.py", line 432, in _execute_callable
    return execute_callable(context=context, **execute_callable_kwargs)
           ^^^^^^^^^^^^^^^^^^^^^^^^^^^^^^^^^^^^^^^^^^^^^^^^^^^^^^^^^^^^
  File "/home/airflow/.local/lib/python3.11/site-packages/airflow/models/baseoperator.py", line 401, in wrapper
    return func(self, *args, **kwargs)
           ^^^^^^^^^^^^^^^^^^^^^^^^^^^
  File "/home/airflow/.local/lib/python3.11/site-packages/airflow/decorators/base.py", line 265, in execute
    return_value = super().execute(context)
                   ^^^^^^^^^^^^^^^^^^^^^^^^
  File "/home/airflow/.local/lib/python3.11/site-packages/airflow/models/baseoperator.py", line 401, in wrapper
    return func(self, *args, **kwargs)
           ^^^^^^^^^^^^^^^^^^^^^^^^^^^
  File "/home/airflow/.local/lib/python3.11/site-packages/airflow/operators/python.py", line 235, in execute
    return_value = self.execute_callable()
                   ^^^^^^^^^^^^^^^^^^^^^^^
  File "/home/airflow/.local/lib/python3.11/site-packages/airflow/operators/python.py", line 252, in execute_callable
    return self.python_callable(*self.op_args, **self.op_kwargs)
           ^^^^^^^^^^^^^^^^^^^^^^^^^^^^^^^^^^^^^^^^^^^^^^^^^^^^^
  File "/opt/airflow/dags/etl.py", line 68, in extract
    raise e
  File "/opt/airflow/dags/etl.py", line 59, in extract
    script_run = subprocess.run([
                 ^^^^^^^^^^^^^^^^
  File "/usr/local/lib/python3.11/subprocess.py", line 571, in run
    raise CalledProcessError(retcode, process.args,
subprocess.CalledProcessError: Command '['spark-submit', '--packages', 'org.postgresql:postgresql:42.6.0', '/opt/airflow/dags/daily_etl.py', '2019-10-06']' returned non-zero exit status 1.
[2026-09-22T17:39:36.865+0000] {taskinstance.py:1206} INFO - Marking task as UP_FOR_RETRY. dag_id=ecommerce_data, task_id=extract, run_id=scheduled__2019-10-06T00:00:00+00:00, execution_date=20191006T000000, start_date=20260922T173927, end_date=20260922T173936
[2026-09-22T17:39:36.872+0000] {standard_task_runner.py:110} ERROR - Failed to execute job 48 for task extract (Command '['spark-submit', '--packages', 'org.postgresql:postgresql:42.6.0', '/opt/airflow/dags/daily_etl.py', '2019-10-06']' returned non-zero exit status 1.; 4720)
[2026-09-22T17:39:36.915+0000] {local_task_job_runner.py:240} INFO - Task exited with return code 1
[2026-09-22T17:39:36.927+0000] {taskinstance.py:3503} INFO - 0 downstream tasks scheduled from follow-on schedule check
[2026-09-22T17:39:36.928+0000] {local_task_job_runner.py:222} INFO - ::endgroup::
[2026-09-22T22:20:32.886+0000] {local_task_job_runner.py:120} INFO - ::group::Pre task execution logs
[2026-09-22T22:20:32.906+0000] {taskinstance.py:2076} INFO - Dependencies all met for dep_context=non-requeueable deps ti=<TaskInstance: ecommerce_data.extract scheduled__2019-10-06T00:00:00+00:00 [queued]>
[2026-09-22T22:20:32.912+0000] {taskinstance.py:2076} INFO - Dependencies all met for dep_context=requeueable deps ti=<TaskInstance: ecommerce_data.extract scheduled__2019-10-06T00:00:00+00:00 [queued]>
[2026-09-22T22:20:32.913+0000] {taskinstance.py:2306} INFO - Starting attempt 1 of 4
[2026-09-22T22:20:32.926+0000] {taskinstance.py:2330} INFO - Executing <Task(_PythonDecoratedOperator): extract> on 2019-10-06 00:00:00+00:00
[2026-09-22T22:20:32.932+0000] {standard_task_runner.py:63} INFO - Started process 9300 to run task
[2026-09-22T22:20:32.935+0000] {standard_task_runner.py:90} INFO - Running: ['airflow', 'tasks', 'run', 'ecommerce_data', 'extract', 'scheduled__2019-10-06T00:00:00+00:00', '--job-id', '89', '--raw', '--subdir', 'DAGS_FOLDER/etl.py', '--cfg-path', '/tmp/tmpjm1zq5v_']
[2026-09-22T22:20:32.937+0000] {standard_task_runner.py:91} INFO - Job 89: Subtask extract
[2026-09-22T22:20:32.982+0000] {task_command.py:426} INFO - Running <TaskInstance: ecommerce_data.extract scheduled__2019-10-06T00:00:00+00:00 [running]> on host 398971961f28
[2026-09-22T22:20:33.033+0000] {taskinstance.py:2648} INFO - Exporting env vars: AIRFLOW_CTX_DAG_OWNER='airflow' AIRFLOW_CTX_DAG_ID='ecommerce_data' AIRFLOW_CTX_TASK_ID='extract' AIRFLOW_CTX_EXECUTION_DATE='2019-10-06T00:00:00+00:00' AIRFLOW_CTX_TRY_NUMBER='1' AIRFLOW_CTX_DAG_RUN_ID='scheduled__2019-10-06T00:00:00+00:00'
[2026-09-22T22:20:33.034+0000] {taskinstance.py:430} INFO - ::endgroup::
[2026-09-22T22:20:33.038+0000] {base.py:84} INFO - Using connection ID 'postgres_conn_id' for task execution.
[2026-09-22T22:20:49.897+0000] {etl.py:75} INFO - :: loading settings :: url = jar:file:/home/airflow/.local/lib/python3.11/site-packages/pyspark/jars/ivy-2.5.1.jar!/org/apache/ivy/core/settings/ivysettings.xml

[2026-09-22T22:20:49.898+0000] {python.py:237} INFO - Done. Returned value was: None
[2026-09-22T22:20:49.898+0000] {taskinstance.py:441} INFO - ::group::Post task execution logs
[2026-09-22T22:20:49.902+0000] {taskinstance.py:1206} INFO - Marking task as SUCCESS. dag_id=ecommerce_data, task_id=extract, run_id=scheduled__2019-10-06T00:00:00+00:00, execution_date=20191006T000000, start_date=20260922T222032, end_date=20260922T222049
[2026-09-22T22:20:49.924+0000] {local_task_job_runner.py:240} INFO - Task exited with return code 0
[2026-09-22T22:20:49.940+0000] {taskinstance.py:3503} INFO - 0 downstream tasks scheduled from follow-on schedule check
[2026-09-22T22:20:49.941+0000] {local_task_job_runner.py:222} INFO - ::endgroup::
