[2026-09-18T12:34:27.199+0000] {local_task_job_runner.py:120} INFO - ::group::Pre task execution logs
[2026-09-18T12:34:27.213+0000] {taskinstance.py:2076} INFO - Dependencies all met for dep_context=non-requeueable deps ti=<TaskInstance: ecommerce_data.extract scheduled__2019-10-16T00:00:00+00:00 [queued]>
[2026-09-18T12:34:27.216+0000] {taskinstance.py:2076} INFO - Dependencies all met for dep_context=requeueable deps ti=<TaskInstance: ecommerce_data.extract scheduled__2019-10-16T00:00:00+00:00 [queued]>
[2026-09-18T12:34:27.217+0000] {taskinstance.py:2306} INFO - Starting attempt 1 of 4
[2026-09-18T12:34:27.223+0000] {taskinstance.py:2330} INFO - Executing <Task(_PythonDecoratedOperator): extract> on 2019-10-16 00:00:00+00:00
[2026-09-18T12:34:27.227+0000] {standard_task_runner.py:63} INFO - Started process 4293 to run task
[2026-09-18T12:34:27.229+0000] {standard_task_runner.py:90} INFO - Running: ['airflow', 'tasks', 'run', 'ecommerce_data', 'extract', 'scheduled__2019-10-16T00:00:00+00:00', '--job-id', '59', '--raw', '--subdir', 'DAGS_FOLDER/etl.py', '--cfg-path', '/tmp/tmppo8kfju2']
[2026-09-18T12:34:27.230+0000] {standard_task_runner.py:91} INFO - Job 59: Subtask extract
[2026-09-18T12:34:27.248+0000] {task_command.py:426} INFO - Running <TaskInstance: ecommerce_data.extract scheduled__2019-10-16T00:00:00+00:00 [running]> on host ac3d43ca2f24
[2026-09-18T12:34:27.280+0000] {taskinstance.py:2648} INFO - Exporting env vars: AIRFLOW_CTX_DAG_OWNER='airflow' AIRFLOW_CTX_DAG_ID='ecommerce_data' AIRFLOW_CTX_TASK_ID='extract' AIRFLOW_CTX_EXECUTION_DATE='2019-10-16T00:00:00+00:00' AIRFLOW_CTX_TRY_NUMBER='1' AIRFLOW_CTX_DAG_RUN_ID='scheduled__2019-10-16T00:00:00+00:00'
[2026-09-18T12:34:27.280+0000] {taskinstance.py:430} INFO - ::endgroup::
[2026-09-18T12:34:28.307+0000] {taskinstance.py:441} INFO - ::group::Post task execution logs
[2026-09-18T12:34:28.307+0000] {taskinstance.py:2905} ERROR - Task failed with exception
Traceback (most recent call last):
  File "/home/airflow/.local/lib/python3.11/site-packages/airflow/models/taskinstance.py", line 465, in _execute_task
    result = _execute_callable(context=context, **execute_callable_kwargs)
             ^^^^^^^^^^^^^^^^^^^^^^^^^^^^^^^^^^^^^^^^^^^^^^^^^^^^^^^^^^^^^
  File "/home/airflow/.local/lib/python3.11/site-packages/airflow/models/taskinstance.py", line 432, in _execute_callable
    return execute_callable(context=context, **execute_callable_kwargs)
           ^^^^^^^^^^^^^^^^^^^^^^^^^^^^^^^^^^^^^^^^^^^^^^^^^^^^^^^^^^^^
  File "/home/airflow/.local/lib/python3.11/site-packages/airflow/models/baseoperator.py", line 401, in wrapper
    return func(self, *args, **kwargs)
           ^^^^^^^^^^^^^^^^^^^^^^^^^^^
  File "/home/airflow/.local/lib/python3.11/site-packages/airflow/decorators/base.py", line 265, in execute
    return_value = super().execute(context)
                   ^^^^^^^^^^^^^^^^^^^^^^^^
  File "/home/airflow/.local/lib/python3.11/site-packages/airflow/models/baseoperator.py", line 401, in wrapper
    return func(self, *args, **kwargs)
           ^^^^^^^^^^^^^^^^^^^^^^^^^^^
  File "/home/airflow/.local/lib/python3.11/site-packages/airflow/operators/python.py", line 235, in execute
    return_value = self.execute_callable()
                   ^^^^^^^^^^^^^^^^^^^^^^^
  File "/home/airflow/.local/lib/python3.11/site-packages/airflow/operators/python.py", line 252, in execute_callable
    return self.python_callable(*self.op_args, **self.op_kwargs)
           ^^^^^^^^^^^^^^^^^^^^^^^^^^^^^^^^^^^^^^^^^^^^^^^^^^^^^
  File "/opt/airflow/dags/etl.py", line 26, in extract
    script_run = subprocess.run(["spark-submit", "daily_etl.py", ds], check=True)
                 ^^^^^^^^^^^^^^^^^^^^^^^^^^^^^^^^^^^^^^^^^^^^^^^^^^^^^^^^^^^^^^^^
  File "/usr/local/lib/python3.11/subprocess.py", line 571, in run
    raise CalledProcessError(retcode, process.args,
subprocess.CalledProcessError: Command '['spark-submit', 'daily_etl.py', '2019-10-16']' returned non-zero exit status 2.
[2026-09-18T12:34:28.310+0000] {taskinstance.py:1206} INFO - Marking task as UP_FOR_RETRY. dag_id=ecommerce_data, task_id=extract, run_id=scheduled__2019-10-16T00:00:00+00:00, execution_date=20191016T000000, start_date=20260918T123427, end_date=20260918T123428
[2026-09-18T12:34:28.314+0000] {standard_task_runner.py:110} ERROR - Failed to execute job 59 for task extract (Command '['spark-submit', 'daily_etl.py', '2019-10-16']' returned non-zero exit status 2.; 4293)
[2026-09-18T12:34:28.323+0000] {local_task_job_runner.py:240} INFO - Task exited with return code 1
[2026-09-18T12:34:28.329+0000] {taskinstance.py:3503} INFO - 0 downstream tasks scheduled from follow-on schedule check
[2026-09-18T12:34:28.330+0000] {local_task_job_runner.py:222} INFO - ::endgroup::
[2026-09-21T22:04:06.781+0000] {local_task_job_runner.py:120} INFO - ::group::Pre task execution logs
[2026-09-21T22:04:06.800+0000] {taskinstance.py:2076} INFO - Dependencies all met for dep_context=non-requeueable deps ti=<TaskInstance: ecommerce_data.extract scheduled__2019-10-16T00:00:00+00:00 [queued]>
[2026-09-21T22:04:06.804+0000] {taskinstance.py:2076} INFO - Dependencies all met for dep_context=requeueable deps ti=<TaskInstance: ecommerce_data.extract scheduled__2019-10-16T00:00:00+00:00 [queued]>
[2026-09-21T22:04:06.804+0000] {taskinstance.py:2306} INFO - Starting attempt 1 of 4
[2026-09-21T22:04:06.813+0000] {taskinstance.py:2330} INFO - Executing <Task(_PythonDecoratedOperator): extract> on 2019-10-16 00:00:00+00:00
[2026-09-21T22:04:06.819+0000] {standard_task_runner.py:63} INFO - Started process 18089 to run task
[2026-09-21T22:04:06.821+0000] {standard_task_runner.py:90} INFO - Running: ['airflow', 'tasks', 'run', 'ecommerce_data', 'extract', 'scheduled__2019-10-16T00:00:00+00:00', '--job-id', '168', '--raw', '--subdir', 'DAGS_FOLDER/etl.py', '--cfg-path', '/tmp/tmpvf4bj1vd']
[2026-09-21T22:04:06.823+0000] {standard_task_runner.py:91} INFO - Job 168: Subtask extract
[2026-09-21T22:04:06.857+0000] {task_command.py:426} INFO - Running <TaskInstance: ecommerce_data.extract scheduled__2019-10-16T00:00:00+00:00 [running]> on host e6c3ac7e1715
[2026-09-21T22:04:06.906+0000] {taskinstance.py:2648} INFO - Exporting env vars: AIRFLOW_CTX_DAG_OWNER='airflow' AIRFLOW_CTX_DAG_ID='ecommerce_data' AIRFLOW_CTX_TASK_ID='extract' AIRFLOW_CTX_EXECUTION_DATE='2019-10-16T00:00:00+00:00' AIRFLOW_CTX_TRY_NUMBER='1' AIRFLOW_CTX_DAG_RUN_ID='scheduled__2019-10-16T00:00:00+00:00'
[2026-09-21T22:04:06.907+0000] {taskinstance.py:430} INFO - ::endgroup::
[2026-09-21T22:04:06.911+0000] {base.py:84} INFO - Using connection ID 'postgres_conn_id' for task execution.
[2026-09-21T22:04:13.575+0000] {etl.py:68} ERROR - === СПРАВЖНЯ ПОМИЛКА ВІД SPARK ===
[2026-09-21T22:04:13.576+0000] {etl.py:69} ERROR - /home/airflow/.local/lib/python3.11/site-packages/pyspark/bin/load-spark-env.sh: line 68: ps: command not found
Ivy Default Cache set to: /home/airflow/.ivy2/cache
The jars for the packages stored in: /home/airflow/.ivy2/jars
org.postgresql#postgresql added as a dependency
:: resolving dependencies :: org.apache.spark#spark-submit-parent-341be791-4b4f-458a-a916-8cec10a12e7f;1.0
	confs: [default]
	found org.postgresql#postgresql;42.6.0 in central
	found org.checkerframework#checker-qual;3.31.0 in central
:: resolution report :: resolve 115ms :: artifacts dl 5ms
	:: modules in use:
	org.checkerframework#checker-qual;3.31.0 from central in [default]
	org.postgresql#postgresql;42.6.0 from central in [default]
	---------------------------------------------------------------------
	|                  |            modules            ||   artifacts   |
	|       conf       | number| search|dwnlded|evicted|| number|dwnlded|
	---------------------------------------------------------------------
	|      default     |   2   |   0   |   0   |   0   ||   2   |   0   |
	---------------------------------------------------------------------
:: retrieving :: org.apache.spark#spark-submit-parent-341be791-4b4f-458a-a916-8cec10a12e7f
	confs: [default]
	0 artifacts copied, 2 already retrieved (0kB/6ms)
26/09/21 22:04:08 WARN NativeCodeLoader: Unable to load native-hadoop library for your platform... using builtin-java classes where applicable
26/09/21 22:04:09 INFO SparkContext: Running Spark version 3.5.1
26/09/21 22:04:09 INFO SparkContext: OS info Linux, 7.0.0-31-generic, amd64
26/09/21 22:04:09 INFO SparkContext: Java version 17.0.20.1
26/09/21 22:04:09 INFO ResourceUtils: ==============================================================
26/09/21 22:04:09 INFO ResourceUtils: No custom resources configured for spark.driver.
26/09/21 22:04:09 INFO ResourceUtils: ==============================================================
26/09/21 22:04:09 INFO SparkContext: Submitted application: Daily_ecommerce
26/09/21 22:04:09 INFO ResourceProfile: Default ResourceProfile created, executor resources: Map(cores -> name: cores, amount: 1, script: , vendor: , memory -> name: memory, amount: 1024, script: , vendor: , offHeap -> name: offHeap, amount: 0, script: , vendor: ), task resources: Map(cpus -> name: cpus, amount: 1.0)
26/09/21 22:04:09 INFO ResourceProfile: Limiting resource is cpu
26/09/21 22:04:09 INFO ResourceProfileManager: Added ResourceProfile id: 0
26/09/21 22:04:09 INFO SecurityManager: Changing view acls to: airflow
26/09/21 22:04:09 INFO SecurityManager: Changing modify acls to: airflow
26/09/21 22:04:09 INFO SecurityManager: Changing view acls groups to: 
26/09/21 22:04:09 INFO SecurityManager: Changing modify acls groups to: 
26/09/21 22:04:09 INFO SecurityManager: SecurityManager: authentication disabled; ui acls disabled; users with view permissions: airflow; groups with view permissions: EMPTY; users with modify permissions: airflow; groups with modify permissions: EMPTY
26/09/21 22:04:10 INFO Utils: Successfully started service 'sparkDriver' on port 32975.
26/09/21 22:04:10 INFO SparkEnv: Registering MapOutputTracker
26/09/21 22:04:10 INFO SparkEnv: Registering BlockManagerMaster
26/09/21 22:04:10 INFO BlockManagerMasterEndpoint: Using org.apache.spark.storage.DefaultTopologyMapper for getting topology information
26/09/21 22:04:10 INFO BlockManagerMasterEndpoint: BlockManagerMasterEndpoint up
26/09/21 22:04:10 INFO SparkEnv: Registering BlockManagerMasterHeartbeat
26/09/21 22:04:10 INFO DiskBlockManager: Created local directory at /tmp/blockmgr-f280b9fe-61e8-46ba-999d-f2479fea4862
26/09/21 22:04:10 INFO MemoryStore: MemoryStore started with capacity 434.4 MiB
26/09/21 22:04:10 INFO SparkEnv: Registering OutputCommitCoordinator
26/09/21 22:04:10 INFO JettyUtils: Start Jetty 0.0.0.0:4040 for SparkUI
26/09/21 22:04:10 INFO Utils: Successfully started service 'SparkUI' on port 4040.
26/09/21 22:04:10 INFO SparkContext: Added JAR file:///home/airflow/.ivy2/jars/org.postgresql_postgresql-42.6.0.jar at spark://e6c3ac7e1715:32975/jars/org.postgresql_postgresql-42.6.0.jar with timestamp 1790028249795
26/09/21 22:04:10 INFO SparkContext: Added JAR file:///home/airflow/.ivy2/jars/org.checkerframework_checker-qual-3.31.0.jar at spark://e6c3ac7e1715:32975/jars/org.checkerframework_checker-qual-3.31.0.jar with timestamp 1790028249795
26/09/21 22:04:10 INFO SparkContext: Added file file:///home/airflow/.ivy2/jars/org.postgresql_postgresql-42.6.0.jar at file:///home/airflow/.ivy2/jars/org.postgresql_postgresql-42.6.0.jar with timestamp 1790028249795
26/09/21 22:04:10 INFO Utils: Copying /home/airflow/.ivy2/jars/org.postgresql_postgresql-42.6.0.jar to /tmp/spark-2e073bba-8099-4ea3-880f-a86e8367b4d5/userFiles-f9793910-9ebb-4709-a291-acaf6f710756/org.postgresql_postgresql-42.6.0.jar
26/09/21 22:04:10 INFO SparkContext: Added file file:///home/airflow/.ivy2/jars/org.checkerframework_checker-qual-3.31.0.jar at file:///home/airflow/.ivy2/jars/org.checkerframework_checker-qual-3.31.0.jar with timestamp 1790028249795
26/09/21 22:04:10 INFO Utils: Copying /home/airflow/.ivy2/jars/org.checkerframework_checker-qual-3.31.0.jar to /tmp/spark-2e073bba-8099-4ea3-880f-a86e8367b4d5/userFiles-f9793910-9ebb-4709-a291-acaf6f710756/org.checkerframework_checker-qual-3.31.0.jar
26/09/21 22:04:10 INFO Executor: Starting executor ID driver on host e6c3ac7e1715
26/09/21 22:04:10 INFO Executor: OS info Linux, 7.0.0-31-generic, amd64
26/09/21 22:04:10 INFO Executor: Java version 17.0.20.1
26/09/21 22:04:10 INFO Executor: Starting executor with user classpath (userClassPathFirst = false): ''
26/09/21 22:04:10 INFO Executor: Created or updated repl class loader org.apache.spark.util.MutableURLClassLoader@1c4997a4 for default.
26/09/21 22:04:10 INFO Executor: Fetching file:///home/airflow/.ivy2/jars/org.checkerframework_checker-qual-3.31.0.jar with timestamp 1790028249795
26/09/21 22:04:10 INFO Utils: /home/airflow/.ivy2/jars/org.checkerframework_checker-qual-3.31.0.jar has been previously copied to /tmp/spark-2e073bba-8099-4ea3-880f-a86e8367b4d5/userFiles-f9793910-9ebb-4709-a291-acaf6f710756/org.checkerframework_checker-qual-3.31.0.jar
26/09/21 22:04:10 INFO Executor: Fetching file:///home/airflow/.ivy2/jars/org.postgresql_postgresql-42.6.0.jar with timestamp 1790028249795
26/09/21 22:04:10 INFO Utils: /home/airflow/.ivy2/jars/org.postgresql_postgresql-42.6.0.jar has been previously copied to /tmp/spark-2e073bba-8099-4ea3-880f-a86e8367b4d5/userFiles-f9793910-9ebb-4709-a291-acaf6f710756/org.postgresql_postgresql-42.6.0.jar
26/09/21 22:04:10 INFO Executor: Fetching spark://e6c3ac7e1715:32975/jars/org.postgresql_postgresql-42.6.0.jar with timestamp 1790028249795
26/09/21 22:04:10 INFO TransportClientFactory: Successfully created connection to e6c3ac7e1715/172.21.0.3:32975 after 39 ms (0 ms spent in bootstraps)
26/09/21 22:04:10 INFO Utils: Fetching spark://e6c3ac7e1715:32975/jars/org.postgresql_postgresql-42.6.0.jar to /tmp/spark-2e073bba-8099-4ea3-880f-a86e8367b4d5/userFiles-f9793910-9ebb-4709-a291-acaf6f710756/fetchFileTemp16135446020122547811.tmp
26/09/21 22:04:10 INFO Utils: /tmp/spark-2e073bba-8099-4ea3-880f-a86e8367b4d5/userFiles-f9793910-9ebb-4709-a291-acaf6f710756/fetchFileTemp16135446020122547811.tmp has been previously copied to /tmp/spark-2e073bba-8099-4ea3-880f-a86e8367b4d5/userFiles-f9793910-9ebb-4709-a291-acaf6f710756/org.postgresql_postgresql-42.6.0.jar
26/09/21 22:04:10 INFO Executor: Adding file:/tmp/spark-2e073bba-8099-4ea3-880f-a86e8367b4d5/userFiles-f9793910-9ebb-4709-a291-acaf6f710756/org.postgresql_postgresql-42.6.0.jar to class loader default
26/09/21 22:04:10 INFO Executor: Fetching spark://e6c3ac7e1715:32975/jars/org.checkerframework_checker-qual-3.31.0.jar with timestamp 1790028249795
26/09/21 22:04:10 INFO Utils: Fetching spark://e6c3ac7e1715:32975/jars/org.checkerframework_checker-qual-3.31.0.jar to /tmp/spark-2e073bba-8099-4ea3-880f-a86e8367b4d5/userFiles-f9793910-9ebb-4709-a291-acaf6f710756/fetchFileTemp7704058656140914790.tmp
26/09/21 22:04:10 INFO Utils: /tmp/spark-2e073bba-8099-4ea3-880f-a86e8367b4d5/userFiles-f9793910-9ebb-4709-a291-acaf6f710756/fetchFileTemp7704058656140914790.tmp has been previously copied to /tmp/spark-2e073bba-8099-4ea3-880f-a86e8367b4d5/userFiles-f9793910-9ebb-4709-a291-acaf6f710756/org.checkerframework_checker-qual-3.31.0.jar
26/09/21 22:04:10 INFO Executor: Adding file:/tmp/spark-2e073bba-8099-4ea3-880f-a86e8367b4d5/userFiles-f9793910-9ebb-4709-a291-acaf6f710756/org.checkerframework_checker-qual-3.31.0.jar to class loader default
26/09/21 22:04:10 INFO Utils: Successfully started service 'org.apache.spark.network.netty.NettyBlockTransferService' on port 33475.
26/09/21 22:04:10 INFO NettyBlockTransferService: Server created on e6c3ac7e1715:33475
26/09/21 22:04:10 INFO BlockManager: Using org.apache.spark.storage.RandomBlockReplicationPolicy for block replication policy
26/09/21 22:04:10 INFO BlockManagerMaster: Registering BlockManager BlockManagerId(driver, e6c3ac7e1715, 33475, None)
26/09/21 22:04:10 INFO BlockManagerMasterEndpoint: Registering block manager e6c3ac7e1715:33475 with 434.4 MiB RAM, BlockManagerId(driver, e6c3ac7e1715, 33475, None)
26/09/21 22:04:10 INFO BlockManagerMaster: Registered BlockManager BlockManagerId(driver, e6c3ac7e1715, 33475, None)
26/09/21 22:04:10 INFO BlockManager: Initialized BlockManager: BlockManagerId(driver, e6c3ac7e1715, 33475, None)
26/09/21 22:04:11 INFO SharedState: Setting hive.metastore.warehouse.dir ('null') to the value of spark.sql.warehouse.dir.
26/09/21 22:04:11 INFO SharedState: Warehouse path is 'file:/opt/airflow/spark-warehouse'.
26/09/21 22:04:11 INFO InMemoryFileIndex: It took 35 ms to list leaf files for 1 paths.
26/09/21 22:04:12 INFO SparkContext: Starting job: parquet at NativeMethodAccessorImpl.java:0
26/09/21 22:04:12 INFO DAGScheduler: Got job 0 (parquet at NativeMethodAccessorImpl.java:0) with 1 output partitions
26/09/21 22:04:12 INFO DAGScheduler: Final stage: ResultStage 0 (parquet at NativeMethodAccessorImpl.java:0)
26/09/21 22:04:12 INFO DAGScheduler: Parents of final stage: List()
26/09/21 22:04:12 INFO DAGScheduler: Missing parents: List()
26/09/21 22:04:12 INFO DAGScheduler: Submitting ResultStage 0 (MapPartitionsRDD[1] at parquet at NativeMethodAccessorImpl.java:0), which has no missing parents
26/09/21 22:04:12 INFO MemoryStore: Block broadcast_0 stored as values in memory (estimated size 104.5 KiB, free 434.3 MiB)
26/09/21 22:04:12 INFO MemoryStore: Block broadcast_0_piece0 stored as bytes in memory (estimated size 37.6 KiB, free 434.3 MiB)
26/09/21 22:04:12 INFO BlockManagerInfo: Added broadcast_0_piece0 in memory on e6c3ac7e1715:33475 (size: 37.6 KiB, free: 434.4 MiB)
26/09/21 22:04:12 INFO SparkContext: Created broadcast 0 from broadcast at DAGScheduler.scala:1585
26/09/21 22:04:12 INFO DAGScheduler: Submitting 1 missing tasks from ResultStage 0 (MapPartitionsRDD[1] at parquet at NativeMethodAccessorImpl.java:0) (first 15 tasks are for partitions Vector(0))
26/09/21 22:04:12 INFO TaskSchedulerImpl: Adding task set 0.0 with 1 tasks resource profile 0
26/09/21 22:04:12 INFO TaskSetManager: Starting task 0.0 in stage 0.0 (TID 0) (e6c3ac7e1715, executor driver, partition 0, PROCESS_LOCAL, 8303 bytes) 
26/09/21 22:04:12 INFO Executor: Running task 0.0 in stage 0.0 (TID 0)
26/09/21 22:04:12 INFO Executor: Finished task 0.0 in stage 0.0 (TID 0). 2034 bytes result sent to driver
26/09/21 22:04:12 INFO TaskSetManager: Finished task 0.0 in stage 0.0 (TID 0) in 324 ms on e6c3ac7e1715 (executor driver) (1/1)
26/09/21 22:04:12 INFO TaskSchedulerImpl: Removed TaskSet 0.0, whose tasks have all completed, from pool 
26/09/21 22:04:12 INFO DAGScheduler: ResultStage 0 (parquet at NativeMethodAccessorImpl.java:0) finished in 0.452 s
26/09/21 22:04:12 INFO DAGScheduler: Job 0 is finished. Cancelling potential speculative or zombie tasks for this job
26/09/21 22:04:12 INFO TaskSchedulerImpl: Killing all running tasks in stage 0: Stage finished
26/09/21 22:04:12 INFO DAGScheduler: Job 0 finished: parquet at NativeMethodAccessorImpl.java:0, took 0.487623 s
26/09/21 22:04:12 INFO BlockManagerInfo: Removed broadcast_0_piece0 on e6c3ac7e1715:33475 in memory (size: 37.6 KiB, free: 434.4 MiB)
26/09/21 22:04:13 INFO SparkContext: Invoking stop() from shutdown hook
26/09/21 22:04:13 INFO SparkContext: SparkContext is stopping with exitCode 0.
26/09/21 22:04:13 INFO SparkUI: Stopped Spark web UI at http://e6c3ac7e1715:4040
26/09/21 22:04:13 INFO MapOutputTrackerMasterEndpoint: MapOutputTrackerMasterEndpoint stopped!
26/09/21 22:04:13 INFO MemoryStore: MemoryStore cleared
26/09/21 22:04:13 INFO BlockManager: BlockManager stopped
26/09/21 22:04:13 INFO BlockManagerMaster: BlockManagerMaster stopped
26/09/21 22:04:13 INFO OutputCommitCoordinator$OutputCommitCoordinatorEndpoint: OutputCommitCoordinator stopped!
26/09/21 22:04:13 INFO SparkContext: Successfully stopped SparkContext
26/09/21 22:04:13 INFO ShutdownHookManager: Shutdown hook called
26/09/21 22:04:13 INFO ShutdownHookManager: Deleting directory /tmp/spark-e97f1f6d-83ea-4942-b7f6-581a91277623
26/09/21 22:04:13 INFO ShutdownHookManager: Deleting directory /tmp/spark-2e073bba-8099-4ea3-880f-a86e8367b4d5
26/09/21 22:04:13 INFO ShutdownHookManager: Deleting directory /tmp/spark-2e073bba-8099-4ea3-880f-a86e8367b4d5/pyspark-1cdb9f49-f27e-4a47-b546-c689aa7020ec

[2026-09-21T22:04:13.576+0000] {taskinstance.py:441} INFO - ::group::Post task execution logs
[2026-09-21T22:04:13.577+0000] {taskinstance.py:2905} ERROR - Task failed with exception
Traceback (most recent call last):
  File "/home/airflow/.local/lib/python3.11/site-packages/airflow/models/taskinstance.py", line 465, in _execute_task
    result = _execute_callable(context=context, **execute_callable_kwargs)
             ^^^^^^^^^^^^^^^^^^^^^^^^^^^^^^^^^^^^^^^^^^^^^^^^^^^^^^^^^^^^^
  File "/home/airflow/.local/lib/python3.11/site-packages/airflow/models/taskinstance.py", line 432, in _execute_callable
    return execute_callable(context=context, **execute_callable_kwargs)
           ^^^^^^^^^^^^^^^^^^^^^^^^^^^^^^^^^^^^^^^^^^^^^^^^^^^^^^^^^^^^
  File "/home/airflow/.local/lib/python3.11/site-packages/airflow/models/baseoperator.py", line 401, in wrapper
    return func(self, *args, **kwargs)
           ^^^^^^^^^^^^^^^^^^^^^^^^^^^
  File "/home/airflow/.local/lib/python3.11/site-packages/airflow/decorators/base.py", line 265, in execute
    return_value = super().execute(context)
                   ^^^^^^^^^^^^^^^^^^^^^^^^
  File "/home/airflow/.local/lib/python3.11/site-packages/airflow/models/baseoperator.py", line 401, in wrapper
    return func(self, *args, **kwargs)
           ^^^^^^^^^^^^^^^^^^^^^^^^^^^
  File "/home/airflow/.local/lib/python3.11/site-packages/airflow/operators/python.py", line 235, in execute
    return_value = self.execute_callable()
                   ^^^^^^^^^^^^^^^^^^^^^^^
  File "/home/airflow/.local/lib/python3.11/site-packages/airflow/operators/python.py", line 252, in execute_callable
    return self.python_callable(*self.op_args, **self.op_kwargs)
           ^^^^^^^^^^^^^^^^^^^^^^^^^^^^^^^^^^^^^^^^^^^^^^^^^^^^^
  File "/opt/airflow/dags/etl.py", line 70, in extract
    raise e
  File "/opt/airflow/dags/etl.py", line 59, in extract
    script_run = subprocess.run([
                 ^^^^^^^^^^^^^^^^
  File "/usr/local/lib/python3.11/subprocess.py", line 571, in run
    raise CalledProcessError(retcode, process.args,
subprocess.CalledProcessError: Command '['spark-submit', '--packages', 'org.postgresql:postgresql:42.6.0', '/opt/airflow/dags/daily_etl.py', '2019-10-16']' returned non-zero exit status 1.
[2026-09-21T22:04:13.585+0000] {taskinstance.py:1206} INFO - Marking task as UP_FOR_RETRY. dag_id=ecommerce_data, task_id=extract, run_id=scheduled__2019-10-16T00:00:00+00:00, execution_date=20191016T000000, start_date=20260921T220406, end_date=20260921T220413
[2026-09-21T22:04:13.594+0000] {standard_task_runner.py:110} ERROR - Failed to execute job 168 for task extract (Command '['spark-submit', '--packages', 'org.postgresql:postgresql:42.6.0', '/opt/airflow/dags/daily_etl.py', '2019-10-16']' returned non-zero exit status 1.; 18089)
[2026-09-21T22:04:13.606+0000] {local_task_job_runner.py:240} INFO - Task exited with return code 1
[2026-09-21T22:04:13.615+0000] {taskinstance.py:3503} INFO - 0 downstream tasks scheduled from follow-on schedule check
[2026-09-21T22:04:13.616+0000] {local_task_job_runner.py:222} INFO - ::endgroup::
[2026-09-21T22:35:48.778+0000] {local_task_job_runner.py:120} INFO - ::group::Pre task execution logs
[2026-09-21T22:35:48.796+0000] {taskinstance.py:2076} INFO - Dependencies all met for dep_context=non-requeueable deps ti=<TaskInstance: ecommerce_data.extract scheduled__2019-10-16T00:00:00+00:00 [queued]>
[2026-09-21T22:35:48.800+0000] {taskinstance.py:2076} INFO - Dependencies all met for dep_context=requeueable deps ti=<TaskInstance: ecommerce_data.extract scheduled__2019-10-16T00:00:00+00:00 [queued]>
[2026-09-21T22:35:48.800+0000] {taskinstance.py:2306} INFO - Starting attempt 1 of 4
[2026-09-21T22:35:48.808+0000] {taskinstance.py:2330} INFO - Executing <Task(_PythonDecoratedOperator): extract> on 2019-10-16 00:00:00+00:00
[2026-09-21T22:35:48.813+0000] {standard_task_runner.py:63} INFO - Started process 36676 to run task
[2026-09-21T22:35:48.815+0000] {standard_task_runner.py:90} INFO - Running: ['airflow', 'tasks', 'run', 'ecommerce_data', 'extract', 'scheduled__2019-10-16T00:00:00+00:00', '--job-id', '318', '--raw', '--subdir', 'DAGS_FOLDER/etl.py', '--cfg-path', '/tmp/tmpxzr50oyv']
[2026-09-21T22:35:48.817+0000] {standard_task_runner.py:91} INFO - Job 318: Subtask extract
[2026-09-21T22:35:48.850+0000] {task_command.py:426} INFO - Running <TaskInstance: ecommerce_data.extract scheduled__2019-10-16T00:00:00+00:00 [running]> on host e6c3ac7e1715
[2026-09-21T22:35:48.925+0000] {taskinstance.py:2648} INFO - Exporting env vars: AIRFLOW_CTX_DAG_OWNER='airflow' AIRFLOW_CTX_DAG_ID='ecommerce_data' AIRFLOW_CTX_TASK_ID='extract' AIRFLOW_CTX_EXECUTION_DATE='2019-10-16T00:00:00+00:00' AIRFLOW_CTX_TRY_NUMBER='1' AIRFLOW_CTX_DAG_RUN_ID='scheduled__2019-10-16T00:00:00+00:00'
[2026-09-21T22:35:48.926+0000] {taskinstance.py:430} INFO - ::endgroup::
[2026-09-21T22:35:48.931+0000] {base.py:84} INFO - Using connection ID 'postgres_conn_id' for task execution.
[2026-09-21T22:35:57.416+0000] {taskinstance.py:441} INFO - ::group::Post task execution logs
[2026-09-21T22:35:57.416+0000] {taskinstance.py:2905} ERROR - Task failed with exception
Traceback (most recent call last):
  File "/home/airflow/.local/lib/python3.11/site-packages/airflow/models/taskinstance.py", line 465, in _execute_task
    result = _execute_callable(context=context, **execute_callable_kwargs)
             ^^^^^^^^^^^^^^^^^^^^^^^^^^^^^^^^^^^^^^^^^^^^^^^^^^^^^^^^^^^^^
  File "/home/airflow/.local/lib/python3.11/site-packages/airflow/models/taskinstance.py", line 432, in _execute_callable
    return execute_callable(context=context, **execute_callable_kwargs)
           ^^^^^^^^^^^^^^^^^^^^^^^^^^^^^^^^^^^^^^^^^^^^^^^^^^^^^^^^^^^^
  File "/home/airflow/.local/lib/python3.11/site-packages/airflow/models/baseoperator.py", line 401, in wrapper
    return func(self, *args, **kwargs)
           ^^^^^^^^^^^^^^^^^^^^^^^^^^^
  File "/home/airflow/.local/lib/python3.11/site-packages/airflow/decorators/base.py", line 265, in execute
    return_value = super().execute(context)
                   ^^^^^^^^^^^^^^^^^^^^^^^^
  File "/home/airflow/.local/lib/python3.11/site-packages/airflow/models/baseoperator.py", line 401, in wrapper
    return func(self, *args, **kwargs)
           ^^^^^^^^^^^^^^^^^^^^^^^^^^^
  File "/home/airflow/.local/lib/python3.11/site-packages/airflow/operators/python.py", line 235, in execute
    return_value = self.execute_callable()
                   ^^^^^^^^^^^^^^^^^^^^^^^
  File "/home/airflow/.local/lib/python3.11/site-packages/airflow/operators/python.py", line 252, in execute_callable
    return self.python_callable(*self.op_args, **self.op_kwargs)
           ^^^^^^^^^^^^^^^^^^^^^^^^^^^^^^^^^^^^^^^^^^^^^^^^^^^^^
  File "/opt/airflow/dags/etl.py", line 58, in extract
    script_run = subprocess.run([
                 ^^^^^^^^^^^^^^^^
  File "/usr/local/lib/python3.11/subprocess.py", line 571, in run
    raise CalledProcessError(retcode, process.args,
subprocess.CalledProcessError: Command '['spark-submit', '--packages', 'org.postgresql:postgresql:42.6.0', '/opt/airflow/dags/daily_etl.py', '2019-10-16']' returned non-zero exit status 1.
[2026-09-21T22:35:57.421+0000] {taskinstance.py:1206} INFO - Marking task as UP_FOR_RETRY. dag_id=ecommerce_data, task_id=extract, run_id=scheduled__2019-10-16T00:00:00+00:00, execution_date=20191016T000000, start_date=20260921T223548, end_date=20260921T223557
[2026-09-21T22:35:57.429+0000] {standard_task_runner.py:110} ERROR - Failed to execute job 318 for task extract (Command '['spark-submit', '--packages', 'org.postgresql:postgresql:42.6.0', '/opt/airflow/dags/daily_etl.py', '2019-10-16']' returned non-zero exit status 1.; 36676)
[2026-09-21T22:35:57.450+0000] {local_task_job_runner.py:240} INFO - Task exited with return code 1
[2026-09-21T22:35:57.464+0000] {taskinstance.py:3503} INFO - 0 downstream tasks scheduled from follow-on schedule check
[2026-09-21T22:35:57.464+0000] {local_task_job_runner.py:222} INFO - ::endgroup::
