[2026-09-18T12:33:42.677+0000] {local_task_job_runner.py:120} INFO - ::group::Pre task execution logs
[2026-09-18T12:33:42.694+0000] {taskinstance.py:2076} INFO - Dependencies all met for dep_context=non-requeueable deps ti=<TaskInstance: ecommerce_data.extract scheduled__2019-10-12T00:00:00+00:00 [queued]>
[2026-09-18T12:33:42.698+0000] {taskinstance.py:2076} INFO - Dependencies all met for dep_context=requeueable deps ti=<TaskInstance: ecommerce_data.extract scheduled__2019-10-12T00:00:00+00:00 [queued]>
[2026-09-18T12:33:42.699+0000] {taskinstance.py:2306} INFO - Starting attempt 1 of 4
[2026-09-18T12:33:42.707+0000] {taskinstance.py:2330} INFO - Executing <Task(_PythonDecoratedOperator): extract> on 2019-10-12 00:00:00+00:00
[2026-09-18T12:33:42.712+0000] {standard_task_runner.py:63} INFO - Started process 3242 to run task
[2026-09-18T12:33:42.714+0000] {standard_task_runner.py:90} INFO - Running: ['airflow', 'tasks', 'run', 'ecommerce_data', 'extract', 'scheduled__2019-10-12T00:00:00+00:00', '--job-id', '45', '--raw', '--subdir', 'DAGS_FOLDER/etl.py', '--cfg-path', '/tmp/tmpwu0howl9']
[2026-09-18T12:33:42.715+0000] {standard_task_runner.py:91} INFO - Job 45: Subtask extract
[2026-09-18T12:33:42.742+0000] {task_command.py:426} INFO - Running <TaskInstance: ecommerce_data.extract scheduled__2019-10-12T00:00:00+00:00 [running]> on host ac3d43ca2f24
[2026-09-18T12:33:42.784+0000] {taskinstance.py:2648} INFO - Exporting env vars: AIRFLOW_CTX_DAG_OWNER='airflow' AIRFLOW_CTX_DAG_ID='ecommerce_data' AIRFLOW_CTX_TASK_ID='extract' AIRFLOW_CTX_EXECUTION_DATE='2019-10-12T00:00:00+00:00' AIRFLOW_CTX_TRY_NUMBER='1' AIRFLOW_CTX_DAG_RUN_ID='scheduled__2019-10-12T00:00:00+00:00'
[2026-09-18T12:33:42.784+0000] {taskinstance.py:430} INFO - ::endgroup::
[2026-09-18T12:33:44.161+0000] {taskinstance.py:441} INFO - ::group::Post task execution logs
[2026-09-18T12:33:44.161+0000] {taskinstance.py:2905} ERROR - Task failed with exception
Traceback (most recent call last):
  File "/home/airflow/.local/lib/python3.11/site-packages/airflow/models/taskinstance.py", line 465, in _execute_task
    result = _execute_callable(context=context, **execute_callable_kwargs)
             ^^^^^^^^^^^^^^^^^^^^^^^^^^^^^^^^^^^^^^^^^^^^^^^^^^^^^^^^^^^^^
  File "/home/airflow/.local/lib/python3.11/site-packages/airflow/models/taskinstance.py", line 432, in _execute_callable
    return execute_callable(context=context, **execute_callable_kwargs)
           ^^^^^^^^^^^^^^^^^^^^^^^^^^^^^^^^^^^^^^^^^^^^^^^^^^^^^^^^^^^^
  File "/home/airflow/.local/lib/python3.11/site-packages/airflow/models/baseoperator.py", line 401, in wrapper
    return func(self, *args, **kwargs)
           ^^^^^^^^^^^^^^^^^^^^^^^^^^^
  File "/home/airflow/.local/lib/python3.11/site-packages/airflow/decorators/base.py", line 265, in execute
    return_value = super().execute(context)
                   ^^^^^^^^^^^^^^^^^^^^^^^^
  File "/home/airflow/.local/lib/python3.11/site-packages/airflow/models/baseoperator.py", line 401, in wrapper
    return func(self, *args, **kwargs)
           ^^^^^^^^^^^^^^^^^^^^^^^^^^^
  File "/home/airflow/.local/lib/python3.11/site-packages/airflow/operators/python.py", line 235, in execute
    return_value = self.execute_callable()
                   ^^^^^^^^^^^^^^^^^^^^^^^
  File "/home/airflow/.local/lib/python3.11/site-packages/airflow/operators/python.py", line 252, in execute_callable
    return self.python_callable(*self.op_args, **self.op_kwargs)
           ^^^^^^^^^^^^^^^^^^^^^^^^^^^^^^^^^^^^^^^^^^^^^^^^^^^^^
  File "/opt/airflow/dags/etl.py", line 26, in extract
    script_run = subprocess.run(["spark-submit", "daily_etl.py", ds], check=True)
                 ^^^^^^^^^^^^^^^^^^^^^^^^^^^^^^^^^^^^^^^^^^^^^^^^^^^^^^^^^^^^^^^^
  File "/usr/local/lib/python3.11/subprocess.py", line 571, in run
    raise CalledProcessError(retcode, process.args,
subprocess.CalledProcessError: Command '['spark-submit', 'daily_etl.py', '2019-10-12']' returned non-zero exit status 2.
[2026-09-18T12:33:44.164+0000] {taskinstance.py:1206} INFO - Marking task as UP_FOR_RETRY. dag_id=ecommerce_data, task_id=extract, run_id=scheduled__2019-10-12T00:00:00+00:00, execution_date=20191012T000000, start_date=20260918T123342, end_date=20260918T123344
[2026-09-18T12:33:44.169+0000] {standard_task_runner.py:110} ERROR - Failed to execute job 45 for task extract (Command '['spark-submit', 'daily_etl.py', '2019-10-12']' returned non-zero exit status 2.; 3242)
[2026-09-18T12:33:44.213+0000] {local_task_job_runner.py:240} INFO - Task exited with return code 1
[2026-09-18T12:33:44.228+0000] {taskinstance.py:3503} INFO - 0 downstream tasks scheduled from follow-on schedule check
[2026-09-18T12:33:44.229+0000] {local_task_job_runner.py:222} INFO - ::endgroup::
[2026-09-19T14:19:12.235+0000] {local_task_job_runner.py:120} INFO - ::group::Pre task execution logs
[2026-09-19T14:19:12.255+0000] {taskinstance.py:2076} INFO - Dependencies all met for dep_context=non-requeueable deps ti=<TaskInstance: ecommerce_data.extract scheduled__2019-10-12T00:00:00+00:00 [queued]>
[2026-09-19T14:19:12.259+0000] {taskinstance.py:2076} INFO - Dependencies all met for dep_context=requeueable deps ti=<TaskInstance: ecommerce_data.extract scheduled__2019-10-12T00:00:00+00:00 [queued]>
[2026-09-19T14:19:12.260+0000] {taskinstance.py:2306} INFO - Starting attempt 1 of 4
[2026-09-19T14:19:12.268+0000] {taskinstance.py:2330} INFO - Executing <Task(_PythonDecoratedOperator): extract> on 2019-10-12 00:00:00+00:00
[2026-09-19T14:19:12.274+0000] {standard_task_runner.py:63} INFO - Started process 8119 to run task
[2026-09-19T14:19:12.276+0000] {standard_task_runner.py:90} INFO - Running: ['airflow', 'tasks', 'run', 'ecommerce_data', 'extract', 'scheduled__2019-10-12T00:00:00+00:00', '--job-id', '119', '--raw', '--subdir', 'DAGS_FOLDER/etl.py', '--cfg-path', '/tmp/tmpxtvo7uau']
[2026-09-19T14:19:12.277+0000] {standard_task_runner.py:91} INFO - Job 119: Subtask extract
[2026-09-19T14:19:12.304+0000] {task_command.py:426} INFO - Running <TaskInstance: ecommerce_data.extract scheduled__2019-10-12T00:00:00+00:00 [running]> on host 8e73891b263a
[2026-09-19T14:19:12.363+0000] {taskinstance.py:2648} INFO - Exporting env vars: AIRFLOW_CTX_DAG_OWNER='airflow' AIRFLOW_CTX_DAG_ID='ecommerce_data' AIRFLOW_CTX_TASK_ID='extract' AIRFLOW_CTX_EXECUTION_DATE='2019-10-12T00:00:00+00:00' AIRFLOW_CTX_TRY_NUMBER='1' AIRFLOW_CTX_DAG_RUN_ID='scheduled__2019-10-12T00:00:00+00:00'
[2026-09-19T14:19:12.364+0000] {taskinstance.py:430} INFO - ::endgroup::
[2026-09-19T14:19:26.692+0000] {python.py:237} INFO - Done. Returned value was: None
[2026-09-19T14:19:26.692+0000] {taskinstance.py:441} INFO - ::group::Post task execution logs
[2026-09-19T14:19:26.696+0000] {taskinstance.py:1206} INFO - Marking task as SUCCESS. dag_id=ecommerce_data, task_id=extract, run_id=scheduled__2019-10-12T00:00:00+00:00, execution_date=20191012T000000, start_date=20260919T141912, end_date=20260919T141926
[2026-09-19T14:19:26.719+0000] {local_task_job_runner.py:240} INFO - Task exited with return code 0
[2026-09-19T14:19:26.732+0000] {taskinstance.py:3503} INFO - 0 downstream tasks scheduled from follow-on schedule check
[2026-09-19T14:19:26.733+0000] {local_task_job_runner.py:222} INFO - ::endgroup::
[2026-09-21T22:00:12.756+0000] {local_task_job_runner.py:120} INFO - ::group::Pre task execution logs
[2026-09-21T22:00:12.782+0000] {taskinstance.py:2076} INFO - Dependencies all met for dep_context=non-requeueable deps ti=<TaskInstance: ecommerce_data.extract scheduled__2019-10-12T00:00:00+00:00 [queued]>
[2026-09-21T22:00:12.791+0000] {taskinstance.py:2076} INFO - Dependencies all met for dep_context=requeueable deps ti=<TaskInstance: ecommerce_data.extract scheduled__2019-10-12T00:00:00+00:00 [queued]>
[2026-09-21T22:00:12.791+0000] {taskinstance.py:2306} INFO - Starting attempt 1 of 4
[2026-09-21T22:00:12.805+0000] {taskinstance.py:2330} INFO - Executing <Task(_PythonDecoratedOperator): extract> on 2019-10-12 00:00:00+00:00
[2026-09-21T22:00:12.811+0000] {standard_task_runner.py:63} INFO - Started process 14844 to run task
[2026-09-21T22:00:12.814+0000] {standard_task_runner.py:90} INFO - Running: ['airflow', 'tasks', 'run', 'ecommerce_data', 'extract', 'scheduled__2019-10-12T00:00:00+00:00', '--job-id', '140', '--raw', '--subdir', 'DAGS_FOLDER/etl.py', '--cfg-path', '/tmp/tmpa6c2sti9']
[2026-09-21T22:00:12.816+0000] {standard_task_runner.py:91} INFO - Job 140: Subtask extract
[2026-09-21T22:00:12.843+0000] {task_command.py:426} INFO - Running <TaskInstance: ecommerce_data.extract scheduled__2019-10-12T00:00:00+00:00 [running]> on host e6c3ac7e1715
[2026-09-21T22:00:12.885+0000] {taskinstance.py:2648} INFO - Exporting env vars: AIRFLOW_CTX_DAG_OWNER='airflow' AIRFLOW_CTX_DAG_ID='ecommerce_data' AIRFLOW_CTX_TASK_ID='extract' AIRFLOW_CTX_EXECUTION_DATE='2019-10-12T00:00:00+00:00' AIRFLOW_CTX_TRY_NUMBER='1' AIRFLOW_CTX_DAG_RUN_ID='scheduled__2019-10-12T00:00:00+00:00'
[2026-09-21T22:00:12.886+0000] {taskinstance.py:430} INFO - ::endgroup::
[2026-09-21T22:00:12.889+0000] {base.py:84} INFO - Using connection ID 'postgres_conn_id' for task execution.
[2026-09-21T22:00:19.393+0000] {etl.py:68} ERROR - === СПРАВЖНЯ ПОМИЛКА ВІД SPARK ===
[2026-09-21T22:00:19.394+0000] {etl.py:69} ERROR - /home/airflow/.local/lib/python3.11/site-packages/pyspark/bin/load-spark-env.sh: line 68: ps: command not found
Ivy Default Cache set to: /home/airflow/.ivy2/cache
The jars for the packages stored in: /home/airflow/.ivy2/jars
org.postgresql#postgresql added as a dependency
:: resolving dependencies :: org.apache.spark#spark-submit-parent-974afcf2-44b9-4a30-b10d-d6983dd3f165;1.0
	confs: [default]
	found org.postgresql#postgresql;42.6.0 in central
	found org.checkerframework#checker-qual;3.31.0 in central
:: resolution report :: resolve 112ms :: artifacts dl 5ms
	:: modules in use:
	org.checkerframework#checker-qual;3.31.0 from central in [default]
	org.postgresql#postgresql;42.6.0 from central in [default]
	---------------------------------------------------------------------
	|                  |            modules            ||   artifacts   |
	|       conf       | number| search|dwnlded|evicted|| number|dwnlded|
	---------------------------------------------------------------------
	|      default     |   2   |   0   |   0   |   0   ||   2   |   0   |
	---------------------------------------------------------------------
:: retrieving :: org.apache.spark#spark-submit-parent-974afcf2-44b9-4a30-b10d-d6983dd3f165
	confs: [default]
	0 artifacts copied, 2 already retrieved (0kB/5ms)
26/09/21 22:00:14 WARN NativeCodeLoader: Unable to load native-hadoop library for your platform... using builtin-java classes where applicable
26/09/21 22:00:15 INFO SparkContext: Running Spark version 3.5.1
26/09/21 22:00:15 INFO SparkContext: OS info Linux, 7.0.0-31-generic, amd64
26/09/21 22:00:15 INFO SparkContext: Java version 17.0.20.1
26/09/21 22:00:15 INFO ResourceUtils: ==============================================================
26/09/21 22:00:15 INFO ResourceUtils: No custom resources configured for spark.driver.
26/09/21 22:00:15 INFO ResourceUtils: ==============================================================
26/09/21 22:00:15 INFO SparkContext: Submitted application: Daily_ecommerce
26/09/21 22:00:15 INFO ResourceProfile: Default ResourceProfile created, executor resources: Map(cores -> name: cores, amount: 1, script: , vendor: , memory -> name: memory, amount: 1024, script: , vendor: , offHeap -> name: offHeap, amount: 0, script: , vendor: ), task resources: Map(cpus -> name: cpus, amount: 1.0)
26/09/21 22:00:15 INFO ResourceProfile: Limiting resource is cpu
26/09/21 22:00:15 INFO ResourceProfileManager: Added ResourceProfile id: 0
26/09/21 22:00:15 INFO SecurityManager: Changing view acls to: airflow
26/09/21 22:00:15 INFO SecurityManager: Changing modify acls to: airflow
26/09/21 22:00:15 INFO SecurityManager: Changing view acls groups to: 
26/09/21 22:00:15 INFO SecurityManager: Changing modify acls groups to: 
26/09/21 22:00:15 INFO SecurityManager: SecurityManager: authentication disabled; ui acls disabled; users with view permissions: airflow; groups with view permissions: EMPTY; users with modify permissions: airflow; groups with modify permissions: EMPTY
26/09/21 22:00:15 INFO Utils: Successfully started service 'sparkDriver' on port 41303.
26/09/21 22:00:15 INFO SparkEnv: Registering MapOutputTracker
26/09/21 22:00:16 INFO SparkEnv: Registering BlockManagerMaster
26/09/21 22:00:16 INFO BlockManagerMasterEndpoint: Using org.apache.spark.storage.DefaultTopologyMapper for getting topology information
26/09/21 22:00:16 INFO BlockManagerMasterEndpoint: BlockManagerMasterEndpoint up
26/09/21 22:00:16 INFO SparkEnv: Registering BlockManagerMasterHeartbeat
26/09/21 22:00:16 INFO DiskBlockManager: Created local directory at /tmp/blockmgr-e12acb7d-2792-400f-98c4-997c1c9ec8fb
26/09/21 22:00:16 INFO MemoryStore: MemoryStore started with capacity 434.4 MiB
26/09/21 22:00:16 INFO SparkEnv: Registering OutputCommitCoordinator
26/09/21 22:00:16 INFO JettyUtils: Start Jetty 0.0.0.0:4040 for SparkUI
26/09/21 22:00:16 INFO Utils: Successfully started service 'SparkUI' on port 4040.
26/09/21 22:00:16 INFO SparkContext: Added JAR file:///home/airflow/.ivy2/jars/org.postgresql_postgresql-42.6.0.jar at spark://e6c3ac7e1715:41303/jars/org.postgresql_postgresql-42.6.0.jar with timestamp 1790028015653
26/09/21 22:00:16 INFO SparkContext: Added JAR file:///home/airflow/.ivy2/jars/org.checkerframework_checker-qual-3.31.0.jar at spark://e6c3ac7e1715:41303/jars/org.checkerframework_checker-qual-3.31.0.jar with timestamp 1790028015653
26/09/21 22:00:16 INFO SparkContext: Added file file:///home/airflow/.ivy2/jars/org.postgresql_postgresql-42.6.0.jar at file:///home/airflow/.ivy2/jars/org.postgresql_postgresql-42.6.0.jar with timestamp 1790028015653
26/09/21 22:00:16 INFO Utils: Copying /home/airflow/.ivy2/jars/org.postgresql_postgresql-42.6.0.jar to /tmp/spark-73e7973c-52bb-4baf-88d8-5ec44f509d3e/userFiles-95ca0950-9f5e-487a-add2-24814ffea821/org.postgresql_postgresql-42.6.0.jar
26/09/21 22:00:16 INFO SparkContext: Added file file:///home/airflow/.ivy2/jars/org.checkerframework_checker-qual-3.31.0.jar at file:///home/airflow/.ivy2/jars/org.checkerframework_checker-qual-3.31.0.jar with timestamp 1790028015653
26/09/21 22:00:16 INFO Utils: Copying /home/airflow/.ivy2/jars/org.checkerframework_checker-qual-3.31.0.jar to /tmp/spark-73e7973c-52bb-4baf-88d8-5ec44f509d3e/userFiles-95ca0950-9f5e-487a-add2-24814ffea821/org.checkerframework_checker-qual-3.31.0.jar
26/09/21 22:00:16 INFO Executor: Starting executor ID driver on host e6c3ac7e1715
26/09/21 22:00:16 INFO Executor: OS info Linux, 7.0.0-31-generic, amd64
26/09/21 22:00:16 INFO Executor: Java version 17.0.20.1
26/09/21 22:00:16 INFO Executor: Starting executor with user classpath (userClassPathFirst = false): ''
26/09/21 22:00:16 INFO Executor: Created or updated repl class loader org.apache.spark.util.MutableURLClassLoader@1c4997a4 for default.
26/09/21 22:00:16 INFO Executor: Fetching file:///home/airflow/.ivy2/jars/org.checkerframework_checker-qual-3.31.0.jar with timestamp 1790028015653
26/09/21 22:00:16 INFO Utils: /home/airflow/.ivy2/jars/org.checkerframework_checker-qual-3.31.0.jar has been previously copied to /tmp/spark-73e7973c-52bb-4baf-88d8-5ec44f509d3e/userFiles-95ca0950-9f5e-487a-add2-24814ffea821/org.checkerframework_checker-qual-3.31.0.jar
26/09/21 22:00:16 INFO Executor: Fetching file:///home/airflow/.ivy2/jars/org.postgresql_postgresql-42.6.0.jar with timestamp 1790028015653
26/09/21 22:00:16 INFO Utils: /home/airflow/.ivy2/jars/org.postgresql_postgresql-42.6.0.jar has been previously copied to /tmp/spark-73e7973c-52bb-4baf-88d8-5ec44f509d3e/userFiles-95ca0950-9f5e-487a-add2-24814ffea821/org.postgresql_postgresql-42.6.0.jar
26/09/21 22:00:16 INFO Executor: Fetching spark://e6c3ac7e1715:41303/jars/org.postgresql_postgresql-42.6.0.jar with timestamp 1790028015653
26/09/21 22:00:16 INFO TransportClientFactory: Successfully created connection to e6c3ac7e1715/172.21.0.3:41303 after 21 ms (0 ms spent in bootstraps)
26/09/21 22:00:16 INFO Utils: Fetching spark://e6c3ac7e1715:41303/jars/org.postgresql_postgresql-42.6.0.jar to /tmp/spark-73e7973c-52bb-4baf-88d8-5ec44f509d3e/userFiles-95ca0950-9f5e-487a-add2-24814ffea821/fetchFileTemp14383289485020683924.tmp
26/09/21 22:00:16 INFO Utils: /tmp/spark-73e7973c-52bb-4baf-88d8-5ec44f509d3e/userFiles-95ca0950-9f5e-487a-add2-24814ffea821/fetchFileTemp14383289485020683924.tmp has been previously copied to /tmp/spark-73e7973c-52bb-4baf-88d8-5ec44f509d3e/userFiles-95ca0950-9f5e-487a-add2-24814ffea821/org.postgresql_postgresql-42.6.0.jar
26/09/21 22:00:16 INFO Executor: Adding file:/tmp/spark-73e7973c-52bb-4baf-88d8-5ec44f509d3e/userFiles-95ca0950-9f5e-487a-add2-24814ffea821/org.postgresql_postgresql-42.6.0.jar to class loader default
26/09/21 22:00:16 INFO Executor: Fetching spark://e6c3ac7e1715:41303/jars/org.checkerframework_checker-qual-3.31.0.jar with timestamp 1790028015653
26/09/21 22:00:16 INFO Utils: Fetching spark://e6c3ac7e1715:41303/jars/org.checkerframework_checker-qual-3.31.0.jar to /tmp/spark-73e7973c-52bb-4baf-88d8-5ec44f509d3e/userFiles-95ca0950-9f5e-487a-add2-24814ffea821/fetchFileTemp16261512371954003513.tmp
26/09/21 22:00:16 INFO Utils: /tmp/spark-73e7973c-52bb-4baf-88d8-5ec44f509d3e/userFiles-95ca0950-9f5e-487a-add2-24814ffea821/fetchFileTemp16261512371954003513.tmp has been previously copied to /tmp/spark-73e7973c-52bb-4baf-88d8-5ec44f509d3e/userFiles-95ca0950-9f5e-487a-add2-24814ffea821/org.checkerframework_checker-qual-3.31.0.jar
26/09/21 22:00:16 INFO Executor: Adding file:/tmp/spark-73e7973c-52bb-4baf-88d8-5ec44f509d3e/userFiles-95ca0950-9f5e-487a-add2-24814ffea821/org.checkerframework_checker-qual-3.31.0.jar to class loader default
26/09/21 22:00:16 INFO Utils: Successfully started service 'org.apache.spark.network.netty.NettyBlockTransferService' on port 42525.
26/09/21 22:00:16 INFO NettyBlockTransferService: Server created on e6c3ac7e1715:42525
26/09/21 22:00:16 INFO BlockManager: Using org.apache.spark.storage.RandomBlockReplicationPolicy for block replication policy
26/09/21 22:00:16 INFO BlockManagerMaster: Registering BlockManager BlockManagerId(driver, e6c3ac7e1715, 42525, None)
26/09/21 22:00:16 INFO BlockManagerMasterEndpoint: Registering block manager e6c3ac7e1715:42525 with 434.4 MiB RAM, BlockManagerId(driver, e6c3ac7e1715, 42525, None)
26/09/21 22:00:16 INFO BlockManagerMaster: Registered BlockManager BlockManagerId(driver, e6c3ac7e1715, 42525, None)
26/09/21 22:00:16 INFO BlockManager: Initialized BlockManager: BlockManagerId(driver, e6c3ac7e1715, 42525, None)
26/09/21 22:00:16 INFO SharedState: Setting hive.metastore.warehouse.dir ('null') to the value of spark.sql.warehouse.dir.
26/09/21 22:00:16 INFO SharedState: Warehouse path is 'file:/opt/airflow/spark-warehouse'.
26/09/21 22:00:17 INFO InMemoryFileIndex: It took 31 ms to list leaf files for 1 paths.
26/09/21 22:00:17 INFO SparkContext: Starting job: parquet at NativeMethodAccessorImpl.java:0
26/09/21 22:00:17 INFO DAGScheduler: Got job 0 (parquet at NativeMethodAccessorImpl.java:0) with 1 output partitions
26/09/21 22:00:17 INFO DAGScheduler: Final stage: ResultStage 0 (parquet at NativeMethodAccessorImpl.java:0)
26/09/21 22:00:17 INFO DAGScheduler: Parents of final stage: List()
26/09/21 22:00:17 INFO DAGScheduler: Missing parents: List()
26/09/21 22:00:17 INFO DAGScheduler: Submitting ResultStage 0 (MapPartitionsRDD[1] at parquet at NativeMethodAccessorImpl.java:0), which has no missing parents
26/09/21 22:00:18 INFO MemoryStore: Block broadcast_0 stored as values in memory (estimated size 104.5 KiB, free 434.3 MiB)
26/09/21 22:00:18 INFO MemoryStore: Block broadcast_0_piece0 stored as bytes in memory (estimated size 37.6 KiB, free 434.3 MiB)
26/09/21 22:00:18 INFO BlockManagerInfo: Added broadcast_0_piece0 in memory on e6c3ac7e1715:42525 (size: 37.6 KiB, free: 434.4 MiB)
26/09/21 22:00:18 INFO SparkContext: Created broadcast 0 from broadcast at DAGScheduler.scala:1585
26/09/21 22:00:18 INFO DAGScheduler: Submitting 1 missing tasks from ResultStage 0 (MapPartitionsRDD[1] at parquet at NativeMethodAccessorImpl.java:0) (first 15 tasks are for partitions Vector(0))
26/09/21 22:00:18 INFO TaskSchedulerImpl: Adding task set 0.0 with 1 tasks resource profile 0
26/09/21 22:00:18 INFO TaskSetManager: Starting task 0.0 in stage 0.0 (TID 0) (e6c3ac7e1715, executor driver, partition 0, PROCESS_LOCAL, 8303 bytes) 
26/09/21 22:00:18 INFO Executor: Running task 0.0 in stage 0.0 (TID 0)
26/09/21 22:00:18 INFO Executor: Finished task 0.0 in stage 0.0 (TID 0). 2034 bytes result sent to driver
26/09/21 22:00:18 INFO TaskSetManager: Finished task 0.0 in stage 0.0 (TID 0) in 329 ms on e6c3ac7e1715 (executor driver) (1/1)
26/09/21 22:00:18 INFO TaskSchedulerImpl: Removed TaskSet 0.0, whose tasks have all completed, from pool 
26/09/21 22:00:18 INFO DAGScheduler: ResultStage 0 (parquet at NativeMethodAccessorImpl.java:0) finished in 0.463 s
26/09/21 22:00:18 INFO DAGScheduler: Job 0 is finished. Cancelling potential speculative or zombie tasks for this job
26/09/21 22:00:18 INFO TaskSchedulerImpl: Killing all running tasks in stage 0: Stage finished
26/09/21 22:00:18 INFO DAGScheduler: Job 0 finished: parquet at NativeMethodAccessorImpl.java:0, took 0.499543 s
26/09/21 22:00:18 INFO BlockManagerInfo: Removed broadcast_0_piece0 on e6c3ac7e1715:42525 in memory (size: 37.6 KiB, free: 434.4 MiB)
26/09/21 22:00:19 INFO SparkContext: Invoking stop() from shutdown hook
26/09/21 22:00:19 INFO SparkContext: SparkContext is stopping with exitCode 0.
26/09/21 22:00:19 INFO SparkUI: Stopped Spark web UI at http://e6c3ac7e1715:4040
26/09/21 22:00:19 INFO MapOutputTrackerMasterEndpoint: MapOutputTrackerMasterEndpoint stopped!
26/09/21 22:00:19 INFO MemoryStore: MemoryStore cleared
26/09/21 22:00:19 INFO BlockManager: BlockManager stopped
26/09/21 22:00:19 INFO BlockManagerMaster: BlockManagerMaster stopped
26/09/21 22:00:19 INFO OutputCommitCoordinator$OutputCommitCoordinatorEndpoint: OutputCommitCoordinator stopped!
26/09/21 22:00:19 INFO SparkContext: Successfully stopped SparkContext
26/09/21 22:00:19 INFO ShutdownHookManager: Shutdown hook called
26/09/21 22:00:19 INFO ShutdownHookManager: Deleting directory /tmp/spark-73e7973c-52bb-4baf-88d8-5ec44f509d3e/pyspark-db7c5481-9b5f-4fda-9ab0-157fe76868e2
26/09/21 22:00:19 INFO ShutdownHookManager: Deleting directory /tmp/spark-13eec6d8-ca68-4be3-8cbb-2779b2f42aca
26/09/21 22:00:19 INFO ShutdownHookManager: Deleting directory /tmp/spark-73e7973c-52bb-4baf-88d8-5ec44f509d3e

[2026-09-21T22:00:19.394+0000] {taskinstance.py:441} INFO - ::group::Post task execution logs
[2026-09-21T22:00:19.394+0000] {taskinstance.py:2905} ERROR - Task failed with exception
Traceback (most recent call last):
  File "/home/airflow/.local/lib/python3.11/site-packages/airflow/models/taskinstance.py", line 465, in _execute_task
    result = _execute_callable(context=context, **execute_callable_kwargs)
             ^^^^^^^^^^^^^^^^^^^^^^^^^^^^^^^^^^^^^^^^^^^^^^^^^^^^^^^^^^^^^
  File "/home/airflow/.local/lib/python3.11/site-packages/airflow/models/taskinstance.py", line 432, in _execute_callable
    return execute_callable(context=context, **execute_callable_kwargs)
           ^^^^^^^^^^^^^^^^^^^^^^^^^^^^^^^^^^^^^^^^^^^^^^^^^^^^^^^^^^^^
  File "/home/airflow/.local/lib/python3.11/site-packages/airflow/models/baseoperator.py", line 401, in wrapper
    return func(self, *args, **kwargs)
           ^^^^^^^^^^^^^^^^^^^^^^^^^^^
  File "/home/airflow/.local/lib/python3.11/site-packages/airflow/decorators/base.py", line 265, in execute
    return_value = super().execute(context)
                   ^^^^^^^^^^^^^^^^^^^^^^^^
  File "/home/airflow/.local/lib/python3.11/site-packages/airflow/models/baseoperator.py", line 401, in wrapper
    return func(self, *args, **kwargs)
           ^^^^^^^^^^^^^^^^^^^^^^^^^^^
  File "/home/airflow/.local/lib/python3.11/site-packages/airflow/operators/python.py", line 235, in execute
    return_value = self.execute_callable()
                   ^^^^^^^^^^^^^^^^^^^^^^^
  File "/home/airflow/.local/lib/python3.11/site-packages/airflow/operators/python.py", line 252, in execute_callable
    return self.python_callable(*self.op_args, **self.op_kwargs)
           ^^^^^^^^^^^^^^^^^^^^^^^^^^^^^^^^^^^^^^^^^^^^^^^^^^^^^
  File "/opt/airflow/dags/etl.py", line 70, in extract
    raise e
  File "/opt/airflow/dags/etl.py", line 59, in extract
    script_run = subprocess.run([
                 ^^^^^^^^^^^^^^^^
  File "/usr/local/lib/python3.11/subprocess.py", line 571, in run
    raise CalledProcessError(retcode, process.args,
subprocess.CalledProcessError: Command '['spark-submit', '--packages', 'org.postgresql:postgresql:42.6.0', '/opt/airflow/dags/daily_etl.py', '2019-10-12']' returned non-zero exit status 1.
[2026-09-21T22:00:19.399+0000] {taskinstance.py:1206} INFO - Marking task as UP_FOR_RETRY. dag_id=ecommerce_data, task_id=extract, run_id=scheduled__2019-10-12T00:00:00+00:00, execution_date=20191012T000000, start_date=20260921T220012, end_date=20260921T220019
[2026-09-21T22:00:19.405+0000] {standard_task_runner.py:110} ERROR - Failed to execute job 140 for task extract (Command '['spark-submit', '--packages', 'org.postgresql:postgresql:42.6.0', '/opt/airflow/dags/daily_etl.py', '2019-10-12']' returned non-zero exit status 1.; 14844)
[2026-09-21T22:00:19.435+0000] {local_task_job_runner.py:240} INFO - Task exited with return code 1
[2026-09-21T22:00:19.449+0000] {taskinstance.py:3503} INFO - 0 downstream tasks scheduled from follow-on schedule check
[2026-09-21T22:00:19.450+0000] {local_task_job_runner.py:222} INFO - ::endgroup::
[2026-09-21T22:31:25.124+0000] {local_task_job_runner.py:120} INFO - ::group::Pre task execution logs
[2026-09-21T22:31:25.146+0000] {taskinstance.py:2076} INFO - Dependencies all met for dep_context=non-requeueable deps ti=<TaskInstance: ecommerce_data.extract scheduled__2019-10-12T00:00:00+00:00 [queued]>
[2026-09-21T22:31:25.150+0000] {taskinstance.py:2076} INFO - Dependencies all met for dep_context=requeueable deps ti=<TaskInstance: ecommerce_data.extract scheduled__2019-10-12T00:00:00+00:00 [queued]>
[2026-09-21T22:31:25.151+0000] {taskinstance.py:2306} INFO - Starting attempt 1 of 4
[2026-09-21T22:31:25.159+0000] {taskinstance.py:2330} INFO - Executing <Task(_PythonDecoratedOperator): extract> on 2019-10-12 00:00:00+00:00
[2026-09-21T22:31:25.165+0000] {standard_task_runner.py:63} INFO - Started process 32638 to run task
[2026-09-21T22:31:25.168+0000] {standard_task_runner.py:90} INFO - Running: ['airflow', 'tasks', 'run', 'ecommerce_data', 'extract', 'scheduled__2019-10-12T00:00:00+00:00', '--job-id', '290', '--raw', '--subdir', 'DAGS_FOLDER/etl.py', '--cfg-path', '/tmp/tmp0wyqyzfn']
[2026-09-21T22:31:25.169+0000] {standard_task_runner.py:91} INFO - Job 290: Subtask extract
[2026-09-21T22:31:25.196+0000] {task_command.py:426} INFO - Running <TaskInstance: ecommerce_data.extract scheduled__2019-10-12T00:00:00+00:00 [running]> on host e6c3ac7e1715
[2026-09-21T22:31:25.238+0000] {taskinstance.py:2648} INFO - Exporting env vars: AIRFLOW_CTX_DAG_OWNER='airflow' AIRFLOW_CTX_DAG_ID='ecommerce_data' AIRFLOW_CTX_TASK_ID='extract' AIRFLOW_CTX_EXECUTION_DATE='2019-10-12T00:00:00+00:00' AIRFLOW_CTX_TRY_NUMBER='1' AIRFLOW_CTX_DAG_RUN_ID='scheduled__2019-10-12T00:00:00+00:00'
[2026-09-21T22:31:25.239+0000] {taskinstance.py:430} INFO - ::endgroup::
[2026-09-21T22:31:25.243+0000] {base.py:84} INFO - Using connection ID 'postgres_conn_id' for task execution.
[2026-09-21T22:31:33.975+0000] {taskinstance.py:441} INFO - ::group::Post task execution logs
[2026-09-21T22:31:33.976+0000] {taskinstance.py:2905} ERROR - Task failed with exception
Traceback (most recent call last):
  File "/home/airflow/.local/lib/python3.11/site-packages/airflow/models/taskinstance.py", line 465, in _execute_task
    result = _execute_callable(context=context, **execute_callable_kwargs)
             ^^^^^^^^^^^^^^^^^^^^^^^^^^^^^^^^^^^^^^^^^^^^^^^^^^^^^^^^^^^^^
  File "/home/airflow/.local/lib/python3.11/site-packages/airflow/models/taskinstance.py", line 432, in _execute_callable
    return execute_callable(context=context, **execute_callable_kwargs)
           ^^^^^^^^^^^^^^^^^^^^^^^^^^^^^^^^^^^^^^^^^^^^^^^^^^^^^^^^^^^^
  File "/home/airflow/.local/lib/python3.11/site-packages/airflow/models/baseoperator.py", line 401, in wrapper
    return func(self, *args, **kwargs)
           ^^^^^^^^^^^^^^^^^^^^^^^^^^^
  File "/home/airflow/.local/lib/python3.11/site-packages/airflow/decorators/base.py", line 265, in execute
    return_value = super().execute(context)
                   ^^^^^^^^^^^^^^^^^^^^^^^^
  File "/home/airflow/.local/lib/python3.11/site-packages/airflow/models/baseoperator.py", line 401, in wrapper
    return func(self, *args, **kwargs)
           ^^^^^^^^^^^^^^^^^^^^^^^^^^^
  File "/home/airflow/.local/lib/python3.11/site-packages/airflow/operators/python.py", line 235, in execute
    return_value = self.execute_callable()
                   ^^^^^^^^^^^^^^^^^^^^^^^
  File "/home/airflow/.local/lib/python3.11/site-packages/airflow/operators/python.py", line 252, in execute_callable
    return self.python_callable(*self.op_args, **self.op_kwargs)
           ^^^^^^^^^^^^^^^^^^^^^^^^^^^^^^^^^^^^^^^^^^^^^^^^^^^^^
  File "/opt/airflow/dags/etl.py", line 58, in extract
    script_run = subprocess.run([
                 ^^^^^^^^^^^^^^^^
  File "/usr/local/lib/python3.11/subprocess.py", line 571, in run
    raise CalledProcessError(retcode, process.args,
subprocess.CalledProcessError: Command '['spark-submit', '--packages', 'org.postgresql:postgresql:42.6.0', '/opt/airflow/dags/daily_etl.py', '2019-10-12']' returned non-zero exit status 1.
[2026-09-21T22:31:33.981+0000] {taskinstance.py:1206} INFO - Marking task as UP_FOR_RETRY. dag_id=ecommerce_data, task_id=extract, run_id=scheduled__2019-10-12T00:00:00+00:00, execution_date=20191012T000000, start_date=20260921T223125, end_date=20260921T223133
[2026-09-21T22:31:33.987+0000] {standard_task_runner.py:110} ERROR - Failed to execute job 290 for task extract (Command '['spark-submit', '--packages', 'org.postgresql:postgresql:42.6.0', '/opt/airflow/dags/daily_etl.py', '2019-10-12']' returned non-zero exit status 1.; 32638)
[2026-09-21T22:31:34.007+0000] {local_task_job_runner.py:240} INFO - Task exited with return code 1
[2026-09-21T22:31:34.018+0000] {taskinstance.py:3503} INFO - 0 downstream tasks scheduled from follow-on schedule check
[2026-09-21T22:31:34.019+0000] {local_task_job_runner.py:222} INFO - ::endgroup::
