[2026-09-18T12:47:24.881+0000] {local_task_job_runner.py:120} INFO - ::group::Pre task execution logs
[2026-09-18T12:47:24.896+0000] {taskinstance.py:2076} INFO - Dependencies all met for dep_context=non-requeueable deps ti=<TaskInstance: ecommerce_data.extract scheduled__2019-10-15T00:00:00+00:00 [queued]>
[2026-09-18T12:47:24.900+0000] {taskinstance.py:2076} INFO - Dependencies all met for dep_context=requeueable deps ti=<TaskInstance: ecommerce_data.extract scheduled__2019-10-15T00:00:00+00:00 [queued]>
[2026-09-18T12:47:24.900+0000] {taskinstance.py:2306} INFO - Starting attempt 3 of 4
[2026-09-18T12:47:24.907+0000] {taskinstance.py:2330} INFO - Executing <Task(_PythonDecoratedOperator): extract> on 2019-10-15 00:00:00+00:00
[2026-09-18T12:47:24.912+0000] {standard_task_runner.py:63} INFO - Started process 9209 to run task
[2026-09-18T12:47:24.913+0000] {standard_task_runner.py:90} INFO - Running: ['airflow', 'tasks', 'run', 'ecommerce_data', 'extract', 'scheduled__2019-10-15T00:00:00+00:00', '--job-id', '87', '--raw', '--subdir', 'DAGS_FOLDER/etl.py', '--cfg-path', '/tmp/tmpvxkup40v']
[2026-09-18T12:47:24.914+0000] {standard_task_runner.py:91} INFO - Job 87: Subtask extract
[2026-09-18T12:47:24.933+0000] {task_command.py:426} INFO - Running <TaskInstance: ecommerce_data.extract scheduled__2019-10-15T00:00:00+00:00 [running]> on host ac3d43ca2f24
[2026-09-18T12:47:24.965+0000] {taskinstance.py:2648} INFO - Exporting env vars: AIRFLOW_CTX_DAG_OWNER='airflow' AIRFLOW_CTX_DAG_ID='ecommerce_data' AIRFLOW_CTX_TASK_ID='extract' AIRFLOW_CTX_EXECUTION_DATE='2019-10-15T00:00:00+00:00' AIRFLOW_CTX_TRY_NUMBER='3' AIRFLOW_CTX_DAG_RUN_ID='scheduled__2019-10-15T00:00:00+00:00'
[2026-09-18T12:47:24.966+0000] {taskinstance.py:430} INFO - ::endgroup::
[2026-09-18T12:47:29.726+0000] {taskinstance.py:441} INFO - ::group::Post task execution logs
[2026-09-18T12:47:29.726+0000] {taskinstance.py:2905} ERROR - Task failed with exception
Traceback (most recent call last):
  File "/home/airflow/.local/lib/python3.11/site-packages/airflow/models/taskinstance.py", line 465, in _execute_task
    result = _execute_callable(context=context, **execute_callable_kwargs)
             ^^^^^^^^^^^^^^^^^^^^^^^^^^^^^^^^^^^^^^^^^^^^^^^^^^^^^^^^^^^^^
  File "/home/airflow/.local/lib/python3.11/site-packages/airflow/models/taskinstance.py", line 432, in _execute_callable
    return execute_callable(context=context, **execute_callable_kwargs)
           ^^^^^^^^^^^^^^^^^^^^^^^^^^^^^^^^^^^^^^^^^^^^^^^^^^^^^^^^^^^^
  File "/home/airflow/.local/lib/python3.11/site-packages/airflow/models/baseoperator.py", line 401, in wrapper
    return func(self, *args, **kwargs)
           ^^^^^^^^^^^^^^^^^^^^^^^^^^^
  File "/home/airflow/.local/lib/python3.11/site-packages/airflow/decorators/base.py", line 265, in execute
    return_value = super().execute(context)
                   ^^^^^^^^^^^^^^^^^^^^^^^^
  File "/home/airflow/.local/lib/python3.11/site-packages/airflow/models/baseoperator.py", line 401, in wrapper
    return func(self, *args, **kwargs)
           ^^^^^^^^^^^^^^^^^^^^^^^^^^^
  File "/home/airflow/.local/lib/python3.11/site-packages/airflow/operators/python.py", line 235, in execute
    return_value = self.execute_callable()
                   ^^^^^^^^^^^^^^^^^^^^^^^
  File "/home/airflow/.local/lib/python3.11/site-packages/airflow/operators/python.py", line 252, in execute_callable
    return self.python_callable(*self.op_args, **self.op_kwargs)
           ^^^^^^^^^^^^^^^^^^^^^^^^^^^^^^^^^^^^^^^^^^^^^^^^^^^^^
  File "/opt/airflow/dags/etl.py", line 26, in extract
    script_run = subprocess.run(["spark-submit", "/opt/airflow/dags/daily_etl.py", ds], check=True)
                 ^^^^^^^^^^^^^^^^^^^^^^^^^^^^^^^^^^^^^^^^^^^^^^^^^^^^^^^^^^^^^^^^^^^^^^^^^^^^^^^^^^
  File "/usr/local/lib/python3.11/subprocess.py", line 571, in run
    raise CalledProcessError(retcode, process.args,
subprocess.CalledProcessError: Command '['spark-submit', '/opt/airflow/dags/daily_etl.py', '2019-10-15']' returned non-zero exit status 1.
[2026-09-18T12:47:29.730+0000] {taskinstance.py:1206} INFO - Marking task as UP_FOR_RETRY. dag_id=ecommerce_data, task_id=extract, run_id=scheduled__2019-10-15T00:00:00+00:00, execution_date=20191015T000000, start_date=20260918T124724, end_date=20260918T124729
[2026-09-18T12:47:29.735+0000] {standard_task_runner.py:110} ERROR - Failed to execute job 87 for task extract (Command '['spark-submit', '/opt/airflow/dags/daily_etl.py', '2019-10-15']' returned non-zero exit status 1.; 9209)
[2026-09-18T12:47:29.778+0000] {local_task_job_runner.py:240} INFO - Task exited with return code 1
[2026-09-18T12:47:29.785+0000] {taskinstance.py:3503} INFO - 0 downstream tasks scheduled from follow-on schedule check
[2026-09-18T12:47:29.785+0000] {local_task_job_runner.py:222} INFO - ::endgroup::
[2026-09-21T22:03:30.164+0000] {local_task_job_runner.py:120} INFO - ::group::Pre task execution logs
[2026-09-21T22:03:30.184+0000] {taskinstance.py:2076} INFO - Dependencies all met for dep_context=non-requeueable deps ti=<TaskInstance: ecommerce_data.extract scheduled__2019-10-15T00:00:00+00:00 [queued]>
[2026-09-21T22:03:30.188+0000] {taskinstance.py:2076} INFO - Dependencies all met for dep_context=requeueable deps ti=<TaskInstance: ecommerce_data.extract scheduled__2019-10-15T00:00:00+00:00 [queued]>
[2026-09-21T22:03:30.189+0000] {taskinstance.py:2306} INFO - Starting attempt 3 of 4
[2026-09-21T22:03:30.199+0000] {taskinstance.py:2330} INFO - Executing <Task(_PythonDecoratedOperator): extract> on 2019-10-15 00:00:00+00:00
[2026-09-21T22:03:30.205+0000] {standard_task_runner.py:63} INFO - Started process 17674 to run task
[2026-09-21T22:03:30.207+0000] {standard_task_runner.py:90} INFO - Running: ['airflow', 'tasks', 'run', 'ecommerce_data', 'extract', 'scheduled__2019-10-15T00:00:00+00:00', '--job-id', '163', '--raw', '--subdir', 'DAGS_FOLDER/etl.py', '--cfg-path', '/tmp/tmppmrsgmnf']
[2026-09-21T22:03:30.209+0000] {standard_task_runner.py:91} INFO - Job 163: Subtask extract
[2026-09-21T22:03:30.241+0000] {task_command.py:426} INFO - Running <TaskInstance: ecommerce_data.extract scheduled__2019-10-15T00:00:00+00:00 [running]> on host e6c3ac7e1715
[2026-09-21T22:03:30.293+0000] {taskinstance.py:2648} INFO - Exporting env vars: AIRFLOW_CTX_DAG_OWNER='airflow' AIRFLOW_CTX_DAG_ID='ecommerce_data' AIRFLOW_CTX_TASK_ID='extract' AIRFLOW_CTX_EXECUTION_DATE='2019-10-15T00:00:00+00:00' AIRFLOW_CTX_TRY_NUMBER='3' AIRFLOW_CTX_DAG_RUN_ID='scheduled__2019-10-15T00:00:00+00:00'
[2026-09-21T22:03:30.294+0000] {taskinstance.py:430} INFO - ::endgroup::
[2026-09-21T22:03:30.297+0000] {base.py:84} INFO - Using connection ID 'postgres_conn_id' for task execution.
[2026-09-21T22:03:36.798+0000] {etl.py:68} ERROR - === СПРАВЖНЯ ПОМИЛКА ВІД SPARK ===
[2026-09-21T22:03:36.799+0000] {etl.py:69} ERROR - /home/airflow/.local/lib/python3.11/site-packages/pyspark/bin/load-spark-env.sh: line 68: ps: command not found
Ivy Default Cache set to: /home/airflow/.ivy2/cache
The jars for the packages stored in: /home/airflow/.ivy2/jars
org.postgresql#postgresql added as a dependency
:: resolving dependencies :: org.apache.spark#spark-submit-parent-1d146195-f177-405b-bd1c-d6946df6ad0f;1.0
	confs: [default]
	found org.postgresql#postgresql;42.6.0 in central
	found org.checkerframework#checker-qual;3.31.0 in central
:: resolution report :: resolve 133ms :: artifacts dl 5ms
	:: modules in use:
	org.checkerframework#checker-qual;3.31.0 from central in [default]
	org.postgresql#postgresql;42.6.0 from central in [default]
	---------------------------------------------------------------------
	|                  |            modules            ||   artifacts   |
	|       conf       | number| search|dwnlded|evicted|| number|dwnlded|
	---------------------------------------------------------------------
	|      default     |   2   |   0   |   0   |   0   ||   2   |   0   |
	---------------------------------------------------------------------
:: retrieving :: org.apache.spark#spark-submit-parent-1d146195-f177-405b-bd1c-d6946df6ad0f
	confs: [default]
	0 artifacts copied, 2 already retrieved (0kB/4ms)
26/09/21 22:03:31 WARN NativeCodeLoader: Unable to load native-hadoop library for your platform... using builtin-java classes where applicable
26/09/21 22:03:33 INFO SparkContext: Running Spark version 3.5.1
26/09/21 22:03:33 INFO SparkContext: OS info Linux, 7.0.0-31-generic, amd64
26/09/21 22:03:33 INFO SparkContext: Java version 17.0.20.1
26/09/21 22:03:33 INFO ResourceUtils: ==============================================================
26/09/21 22:03:33 INFO ResourceUtils: No custom resources configured for spark.driver.
26/09/21 22:03:33 INFO ResourceUtils: ==============================================================
26/09/21 22:03:33 INFO SparkContext: Submitted application: Daily_ecommerce
26/09/21 22:03:33 INFO ResourceProfile: Default ResourceProfile created, executor resources: Map(cores -> name: cores, amount: 1, script: , vendor: , memory -> name: memory, amount: 1024, script: , vendor: , offHeap -> name: offHeap, amount: 0, script: , vendor: ), task resources: Map(cpus -> name: cpus, amount: 1.0)
26/09/21 22:03:33 INFO ResourceProfile: Limiting resource is cpu
26/09/21 22:03:33 INFO ResourceProfileManager: Added ResourceProfile id: 0
26/09/21 22:03:33 INFO SecurityManager: Changing view acls to: airflow
26/09/21 22:03:33 INFO SecurityManager: Changing modify acls to: airflow
26/09/21 22:03:33 INFO SecurityManager: Changing view acls groups to: 
26/09/21 22:03:33 INFO SecurityManager: Changing modify acls groups to: 
26/09/21 22:03:33 INFO SecurityManager: SecurityManager: authentication disabled; ui acls disabled; users with view permissions: airflow; groups with view permissions: EMPTY; users with modify permissions: airflow; groups with modify permissions: EMPTY
26/09/21 22:03:33 INFO Utils: Successfully started service 'sparkDriver' on port 46309.
26/09/21 22:03:33 INFO SparkEnv: Registering MapOutputTracker
26/09/21 22:03:33 INFO SparkEnv: Registering BlockManagerMaster
26/09/21 22:03:33 INFO BlockManagerMasterEndpoint: Using org.apache.spark.storage.DefaultTopologyMapper for getting topology information
26/09/21 22:03:33 INFO BlockManagerMasterEndpoint: BlockManagerMasterEndpoint up
26/09/21 22:03:33 INFO SparkEnv: Registering BlockManagerMasterHeartbeat
26/09/21 22:03:33 INFO DiskBlockManager: Created local directory at /tmp/blockmgr-e86c7413-f3b2-4981-a8f7-38f33ad01227
26/09/21 22:03:33 INFO MemoryStore: MemoryStore started with capacity 434.4 MiB
26/09/21 22:03:33 INFO SparkEnv: Registering OutputCommitCoordinator
26/09/21 22:03:33 INFO JettyUtils: Start Jetty 0.0.0.0:4040 for SparkUI
26/09/21 22:03:33 INFO Utils: Successfully started service 'SparkUI' on port 4040.
26/09/21 22:03:33 INFO SparkContext: Added JAR file:///home/airflow/.ivy2/jars/org.postgresql_postgresql-42.6.0.jar at spark://e6c3ac7e1715:46309/jars/org.postgresql_postgresql-42.6.0.jar with timestamp 1790028213139
26/09/21 22:03:33 INFO SparkContext: Added JAR file:///home/airflow/.ivy2/jars/org.checkerframework_checker-qual-3.31.0.jar at spark://e6c3ac7e1715:46309/jars/org.checkerframework_checker-qual-3.31.0.jar with timestamp 1790028213139
26/09/21 22:03:33 INFO SparkContext: Added file file:///home/airflow/.ivy2/jars/org.postgresql_postgresql-42.6.0.jar at file:///home/airflow/.ivy2/jars/org.postgresql_postgresql-42.6.0.jar with timestamp 1790028213139
26/09/21 22:03:33 INFO Utils: Copying /home/airflow/.ivy2/jars/org.postgresql_postgresql-42.6.0.jar to /tmp/spark-37f39ef0-2c46-4e20-bef6-04a7f4d2e67a/userFiles-35697734-26e0-4845-97ba-dd6602a41d23/org.postgresql_postgresql-42.6.0.jar
26/09/21 22:03:33 INFO SparkContext: Added file file:///home/airflow/.ivy2/jars/org.checkerframework_checker-qual-3.31.0.jar at file:///home/airflow/.ivy2/jars/org.checkerframework_checker-qual-3.31.0.jar with timestamp 1790028213139
26/09/21 22:03:33 INFO Utils: Copying /home/airflow/.ivy2/jars/org.checkerframework_checker-qual-3.31.0.jar to /tmp/spark-37f39ef0-2c46-4e20-bef6-04a7f4d2e67a/userFiles-35697734-26e0-4845-97ba-dd6602a41d23/org.checkerframework_checker-qual-3.31.0.jar
26/09/21 22:03:33 INFO Executor: Starting executor ID driver on host e6c3ac7e1715
26/09/21 22:03:33 INFO Executor: OS info Linux, 7.0.0-31-generic, amd64
26/09/21 22:03:33 INFO Executor: Java version 17.0.20.1
26/09/21 22:03:33 INFO Executor: Starting executor with user classpath (userClassPathFirst = false): ''
26/09/21 22:03:33 INFO Executor: Created or updated repl class loader org.apache.spark.util.MutableURLClassLoader@1c4997a4 for default.
26/09/21 22:03:33 INFO Executor: Fetching file:///home/airflow/.ivy2/jars/org.checkerframework_checker-qual-3.31.0.jar with timestamp 1790028213139
26/09/21 22:03:33 INFO Utils: /home/airflow/.ivy2/jars/org.checkerframework_checker-qual-3.31.0.jar has been previously copied to /tmp/spark-37f39ef0-2c46-4e20-bef6-04a7f4d2e67a/userFiles-35697734-26e0-4845-97ba-dd6602a41d23/org.checkerframework_checker-qual-3.31.0.jar
26/09/21 22:03:33 INFO Executor: Fetching file:///home/airflow/.ivy2/jars/org.postgresql_postgresql-42.6.0.jar with timestamp 1790028213139
26/09/21 22:03:33 INFO Utils: /home/airflow/.ivy2/jars/org.postgresql_postgresql-42.6.0.jar has been previously copied to /tmp/spark-37f39ef0-2c46-4e20-bef6-04a7f4d2e67a/userFiles-35697734-26e0-4845-97ba-dd6602a41d23/org.postgresql_postgresql-42.6.0.jar
26/09/21 22:03:33 INFO Executor: Fetching spark://e6c3ac7e1715:46309/jars/org.postgresql_postgresql-42.6.0.jar with timestamp 1790028213139
26/09/21 22:03:33 INFO TransportClientFactory: Successfully created connection to e6c3ac7e1715/172.21.0.3:46309 after 29 ms (0 ms spent in bootstraps)
26/09/21 22:03:33 INFO Utils: Fetching spark://e6c3ac7e1715:46309/jars/org.postgresql_postgresql-42.6.0.jar to /tmp/spark-37f39ef0-2c46-4e20-bef6-04a7f4d2e67a/userFiles-35697734-26e0-4845-97ba-dd6602a41d23/fetchFileTemp16085063819559612054.tmp
26/09/21 22:03:34 INFO Utils: /tmp/spark-37f39ef0-2c46-4e20-bef6-04a7f4d2e67a/userFiles-35697734-26e0-4845-97ba-dd6602a41d23/fetchFileTemp16085063819559612054.tmp has been previously copied to /tmp/spark-37f39ef0-2c46-4e20-bef6-04a7f4d2e67a/userFiles-35697734-26e0-4845-97ba-dd6602a41d23/org.postgresql_postgresql-42.6.0.jar
26/09/21 22:03:34 INFO Executor: Adding file:/tmp/spark-37f39ef0-2c46-4e20-bef6-04a7f4d2e67a/userFiles-35697734-26e0-4845-97ba-dd6602a41d23/org.postgresql_postgresql-42.6.0.jar to class loader default
26/09/21 22:03:34 INFO Executor: Fetching spark://e6c3ac7e1715:46309/jars/org.checkerframework_checker-qual-3.31.0.jar with timestamp 1790028213139
26/09/21 22:03:34 INFO Utils: Fetching spark://e6c3ac7e1715:46309/jars/org.checkerframework_checker-qual-3.31.0.jar to /tmp/spark-37f39ef0-2c46-4e20-bef6-04a7f4d2e67a/userFiles-35697734-26e0-4845-97ba-dd6602a41d23/fetchFileTemp4051020244256403462.tmp
26/09/21 22:03:34 INFO Utils: /tmp/spark-37f39ef0-2c46-4e20-bef6-04a7f4d2e67a/userFiles-35697734-26e0-4845-97ba-dd6602a41d23/fetchFileTemp4051020244256403462.tmp has been previously copied to /tmp/spark-37f39ef0-2c46-4e20-bef6-04a7f4d2e67a/userFiles-35697734-26e0-4845-97ba-dd6602a41d23/org.checkerframework_checker-qual-3.31.0.jar
26/09/21 22:03:34 INFO Executor: Adding file:/tmp/spark-37f39ef0-2c46-4e20-bef6-04a7f4d2e67a/userFiles-35697734-26e0-4845-97ba-dd6602a41d23/org.checkerframework_checker-qual-3.31.0.jar to class loader default
26/09/21 22:03:34 INFO Utils: Successfully started service 'org.apache.spark.network.netty.NettyBlockTransferService' on port 42027.
26/09/21 22:03:34 INFO NettyBlockTransferService: Server created on e6c3ac7e1715:42027
26/09/21 22:03:34 INFO BlockManager: Using org.apache.spark.storage.RandomBlockReplicationPolicy for block replication policy
26/09/21 22:03:34 INFO BlockManagerMaster: Registering BlockManager BlockManagerId(driver, e6c3ac7e1715, 42027, None)
26/09/21 22:03:34 INFO BlockManagerMasterEndpoint: Registering block manager e6c3ac7e1715:42027 with 434.4 MiB RAM, BlockManagerId(driver, e6c3ac7e1715, 42027, None)
26/09/21 22:03:34 INFO BlockManagerMaster: Registered BlockManager BlockManagerId(driver, e6c3ac7e1715, 42027, None)
26/09/21 22:03:34 INFO BlockManager: Initialized BlockManager: BlockManagerId(driver, e6c3ac7e1715, 42027, None)
26/09/21 22:03:34 INFO SharedState: Setting hive.metastore.warehouse.dir ('null') to the value of spark.sql.warehouse.dir.
26/09/21 22:03:34 INFO SharedState: Warehouse path is 'file:/opt/airflow/spark-warehouse'.
26/09/21 22:03:35 INFO InMemoryFileIndex: It took 31 ms to list leaf files for 1 paths.
26/09/21 22:03:35 INFO SparkContext: Starting job: parquet at NativeMethodAccessorImpl.java:0
26/09/21 22:03:35 INFO DAGScheduler: Got job 0 (parquet at NativeMethodAccessorImpl.java:0) with 1 output partitions
26/09/21 22:03:35 INFO DAGScheduler: Final stage: ResultStage 0 (parquet at NativeMethodAccessorImpl.java:0)
26/09/21 22:03:35 INFO DAGScheduler: Parents of final stage: List()
26/09/21 22:03:35 INFO DAGScheduler: Missing parents: List()
26/09/21 22:03:35 INFO DAGScheduler: Submitting ResultStage 0 (MapPartitionsRDD[1] at parquet at NativeMethodAccessorImpl.java:0), which has no missing parents
26/09/21 22:03:35 INFO MemoryStore: Block broadcast_0 stored as values in memory (estimated size 104.5 KiB, free 434.3 MiB)
26/09/21 22:03:35 INFO MemoryStore: Block broadcast_0_piece0 stored as bytes in memory (estimated size 37.6 KiB, free 434.3 MiB)
26/09/21 22:03:35 INFO BlockManagerInfo: Added broadcast_0_piece0 in memory on e6c3ac7e1715:42027 (size: 37.6 KiB, free: 434.4 MiB)
26/09/21 22:03:35 INFO SparkContext: Created broadcast 0 from broadcast at DAGScheduler.scala:1585
26/09/21 22:03:35 INFO DAGScheduler: Submitting 1 missing tasks from ResultStage 0 (MapPartitionsRDD[1] at parquet at NativeMethodAccessorImpl.java:0) (first 15 tasks are for partitions Vector(0))
26/09/21 22:03:35 INFO TaskSchedulerImpl: Adding task set 0.0 with 1 tasks resource profile 0
26/09/21 22:03:35 INFO TaskSetManager: Starting task 0.0 in stage 0.0 (TID 0) (e6c3ac7e1715, executor driver, partition 0, PROCESS_LOCAL, 8303 bytes) 
26/09/21 22:03:35 INFO Executor: Running task 0.0 in stage 0.0 (TID 0)
26/09/21 22:03:35 INFO Executor: Finished task 0.0 in stage 0.0 (TID 0). 2034 bytes result sent to driver
26/09/21 22:03:35 INFO TaskSetManager: Finished task 0.0 in stage 0.0 (TID 0) in 346 ms on e6c3ac7e1715 (executor driver) (1/1)
26/09/21 22:03:35 INFO TaskSchedulerImpl: Removed TaskSet 0.0, whose tasks have all completed, from pool 
26/09/21 22:03:35 INFO DAGScheduler: ResultStage 0 (parquet at NativeMethodAccessorImpl.java:0) finished in 0.479 s
26/09/21 22:03:35 INFO DAGScheduler: Job 0 is finished. Cancelling potential speculative or zombie tasks for this job
26/09/21 22:03:35 INFO TaskSchedulerImpl: Killing all running tasks in stage 0: Stage finished
26/09/21 22:03:35 INFO DAGScheduler: Job 0 finished: parquet at NativeMethodAccessorImpl.java:0, took 0.516277 s
26/09/21 22:03:36 INFO BlockManagerInfo: Removed broadcast_0_piece0 on e6c3ac7e1715:42027 in memory (size: 37.6 KiB, free: 434.4 MiB)
26/09/21 22:03:36 INFO SparkContext: Invoking stop() from shutdown hook
26/09/21 22:03:36 INFO SparkContext: SparkContext is stopping with exitCode 0.
26/09/21 22:03:36 INFO SparkUI: Stopped Spark web UI at http://e6c3ac7e1715:4040
26/09/21 22:03:36 INFO MapOutputTrackerMasterEndpoint: MapOutputTrackerMasterEndpoint stopped!
26/09/21 22:03:36 INFO MemoryStore: MemoryStore cleared
26/09/21 22:03:36 INFO BlockManager: BlockManager stopped
26/09/21 22:03:36 INFO BlockManagerMaster: BlockManagerMaster stopped
26/09/21 22:03:36 INFO OutputCommitCoordinator$OutputCommitCoordinatorEndpoint: OutputCommitCoordinator stopped!
26/09/21 22:03:36 INFO SparkContext: Successfully stopped SparkContext
26/09/21 22:03:36 INFO ShutdownHookManager: Shutdown hook called
26/09/21 22:03:36 INFO ShutdownHookManager: Deleting directory /tmp/spark-92fa8ef5-f1d2-4e9d-bb28-308738f96029
26/09/21 22:03:36 INFO ShutdownHookManager: Deleting directory /tmp/spark-37f39ef0-2c46-4e20-bef6-04a7f4d2e67a/pyspark-bd77697f-8409-4390-a772-c4a8921143cb
26/09/21 22:03:36 INFO ShutdownHookManager: Deleting directory /tmp/spark-37f39ef0-2c46-4e20-bef6-04a7f4d2e67a

[2026-09-21T22:03:36.799+0000] {taskinstance.py:441} INFO - ::group::Post task execution logs
[2026-09-21T22:03:36.800+0000] {taskinstance.py:2905} ERROR - Task failed with exception
Traceback (most recent call last):
  File "/home/airflow/.local/lib/python3.11/site-packages/airflow/models/taskinstance.py", line 465, in _execute_task
    result = _execute_callable(context=context, **execute_callable_kwargs)
             ^^^^^^^^^^^^^^^^^^^^^^^^^^^^^^^^^^^^^^^^^^^^^^^^^^^^^^^^^^^^^
  File "/home/airflow/.local/lib/python3.11/site-packages/airflow/models/taskinstance.py", line 432, in _execute_callable
    return execute_callable(context=context, **execute_callable_kwargs)
           ^^^^^^^^^^^^^^^^^^^^^^^^^^^^^^^^^^^^^^^^^^^^^^^^^^^^^^^^^^^^
  File "/home/airflow/.local/lib/python3.11/site-packages/airflow/models/baseoperator.py", line 401, in wrapper
    return func(self, *args, **kwargs)
           ^^^^^^^^^^^^^^^^^^^^^^^^^^^
  File "/home/airflow/.local/lib/python3.11/site-packages/airflow/decorators/base.py", line 265, in execute
    return_value = super().execute(context)
                   ^^^^^^^^^^^^^^^^^^^^^^^^
  File "/home/airflow/.local/lib/python3.11/site-packages/airflow/models/baseoperator.py", line 401, in wrapper
    return func(self, *args, **kwargs)
           ^^^^^^^^^^^^^^^^^^^^^^^^^^^
  File "/home/airflow/.local/lib/python3.11/site-packages/airflow/operators/python.py", line 235, in execute
    return_value = self.execute_callable()
                   ^^^^^^^^^^^^^^^^^^^^^^^
  File "/home/airflow/.local/lib/python3.11/site-packages/airflow/operators/python.py", line 252, in execute_callable
    return self.python_callable(*self.op_args, **self.op_kwargs)
           ^^^^^^^^^^^^^^^^^^^^^^^^^^^^^^^^^^^^^^^^^^^^^^^^^^^^^
  File "/opt/airflow/dags/etl.py", line 70, in extract
    raise e
  File "/opt/airflow/dags/etl.py", line 59, in extract
    script_run = subprocess.run([
                 ^^^^^^^^^^^^^^^^
  File "/usr/local/lib/python3.11/subprocess.py", line 571, in run
    raise CalledProcessError(retcode, process.args,
subprocess.CalledProcessError: Command '['spark-submit', '--packages', 'org.postgresql:postgresql:42.6.0', '/opt/airflow/dags/daily_etl.py', '2019-10-15']' returned non-zero exit status 1.
[2026-09-21T22:03:36.810+0000] {taskinstance.py:1206} INFO - Marking task as UP_FOR_RETRY. dag_id=ecommerce_data, task_id=extract, run_id=scheduled__2019-10-15T00:00:00+00:00, execution_date=20191015T000000, start_date=20260921T220330, end_date=20260921T220336
[2026-09-21T22:03:36.821+0000] {standard_task_runner.py:110} ERROR - Failed to execute job 163 for task extract (Command '['spark-submit', '--packages', 'org.postgresql:postgresql:42.6.0', '/opt/airflow/dags/daily_etl.py', '2019-10-15']' returned non-zero exit status 1.; 17674)
[2026-09-21T22:03:36.867+0000] {local_task_job_runner.py:240} INFO - Task exited with return code 1
[2026-09-21T22:03:36.879+0000] {taskinstance.py:3503} INFO - 0 downstream tasks scheduled from follow-on schedule check
[2026-09-21T22:03:36.880+0000] {local_task_job_runner.py:222} INFO - ::endgroup::
[2026-09-21T22:35:08.450+0000] {local_task_job_runner.py:120} INFO - ::group::Pre task execution logs
[2026-09-21T22:35:08.471+0000] {taskinstance.py:2076} INFO - Dependencies all met for dep_context=non-requeueable deps ti=<TaskInstance: ecommerce_data.extract scheduled__2019-10-15T00:00:00+00:00 [queued]>
[2026-09-21T22:35:08.476+0000] {taskinstance.py:2076} INFO - Dependencies all met for dep_context=requeueable deps ti=<TaskInstance: ecommerce_data.extract scheduled__2019-10-15T00:00:00+00:00 [queued]>
[2026-09-21T22:35:08.476+0000] {taskinstance.py:2306} INFO - Starting attempt 3 of 4
[2026-09-21T22:35:08.486+0000] {taskinstance.py:2330} INFO - Executing <Task(_PythonDecoratedOperator): extract> on 2019-10-15 00:00:00+00:00
[2026-09-21T22:35:08.491+0000] {standard_task_runner.py:63} INFO - Started process 36141 to run task
[2026-09-21T22:35:08.494+0000] {standard_task_runner.py:90} INFO - Running: ['airflow', 'tasks', 'run', 'ecommerce_data', 'extract', 'scheduled__2019-10-15T00:00:00+00:00', '--job-id', '313', '--raw', '--subdir', 'DAGS_FOLDER/etl.py', '--cfg-path', '/tmp/tmpna4lucq3']
[2026-09-21T22:35:08.495+0000] {standard_task_runner.py:91} INFO - Job 313: Subtask extract
[2026-09-21T22:35:08.524+0000] {task_command.py:426} INFO - Running <TaskInstance: ecommerce_data.extract scheduled__2019-10-15T00:00:00+00:00 [running]> on host e6c3ac7e1715
[2026-09-21T22:35:08.568+0000] {taskinstance.py:2648} INFO - Exporting env vars: AIRFLOW_CTX_DAG_OWNER='airflow' AIRFLOW_CTX_DAG_ID='ecommerce_data' AIRFLOW_CTX_TASK_ID='extract' AIRFLOW_CTX_EXECUTION_DATE='2019-10-15T00:00:00+00:00' AIRFLOW_CTX_TRY_NUMBER='3' AIRFLOW_CTX_DAG_RUN_ID='scheduled__2019-10-15T00:00:00+00:00'
[2026-09-21T22:35:08.568+0000] {taskinstance.py:430} INFO - ::endgroup::
[2026-09-21T22:35:08.572+0000] {base.py:84} INFO - Using connection ID 'postgres_conn_id' for task execution.
[2026-09-21T22:35:17.578+0000] {taskinstance.py:441} INFO - ::group::Post task execution logs
[2026-09-21T22:35:17.578+0000] {taskinstance.py:2905} ERROR - Task failed with exception
Traceback (most recent call last):
  File "/home/airflow/.local/lib/python3.11/site-packages/airflow/models/taskinstance.py", line 465, in _execute_task
    result = _execute_callable(context=context, **execute_callable_kwargs)
             ^^^^^^^^^^^^^^^^^^^^^^^^^^^^^^^^^^^^^^^^^^^^^^^^^^^^^^^^^^^^^
  File "/home/airflow/.local/lib/python3.11/site-packages/airflow/models/taskinstance.py", line 432, in _execute_callable
    return execute_callable(context=context, **execute_callable_kwargs)
           ^^^^^^^^^^^^^^^^^^^^^^^^^^^^^^^^^^^^^^^^^^^^^^^^^^^^^^^^^^^^
  File "/home/airflow/.local/lib/python3.11/site-packages/airflow/models/baseoperator.py", line 401, in wrapper
    return func(self, *args, **kwargs)
           ^^^^^^^^^^^^^^^^^^^^^^^^^^^
  File "/home/airflow/.local/lib/python3.11/site-packages/airflow/decorators/base.py", line 265, in execute
    return_value = super().execute(context)
                   ^^^^^^^^^^^^^^^^^^^^^^^^
  File "/home/airflow/.local/lib/python3.11/site-packages/airflow/models/baseoperator.py", line 401, in wrapper
    return func(self, *args, **kwargs)
           ^^^^^^^^^^^^^^^^^^^^^^^^^^^
  File "/home/airflow/.local/lib/python3.11/site-packages/airflow/operators/python.py", line 235, in execute
    return_value = self.execute_callable()
                   ^^^^^^^^^^^^^^^^^^^^^^^
  File "/home/airflow/.local/lib/python3.11/site-packages/airflow/operators/python.py", line 252, in execute_callable
    return self.python_callable(*self.op_args, **self.op_kwargs)
           ^^^^^^^^^^^^^^^^^^^^^^^^^^^^^^^^^^^^^^^^^^^^^^^^^^^^^
  File "/opt/airflow/dags/etl.py", line 58, in extract
    script_run = subprocess.run([
                 ^^^^^^^^^^^^^^^^
  File "/usr/local/lib/python3.11/subprocess.py", line 571, in run
    raise CalledProcessError(retcode, process.args,
subprocess.CalledProcessError: Command '['spark-submit', '--packages', 'org.postgresql:postgresql:42.6.0', '/opt/airflow/dags/daily_etl.py', '2019-10-15']' returned non-zero exit status 1.
[2026-09-21T22:35:17.583+0000] {taskinstance.py:1206} INFO - Marking task as UP_FOR_RETRY. dag_id=ecommerce_data, task_id=extract, run_id=scheduled__2019-10-15T00:00:00+00:00, execution_date=20191015T000000, start_date=20260921T223508, end_date=20260921T223517
[2026-09-21T22:35:17.590+0000] {standard_task_runner.py:110} ERROR - Failed to execute job 313 for task extract (Command '['spark-submit', '--packages', 'org.postgresql:postgresql:42.6.0', '/opt/airflow/dags/daily_etl.py', '2019-10-15']' returned non-zero exit status 1.; 36141)
[2026-09-21T22:35:17.618+0000] {local_task_job_runner.py:240} INFO - Task exited with return code 1
[2026-09-21T22:35:17.629+0000] {taskinstance.py:3503} INFO - 0 downstream tasks scheduled from follow-on schedule check
[2026-09-21T22:35:17.630+0000] {local_task_job_runner.py:222} INFO - ::endgroup::
