[2026-09-18T12:34:21.024+0000] {local_task_job_runner.py:120} INFO - ::group::Pre task execution logs
[2026-09-18T12:34:21.040+0000] {taskinstance.py:2076} INFO - Dependencies all met for dep_context=non-requeueable deps ti=<TaskInstance: ecommerce_data.extract scheduled__2019-10-15T00:00:00+00:00 [queued]>
[2026-09-18T12:34:21.043+0000] {taskinstance.py:2076} INFO - Dependencies all met for dep_context=requeueable deps ti=<TaskInstance: ecommerce_data.extract scheduled__2019-10-15T00:00:00+00:00 [queued]>
[2026-09-18T12:34:21.043+0000] {taskinstance.py:2306} INFO - Starting attempt 1 of 4
[2026-09-18T12:34:21.049+0000] {taskinstance.py:2330} INFO - Executing <Task(_PythonDecoratedOperator): extract> on 2019-10-15 00:00:00+00:00
[2026-09-18T12:34:21.052+0000] {standard_task_runner.py:63} INFO - Started process 4142 to run task
[2026-09-18T12:34:21.054+0000] {standard_task_runner.py:90} INFO - Running: ['airflow', 'tasks', 'run', 'ecommerce_data', 'extract', 'scheduled__2019-10-15T00:00:00+00:00', '--job-id', '57', '--raw', '--subdir', 'DAGS_FOLDER/etl.py', '--cfg-path', '/tmp/tmpy5dl0c28']
[2026-09-18T12:34:21.055+0000] {standard_task_runner.py:91} INFO - Job 57: Subtask extract
[2026-09-18T12:34:21.072+0000] {task_command.py:426} INFO - Running <TaskInstance: ecommerce_data.extract scheduled__2019-10-15T00:00:00+00:00 [running]> on host ac3d43ca2f24
[2026-09-18T12:34:21.101+0000] {taskinstance.py:2648} INFO - Exporting env vars: AIRFLOW_CTX_DAG_OWNER='airflow' AIRFLOW_CTX_DAG_ID='ecommerce_data' AIRFLOW_CTX_TASK_ID='extract' AIRFLOW_CTX_EXECUTION_DATE='2019-10-15T00:00:00+00:00' AIRFLOW_CTX_TRY_NUMBER='1' AIRFLOW_CTX_DAG_RUN_ID='scheduled__2019-10-15T00:00:00+00:00'
[2026-09-18T12:34:21.101+0000] {taskinstance.py:430} INFO - ::endgroup::
[2026-09-18T12:34:22.076+0000] {taskinstance.py:441} INFO - ::group::Post task execution logs
[2026-09-18T12:34:22.076+0000] {taskinstance.py:2905} ERROR - Task failed with exception
Traceback (most recent call last):
  File "/home/airflow/.local/lib/python3.11/site-packages/airflow/models/taskinstance.py", line 465, in _execute_task
    result = _execute_callable(context=context, **execute_callable_kwargs)
             ^^^^^^^^^^^^^^^^^^^^^^^^^^^^^^^^^^^^^^^^^^^^^^^^^^^^^^^^^^^^^
  File "/home/airflow/.local/lib/python3.11/site-packages/airflow/models/taskinstance.py", line 432, in _execute_callable
    return execute_callable(context=context, **execute_callable_kwargs)
           ^^^^^^^^^^^^^^^^^^^^^^^^^^^^^^^^^^^^^^^^^^^^^^^^^^^^^^^^^^^^
  File "/home/airflow/.local/lib/python3.11/site-packages/airflow/models/baseoperator.py", line 401, in wrapper
    return func(self, *args, **kwargs)
           ^^^^^^^^^^^^^^^^^^^^^^^^^^^
  File "/home/airflow/.local/lib/python3.11/site-packages/airflow/decorators/base.py", line 265, in execute
    return_value = super().execute(context)
                   ^^^^^^^^^^^^^^^^^^^^^^^^
  File "/home/airflow/.local/lib/python3.11/site-packages/airflow/models/baseoperator.py", line 401, in wrapper
    return func(self, *args, **kwargs)
           ^^^^^^^^^^^^^^^^^^^^^^^^^^^
  File "/home/airflow/.local/lib/python3.11/site-packages/airflow/operators/python.py", line 235, in execute
    return_value = self.execute_callable()
                   ^^^^^^^^^^^^^^^^^^^^^^^
  File "/home/airflow/.local/lib/python3.11/site-packages/airflow/operators/python.py", line 252, in execute_callable
    return self.python_callable(*self.op_args, **self.op_kwargs)
           ^^^^^^^^^^^^^^^^^^^^^^^^^^^^^^^^^^^^^^^^^^^^^^^^^^^^^
  File "/opt/airflow/dags/etl.py", line 26, in extract
    script_run = subprocess.run(["spark-submit", "daily_etl.py", ds], check=True)
                 ^^^^^^^^^^^^^^^^^^^^^^^^^^^^^^^^^^^^^^^^^^^^^^^^^^^^^^^^^^^^^^^^
  File "/usr/local/lib/python3.11/subprocess.py", line 571, in run
    raise CalledProcessError(retcode, process.args,
subprocess.CalledProcessError: Command '['spark-submit', 'daily_etl.py', '2019-10-15']' returned non-zero exit status 2.
[2026-09-18T12:34:22.079+0000] {taskinstance.py:1206} INFO - Marking task as UP_FOR_RETRY. dag_id=ecommerce_data, task_id=extract, run_id=scheduled__2019-10-15T00:00:00+00:00, execution_date=20191015T000000, start_date=20260918T123421, end_date=20260918T123422
[2026-09-18T12:34:22.084+0000] {standard_task_runner.py:110} ERROR - Failed to execute job 57 for task extract (Command '['spark-submit', 'daily_etl.py', '2019-10-15']' returned non-zero exit status 2.; 4142)
[2026-09-18T12:34:22.108+0000] {local_task_job_runner.py:240} INFO - Task exited with return code 1
[2026-09-18T12:34:22.117+0000] {taskinstance.py:3503} INFO - 0 downstream tasks scheduled from follow-on schedule check
[2026-09-18T12:34:22.117+0000] {local_task_job_runner.py:222} INFO - ::endgroup::
[2026-09-19T14:20:08.687+0000] {local_task_job_runner.py:120} INFO - ::group::Pre task execution logs
[2026-09-19T14:20:08.706+0000] {taskinstance.py:2076} INFO - Dependencies all met for dep_context=non-requeueable deps ti=<TaskInstance: ecommerce_data.extract scheduled__2019-10-15T00:00:00+00:00 [queued]>
[2026-09-19T14:20:08.711+0000] {taskinstance.py:2076} INFO - Dependencies all met for dep_context=requeueable deps ti=<TaskInstance: ecommerce_data.extract scheduled__2019-10-15T00:00:00+00:00 [queued]>
[2026-09-19T14:20:08.711+0000] {taskinstance.py:2306} INFO - Starting attempt 1 of 4
[2026-09-19T14:20:08.719+0000] {taskinstance.py:2330} INFO - Executing <Task(_PythonDecoratedOperator): extract> on 2019-10-15 00:00:00+00:00
[2026-09-19T14:20:08.725+0000] {standard_task_runner.py:63} INFO - Started process 8808 to run task
[2026-09-19T14:20:08.727+0000] {standard_task_runner.py:90} INFO - Running: ['airflow', 'tasks', 'run', 'ecommerce_data', 'extract', 'scheduled__2019-10-15T00:00:00+00:00', '--job-id', '122', '--raw', '--subdir', 'DAGS_FOLDER/etl.py', '--cfg-path', '/tmp/tmpah5x5dro']
[2026-09-19T14:20:08.728+0000] {standard_task_runner.py:91} INFO - Job 122: Subtask extract
[2026-09-19T14:20:08.754+0000] {task_command.py:426} INFO - Running <TaskInstance: ecommerce_data.extract scheduled__2019-10-15T00:00:00+00:00 [running]> on host 8e73891b263a
[2026-09-19T14:20:08.813+0000] {taskinstance.py:2648} INFO - Exporting env vars: AIRFLOW_CTX_DAG_OWNER='airflow' AIRFLOW_CTX_DAG_ID='ecommerce_data' AIRFLOW_CTX_TASK_ID='extract' AIRFLOW_CTX_EXECUTION_DATE='2019-10-15T00:00:00+00:00' AIRFLOW_CTX_TRY_NUMBER='1' AIRFLOW_CTX_DAG_RUN_ID='scheduled__2019-10-15T00:00:00+00:00'
[2026-09-19T14:20:08.813+0000] {taskinstance.py:430} INFO - ::endgroup::
[2026-09-19T14:20:23.284+0000] {python.py:237} INFO - Done. Returned value was: None
[2026-09-19T14:20:23.284+0000] {taskinstance.py:441} INFO - ::group::Post task execution logs
[2026-09-19T14:20:23.288+0000] {taskinstance.py:1206} INFO - Marking task as SUCCESS. dag_id=ecommerce_data, task_id=extract, run_id=scheduled__2019-10-15T00:00:00+00:00, execution_date=20191015T000000, start_date=20260919T142008, end_date=20260919T142023
[2026-09-19T14:20:23.335+0000] {local_task_job_runner.py:240} INFO - Task exited with return code 0
[2026-09-19T14:20:23.348+0000] {taskinstance.py:3503} INFO - 0 downstream tasks scheduled from follow-on schedule check
[2026-09-19T14:20:23.349+0000] {local_task_job_runner.py:222} INFO - ::endgroup::
