[2026-09-18T12:31:52.268+0000] {local_task_job_runner.py:120} INFO - ::group::Pre task execution logs
[2026-09-18T12:31:52.281+0000] {taskinstance.py:2076} INFO - Dependencies all met for dep_context=non-requeueable deps ti=<TaskInstance: ecommerce_data.extract scheduled__2019-10-04T00:00:00+00:00 [queued]>
[2026-09-18T12:31:52.284+0000] {taskinstance.py:2076} INFO - Dependencies all met for dep_context=requeueable deps ti=<TaskInstance: ecommerce_data.extract scheduled__2019-10-04T00:00:00+00:00 [queued]>
[2026-09-18T12:31:52.284+0000] {taskinstance.py:2306} INFO - Starting attempt 1 of 4
[2026-09-18T12:31:52.289+0000] {taskinstance.py:2330} INFO - Executing <Task(_PythonDecoratedOperator): extract> on 2019-10-04 00:00:00+00:00
[2026-09-18T12:31:52.293+0000] {standard_task_runner.py:63} INFO - Started process 546 to run task
[2026-09-18T12:31:52.294+0000] {standard_task_runner.py:90} INFO - Running: ['airflow', 'tasks', 'run', 'ecommerce_data', 'extract', 'scheduled__2019-10-04T00:00:00+00:00', '--job-id', '9', '--raw', '--subdir', 'DAGS_FOLDER/etl.py', '--cfg-path', '/tmp/tmpjyru266f']
[2026-09-18T12:31:52.295+0000] {standard_task_runner.py:91} INFO - Job 9: Subtask extract
[2026-09-18T12:31:52.312+0000] {task_command.py:426} INFO - Running <TaskInstance: ecommerce_data.extract scheduled__2019-10-04T00:00:00+00:00 [running]> on host ac3d43ca2f24
[2026-09-18T12:31:52.341+0000] {taskinstance.py:2648} INFO - Exporting env vars: AIRFLOW_CTX_DAG_OWNER='airflow' AIRFLOW_CTX_DAG_ID='ecommerce_data' AIRFLOW_CTX_TASK_ID='extract' AIRFLOW_CTX_EXECUTION_DATE='2019-10-04T00:00:00+00:00' AIRFLOW_CTX_TRY_NUMBER='1' AIRFLOW_CTX_DAG_RUN_ID='scheduled__2019-10-04T00:00:00+00:00'
[2026-09-18T12:31:52.342+0000] {taskinstance.py:430} INFO - ::endgroup::
[2026-09-18T12:31:53.360+0000] {taskinstance.py:441} INFO - ::group::Post task execution logs
[2026-09-18T12:31:53.361+0000] {taskinstance.py:2905} ERROR - Task failed with exception
Traceback (most recent call last):
  File "/home/airflow/.local/lib/python3.11/site-packages/airflow/models/taskinstance.py", line 465, in _execute_task
    result = _execute_callable(context=context, **execute_callable_kwargs)
             ^^^^^^^^^^^^^^^^^^^^^^^^^^^^^^^^^^^^^^^^^^^^^^^^^^^^^^^^^^^^^
  File "/home/airflow/.local/lib/python3.11/site-packages/airflow/models/taskinstance.py", line 432, in _execute_callable
    return execute_callable(context=context, **execute_callable_kwargs)
           ^^^^^^^^^^^^^^^^^^^^^^^^^^^^^^^^^^^^^^^^^^^^^^^^^^^^^^^^^^^^
  File "/home/airflow/.local/lib/python3.11/site-packages/airflow/models/baseoperator.py", line 401, in wrapper
    return func(self, *args, **kwargs)
           ^^^^^^^^^^^^^^^^^^^^^^^^^^^
  File "/home/airflow/.local/lib/python3.11/site-packages/airflow/decorators/base.py", line 265, in execute
    return_value = super().execute(context)
                   ^^^^^^^^^^^^^^^^^^^^^^^^
  File "/home/airflow/.local/lib/python3.11/site-packages/airflow/models/baseoperator.py", line 401, in wrapper
    return func(self, *args, **kwargs)
           ^^^^^^^^^^^^^^^^^^^^^^^^^^^
  File "/home/airflow/.local/lib/python3.11/site-packages/airflow/operators/python.py", line 235, in execute
    return_value = self.execute_callable()
                   ^^^^^^^^^^^^^^^^^^^^^^^
  File "/home/airflow/.local/lib/python3.11/site-packages/airflow/operators/python.py", line 252, in execute_callable
    return self.python_callable(*self.op_args, **self.op_kwargs)
           ^^^^^^^^^^^^^^^^^^^^^^^^^^^^^^^^^^^^^^^^^^^^^^^^^^^^^
  File "/opt/airflow/dags/etl.py", line 26, in extract
    script_run = subprocess.run(["spark-submit", "daily_etl.py", ds], check=True)
                 ^^^^^^^^^^^^^^^^^^^^^^^^^^^^^^^^^^^^^^^^^^^^^^^^^^^^^^^^^^^^^^^^
  File "/usr/local/lib/python3.11/subprocess.py", line 571, in run
    raise CalledProcessError(retcode, process.args,
subprocess.CalledProcessError: Command '['spark-submit', 'daily_etl.py', '2019-10-04']' returned non-zero exit status 2.
[2026-09-18T12:31:53.364+0000] {taskinstance.py:1206} INFO - Marking task as UP_FOR_RETRY. dag_id=ecommerce_data, task_id=extract, run_id=scheduled__2019-10-04T00:00:00+00:00, execution_date=20191004T000000, start_date=20260918T123152, end_date=20260918T123153
[2026-09-18T12:31:53.369+0000] {standard_task_runner.py:110} ERROR - Failed to execute job 9 for task extract (Command '['spark-submit', 'daily_etl.py', '2019-10-04']' returned non-zero exit status 2.; 546)
[2026-09-18T12:31:53.390+0000] {local_task_job_runner.py:240} INFO - Task exited with return code 1
[2026-09-18T12:31:53.396+0000] {taskinstance.py:3503} INFO - 0 downstream tasks scheduled from follow-on schedule check
[2026-09-18T12:31:53.396+0000] {local_task_job_runner.py:222} INFO - ::endgroup::
[2026-09-19T13:12:14.436+0000] {local_task_job_runner.py:120} INFO - ::group::Pre task execution logs
[2026-09-19T13:12:14.456+0000] {taskinstance.py:2076} INFO - Dependencies all met for dep_context=non-requeueable deps ti=<TaskInstance: ecommerce_data.extract scheduled__2019-10-04T00:00:00+00:00 [queued]>
[2026-09-19T13:12:14.460+0000] {taskinstance.py:2076} INFO - Dependencies all met for dep_context=requeueable deps ti=<TaskInstance: ecommerce_data.extract scheduled__2019-10-04T00:00:00+00:00 [queued]>
[2026-09-19T13:12:14.461+0000] {taskinstance.py:2306} INFO - Starting attempt 1 of 4
[2026-09-19T13:12:14.469+0000] {taskinstance.py:2330} INFO - Executing <Task(_PythonDecoratedOperator): extract> on 2019-10-04 00:00:00+00:00
[2026-09-19T13:12:14.475+0000] {standard_task_runner.py:63} INFO - Started process 2059 to run task
[2026-09-19T13:12:14.477+0000] {standard_task_runner.py:90} INFO - Running: ['airflow', 'tasks', 'run', 'ecommerce_data', 'extract', 'scheduled__2019-10-04T00:00:00+00:00', '--job-id', '16', '--raw', '--subdir', 'DAGS_FOLDER/etl.py', '--cfg-path', '/tmp/tmp7dgs1gsc']
[2026-09-19T13:12:14.478+0000] {standard_task_runner.py:91} INFO - Job 16: Subtask extract
[2026-09-19T13:12:14.506+0000] {task_command.py:426} INFO - Running <TaskInstance: ecommerce_data.extract scheduled__2019-10-04T00:00:00+00:00 [running]> on host 8e73891b263a
[2026-09-19T13:12:14.559+0000] {taskinstance.py:2648} INFO - Exporting env vars: AIRFLOW_CTX_DAG_OWNER='airflow' AIRFLOW_CTX_DAG_ID='ecommerce_data' AIRFLOW_CTX_TASK_ID='extract' AIRFLOW_CTX_EXECUTION_DATE='2019-10-04T00:00:00+00:00' AIRFLOW_CTX_TRY_NUMBER='1' AIRFLOW_CTX_DAG_RUN_ID='scheduled__2019-10-04T00:00:00+00:00'
[2026-09-19T13:12:14.560+0000] {taskinstance.py:430} INFO - ::endgroup::
[2026-09-19T13:12:20.725+0000] {taskinstance.py:441} INFO - ::group::Post task execution logs
[2026-09-19T13:12:20.725+0000] {taskinstance.py:2905} ERROR - Task failed with exception
Traceback (most recent call last):
  File "/home/airflow/.local/lib/python3.11/site-packages/airflow/models/taskinstance.py", line 465, in _execute_task
    result = _execute_callable(context=context, **execute_callable_kwargs)
             ^^^^^^^^^^^^^^^^^^^^^^^^^^^^^^^^^^^^^^^^^^^^^^^^^^^^^^^^^^^^^
  File "/home/airflow/.local/lib/python3.11/site-packages/airflow/models/taskinstance.py", line 432, in _execute_callable
    return execute_callable(context=context, **execute_callable_kwargs)
           ^^^^^^^^^^^^^^^^^^^^^^^^^^^^^^^^^^^^^^^^^^^^^^^^^^^^^^^^^^^^
  File "/home/airflow/.local/lib/python3.11/site-packages/airflow/models/baseoperator.py", line 401, in wrapper
    return func(self, *args, **kwargs)
           ^^^^^^^^^^^^^^^^^^^^^^^^^^^
  File "/home/airflow/.local/lib/python3.11/site-packages/airflow/decorators/base.py", line 265, in execute
    return_value = super().execute(context)
                   ^^^^^^^^^^^^^^^^^^^^^^^^
  File "/home/airflow/.local/lib/python3.11/site-packages/airflow/models/baseoperator.py", line 401, in wrapper
    return func(self, *args, **kwargs)
           ^^^^^^^^^^^^^^^^^^^^^^^^^^^
  File "/home/airflow/.local/lib/python3.11/site-packages/airflow/operators/python.py", line 235, in execute
    return_value = self.execute_callable()
                   ^^^^^^^^^^^^^^^^^^^^^^^
  File "/home/airflow/.local/lib/python3.11/site-packages/airflow/operators/python.py", line 252, in execute_callable
    return self.python_callable(*self.op_args, **self.op_kwargs)
           ^^^^^^^^^^^^^^^^^^^^^^^^^^^^^^^^^^^^^^^^^^^^^^^^^^^^^
  File "/opt/airflow/dags/etl.py", line 27, in extract
    script_run = subprocess.run(["spark-submit", "/opt/airflow/dags/daily_etl.py", ds], check=True)
                 ^^^^^^^^^^^^^^^^^^^^^^^^^^^^^^^^^^^^^^^^^^^^^^^^^^^^^^^^^^^^^^^^^^^^^^^^^^^^^^^^^^
  File "/usr/local/lib/python3.11/subprocess.py", line 571, in run
    raise CalledProcessError(retcode, process.args,
subprocess.CalledProcessError: Command '['spark-submit', '/opt/airflow/dags/daily_etl.py', '2019-10-04']' returned non-zero exit status 1.
[2026-09-19T13:12:20.734+0000] {taskinstance.py:1206} INFO - Marking task as UP_FOR_RETRY. dag_id=ecommerce_data, task_id=extract, run_id=scheduled__2019-10-04T00:00:00+00:00, execution_date=20191004T000000, start_date=20260919T131214, end_date=20260919T131220
[2026-09-19T13:12:20.746+0000] {standard_task_runner.py:110} ERROR - Failed to execute job 16 for task extract (Command '['spark-submit', '/opt/airflow/dags/daily_etl.py', '2019-10-04']' returned non-zero exit status 1.; 2059)
[2026-09-19T13:12:20.784+0000] {local_task_job_runner.py:240} INFO - Task exited with return code 1
[2026-09-19T13:12:20.805+0000] {taskinstance.py:3503} INFO - 0 downstream tasks scheduled from follow-on schedule check
[2026-09-19T13:12:20.807+0000] {local_task_job_runner.py:222} INFO - ::endgroup::
[2026-09-19T13:38:17.598+0000] {local_task_job_runner.py:120} INFO - ::group::Pre task execution logs
[2026-09-19T13:38:17.618+0000] {taskinstance.py:2076} INFO - Dependencies all met for dep_context=non-requeueable deps ti=<TaskInstance: ecommerce_data.extract scheduled__2019-10-04T00:00:00+00:00 [queued]>
[2026-09-19T13:38:17.622+0000] {taskinstance.py:2076} INFO - Dependencies all met for dep_context=requeueable deps ti=<TaskInstance: ecommerce_data.extract scheduled__2019-10-04T00:00:00+00:00 [queued]>
[2026-09-19T13:38:17.622+0000] {taskinstance.py:2306} INFO - Starting attempt 1 of 4
[2026-09-19T13:38:17.631+0000] {taskinstance.py:2330} INFO - Executing <Task(_PythonDecoratedOperator): extract> on 2019-10-04 00:00:00+00:00
[2026-09-19T13:38:17.636+0000] {standard_task_runner.py:63} INFO - Started process 1524 to run task
[2026-09-19T13:38:17.638+0000] {standard_task_runner.py:90} INFO - Running: ['airflow', 'tasks', 'run', 'ecommerce_data', 'extract', 'scheduled__2019-10-04T00:00:00+00:00', '--job-id', '58', '--raw', '--subdir', 'DAGS_FOLDER/etl.py', '--cfg-path', '/tmp/tmpxnwm1iiq']
[2026-09-19T13:38:17.639+0000] {standard_task_runner.py:91} INFO - Job 58: Subtask extract
[2026-09-19T13:38:17.668+0000] {task_command.py:426} INFO - Running <TaskInstance: ecommerce_data.extract scheduled__2019-10-04T00:00:00+00:00 [running]> on host 8e73891b263a
[2026-09-19T13:38:17.725+0000] {taskinstance.py:2648} INFO - Exporting env vars: AIRFLOW_CTX_DAG_OWNER='airflow' AIRFLOW_CTX_DAG_ID='ecommerce_data' AIRFLOW_CTX_TASK_ID='extract' AIRFLOW_CTX_EXECUTION_DATE='2019-10-04T00:00:00+00:00' AIRFLOW_CTX_TRY_NUMBER='1' AIRFLOW_CTX_DAG_RUN_ID='scheduled__2019-10-04T00:00:00+00:00'
[2026-09-19T13:38:17.726+0000] {taskinstance.py:430} INFO - ::endgroup::
[2026-09-19T13:38:23.688+0000] {taskinstance.py:441} INFO - ::group::Post task execution logs
[2026-09-19T13:38:23.689+0000] {taskinstance.py:2905} ERROR - Task failed with exception
Traceback (most recent call last):
  File "/home/airflow/.local/lib/python3.11/site-packages/airflow/models/taskinstance.py", line 465, in _execute_task
    result = _execute_callable(context=context, **execute_callable_kwargs)
             ^^^^^^^^^^^^^^^^^^^^^^^^^^^^^^^^^^^^^^^^^^^^^^^^^^^^^^^^^^^^^
  File "/home/airflow/.local/lib/python3.11/site-packages/airflow/models/taskinstance.py", line 432, in _execute_callable
    return execute_callable(context=context, **execute_callable_kwargs)
           ^^^^^^^^^^^^^^^^^^^^^^^^^^^^^^^^^^^^^^^^^^^^^^^^^^^^^^^^^^^^
  File "/home/airflow/.local/lib/python3.11/site-packages/airflow/models/baseoperator.py", line 401, in wrapper
    return func(self, *args, **kwargs)
           ^^^^^^^^^^^^^^^^^^^^^^^^^^^
  File "/home/airflow/.local/lib/python3.11/site-packages/airflow/decorators/base.py", line 265, in execute
    return_value = super().execute(context)
                   ^^^^^^^^^^^^^^^^^^^^^^^^
  File "/home/airflow/.local/lib/python3.11/site-packages/airflow/models/baseoperator.py", line 401, in wrapper
    return func(self, *args, **kwargs)
           ^^^^^^^^^^^^^^^^^^^^^^^^^^^
  File "/home/airflow/.local/lib/python3.11/site-packages/airflow/operators/python.py", line 235, in execute
    return_value = self.execute_callable()
                   ^^^^^^^^^^^^^^^^^^^^^^^
  File "/home/airflow/.local/lib/python3.11/site-packages/airflow/operators/python.py", line 252, in execute_callable
    return self.python_callable(*self.op_args, **self.op_kwargs)
           ^^^^^^^^^^^^^^^^^^^^^^^^^^^^^^^^^^^^^^^^^^^^^^^^^^^^^
  File "/opt/airflow/dags/etl.py", line 27, in extract
    script_run = subprocess.run(["spark-submit", "/opt/airflow/dags/daily_etl.py", ds], check=True)
                 ^^^^^^^^^^^^^^^^^^^^^^^^^^^^^^^^^^^^^^^^^^^^^^^^^^^^^^^^^^^^^^^^^^^^^^^^^^^^^^^^^^
  File "/usr/local/lib/python3.11/subprocess.py", line 571, in run
    raise CalledProcessError(retcode, process.args,
subprocess.CalledProcessError: Command '['spark-submit', '/opt/airflow/dags/daily_etl.py', '2019-10-04']' returned non-zero exit status 1.
[2026-09-19T13:38:23.696+0000] {taskinstance.py:1206} INFO - Marking task as UP_FOR_RETRY. dag_id=ecommerce_data, task_id=extract, run_id=scheduled__2019-10-04T00:00:00+00:00, execution_date=20191004T000000, start_date=20260919T133817, end_date=20260919T133823
[2026-09-19T13:38:23.707+0000] {standard_task_runner.py:110} ERROR - Failed to execute job 58 for task extract (Command '['spark-submit', '/opt/airflow/dags/daily_etl.py', '2019-10-04']' returned non-zero exit status 1.; 1524)
[2026-09-19T13:38:23.741+0000] {local_task_job_runner.py:240} INFO - Task exited with return code 1
[2026-09-19T13:38:23.755+0000] {taskinstance.py:3503} INFO - 0 downstream tasks scheduled from follow-on schedule check
[2026-09-19T13:38:23.756+0000] {local_task_job_runner.py:222} INFO - ::endgroup::
[2026-09-19T14:09:01.047+0000] {local_task_job_runner.py:120} INFO - ::group::Pre task execution logs
[2026-09-19T14:09:01.073+0000] {taskinstance.py:2076} INFO - Dependencies all met for dep_context=non-requeueable deps ti=<TaskInstance: ecommerce_data.extract scheduled__2019-10-04T00:00:00+00:00 [queued]>
[2026-09-19T14:09:01.078+0000] {taskinstance.py:2076} INFO - Dependencies all met for dep_context=requeueable deps ti=<TaskInstance: ecommerce_data.extract scheduled__2019-10-04T00:00:00+00:00 [queued]>
[2026-09-19T14:09:01.078+0000] {taskinstance.py:2306} INFO - Starting attempt 1 of 4
[2026-09-19T14:09:01.086+0000] {taskinstance.py:2330} INFO - Executing <Task(_PythonDecoratedOperator): extract> on 2019-10-04 00:00:00+00:00
[2026-09-19T14:09:01.092+0000] {standard_task_runner.py:63} INFO - Started process 4434 to run task
[2026-09-19T14:09:01.094+0000] {standard_task_runner.py:90} INFO - Running: ['airflow', 'tasks', 'run', 'ecommerce_data', 'extract', 'scheduled__2019-10-04T00:00:00+00:00', '--job-id', '103', '--raw', '--subdir', 'DAGS_FOLDER/etl.py', '--cfg-path', '/tmp/tmp011j8aam']
[2026-09-19T14:09:01.095+0000] {standard_task_runner.py:91} INFO - Job 103: Subtask extract
[2026-09-19T14:09:01.133+0000] {task_command.py:426} INFO - Running <TaskInstance: ecommerce_data.extract scheduled__2019-10-04T00:00:00+00:00 [running]> on host 8e73891b263a
[2026-09-19T14:09:01.184+0000] {taskinstance.py:2648} INFO - Exporting env vars: AIRFLOW_CTX_DAG_OWNER='airflow' AIRFLOW_CTX_DAG_ID='ecommerce_data' AIRFLOW_CTX_TASK_ID='extract' AIRFLOW_CTX_EXECUTION_DATE='2019-10-04T00:00:00+00:00' AIRFLOW_CTX_TRY_NUMBER='1' AIRFLOW_CTX_DAG_RUN_ID='scheduled__2019-10-04T00:00:00+00:00'
[2026-09-19T14:09:01.184+0000] {taskinstance.py:430} INFO - ::endgroup::
[2026-09-19T14:09:07.581+0000] {taskinstance.py:441} INFO - ::group::Post task execution logs
[2026-09-19T14:09:07.581+0000] {taskinstance.py:2905} ERROR - Task failed with exception
Traceback (most recent call last):
  File "/home/airflow/.local/lib/python3.11/site-packages/airflow/models/taskinstance.py", line 465, in _execute_task
    result = _execute_callable(context=context, **execute_callable_kwargs)
             ^^^^^^^^^^^^^^^^^^^^^^^^^^^^^^^^^^^^^^^^^^^^^^^^^^^^^^^^^^^^^
  File "/home/airflow/.local/lib/python3.11/site-packages/airflow/models/taskinstance.py", line 432, in _execute_callable
    return execute_callable(context=context, **execute_callable_kwargs)
           ^^^^^^^^^^^^^^^^^^^^^^^^^^^^^^^^^^^^^^^^^^^^^^^^^^^^^^^^^^^^
  File "/home/airflow/.local/lib/python3.11/site-packages/airflow/models/baseoperator.py", line 401, in wrapper
    return func(self, *args, **kwargs)
           ^^^^^^^^^^^^^^^^^^^^^^^^^^^
  File "/home/airflow/.local/lib/python3.11/site-packages/airflow/decorators/base.py", line 265, in execute
    return_value = super().execute(context)
                   ^^^^^^^^^^^^^^^^^^^^^^^^
  File "/home/airflow/.local/lib/python3.11/site-packages/airflow/models/baseoperator.py", line 401, in wrapper
    return func(self, *args, **kwargs)
           ^^^^^^^^^^^^^^^^^^^^^^^^^^^
  File "/home/airflow/.local/lib/python3.11/site-packages/airflow/operators/python.py", line 235, in execute
    return_value = self.execute_callable()
                   ^^^^^^^^^^^^^^^^^^^^^^^
  File "/home/airflow/.local/lib/python3.11/site-packages/airflow/operators/python.py", line 252, in execute_callable
    return self.python_callable(*self.op_args, **self.op_kwargs)
           ^^^^^^^^^^^^^^^^^^^^^^^^^^^^^^^^^^^^^^^^^^^^^^^^^^^^^
  File "/opt/airflow/dags/etl.py", line 27, in extract
    script_run = subprocess.run([
                 ^^^^^^^^^^^^^^^^
  File "/usr/local/lib/python3.11/subprocess.py", line 571, in run
    raise CalledProcessError(retcode, process.args,
subprocess.CalledProcessError: Command '['spark-submit', '--packages', 'org.postgresql:postgresql:42.6.0', '/opt/airflow/dags/daily_etl.py', '2019-10-04']' returned non-zero exit status 1.
[2026-09-19T14:09:07.590+0000] {taskinstance.py:1206} INFO - Marking task as UP_FOR_RETRY. dag_id=ecommerce_data, task_id=extract, run_id=scheduled__2019-10-04T00:00:00+00:00, execution_date=20191004T000000, start_date=20260919T140901, end_date=20260919T140907
[2026-09-19T14:09:07.602+0000] {standard_task_runner.py:110} ERROR - Failed to execute job 103 for task extract (Command '['spark-submit', '--packages', 'org.postgresql:postgresql:42.6.0', '/opt/airflow/dags/daily_etl.py', '2019-10-04']' returned non-zero exit status 1.; 4434)
[2026-09-19T14:09:07.639+0000] {local_task_job_runner.py:240} INFO - Task exited with return code 1
[2026-09-19T14:09:07.653+0000] {taskinstance.py:3503} INFO - 0 downstream tasks scheduled from follow-on schedule check
[2026-09-19T14:09:07.654+0000] {local_task_job_runner.py:222} INFO - ::endgroup::
[2026-09-19T14:16:45.441+0000] {local_task_job_runner.py:120} INFO - ::group::Pre task execution logs
[2026-09-19T14:16:45.461+0000] {taskinstance.py:2076} INFO - Dependencies all met for dep_context=non-requeueable deps ti=<TaskInstance: ecommerce_data.extract scheduled__2019-10-04T00:00:00+00:00 [queued]>
[2026-09-19T14:16:45.466+0000] {taskinstance.py:2076} INFO - Dependencies all met for dep_context=requeueable deps ti=<TaskInstance: ecommerce_data.extract scheduled__2019-10-04T00:00:00+00:00 [queued]>
[2026-09-19T14:16:45.466+0000] {taskinstance.py:2306} INFO - Starting attempt 1 of 4
[2026-09-19T14:16:45.475+0000] {taskinstance.py:2330} INFO - Executing <Task(_PythonDecoratedOperator): extract> on 2019-10-04 00:00:00+00:00
[2026-09-19T14:16:45.481+0000] {standard_task_runner.py:63} INFO - Started process 6290 to run task
[2026-09-19T14:16:45.483+0000] {standard_task_runner.py:90} INFO - Running: ['airflow', 'tasks', 'run', 'ecommerce_data', 'extract', 'scheduled__2019-10-04T00:00:00+00:00', '--job-id', '111', '--raw', '--subdir', 'DAGS_FOLDER/etl.py', '--cfg-path', '/tmp/tmpv36909et']
[2026-09-19T14:16:45.484+0000] {standard_task_runner.py:91} INFO - Job 111: Subtask extract
[2026-09-19T14:16:45.509+0000] {task_command.py:426} INFO - Running <TaskInstance: ecommerce_data.extract scheduled__2019-10-04T00:00:00+00:00 [running]> on host 8e73891b263a
[2026-09-19T14:16:45.556+0000] {taskinstance.py:2648} INFO - Exporting env vars: AIRFLOW_CTX_DAG_OWNER='airflow' AIRFLOW_CTX_DAG_ID='ecommerce_data' AIRFLOW_CTX_TASK_ID='extract' AIRFLOW_CTX_EXECUTION_DATE='2019-10-04T00:00:00+00:00' AIRFLOW_CTX_TRY_NUMBER='1' AIRFLOW_CTX_DAG_RUN_ID='scheduled__2019-10-04T00:00:00+00:00'
[2026-09-19T14:16:45.557+0000] {taskinstance.py:430} INFO - ::endgroup::
[2026-09-19T14:16:59.703+0000] {python.py:237} INFO - Done. Returned value was: None
[2026-09-19T14:16:59.704+0000] {taskinstance.py:441} INFO - ::group::Post task execution logs
[2026-09-19T14:16:59.707+0000] {taskinstance.py:1206} INFO - Marking task as SUCCESS. dag_id=ecommerce_data, task_id=extract, run_id=scheduled__2019-10-04T00:00:00+00:00, execution_date=20191004T000000, start_date=20260919T141645, end_date=20260919T141659
[2026-09-19T14:16:59.733+0000] {local_task_job_runner.py:240} INFO - Task exited with return code 0
[2026-09-19T14:16:59.741+0000] {taskinstance.py:3503} INFO - 0 downstream tasks scheduled from follow-on schedule check
[2026-09-19T14:16:59.742+0000] {local_task_job_runner.py:222} INFO - ::endgroup::
