[2026-09-18T12:33:11.442+0000] {local_task_job_runner.py:120} INFO - ::group::Pre task execution logs
[2026-09-18T12:33:11.454+0000] {taskinstance.py:2076} INFO - Dependencies all met for dep_context=non-requeueable deps ti=<TaskInstance: ecommerce_data.extract scheduled__2019-10-07T00:00:00+00:00 [queued]>
[2026-09-18T12:33:11.457+0000] {taskinstance.py:2076} INFO - Dependencies all met for dep_context=requeueable deps ti=<TaskInstance: ecommerce_data.extract scheduled__2019-10-07T00:00:00+00:00 [queued]>
[2026-09-18T12:33:11.457+0000] {taskinstance.py:2306} INFO - Starting attempt 4 of 4
[2026-09-18T12:33:11.463+0000] {taskinstance.py:2330} INFO - Executing <Task(_PythonDecoratedOperator): extract> on 2019-10-07 00:00:00+00:00
[2026-09-18T12:33:11.466+0000] {standard_task_runner.py:63} INFO - Started process 2493 to run task
[2026-09-18T12:33:11.468+0000] {standard_task_runner.py:90} INFO - Running: ['airflow', 'tasks', 'run', 'ecommerce_data', 'extract', 'scheduled__2019-10-07T00:00:00+00:00', '--job-id', '35', '--raw', '--subdir', 'DAGS_FOLDER/etl.py', '--cfg-path', '/tmp/tmpusv82cz7']
[2026-09-18T12:33:11.469+0000] {standard_task_runner.py:91} INFO - Job 35: Subtask extract
[2026-09-18T12:33:11.485+0000] {task_command.py:426} INFO - Running <TaskInstance: ecommerce_data.extract scheduled__2019-10-07T00:00:00+00:00 [running]> on host ac3d43ca2f24
[2026-09-18T12:33:11.513+0000] {taskinstance.py:2648} INFO - Exporting env vars: AIRFLOW_CTX_DAG_OWNER='airflow' AIRFLOW_CTX_DAG_ID='ecommerce_data' AIRFLOW_CTX_TASK_ID='extract' AIRFLOW_CTX_EXECUTION_DATE='2019-10-07T00:00:00+00:00' AIRFLOW_CTX_TRY_NUMBER='4' AIRFLOW_CTX_DAG_RUN_ID='scheduled__2019-10-07T00:00:00+00:00'
[2026-09-18T12:33:11.513+0000] {taskinstance.py:430} INFO - ::endgroup::
[2026-09-18T12:33:12.502+0000] {taskinstance.py:441} INFO - ::group::Post task execution logs
[2026-09-18T12:33:12.502+0000] {taskinstance.py:2905} ERROR - Task failed with exception
Traceback (most recent call last):
  File "/home/airflow/.local/lib/python3.11/site-packages/airflow/models/taskinstance.py", line 465, in _execute_task
    result = _execute_callable(context=context, **execute_callable_kwargs)
             ^^^^^^^^^^^^^^^^^^^^^^^^^^^^^^^^^^^^^^^^^^^^^^^^^^^^^^^^^^^^^
  File "/home/airflow/.local/lib/python3.11/site-packages/airflow/models/taskinstance.py", line 432, in _execute_callable
    return execute_callable(context=context, **execute_callable_kwargs)
           ^^^^^^^^^^^^^^^^^^^^^^^^^^^^^^^^^^^^^^^^^^^^^^^^^^^^^^^^^^^^
  File "/home/airflow/.local/lib/python3.11/site-packages/airflow/models/baseoperator.py", line 401, in wrapper
    return func(self, *args, **kwargs)
           ^^^^^^^^^^^^^^^^^^^^^^^^^^^
  File "/home/airflow/.local/lib/python3.11/site-packages/airflow/decorators/base.py", line 265, in execute
    return_value = super().execute(context)
                   ^^^^^^^^^^^^^^^^^^^^^^^^
  File "/home/airflow/.local/lib/python3.11/site-packages/airflow/models/baseoperator.py", line 401, in wrapper
    return func(self, *args, **kwargs)
           ^^^^^^^^^^^^^^^^^^^^^^^^^^^
  File "/home/airflow/.local/lib/python3.11/site-packages/airflow/operators/python.py", line 235, in execute
    return_value = self.execute_callable()
                   ^^^^^^^^^^^^^^^^^^^^^^^
  File "/home/airflow/.local/lib/python3.11/site-packages/airflow/operators/python.py", line 252, in execute_callable
    return self.python_callable(*self.op_args, **self.op_kwargs)
           ^^^^^^^^^^^^^^^^^^^^^^^^^^^^^^^^^^^^^^^^^^^^^^^^^^^^^
  File "/opt/airflow/dags/etl.py", line 26, in extract
    script_run = subprocess.run(["spark-submit", "daily_etl.py", ds], check=True)
                 ^^^^^^^^^^^^^^^^^^^^^^^^^^^^^^^^^^^^^^^^^^^^^^^^^^^^^^^^^^^^^^^^
  File "/usr/local/lib/python3.11/subprocess.py", line 571, in run
    raise CalledProcessError(retcode, process.args,
subprocess.CalledProcessError: Command '['spark-submit', 'daily_etl.py', '2019-10-07']' returned non-zero exit status 2.
[2026-09-18T12:33:12.505+0000] {taskinstance.py:1206} INFO - Marking task as FAILED. dag_id=ecommerce_data, task_id=extract, run_id=scheduled__2019-10-07T00:00:00+00:00, execution_date=20191007T000000, start_date=20260918T123311, end_date=20260918T123312
[2026-09-18T12:33:12.510+0000] {standard_task_runner.py:110} ERROR - Failed to execute job 35 for task extract (Command '['spark-submit', 'daily_etl.py', '2019-10-07']' returned non-zero exit status 2.; 2493)
[2026-09-18T12:33:12.522+0000] {local_task_job_runner.py:240} INFO - Task exited with return code 1
[2026-09-18T12:33:12.528+0000] {taskinstance.py:3503} INFO - 0 downstream tasks scheduled from follow-on schedule check
[2026-09-18T12:33:12.528+0000] {local_task_job_runner.py:222} INFO - ::endgroup::
[2026-09-19T13:41:09.791+0000] {local_task_job_runner.py:120} INFO - ::group::Pre task execution logs
[2026-09-19T13:41:09.810+0000] {taskinstance.py:2076} INFO - Dependencies all met for dep_context=non-requeueable deps ti=<TaskInstance: ecommerce_data.extract scheduled__2019-10-07T00:00:00+00:00 [queued]>
[2026-09-19T13:41:09.814+0000] {taskinstance.py:2076} INFO - Dependencies all met for dep_context=requeueable deps ti=<TaskInstance: ecommerce_data.extract scheduled__2019-10-07T00:00:00+00:00 [queued]>
[2026-09-19T13:41:09.814+0000] {taskinstance.py:2306} INFO - Starting attempt 4 of 4
[2026-09-19T13:41:09.823+0000] {taskinstance.py:2330} INFO - Executing <Task(_PythonDecoratedOperator): extract> on 2019-10-07 00:00:00+00:00
[2026-09-19T13:41:09.829+0000] {standard_task_runner.py:63} INFO - Started process 4224 to run task
[2026-09-19T13:41:09.831+0000] {standard_task_runner.py:90} INFO - Running: ['airflow', 'tasks', 'run', 'ecommerce_data', 'extract', 'scheduled__2019-10-07T00:00:00+00:00', '--job-id', '73', '--raw', '--subdir', 'DAGS_FOLDER/etl.py', '--cfg-path', '/tmp/tmpey6zk_14']
[2026-09-19T13:41:09.832+0000] {standard_task_runner.py:91} INFO - Job 73: Subtask extract
[2026-09-19T13:41:09.860+0000] {task_command.py:426} INFO - Running <TaskInstance: ecommerce_data.extract scheduled__2019-10-07T00:00:00+00:00 [running]> on host 8e73891b263a
[2026-09-19T13:41:09.914+0000] {taskinstance.py:2648} INFO - Exporting env vars: AIRFLOW_CTX_DAG_OWNER='airflow' AIRFLOW_CTX_DAG_ID='ecommerce_data' AIRFLOW_CTX_TASK_ID='extract' AIRFLOW_CTX_EXECUTION_DATE='2019-10-07T00:00:00+00:00' AIRFLOW_CTX_TRY_NUMBER='4' AIRFLOW_CTX_DAG_RUN_ID='scheduled__2019-10-07T00:00:00+00:00'
[2026-09-19T13:41:09.915+0000] {taskinstance.py:430} INFO - ::endgroup::
[2026-09-19T13:41:15.857+0000] {taskinstance.py:441} INFO - ::group::Post task execution logs
[2026-09-19T13:41:15.858+0000] {taskinstance.py:2905} ERROR - Task failed with exception
Traceback (most recent call last):
  File "/home/airflow/.local/lib/python3.11/site-packages/airflow/models/taskinstance.py", line 465, in _execute_task
    result = _execute_callable(context=context, **execute_callable_kwargs)
             ^^^^^^^^^^^^^^^^^^^^^^^^^^^^^^^^^^^^^^^^^^^^^^^^^^^^^^^^^^^^^
  File "/home/airflow/.local/lib/python3.11/site-packages/airflow/models/taskinstance.py", line 432, in _execute_callable
    return execute_callable(context=context, **execute_callable_kwargs)
           ^^^^^^^^^^^^^^^^^^^^^^^^^^^^^^^^^^^^^^^^^^^^^^^^^^^^^^^^^^^^
  File "/home/airflow/.local/lib/python3.11/site-packages/airflow/models/baseoperator.py", line 401, in wrapper
    return func(self, *args, **kwargs)
           ^^^^^^^^^^^^^^^^^^^^^^^^^^^
  File "/home/airflow/.local/lib/python3.11/site-packages/airflow/decorators/base.py", line 265, in execute
    return_value = super().execute(context)
                   ^^^^^^^^^^^^^^^^^^^^^^^^
  File "/home/airflow/.local/lib/python3.11/site-packages/airflow/models/baseoperator.py", line 401, in wrapper
    return func(self, *args, **kwargs)
           ^^^^^^^^^^^^^^^^^^^^^^^^^^^
  File "/home/airflow/.local/lib/python3.11/site-packages/airflow/operators/python.py", line 235, in execute
    return_value = self.execute_callable()
                   ^^^^^^^^^^^^^^^^^^^^^^^
  File "/home/airflow/.local/lib/python3.11/site-packages/airflow/operators/python.py", line 252, in execute_callable
    return self.python_callable(*self.op_args, **self.op_kwargs)
           ^^^^^^^^^^^^^^^^^^^^^^^^^^^^^^^^^^^^^^^^^^^^^^^^^^^^^
  File "/opt/airflow/dags/etl.py", line 27, in extract
    script_run = subprocess.run(["spark-submit", "/opt/airflow/dags/daily_etl.py", ds], check=True)
                 ^^^^^^^^^^^^^^^^^^^^^^^^^^^^^^^^^^^^^^^^^^^^^^^^^^^^^^^^^^^^^^^^^^^^^^^^^^^^^^^^^^
  File "/usr/local/lib/python3.11/subprocess.py", line 571, in run
    raise CalledProcessError(retcode, process.args,
subprocess.CalledProcessError: Command '['spark-submit', '/opt/airflow/dags/daily_etl.py', '2019-10-07']' returned non-zero exit status 1.
[2026-09-19T13:41:15.868+0000] {taskinstance.py:1206} INFO - Marking task as FAILED. dag_id=ecommerce_data, task_id=extract, run_id=scheduled__2019-10-07T00:00:00+00:00, execution_date=20191007T000000, start_date=20260919T134109, end_date=20260919T134115
[2026-09-19T13:41:15.880+0000] {standard_task_runner.py:110} ERROR - Failed to execute job 73 for task extract (Command '['spark-submit', '/opt/airflow/dags/daily_etl.py', '2019-10-07']' returned non-zero exit status 1.; 4224)
[2026-09-19T13:41:15.925+0000] {local_task_job_runner.py:240} INFO - Task exited with return code 1
[2026-09-19T13:41:15.940+0000] {taskinstance.py:3503} INFO - 0 downstream tasks scheduled from follow-on schedule check
[2026-09-19T13:41:15.940+0000] {local_task_job_runner.py:222} INFO - ::endgroup::
[2026-09-21T20:53:47.393+0000] {local_task_job_runner.py:120} INFO - ::group::Pre task execution logs
[2026-09-21T20:53:47.406+0000] {taskinstance.py:2076} INFO - Dependencies all met for dep_context=non-requeueable deps ti=<TaskInstance: ecommerce_data.extract scheduled__2019-10-07T00:00:00+00:00 [queued]>
[2026-09-21T20:53:47.409+0000] {taskinstance.py:2076} INFO - Dependencies all met for dep_context=requeueable deps ti=<TaskInstance: ecommerce_data.extract scheduled__2019-10-07T00:00:00+00:00 [queued]>
[2026-09-21T20:53:47.409+0000] {taskinstance.py:2306} INFO - Starting attempt 4 of 4
[2026-09-21T20:53:47.415+0000] {taskinstance.py:2330} INFO - Executing <Task(_PythonDecoratedOperator): extract> on 2019-10-07 00:00:00+00:00
[2026-09-21T20:53:47.418+0000] {standard_task_runner.py:63} INFO - Started process 2527 to run task
[2026-09-21T20:53:47.420+0000] {standard_task_runner.py:90} INFO - Running: ['airflow', 'tasks', 'run', 'ecommerce_data', 'extract', 'scheduled__2019-10-07T00:00:00+00:00', '--job-id', '40', '--raw', '--subdir', 'DAGS_FOLDER/etl.py', '--cfg-path', '/tmp/tmpj33j8djx']
[2026-09-21T20:53:47.421+0000] {standard_task_runner.py:91} INFO - Job 40: Subtask extract
[2026-09-21T20:53:47.440+0000] {task_command.py:426} INFO - Running <TaskInstance: ecommerce_data.extract scheduled__2019-10-07T00:00:00+00:00 [running]> on host e6c3ac7e1715
[2026-09-21T20:53:47.468+0000] {taskinstance.py:2648} INFO - Exporting env vars: AIRFLOW_CTX_DAG_OWNER='airflow' AIRFLOW_CTX_DAG_ID='ecommerce_data' AIRFLOW_CTX_TASK_ID='extract' AIRFLOW_CTX_EXECUTION_DATE='2019-10-07T00:00:00+00:00' AIRFLOW_CTX_TRY_NUMBER='4' AIRFLOW_CTX_DAG_RUN_ID='scheduled__2019-10-07T00:00:00+00:00'
[2026-09-21T20:53:47.469+0000] {taskinstance.py:430} INFO - ::endgroup::
[2026-09-21T20:53:47.471+0000] {base.py:84} INFO - Using connection ID 'postgres_conn_id' for task execution.
[2026-09-21T20:53:53.474+0000] {taskinstance.py:441} INFO - ::group::Post task execution logs
[2026-09-21T20:53:53.474+0000] {taskinstance.py:2905} ERROR - Task failed with exception
Traceback (most recent call last):
  File "/home/airflow/.local/lib/python3.11/site-packages/airflow/models/taskinstance.py", line 465, in _execute_task
    result = _execute_callable(context=context, **execute_callable_kwargs)
             ^^^^^^^^^^^^^^^^^^^^^^^^^^^^^^^^^^^^^^^^^^^^^^^^^^^^^^^^^^^^^
  File "/home/airflow/.local/lib/python3.11/site-packages/airflow/models/taskinstance.py", line 432, in _execute_callable
    return execute_callable(context=context, **execute_callable_kwargs)
           ^^^^^^^^^^^^^^^^^^^^^^^^^^^^^^^^^^^^^^^^^^^^^^^^^^^^^^^^^^^^
  File "/home/airflow/.local/lib/python3.11/site-packages/airflow/models/baseoperator.py", line 401, in wrapper
    return func(self, *args, **kwargs)
           ^^^^^^^^^^^^^^^^^^^^^^^^^^^
  File "/home/airflow/.local/lib/python3.11/site-packages/airflow/decorators/base.py", line 265, in execute
    return_value = super().execute(context)
                   ^^^^^^^^^^^^^^^^^^^^^^^^
  File "/home/airflow/.local/lib/python3.11/site-packages/airflow/models/baseoperator.py", line 401, in wrapper
    return func(self, *args, **kwargs)
           ^^^^^^^^^^^^^^^^^^^^^^^^^^^
  File "/home/airflow/.local/lib/python3.11/site-packages/airflow/operators/python.py", line 235, in execute
    return_value = self.execute_callable()
                   ^^^^^^^^^^^^^^^^^^^^^^^
  File "/home/airflow/.local/lib/python3.11/site-packages/airflow/operators/python.py", line 252, in execute_callable
    return self.python_callable(*self.op_args, **self.op_kwargs)
           ^^^^^^^^^^^^^^^^^^^^^^^^^^^^^^^^^^^^^^^^^^^^^^^^^^^^^
  File "/opt/airflow/dags/etl.py", line 58, in extract
    script_run = subprocess.run([
                 ^^^^^^^^^^^^^^^^
  File "/usr/local/lib/python3.11/subprocess.py", line 571, in run
    raise CalledProcessError(retcode, process.args,
subprocess.CalledProcessError: Command '['spark-submit', '--packages', 'org.postgresql:postgresql:42.6.0', '/opt/airflow/dags/daily_etl.py', '2019-10-07']' returned non-zero exit status 1.
[2026-09-21T20:53:53.478+0000] {taskinstance.py:1206} INFO - Marking task as FAILED. dag_id=ecommerce_data, task_id=extract, run_id=scheduled__2019-10-07T00:00:00+00:00, execution_date=20191007T000000, start_date=20260921T205347, end_date=20260921T205353
[2026-09-21T20:53:53.483+0000] {standard_task_runner.py:110} ERROR - Failed to execute job 40 for task extract (Command '['spark-submit', '--packages', 'org.postgresql:postgresql:42.6.0', '/opt/airflow/dags/daily_etl.py', '2019-10-07']' returned non-zero exit status 1.; 2527)
[2026-09-21T20:53:53.521+0000] {local_task_job_runner.py:240} INFO - Task exited with return code 1
[2026-09-21T20:53:53.532+0000] {taskinstance.py:3503} INFO - 0 downstream tasks scheduled from follow-on schedule check
[2026-09-21T20:53:53.533+0000] {local_task_job_runner.py:222} INFO - ::endgroup::
[2026-09-21T21:56:02.605+0000] {local_task_job_runner.py:120} INFO - ::group::Pre task execution logs
[2026-09-21T21:56:02.622+0000] {taskinstance.py:2076} INFO - Dependencies all met for dep_context=non-requeueable deps ti=<TaskInstance: ecommerce_data.extract scheduled__2019-10-07T00:00:00+00:00 [queued]>
[2026-09-21T21:56:02.626+0000] {taskinstance.py:2076} INFO - Dependencies all met for dep_context=requeueable deps ti=<TaskInstance: ecommerce_data.extract scheduled__2019-10-07T00:00:00+00:00 [queued]>
[2026-09-21T21:56:02.627+0000] {taskinstance.py:2306} INFO - Starting attempt 4 of 4
[2026-09-21T21:56:02.634+0000] {taskinstance.py:2330} INFO - Executing <Task(_PythonDecoratedOperator): extract> on 2019-10-07 00:00:00+00:00
[2026-09-21T21:56:02.640+0000] {standard_task_runner.py:63} INFO - Started process 11369 to run task
[2026-09-21T21:56:02.642+0000] {standard_task_runner.py:90} INFO - Running: ['airflow', 'tasks', 'run', 'ecommerce_data', 'extract', 'scheduled__2019-10-07T00:00:00+00:00', '--job-id', '108', '--raw', '--subdir', 'DAGS_FOLDER/etl.py', '--cfg-path', '/tmp/tmp07byls4m']
[2026-09-21T21:56:02.643+0000] {standard_task_runner.py:91} INFO - Job 108: Subtask extract
[2026-09-21T21:56:02.669+0000] {task_command.py:426} INFO - Running <TaskInstance: ecommerce_data.extract scheduled__2019-10-07T00:00:00+00:00 [running]> on host e6c3ac7e1715
[2026-09-21T21:56:02.724+0000] {taskinstance.py:2648} INFO - Exporting env vars: AIRFLOW_CTX_DAG_OWNER='airflow' AIRFLOW_CTX_DAG_ID='ecommerce_data' AIRFLOW_CTX_TASK_ID='extract' AIRFLOW_CTX_EXECUTION_DATE='2019-10-07T00:00:00+00:00' AIRFLOW_CTX_TRY_NUMBER='4' AIRFLOW_CTX_DAG_RUN_ID='scheduled__2019-10-07T00:00:00+00:00'
[2026-09-21T21:56:02.725+0000] {taskinstance.py:430} INFO - ::endgroup::
[2026-09-21T21:56:02.731+0000] {base.py:84} INFO - Using connection ID 'postgres_conn_id' for task execution.
[2026-09-21T21:56:09.071+0000] {etl.py:68} ERROR - === СПРАВЖНЯ ПОМИЛКА ВІД SPARK ===
[2026-09-21T21:56:09.072+0000] {etl.py:69} ERROR - /home/airflow/.local/lib/python3.11/site-packages/pyspark/bin/load-spark-env.sh: line 68: ps: command not found
Ivy Default Cache set to: /home/airflow/.ivy2/cache
The jars for the packages stored in: /home/airflow/.ivy2/jars
org.postgresql#postgresql added as a dependency
:: resolving dependencies :: org.apache.spark#spark-submit-parent-a3fbb02a-abe8-4d61-ba39-7fdaadb653b4;1.0
	confs: [default]
	found org.postgresql#postgresql;42.6.0 in central
	found org.checkerframework#checker-qual;3.31.0 in central
:: resolution report :: resolve 114ms :: artifacts dl 5ms
	:: modules in use:
	org.checkerframework#checker-qual;3.31.0 from central in [default]
	org.postgresql#postgresql;42.6.0 from central in [default]
	---------------------------------------------------------------------
	|                  |            modules            ||   artifacts   |
	|       conf       | number| search|dwnlded|evicted|| number|dwnlded|
	---------------------------------------------------------------------
	|      default     |   2   |   0   |   0   |   0   ||   2   |   0   |
	---------------------------------------------------------------------
:: retrieving :: org.apache.spark#spark-submit-parent-a3fbb02a-abe8-4d61-ba39-7fdaadb653b4
	confs: [default]
	0 artifacts copied, 2 already retrieved (0kB/4ms)
26/09/21 21:56:04 WARN NativeCodeLoader: Unable to load native-hadoop library for your platform... using builtin-java classes where applicable
26/09/21 21:56:05 INFO SparkContext: Running Spark version 3.5.1
26/09/21 21:56:05 INFO SparkContext: OS info Linux, 7.0.0-31-generic, amd64
26/09/21 21:56:05 INFO SparkContext: Java version 17.0.20.1
26/09/21 21:56:05 INFO ResourceUtils: ==============================================================
26/09/21 21:56:05 INFO ResourceUtils: No custom resources configured for spark.driver.
26/09/21 21:56:05 INFO ResourceUtils: ==============================================================
26/09/21 21:56:05 INFO SparkContext: Submitted application: Daily_ecommerce
26/09/21 21:56:05 INFO ResourceProfile: Default ResourceProfile created, executor resources: Map(cores -> name: cores, amount: 1, script: , vendor: , memory -> name: memory, amount: 1024, script: , vendor: , offHeap -> name: offHeap, amount: 0, script: , vendor: ), task resources: Map(cpus -> name: cpus, amount: 1.0)
26/09/21 21:56:05 INFO ResourceProfile: Limiting resource is cpu
26/09/21 21:56:05 INFO ResourceProfileManager: Added ResourceProfile id: 0
26/09/21 21:56:05 INFO SecurityManager: Changing view acls to: airflow
26/09/21 21:56:05 INFO SecurityManager: Changing modify acls to: airflow
26/09/21 21:56:05 INFO SecurityManager: Changing view acls groups to: 
26/09/21 21:56:05 INFO SecurityManager: Changing modify acls groups to: 
26/09/21 21:56:05 INFO SecurityManager: SecurityManager: authentication disabled; ui acls disabled; users with view permissions: airflow; groups with view permissions: EMPTY; users with modify permissions: airflow; groups with modify permissions: EMPTY
26/09/21 21:56:05 INFO Utils: Successfully started service 'sparkDriver' on port 34275.
26/09/21 21:56:05 INFO SparkEnv: Registering MapOutputTracker
26/09/21 21:56:05 INFO SparkEnv: Registering BlockManagerMaster
26/09/21 21:56:05 INFO BlockManagerMasterEndpoint: Using org.apache.spark.storage.DefaultTopologyMapper for getting topology information
26/09/21 21:56:05 INFO BlockManagerMasterEndpoint: BlockManagerMasterEndpoint up
26/09/21 21:56:05 INFO SparkEnv: Registering BlockManagerMasterHeartbeat
26/09/21 21:56:05 INFO DiskBlockManager: Created local directory at /tmp/blockmgr-edecca02-d304-48e3-a7a1-66fc39980369
26/09/21 21:56:05 INFO MemoryStore: MemoryStore started with capacity 434.4 MiB
26/09/21 21:56:05 INFO SparkEnv: Registering OutputCommitCoordinator
26/09/21 21:56:05 INFO JettyUtils: Start Jetty 0.0.0.0:4040 for SparkUI
26/09/21 21:56:05 INFO Utils: Successfully started service 'SparkUI' on port 4040.
26/09/21 21:56:05 INFO SparkContext: Added JAR file:///home/airflow/.ivy2/jars/org.postgresql_postgresql-42.6.0.jar at spark://e6c3ac7e1715:34275/jars/org.postgresql_postgresql-42.6.0.jar with timestamp 1790027765337
26/09/21 21:56:05 INFO SparkContext: Added JAR file:///home/airflow/.ivy2/jars/org.checkerframework_checker-qual-3.31.0.jar at spark://e6c3ac7e1715:34275/jars/org.checkerframework_checker-qual-3.31.0.jar with timestamp 1790027765337
26/09/21 21:56:05 INFO SparkContext: Added file file:///home/airflow/.ivy2/jars/org.postgresql_postgresql-42.6.0.jar at file:///home/airflow/.ivy2/jars/org.postgresql_postgresql-42.6.0.jar with timestamp 1790027765337
26/09/21 21:56:05 INFO Utils: Copying /home/airflow/.ivy2/jars/org.postgresql_postgresql-42.6.0.jar to /tmp/spark-26d0f5a7-8572-42b0-b72e-dcfde7a1a768/userFiles-ea6696f7-fe66-4e7c-b337-456ed3446fd9/org.postgresql_postgresql-42.6.0.jar
26/09/21 21:56:05 INFO SparkContext: Added file file:///home/airflow/.ivy2/jars/org.checkerframework_checker-qual-3.31.0.jar at file:///home/airflow/.ivy2/jars/org.checkerframework_checker-qual-3.31.0.jar with timestamp 1790027765337
26/09/21 21:56:05 INFO Utils: Copying /home/airflow/.ivy2/jars/org.checkerframework_checker-qual-3.31.0.jar to /tmp/spark-26d0f5a7-8572-42b0-b72e-dcfde7a1a768/userFiles-ea6696f7-fe66-4e7c-b337-456ed3446fd9/org.checkerframework_checker-qual-3.31.0.jar
26/09/21 21:56:05 INFO Executor: Starting executor ID driver on host e6c3ac7e1715
26/09/21 21:56:05 INFO Executor: OS info Linux, 7.0.0-31-generic, amd64
26/09/21 21:56:05 INFO Executor: Java version 17.0.20.1
26/09/21 21:56:06 INFO Executor: Starting executor with user classpath (userClassPathFirst = false): ''
26/09/21 21:56:06 INFO Executor: Created or updated repl class loader org.apache.spark.util.MutableURLClassLoader@4a2b1b56 for default.
26/09/21 21:56:06 INFO Executor: Fetching file:///home/airflow/.ivy2/jars/org.checkerframework_checker-qual-3.31.0.jar with timestamp 1790027765337
26/09/21 21:56:06 INFO Utils: /home/airflow/.ivy2/jars/org.checkerframework_checker-qual-3.31.0.jar has been previously copied to /tmp/spark-26d0f5a7-8572-42b0-b72e-dcfde7a1a768/userFiles-ea6696f7-fe66-4e7c-b337-456ed3446fd9/org.checkerframework_checker-qual-3.31.0.jar
26/09/21 21:56:06 INFO Executor: Fetching file:///home/airflow/.ivy2/jars/org.postgresql_postgresql-42.6.0.jar with timestamp 1790027765337
26/09/21 21:56:06 INFO Utils: /home/airflow/.ivy2/jars/org.postgresql_postgresql-42.6.0.jar has been previously copied to /tmp/spark-26d0f5a7-8572-42b0-b72e-dcfde7a1a768/userFiles-ea6696f7-fe66-4e7c-b337-456ed3446fd9/org.postgresql_postgresql-42.6.0.jar
26/09/21 21:56:06 INFO Executor: Fetching spark://e6c3ac7e1715:34275/jars/org.postgresql_postgresql-42.6.0.jar with timestamp 1790027765337
26/09/21 21:56:06 INFO TransportClientFactory: Successfully created connection to e6c3ac7e1715/172.21.0.3:34275 after 19 ms (0 ms spent in bootstraps)
26/09/21 21:56:06 INFO Utils: Fetching spark://e6c3ac7e1715:34275/jars/org.postgresql_postgresql-42.6.0.jar to /tmp/spark-26d0f5a7-8572-42b0-b72e-dcfde7a1a768/userFiles-ea6696f7-fe66-4e7c-b337-456ed3446fd9/fetchFileTemp4871874789199342578.tmp
26/09/21 21:56:06 INFO Utils: /tmp/spark-26d0f5a7-8572-42b0-b72e-dcfde7a1a768/userFiles-ea6696f7-fe66-4e7c-b337-456ed3446fd9/fetchFileTemp4871874789199342578.tmp has been previously copied to /tmp/spark-26d0f5a7-8572-42b0-b72e-dcfde7a1a768/userFiles-ea6696f7-fe66-4e7c-b337-456ed3446fd9/org.postgresql_postgresql-42.6.0.jar
26/09/21 21:56:06 INFO Executor: Adding file:/tmp/spark-26d0f5a7-8572-42b0-b72e-dcfde7a1a768/userFiles-ea6696f7-fe66-4e7c-b337-456ed3446fd9/org.postgresql_postgresql-42.6.0.jar to class loader default
26/09/21 21:56:06 INFO Executor: Fetching spark://e6c3ac7e1715:34275/jars/org.checkerframework_checker-qual-3.31.0.jar with timestamp 1790027765337
26/09/21 21:56:06 INFO Utils: Fetching spark://e6c3ac7e1715:34275/jars/org.checkerframework_checker-qual-3.31.0.jar to /tmp/spark-26d0f5a7-8572-42b0-b72e-dcfde7a1a768/userFiles-ea6696f7-fe66-4e7c-b337-456ed3446fd9/fetchFileTemp12870172819090819402.tmp
26/09/21 21:56:06 INFO Utils: /tmp/spark-26d0f5a7-8572-42b0-b72e-dcfde7a1a768/userFiles-ea6696f7-fe66-4e7c-b337-456ed3446fd9/fetchFileTemp12870172819090819402.tmp has been previously copied to /tmp/spark-26d0f5a7-8572-42b0-b72e-dcfde7a1a768/userFiles-ea6696f7-fe66-4e7c-b337-456ed3446fd9/org.checkerframework_checker-qual-3.31.0.jar
26/09/21 21:56:06 INFO Executor: Adding file:/tmp/spark-26d0f5a7-8572-42b0-b72e-dcfde7a1a768/userFiles-ea6696f7-fe66-4e7c-b337-456ed3446fd9/org.checkerframework_checker-qual-3.31.0.jar to class loader default
26/09/21 21:56:06 INFO Utils: Successfully started service 'org.apache.spark.network.netty.NettyBlockTransferService' on port 40167.
26/09/21 21:56:06 INFO NettyBlockTransferService: Server created on e6c3ac7e1715:40167
26/09/21 21:56:06 INFO BlockManager: Using org.apache.spark.storage.RandomBlockReplicationPolicy for block replication policy
26/09/21 21:56:06 INFO BlockManagerMaster: Registering BlockManager BlockManagerId(driver, e6c3ac7e1715, 40167, None)
26/09/21 21:56:06 INFO BlockManagerMasterEndpoint: Registering block manager e6c3ac7e1715:40167 with 434.4 MiB RAM, BlockManagerId(driver, e6c3ac7e1715, 40167, None)
26/09/21 21:56:06 INFO BlockManagerMaster: Registered BlockManager BlockManagerId(driver, e6c3ac7e1715, 40167, None)
26/09/21 21:56:06 INFO BlockManager: Initialized BlockManager: BlockManagerId(driver, e6c3ac7e1715, 40167, None)
26/09/21 21:56:06 INFO SharedState: Setting hive.metastore.warehouse.dir ('null') to the value of spark.sql.warehouse.dir.
26/09/21 21:56:06 INFO SharedState: Warehouse path is 'file:/opt/airflow/spark-warehouse'.
26/09/21 21:56:07 INFO InMemoryFileIndex: It took 30 ms to list leaf files for 1 paths.
26/09/21 21:56:07 INFO SparkContext: Starting job: parquet at NativeMethodAccessorImpl.java:0
26/09/21 21:56:07 INFO DAGScheduler: Got job 0 (parquet at NativeMethodAccessorImpl.java:0) with 1 output partitions
26/09/21 21:56:07 INFO DAGScheduler: Final stage: ResultStage 0 (parquet at NativeMethodAccessorImpl.java:0)
26/09/21 21:56:07 INFO DAGScheduler: Parents of final stage: List()
26/09/21 21:56:07 INFO DAGScheduler: Missing parents: List()
26/09/21 21:56:07 INFO DAGScheduler: Submitting ResultStage 0 (MapPartitionsRDD[1] at parquet at NativeMethodAccessorImpl.java:0), which has no missing parents
26/09/21 21:56:07 INFO MemoryStore: Block broadcast_0 stored as values in memory (estimated size 104.5 KiB, free 434.3 MiB)
26/09/21 21:56:07 INFO MemoryStore: Block broadcast_0_piece0 stored as bytes in memory (estimated size 37.6 KiB, free 434.3 MiB)
26/09/21 21:56:07 INFO BlockManagerInfo: Added broadcast_0_piece0 in memory on e6c3ac7e1715:40167 (size: 37.6 KiB, free: 434.4 MiB)
26/09/21 21:56:07 INFO SparkContext: Created broadcast 0 from broadcast at DAGScheduler.scala:1585
26/09/21 21:56:07 INFO DAGScheduler: Submitting 1 missing tasks from ResultStage 0 (MapPartitionsRDD[1] at parquet at NativeMethodAccessorImpl.java:0) (first 15 tasks are for partitions Vector(0))
26/09/21 21:56:07 INFO TaskSchedulerImpl: Adding task set 0.0 with 1 tasks resource profile 0
26/09/21 21:56:07 INFO TaskSetManager: Starting task 0.0 in stage 0.0 (TID 0) (e6c3ac7e1715, executor driver, partition 0, PROCESS_LOCAL, 8303 bytes) 
26/09/21 21:56:07 INFO Executor: Running task 0.0 in stage 0.0 (TID 0)
26/09/21 21:56:08 INFO Executor: Finished task 0.0 in stage 0.0 (TID 0). 2034 bytes result sent to driver
26/09/21 21:56:08 INFO TaskSetManager: Finished task 0.0 in stage 0.0 (TID 0) in 350 ms on e6c3ac7e1715 (executor driver) (1/1)
26/09/21 21:56:08 INFO TaskSchedulerImpl: Removed TaskSet 0.0, whose tasks have all completed, from pool 
26/09/21 21:56:08 INFO DAGScheduler: ResultStage 0 (parquet at NativeMethodAccessorImpl.java:0) finished in 0.495 s
26/09/21 21:56:08 INFO DAGScheduler: Job 0 is finished. Cancelling potential speculative or zombie tasks for this job
26/09/21 21:56:08 INFO TaskSchedulerImpl: Killing all running tasks in stage 0: Stage finished
26/09/21 21:56:08 INFO DAGScheduler: Job 0 finished: parquet at NativeMethodAccessorImpl.java:0, took 0.545800 s
26/09/21 21:56:08 INFO BlockManagerInfo: Removed broadcast_0_piece0 on e6c3ac7e1715:40167 in memory (size: 37.6 KiB, free: 434.4 MiB)
26/09/21 21:56:08 INFO SparkContext: Invoking stop() from shutdown hook
26/09/21 21:56:08 INFO SparkContext: SparkContext is stopping with exitCode 0.
26/09/21 21:56:08 INFO SparkUI: Stopped Spark web UI at http://e6c3ac7e1715:4040
26/09/21 21:56:08 INFO MapOutputTrackerMasterEndpoint: MapOutputTrackerMasterEndpoint stopped!
26/09/21 21:56:09 INFO MemoryStore: MemoryStore cleared
26/09/21 21:56:09 INFO BlockManager: BlockManager stopped
26/09/21 21:56:09 INFO BlockManagerMaster: BlockManagerMaster stopped
26/09/21 21:56:09 INFO OutputCommitCoordinator$OutputCommitCoordinatorEndpoint: OutputCommitCoordinator stopped!
26/09/21 21:56:09 INFO SparkContext: Successfully stopped SparkContext
26/09/21 21:56:09 INFO ShutdownHookManager: Shutdown hook called
26/09/21 21:56:09 INFO ShutdownHookManager: Deleting directory /tmp/spark-26d0f5a7-8572-42b0-b72e-dcfde7a1a768
26/09/21 21:56:09 INFO ShutdownHookManager: Deleting directory /tmp/spark-3cb47ce2-fa00-44bd-9777-3b0ad8d28157
26/09/21 21:56:09 INFO ShutdownHookManager: Deleting directory /tmp/spark-26d0f5a7-8572-42b0-b72e-dcfde7a1a768/pyspark-85229ac8-d122-46f3-9949-6229a19d7450

[2026-09-21T21:56:09.072+0000] {taskinstance.py:441} INFO - ::group::Post task execution logs
[2026-09-21T21:56:09.072+0000] {taskinstance.py:2905} ERROR - Task failed with exception
Traceback (most recent call last):
  File "/home/airflow/.local/lib/python3.11/site-packages/airflow/models/taskinstance.py", line 465, in _execute_task
    result = _execute_callable(context=context, **execute_callable_kwargs)
             ^^^^^^^^^^^^^^^^^^^^^^^^^^^^^^^^^^^^^^^^^^^^^^^^^^^^^^^^^^^^^
  File "/home/airflow/.local/lib/python3.11/site-packages/airflow/models/taskinstance.py", line 432, in _execute_callable
    return execute_callable(context=context, **execute_callable_kwargs)
           ^^^^^^^^^^^^^^^^^^^^^^^^^^^^^^^^^^^^^^^^^^^^^^^^^^^^^^^^^^^^
  File "/home/airflow/.local/lib/python3.11/site-packages/airflow/models/baseoperator.py", line 401, in wrapper
    return func(self, *args, **kwargs)
           ^^^^^^^^^^^^^^^^^^^^^^^^^^^
  File "/home/airflow/.local/lib/python3.11/site-packages/airflow/decorators/base.py", line 265, in execute
    return_value = super().execute(context)
                   ^^^^^^^^^^^^^^^^^^^^^^^^
  File "/home/airflow/.local/lib/python3.11/site-packages/airflow/models/baseoperator.py", line 401, in wrapper
    return func(self, *args, **kwargs)
           ^^^^^^^^^^^^^^^^^^^^^^^^^^^
  File "/home/airflow/.local/lib/python3.11/site-packages/airflow/operators/python.py", line 235, in execute
    return_value = self.execute_callable()
                   ^^^^^^^^^^^^^^^^^^^^^^^
  File "/home/airflow/.local/lib/python3.11/site-packages/airflow/operators/python.py", line 252, in execute_callable
    return self.python_callable(*self.op_args, **self.op_kwargs)
           ^^^^^^^^^^^^^^^^^^^^^^^^^^^^^^^^^^^^^^^^^^^^^^^^^^^^^
  File "/opt/airflow/dags/etl.py", line 70, in extract
    raise e
  File "/opt/airflow/dags/etl.py", line 59, in extract
    script_run = subprocess.run([
                 ^^^^^^^^^^^^^^^^
  File "/usr/local/lib/python3.11/subprocess.py", line 571, in run
    raise CalledProcessError(retcode, process.args,
subprocess.CalledProcessError: Command '['spark-submit', '--packages', 'org.postgresql:postgresql:42.6.0', '/opt/airflow/dags/daily_etl.py', '2019-10-07']' returned non-zero exit status 1.
[2026-09-21T21:56:09.079+0000] {taskinstance.py:1206} INFO - Marking task as FAILED. dag_id=ecommerce_data, task_id=extract, run_id=scheduled__2019-10-07T00:00:00+00:00, execution_date=20191007T000000, start_date=20260921T215602, end_date=20260921T215609
[2026-09-21T21:56:09.089+0000] {standard_task_runner.py:110} ERROR - Failed to execute job 108 for task extract (Command '['spark-submit', '--packages', 'org.postgresql:postgresql:42.6.0', '/opt/airflow/dags/daily_etl.py', '2019-10-07']' returned non-zero exit status 1.; 11369)
[2026-09-21T21:56:09.119+0000] {local_task_job_runner.py:240} INFO - Task exited with return code 1
[2026-09-21T21:56:09.133+0000] {taskinstance.py:3503} INFO - 0 downstream tasks scheduled from follow-on schedule check
[2026-09-21T21:56:09.133+0000] {local_task_job_runner.py:222} INFO - ::endgroup::
[2026-09-21T22:26:57.041+0000] {local_task_job_runner.py:120} INFO - ::group::Pre task execution logs
[2026-09-21T22:26:57.058+0000] {taskinstance.py:2076} INFO - Dependencies all met for dep_context=non-requeueable deps ti=<TaskInstance: ecommerce_data.extract scheduled__2019-10-07T00:00:00+00:00 [queued]>
[2026-09-21T22:26:57.063+0000] {taskinstance.py:2076} INFO - Dependencies all met for dep_context=requeueable deps ti=<TaskInstance: ecommerce_data.extract scheduled__2019-10-07T00:00:00+00:00 [queued]>
[2026-09-21T22:26:57.063+0000] {taskinstance.py:2306} INFO - Starting attempt 4 of 4
[2026-09-21T22:26:57.071+0000] {taskinstance.py:2330} INFO - Executing <Task(_PythonDecoratedOperator): extract> on 2019-10-07 00:00:00+00:00
[2026-09-21T22:26:57.077+0000] {standard_task_runner.py:63} INFO - Started process 28673 to run task
[2026-09-21T22:26:57.079+0000] {standard_task_runner.py:90} INFO - Running: ['airflow', 'tasks', 'run', 'ecommerce_data', 'extract', 'scheduled__2019-10-07T00:00:00+00:00', '--job-id', '258', '--raw', '--subdir', 'DAGS_FOLDER/etl.py', '--cfg-path', '/tmp/tmpkk1_s0ok']
[2026-09-21T22:26:57.081+0000] {standard_task_runner.py:91} INFO - Job 258: Subtask extract
[2026-09-21T22:26:57.115+0000] {task_command.py:426} INFO - Running <TaskInstance: ecommerce_data.extract scheduled__2019-10-07T00:00:00+00:00 [running]> on host e6c3ac7e1715
[2026-09-21T22:26:57.167+0000] {taskinstance.py:2648} INFO - Exporting env vars: AIRFLOW_CTX_DAG_OWNER='airflow' AIRFLOW_CTX_DAG_ID='ecommerce_data' AIRFLOW_CTX_TASK_ID='extract' AIRFLOW_CTX_EXECUTION_DATE='2019-10-07T00:00:00+00:00' AIRFLOW_CTX_TRY_NUMBER='4' AIRFLOW_CTX_DAG_RUN_ID='scheduled__2019-10-07T00:00:00+00:00'
[2026-09-21T22:26:57.168+0000] {taskinstance.py:430} INFO - ::endgroup::
[2026-09-21T22:26:57.171+0000] {base.py:84} INFO - Using connection ID 'postgres_conn_id' for task execution.
[2026-09-21T22:27:03.771+0000] {taskinstance.py:441} INFO - ::group::Post task execution logs
[2026-09-21T22:27:03.772+0000] {taskinstance.py:2905} ERROR - Task failed with exception
Traceback (most recent call last):
  File "/home/airflow/.local/lib/python3.11/site-packages/airflow/models/taskinstance.py", line 465, in _execute_task
    result = _execute_callable(context=context, **execute_callable_kwargs)
             ^^^^^^^^^^^^^^^^^^^^^^^^^^^^^^^^^^^^^^^^^^^^^^^^^^^^^^^^^^^^^
  File "/home/airflow/.local/lib/python3.11/site-packages/airflow/models/taskinstance.py", line 432, in _execute_callable
    return execute_callable(context=context, **execute_callable_kwargs)
           ^^^^^^^^^^^^^^^^^^^^^^^^^^^^^^^^^^^^^^^^^^^^^^^^^^^^^^^^^^^^
  File "/home/airflow/.local/lib/python3.11/site-packages/airflow/models/baseoperator.py", line 401, in wrapper
    return func(self, *args, **kwargs)
           ^^^^^^^^^^^^^^^^^^^^^^^^^^^
  File "/home/airflow/.local/lib/python3.11/site-packages/airflow/decorators/base.py", line 265, in execute
    return_value = super().execute(context)
                   ^^^^^^^^^^^^^^^^^^^^^^^^
  File "/home/airflow/.local/lib/python3.11/site-packages/airflow/models/baseoperator.py", line 401, in wrapper
    return func(self, *args, **kwargs)
           ^^^^^^^^^^^^^^^^^^^^^^^^^^^
  File "/home/airflow/.local/lib/python3.11/site-packages/airflow/operators/python.py", line 235, in execute
    return_value = self.execute_callable()
                   ^^^^^^^^^^^^^^^^^^^^^^^
  File "/home/airflow/.local/lib/python3.11/site-packages/airflow/operators/python.py", line 252, in execute_callable
    return self.python_callable(*self.op_args, **self.op_kwargs)
           ^^^^^^^^^^^^^^^^^^^^^^^^^^^^^^^^^^^^^^^^^^^^^^^^^^^^^
  File "/opt/airflow/dags/etl.py", line 58, in extract
    script_run = subprocess.run([
                 ^^^^^^^^^^^^^^^^
  File "/usr/local/lib/python3.11/subprocess.py", line 571, in run
    raise CalledProcessError(retcode, process.args,
subprocess.CalledProcessError: Command '['spark-submit', '--packages', 'org.postgresql:postgresql:42.6.0', '/opt/airflow/dags/daily_etl.py', '2019-10-07']' returned non-zero exit status 1.
[2026-09-21T22:27:03.778+0000] {taskinstance.py:1206} INFO - Marking task as FAILED. dag_id=ecommerce_data, task_id=extract, run_id=scheduled__2019-10-07T00:00:00+00:00, execution_date=20191007T000000, start_date=20260921T222657, end_date=20260921T222703
[2026-09-21T22:27:03.789+0000] {standard_task_runner.py:110} ERROR - Failed to execute job 258 for task extract (Command '['spark-submit', '--packages', 'org.postgresql:postgresql:42.6.0', '/opt/airflow/dags/daily_etl.py', '2019-10-07']' returned non-zero exit status 1.; 28673)
[2026-09-21T22:27:03.823+0000] {local_task_job_runner.py:240} INFO - Task exited with return code 1
[2026-09-21T22:27:03.837+0000] {taskinstance.py:3503} INFO - 0 downstream tasks scheduled from follow-on schedule check
[2026-09-21T22:27:03.838+0000] {local_task_job_runner.py:222} INFO - ::endgroup::
