[2026-09-18T12:32:41.103+0000] {local_task_job_runner.py:120} INFO - ::group::Pre task execution logs
[2026-09-18T12:32:41.116+0000] {taskinstance.py:2076} INFO - Dependencies all met for dep_context=non-requeueable deps ti=<TaskInstance: ecommerce_data.extract scheduled__2019-10-07T00:00:00+00:00 [queued]>
[2026-09-18T12:32:41.119+0000] {taskinstance.py:2076} INFO - Dependencies all met for dep_context=requeueable deps ti=<TaskInstance: ecommerce_data.extract scheduled__2019-10-07T00:00:00+00:00 [queued]>
[2026-09-18T12:32:41.119+0000] {taskinstance.py:2306} INFO - Starting attempt 1 of 4
[2026-09-18T12:32:41.124+0000] {taskinstance.py:2330} INFO - Executing <Task(_PythonDecoratedOperator): extract> on 2019-10-07 00:00:00+00:00
[2026-09-18T12:32:41.128+0000] {standard_task_runner.py:63} INFO - Started process 1742 to run task
[2026-09-18T12:32:41.129+0000] {standard_task_runner.py:90} INFO - Running: ['airflow', 'tasks', 'run', 'ecommerce_data', 'extract', 'scheduled__2019-10-07T00:00:00+00:00', '--job-id', '25', '--raw', '--subdir', 'DAGS_FOLDER/etl.py', '--cfg-path', '/tmp/tmpdcerlanf']
[2026-09-18T12:32:41.130+0000] {standard_task_runner.py:91} INFO - Job 25: Subtask extract
[2026-09-18T12:32:41.147+0000] {task_command.py:426} INFO - Running <TaskInstance: ecommerce_data.extract scheduled__2019-10-07T00:00:00+00:00 [running]> on host ac3d43ca2f24
[2026-09-18T12:32:41.174+0000] {taskinstance.py:2648} INFO - Exporting env vars: AIRFLOW_CTX_DAG_OWNER='airflow' AIRFLOW_CTX_DAG_ID='ecommerce_data' AIRFLOW_CTX_TASK_ID='extract' AIRFLOW_CTX_EXECUTION_DATE='2019-10-07T00:00:00+00:00' AIRFLOW_CTX_TRY_NUMBER='1' AIRFLOW_CTX_DAG_RUN_ID='scheduled__2019-10-07T00:00:00+00:00'
[2026-09-18T12:32:41.175+0000] {taskinstance.py:430} INFO - ::endgroup::
[2026-09-18T12:32:42.190+0000] {taskinstance.py:441} INFO - ::group::Post task execution logs
[2026-09-18T12:32:42.191+0000] {taskinstance.py:2905} ERROR - Task failed with exception
Traceback (most recent call last):
  File "/home/airflow/.local/lib/python3.11/site-packages/airflow/models/taskinstance.py", line 465, in _execute_task
    result = _execute_callable(context=context, **execute_callable_kwargs)
             ^^^^^^^^^^^^^^^^^^^^^^^^^^^^^^^^^^^^^^^^^^^^^^^^^^^^^^^^^^^^^
  File "/home/airflow/.local/lib/python3.11/site-packages/airflow/models/taskinstance.py", line 432, in _execute_callable
    return execute_callable(context=context, **execute_callable_kwargs)
           ^^^^^^^^^^^^^^^^^^^^^^^^^^^^^^^^^^^^^^^^^^^^^^^^^^^^^^^^^^^^
  File "/home/airflow/.local/lib/python3.11/site-packages/airflow/models/baseoperator.py", line 401, in wrapper
    return func(self, *args, **kwargs)
           ^^^^^^^^^^^^^^^^^^^^^^^^^^^
  File "/home/airflow/.local/lib/python3.11/site-packages/airflow/decorators/base.py", line 265, in execute
    return_value = super().execute(context)
                   ^^^^^^^^^^^^^^^^^^^^^^^^
  File "/home/airflow/.local/lib/python3.11/site-packages/airflow/models/baseoperator.py", line 401, in wrapper
    return func(self, *args, **kwargs)
           ^^^^^^^^^^^^^^^^^^^^^^^^^^^
  File "/home/airflow/.local/lib/python3.11/site-packages/airflow/operators/python.py", line 235, in execute
    return_value = self.execute_callable()
                   ^^^^^^^^^^^^^^^^^^^^^^^
  File "/home/airflow/.local/lib/python3.11/site-packages/airflow/operators/python.py", line 252, in execute_callable
    return self.python_callable(*self.op_args, **self.op_kwargs)
           ^^^^^^^^^^^^^^^^^^^^^^^^^^^^^^^^^^^^^^^^^^^^^^^^^^^^^
  File "/opt/airflow/dags/etl.py", line 26, in extract
    script_run = subprocess.run(["spark-submit", "daily_etl.py", ds], check=True)
                 ^^^^^^^^^^^^^^^^^^^^^^^^^^^^^^^^^^^^^^^^^^^^^^^^^^^^^^^^^^^^^^^^
  File "/usr/local/lib/python3.11/subprocess.py", line 571, in run
    raise CalledProcessError(retcode, process.args,
subprocess.CalledProcessError: Command '['spark-submit', 'daily_etl.py', '2019-10-07']' returned non-zero exit status 2.
[2026-09-18T12:32:42.194+0000] {taskinstance.py:1206} INFO - Marking task as UP_FOR_RETRY. dag_id=ecommerce_data, task_id=extract, run_id=scheduled__2019-10-07T00:00:00+00:00, execution_date=20191007T000000, start_date=20260918T123241, end_date=20260918T123242
[2026-09-18T12:32:42.198+0000] {standard_task_runner.py:110} ERROR - Failed to execute job 25 for task extract (Command '['spark-submit', 'daily_etl.py', '2019-10-07']' returned non-zero exit status 2.; 1742)
[2026-09-18T12:32:42.223+0000] {local_task_job_runner.py:240} INFO - Task exited with return code 1
[2026-09-18T12:32:42.234+0000] {taskinstance.py:3503} INFO - 0 downstream tasks scheduled from follow-on schedule check
[2026-09-18T12:32:42.234+0000] {local_task_job_runner.py:222} INFO - ::endgroup::
[2026-09-19T13:40:31.890+0000] {local_task_job_runner.py:120} INFO - ::group::Pre task execution logs
[2026-09-19T13:40:31.909+0000] {taskinstance.py:2076} INFO - Dependencies all met for dep_context=non-requeueable deps ti=<TaskInstance: ecommerce_data.extract scheduled__2019-10-07T00:00:00+00:00 [queued]>
[2026-09-19T13:40:31.913+0000] {taskinstance.py:2076} INFO - Dependencies all met for dep_context=requeueable deps ti=<TaskInstance: ecommerce_data.extract scheduled__2019-10-07T00:00:00+00:00 [queued]>
[2026-09-19T13:40:31.914+0000] {taskinstance.py:2306} INFO - Starting attempt 1 of 4
[2026-09-19T13:40:31.923+0000] {taskinstance.py:2330} INFO - Executing <Task(_PythonDecoratedOperator): extract> on 2019-10-07 00:00:00+00:00
[2026-09-19T13:40:31.928+0000] {standard_task_runner.py:63} INFO - Started process 3688 to run task
[2026-09-19T13:40:31.930+0000] {standard_task_runner.py:90} INFO - Running: ['airflow', 'tasks', 'run', 'ecommerce_data', 'extract', 'scheduled__2019-10-07T00:00:00+00:00', '--job-id', '70', '--raw', '--subdir', 'DAGS_FOLDER/etl.py', '--cfg-path', '/tmp/tmpagu50yif']
[2026-09-19T13:40:31.932+0000] {standard_task_runner.py:91} INFO - Job 70: Subtask extract
[2026-09-19T13:40:31.961+0000] {task_command.py:426} INFO - Running <TaskInstance: ecommerce_data.extract scheduled__2019-10-07T00:00:00+00:00 [running]> on host 8e73891b263a
[2026-09-19T13:40:32.018+0000] {taskinstance.py:2648} INFO - Exporting env vars: AIRFLOW_CTX_DAG_OWNER='airflow' AIRFLOW_CTX_DAG_ID='ecommerce_data' AIRFLOW_CTX_TASK_ID='extract' AIRFLOW_CTX_EXECUTION_DATE='2019-10-07T00:00:00+00:00' AIRFLOW_CTX_TRY_NUMBER='1' AIRFLOW_CTX_DAG_RUN_ID='scheduled__2019-10-07T00:00:00+00:00'
[2026-09-19T13:40:32.018+0000] {taskinstance.py:430} INFO - ::endgroup::
[2026-09-19T13:40:37.937+0000] {taskinstance.py:441} INFO - ::group::Post task execution logs
[2026-09-19T13:40:37.938+0000] {taskinstance.py:2905} ERROR - Task failed with exception
Traceback (most recent call last):
  File "/home/airflow/.local/lib/python3.11/site-packages/airflow/models/taskinstance.py", line 465, in _execute_task
    result = _execute_callable(context=context, **execute_callable_kwargs)
             ^^^^^^^^^^^^^^^^^^^^^^^^^^^^^^^^^^^^^^^^^^^^^^^^^^^^^^^^^^^^^
  File "/home/airflow/.local/lib/python3.11/site-packages/airflow/models/taskinstance.py", line 432, in _execute_callable
    return execute_callable(context=context, **execute_callable_kwargs)
           ^^^^^^^^^^^^^^^^^^^^^^^^^^^^^^^^^^^^^^^^^^^^^^^^^^^^^^^^^^^^
  File "/home/airflow/.local/lib/python3.11/site-packages/airflow/models/baseoperator.py", line 401, in wrapper
    return func(self, *args, **kwargs)
           ^^^^^^^^^^^^^^^^^^^^^^^^^^^
  File "/home/airflow/.local/lib/python3.11/site-packages/airflow/decorators/base.py", line 265, in execute
    return_value = super().execute(context)
                   ^^^^^^^^^^^^^^^^^^^^^^^^
  File "/home/airflow/.local/lib/python3.11/site-packages/airflow/models/baseoperator.py", line 401, in wrapper
    return func(self, *args, **kwargs)
           ^^^^^^^^^^^^^^^^^^^^^^^^^^^
  File "/home/airflow/.local/lib/python3.11/site-packages/airflow/operators/python.py", line 235, in execute
    return_value = self.execute_callable()
                   ^^^^^^^^^^^^^^^^^^^^^^^
  File "/home/airflow/.local/lib/python3.11/site-packages/airflow/operators/python.py", line 252, in execute_callable
    return self.python_callable(*self.op_args, **self.op_kwargs)
           ^^^^^^^^^^^^^^^^^^^^^^^^^^^^^^^^^^^^^^^^^^^^^^^^^^^^^
  File "/opt/airflow/dags/etl.py", line 27, in extract
    script_run = subprocess.run(["spark-submit", "/opt/airflow/dags/daily_etl.py", ds], check=True)
                 ^^^^^^^^^^^^^^^^^^^^^^^^^^^^^^^^^^^^^^^^^^^^^^^^^^^^^^^^^^^^^^^^^^^^^^^^^^^^^^^^^^
  File "/usr/local/lib/python3.11/subprocess.py", line 571, in run
    raise CalledProcessError(retcode, process.args,
subprocess.CalledProcessError: Command '['spark-submit', '/opt/airflow/dags/daily_etl.py', '2019-10-07']' returned non-zero exit status 1.
[2026-09-19T13:40:37.947+0000] {taskinstance.py:1206} INFO - Marking task as UP_FOR_RETRY. dag_id=ecommerce_data, task_id=extract, run_id=scheduled__2019-10-07T00:00:00+00:00, execution_date=20191007T000000, start_date=20260919T134031, end_date=20260919T134037
[2026-09-19T13:40:37.959+0000] {standard_task_runner.py:110} ERROR - Failed to execute job 70 for task extract (Command '['spark-submit', '/opt/airflow/dags/daily_etl.py', '2019-10-07']' returned non-zero exit status 1.; 3688)
[2026-09-19T13:40:37.983+0000] {local_task_job_runner.py:240} INFO - Task exited with return code 1
[2026-09-19T13:40:37.997+0000] {taskinstance.py:3503} INFO - 0 downstream tasks scheduled from follow-on schedule check
[2026-09-19T13:40:37.998+0000] {local_task_job_runner.py:222} INFO - ::endgroup::
[2026-09-19T14:17:40.720+0000] {local_task_job_runner.py:120} INFO - ::group::Pre task execution logs
[2026-09-19T14:17:40.743+0000] {taskinstance.py:2076} INFO - Dependencies all met for dep_context=non-requeueable deps ti=<TaskInstance: ecommerce_data.extract scheduled__2019-10-07T00:00:00+00:00 [queued]>
[2026-09-19T14:17:40.752+0000] {taskinstance.py:2076} INFO - Dependencies all met for dep_context=requeueable deps ti=<TaskInstance: ecommerce_data.extract scheduled__2019-10-07T00:00:00+00:00 [queued]>
[2026-09-19T14:17:40.752+0000] {taskinstance.py:2306} INFO - Starting attempt 1 of 4
[2026-09-19T14:17:40.769+0000] {taskinstance.py:2330} INFO - Executing <Task(_PythonDecoratedOperator): extract> on 2019-10-07 00:00:00+00:00
[2026-09-19T14:17:40.777+0000] {standard_task_runner.py:63} INFO - Started process 6978 to run task
[2026-09-19T14:17:40.782+0000] {standard_task_runner.py:90} INFO - Running: ['airflow', 'tasks', 'run', 'ecommerce_data', 'extract', 'scheduled__2019-10-07T00:00:00+00:00', '--job-id', '114', '--raw', '--subdir', 'DAGS_FOLDER/etl.py', '--cfg-path', '/tmp/tmpsa9_pydv']
[2026-09-19T14:17:40.784+0000] {standard_task_runner.py:91} INFO - Job 114: Subtask extract
[2026-09-19T14:17:40.830+0000] {task_command.py:426} INFO - Running <TaskInstance: ecommerce_data.extract scheduled__2019-10-07T00:00:00+00:00 [running]> on host 8e73891b263a
[2026-09-19T14:17:40.882+0000] {taskinstance.py:2648} INFO - Exporting env vars: AIRFLOW_CTX_DAG_OWNER='airflow' AIRFLOW_CTX_DAG_ID='ecommerce_data' AIRFLOW_CTX_TASK_ID='extract' AIRFLOW_CTX_EXECUTION_DATE='2019-10-07T00:00:00+00:00' AIRFLOW_CTX_TRY_NUMBER='1' AIRFLOW_CTX_DAG_RUN_ID='scheduled__2019-10-07T00:00:00+00:00'
[2026-09-19T14:17:40.883+0000] {taskinstance.py:430} INFO - ::endgroup::
[2026-09-19T14:17:56.051+0000] {python.py:237} INFO - Done. Returned value was: None
[2026-09-19T14:17:56.051+0000] {taskinstance.py:441} INFO - ::group::Post task execution logs
[2026-09-19T14:17:56.055+0000] {taskinstance.py:1206} INFO - Marking task as SUCCESS. dag_id=ecommerce_data, task_id=extract, run_id=scheduled__2019-10-07T00:00:00+00:00, execution_date=20191007T000000, start_date=20260919T141740, end_date=20260919T141756
[2026-09-19T14:17:56.104+0000] {local_task_job_runner.py:240} INFO - Task exited with return code 0
[2026-09-19T14:17:56.114+0000] {taskinstance.py:3503} INFO - 0 downstream tasks scheduled from follow-on schedule check
[2026-09-19T14:17:56.114+0000] {local_task_job_runner.py:222} INFO - ::endgroup::
[2026-09-21T20:53:11.560+0000] {local_task_job_runner.py:120} INFO - ::group::Pre task execution logs
[2026-09-21T20:53:11.574+0000] {taskinstance.py:2076} INFO - Dependencies all met for dep_context=non-requeueable deps ti=<TaskInstance: ecommerce_data.extract scheduled__2019-10-07T00:00:00+00:00 [queued]>
[2026-09-21T20:53:11.577+0000] {taskinstance.py:2076} INFO - Dependencies all met for dep_context=requeueable deps ti=<TaskInstance: ecommerce_data.extract scheduled__2019-10-07T00:00:00+00:00 [queued]>
[2026-09-21T20:53:11.578+0000] {taskinstance.py:2306} INFO - Starting attempt 1 of 4
[2026-09-21T20:53:11.584+0000] {taskinstance.py:2330} INFO - Executing <Task(_PythonDecoratedOperator): extract> on 2019-10-07 00:00:00+00:00
[2026-09-21T20:53:11.587+0000] {standard_task_runner.py:63} INFO - Started process 1809 to run task
[2026-09-21T20:53:11.589+0000] {standard_task_runner.py:90} INFO - Running: ['airflow', 'tasks', 'run', 'ecommerce_data', 'extract', 'scheduled__2019-10-07T00:00:00+00:00', '--job-id', '37', '--raw', '--subdir', 'DAGS_FOLDER/etl.py', '--cfg-path', '/tmp/tmpq_z5dkrt']
[2026-09-21T20:53:11.590+0000] {standard_task_runner.py:91} INFO - Job 37: Subtask extract
[2026-09-21T20:53:11.609+0000] {task_command.py:426} INFO - Running <TaskInstance: ecommerce_data.extract scheduled__2019-10-07T00:00:00+00:00 [running]> on host e6c3ac7e1715
[2026-09-21T20:53:11.639+0000] {taskinstance.py:2648} INFO - Exporting env vars: AIRFLOW_CTX_DAG_OWNER='airflow' AIRFLOW_CTX_DAG_ID='ecommerce_data' AIRFLOW_CTX_TASK_ID='extract' AIRFLOW_CTX_EXECUTION_DATE='2019-10-07T00:00:00+00:00' AIRFLOW_CTX_TRY_NUMBER='1' AIRFLOW_CTX_DAG_RUN_ID='scheduled__2019-10-07T00:00:00+00:00'
[2026-09-21T20:53:11.640+0000] {taskinstance.py:430} INFO - ::endgroup::
[2026-09-21T20:53:11.642+0000] {base.py:84} INFO - Using connection ID 'postgres_conn_id' for task execution.
[2026-09-21T20:53:17.879+0000] {taskinstance.py:441} INFO - ::group::Post task execution logs
[2026-09-21T20:53:17.879+0000] {taskinstance.py:2905} ERROR - Task failed with exception
Traceback (most recent call last):
  File "/home/airflow/.local/lib/python3.11/site-packages/airflow/models/taskinstance.py", line 465, in _execute_task
    result = _execute_callable(context=context, **execute_callable_kwargs)
             ^^^^^^^^^^^^^^^^^^^^^^^^^^^^^^^^^^^^^^^^^^^^^^^^^^^^^^^^^^^^^
  File "/home/airflow/.local/lib/python3.11/site-packages/airflow/models/taskinstance.py", line 432, in _execute_callable
    return execute_callable(context=context, **execute_callable_kwargs)
           ^^^^^^^^^^^^^^^^^^^^^^^^^^^^^^^^^^^^^^^^^^^^^^^^^^^^^^^^^^^^
  File "/home/airflow/.local/lib/python3.11/site-packages/airflow/models/baseoperator.py", line 401, in wrapper
    return func(self, *args, **kwargs)
           ^^^^^^^^^^^^^^^^^^^^^^^^^^^
  File "/home/airflow/.local/lib/python3.11/site-packages/airflow/decorators/base.py", line 265, in execute
    return_value = super().execute(context)
                   ^^^^^^^^^^^^^^^^^^^^^^^^
  File "/home/airflow/.local/lib/python3.11/site-packages/airflow/models/baseoperator.py", line 401, in wrapper
    return func(self, *args, **kwargs)
           ^^^^^^^^^^^^^^^^^^^^^^^^^^^
  File "/home/airflow/.local/lib/python3.11/site-packages/airflow/operators/python.py", line 235, in execute
    return_value = self.execute_callable()
                   ^^^^^^^^^^^^^^^^^^^^^^^
  File "/home/airflow/.local/lib/python3.11/site-packages/airflow/operators/python.py", line 252, in execute_callable
    return self.python_callable(*self.op_args, **self.op_kwargs)
           ^^^^^^^^^^^^^^^^^^^^^^^^^^^^^^^^^^^^^^^^^^^^^^^^^^^^^
  File "/opt/airflow/dags/etl.py", line 58, in extract
    script_run = subprocess.run([
                 ^^^^^^^^^^^^^^^^
  File "/usr/local/lib/python3.11/subprocess.py", line 571, in run
    raise CalledProcessError(retcode, process.args,
subprocess.CalledProcessError: Command '['spark-submit', '--packages', 'org.postgresql:postgresql:42.6.0', '/opt/airflow/dags/daily_etl.py', '2019-10-07']' returned non-zero exit status 1.
[2026-09-21T20:53:17.883+0000] {taskinstance.py:1206} INFO - Marking task as UP_FOR_RETRY. dag_id=ecommerce_data, task_id=extract, run_id=scheduled__2019-10-07T00:00:00+00:00, execution_date=20191007T000000, start_date=20260921T205311, end_date=20260921T205317
[2026-09-21T20:53:17.887+0000] {standard_task_runner.py:110} ERROR - Failed to execute job 37 for task extract (Command '['spark-submit', '--packages', 'org.postgresql:postgresql:42.6.0', '/opt/airflow/dags/daily_etl.py', '2019-10-07']' returned non-zero exit status 1.; 1809)
[2026-09-21T20:53:17.893+0000] {local_task_job_runner.py:240} INFO - Task exited with return code 1
[2026-09-21T20:53:17.898+0000] {taskinstance.py:3503} INFO - 0 downstream tasks scheduled from follow-on schedule check
[2026-09-21T20:53:17.898+0000] {local_task_job_runner.py:222} INFO - ::endgroup::
[2026-09-21T21:55:24.220+0000] {local_task_job_runner.py:120} INFO - ::group::Pre task execution logs
[2026-09-21T21:55:24.242+0000] {taskinstance.py:2076} INFO - Dependencies all met for dep_context=non-requeueable deps ti=<TaskInstance: ecommerce_data.extract scheduled__2019-10-07T00:00:00+00:00 [queued]>
[2026-09-21T21:55:24.247+0000] {taskinstance.py:2076} INFO - Dependencies all met for dep_context=requeueable deps ti=<TaskInstance: ecommerce_data.extract scheduled__2019-10-07T00:00:00+00:00 [queued]>
[2026-09-21T21:55:24.247+0000] {taskinstance.py:2306} INFO - Starting attempt 1 of 4
[2026-09-21T21:55:24.256+0000] {taskinstance.py:2330} INFO - Executing <Task(_PythonDecoratedOperator): extract> on 2019-10-07 00:00:00+00:00
[2026-09-21T21:55:24.261+0000] {standard_task_runner.py:63} INFO - Started process 10785 to run task
[2026-09-21T21:55:24.263+0000] {standard_task_runner.py:90} INFO - Running: ['airflow', 'tasks', 'run', 'ecommerce_data', 'extract', 'scheduled__2019-10-07T00:00:00+00:00', '--job-id', '105', '--raw', '--subdir', 'DAGS_FOLDER/etl.py', '--cfg-path', '/tmp/tmpzkrczr0n']
[2026-09-21T21:55:24.265+0000] {standard_task_runner.py:91} INFO - Job 105: Subtask extract
[2026-09-21T21:55:24.298+0000] {task_command.py:426} INFO - Running <TaskInstance: ecommerce_data.extract scheduled__2019-10-07T00:00:00+00:00 [running]> on host e6c3ac7e1715
[2026-09-21T21:55:24.349+0000] {taskinstance.py:2648} INFO - Exporting env vars: AIRFLOW_CTX_DAG_OWNER='airflow' AIRFLOW_CTX_DAG_ID='ecommerce_data' AIRFLOW_CTX_TASK_ID='extract' AIRFLOW_CTX_EXECUTION_DATE='2019-10-07T00:00:00+00:00' AIRFLOW_CTX_TRY_NUMBER='1' AIRFLOW_CTX_DAG_RUN_ID='scheduled__2019-10-07T00:00:00+00:00'
[2026-09-21T21:55:24.350+0000] {taskinstance.py:430} INFO - ::endgroup::
[2026-09-21T21:55:24.353+0000] {base.py:84} INFO - Using connection ID 'postgres_conn_id' for task execution.
[2026-09-21T21:55:30.730+0000] {etl.py:68} ERROR - === СПРАВЖНЯ ПОМИЛКА ВІД SPARK ===
[2026-09-21T21:55:30.730+0000] {etl.py:69} ERROR - /home/airflow/.local/lib/python3.11/site-packages/pyspark/bin/load-spark-env.sh: line 68: ps: command not found
Ivy Default Cache set to: /home/airflow/.ivy2/cache
The jars for the packages stored in: /home/airflow/.ivy2/jars
org.postgresql#postgresql added as a dependency
:: resolving dependencies :: org.apache.spark#spark-submit-parent-e2a252c9-3b71-4fac-a4f5-fa2036bcb636;1.0
	confs: [default]
	found org.postgresql#postgresql;42.6.0 in central
	found org.checkerframework#checker-qual;3.31.0 in central
:: resolution report :: resolve 115ms :: artifacts dl 4ms
	:: modules in use:
	org.checkerframework#checker-qual;3.31.0 from central in [default]
	org.postgresql#postgresql;42.6.0 from central in [default]
	---------------------------------------------------------------------
	|                  |            modules            ||   artifacts   |
	|       conf       | number| search|dwnlded|evicted|| number|dwnlded|
	---------------------------------------------------------------------
	|      default     |   2   |   0   |   0   |   0   ||   2   |   0   |
	---------------------------------------------------------------------
:: retrieving :: org.apache.spark#spark-submit-parent-e2a252c9-3b71-4fac-a4f5-fa2036bcb636
	confs: [default]
	0 artifacts copied, 2 already retrieved (0kB/4ms)
26/09/21 21:55:25 WARN NativeCodeLoader: Unable to load native-hadoop library for your platform... using builtin-java classes where applicable
26/09/21 21:55:26 INFO SparkContext: Running Spark version 3.5.1
26/09/21 21:55:27 INFO SparkContext: OS info Linux, 7.0.0-31-generic, amd64
26/09/21 21:55:27 INFO SparkContext: Java version 17.0.20.1
26/09/21 21:55:27 INFO ResourceUtils: ==============================================================
26/09/21 21:55:27 INFO ResourceUtils: No custom resources configured for spark.driver.
26/09/21 21:55:27 INFO ResourceUtils: ==============================================================
26/09/21 21:55:27 INFO SparkContext: Submitted application: Daily_ecommerce
26/09/21 21:55:27 INFO ResourceProfile: Default ResourceProfile created, executor resources: Map(cores -> name: cores, amount: 1, script: , vendor: , memory -> name: memory, amount: 1024, script: , vendor: , offHeap -> name: offHeap, amount: 0, script: , vendor: ), task resources: Map(cpus -> name: cpus, amount: 1.0)
26/09/21 21:55:27 INFO ResourceProfile: Limiting resource is cpu
26/09/21 21:55:27 INFO ResourceProfileManager: Added ResourceProfile id: 0
26/09/21 21:55:27 INFO SecurityManager: Changing view acls to: airflow
26/09/21 21:55:27 INFO SecurityManager: Changing modify acls to: airflow
26/09/21 21:55:27 INFO SecurityManager: Changing view acls groups to: 
26/09/21 21:55:27 INFO SecurityManager: Changing modify acls groups to: 
26/09/21 21:55:27 INFO SecurityManager: SecurityManager: authentication disabled; ui acls disabled; users with view permissions: airflow; groups with view permissions: EMPTY; users with modify permissions: airflow; groups with modify permissions: EMPTY
26/09/21 21:55:27 INFO Utils: Successfully started service 'sparkDriver' on port 46141.
26/09/21 21:55:27 INFO SparkEnv: Registering MapOutputTracker
26/09/21 21:55:27 INFO SparkEnv: Registering BlockManagerMaster
26/09/21 21:55:27 INFO BlockManagerMasterEndpoint: Using org.apache.spark.storage.DefaultTopologyMapper for getting topology information
26/09/21 21:55:27 INFO BlockManagerMasterEndpoint: BlockManagerMasterEndpoint up
26/09/21 21:55:27 INFO SparkEnv: Registering BlockManagerMasterHeartbeat
26/09/21 21:55:27 INFO DiskBlockManager: Created local directory at /tmp/blockmgr-64833ed0-d686-46eb-b9da-dd586d53de66
26/09/21 21:55:27 INFO MemoryStore: MemoryStore started with capacity 434.4 MiB
26/09/21 21:55:27 INFO SparkEnv: Registering OutputCommitCoordinator
26/09/21 21:55:27 INFO JettyUtils: Start Jetty 0.0.0.0:4040 for SparkUI
26/09/21 21:55:27 INFO Utils: Successfully started service 'SparkUI' on port 4040.
26/09/21 21:55:27 INFO SparkContext: Added JAR file:///home/airflow/.ivy2/jars/org.postgresql_postgresql-42.6.0.jar at spark://e6c3ac7e1715:46141/jars/org.postgresql_postgresql-42.6.0.jar with timestamp 1790027726994
26/09/21 21:55:27 INFO SparkContext: Added JAR file:///home/airflow/.ivy2/jars/org.checkerframework_checker-qual-3.31.0.jar at spark://e6c3ac7e1715:46141/jars/org.checkerframework_checker-qual-3.31.0.jar with timestamp 1790027726994
26/09/21 21:55:27 INFO SparkContext: Added file file:///home/airflow/.ivy2/jars/org.postgresql_postgresql-42.6.0.jar at file:///home/airflow/.ivy2/jars/org.postgresql_postgresql-42.6.0.jar with timestamp 1790027726994
26/09/21 21:55:27 INFO Utils: Copying /home/airflow/.ivy2/jars/org.postgresql_postgresql-42.6.0.jar to /tmp/spark-d81c27f9-d03a-4a9b-b0fd-daa1e7e3d3dc/userFiles-eeec5fb5-65d9-466a-9934-b5f01b279049/org.postgresql_postgresql-42.6.0.jar
26/09/21 21:55:27 INFO SparkContext: Added file file:///home/airflow/.ivy2/jars/org.checkerframework_checker-qual-3.31.0.jar at file:///home/airflow/.ivy2/jars/org.checkerframework_checker-qual-3.31.0.jar with timestamp 1790027726994
26/09/21 21:55:27 INFO Utils: Copying /home/airflow/.ivy2/jars/org.checkerframework_checker-qual-3.31.0.jar to /tmp/spark-d81c27f9-d03a-4a9b-b0fd-daa1e7e3d3dc/userFiles-eeec5fb5-65d9-466a-9934-b5f01b279049/org.checkerframework_checker-qual-3.31.0.jar
26/09/21 21:55:27 INFO Executor: Starting executor ID driver on host e6c3ac7e1715
26/09/21 21:55:27 INFO Executor: OS info Linux, 7.0.0-31-generic, amd64
26/09/21 21:55:27 INFO Executor: Java version 17.0.20.1
26/09/21 21:55:27 INFO Executor: Starting executor with user classpath (userClassPathFirst = false): ''
26/09/21 21:55:27 INFO Executor: Created or updated repl class loader org.apache.spark.util.MutableURLClassLoader@39d9aebb for default.
26/09/21 21:55:27 INFO Executor: Fetching file:///home/airflow/.ivy2/jars/org.checkerframework_checker-qual-3.31.0.jar with timestamp 1790027726994
26/09/21 21:55:27 INFO Utils: /home/airflow/.ivy2/jars/org.checkerframework_checker-qual-3.31.0.jar has been previously copied to /tmp/spark-d81c27f9-d03a-4a9b-b0fd-daa1e7e3d3dc/userFiles-eeec5fb5-65d9-466a-9934-b5f01b279049/org.checkerframework_checker-qual-3.31.0.jar
26/09/21 21:55:27 INFO Executor: Fetching file:///home/airflow/.ivy2/jars/org.postgresql_postgresql-42.6.0.jar with timestamp 1790027726994
26/09/21 21:55:27 INFO Utils: /home/airflow/.ivy2/jars/org.postgresql_postgresql-42.6.0.jar has been previously copied to /tmp/spark-d81c27f9-d03a-4a9b-b0fd-daa1e7e3d3dc/userFiles-eeec5fb5-65d9-466a-9934-b5f01b279049/org.postgresql_postgresql-42.6.0.jar
26/09/21 21:55:27 INFO Executor: Fetching spark://e6c3ac7e1715:46141/jars/org.postgresql_postgresql-42.6.0.jar with timestamp 1790027726994
26/09/21 21:55:27 INFO TransportClientFactory: Successfully created connection to e6c3ac7e1715/172.21.0.3:46141 after 21 ms (0 ms spent in bootstraps)
26/09/21 21:55:27 INFO Utils: Fetching spark://e6c3ac7e1715:46141/jars/org.postgresql_postgresql-42.6.0.jar to /tmp/spark-d81c27f9-d03a-4a9b-b0fd-daa1e7e3d3dc/userFiles-eeec5fb5-65d9-466a-9934-b5f01b279049/fetchFileTemp3827298127171688721.tmp
26/09/21 21:55:27 INFO Utils: /tmp/spark-d81c27f9-d03a-4a9b-b0fd-daa1e7e3d3dc/userFiles-eeec5fb5-65d9-466a-9934-b5f01b279049/fetchFileTemp3827298127171688721.tmp has been previously copied to /tmp/spark-d81c27f9-d03a-4a9b-b0fd-daa1e7e3d3dc/userFiles-eeec5fb5-65d9-466a-9934-b5f01b279049/org.postgresql_postgresql-42.6.0.jar
26/09/21 21:55:27 INFO Executor: Adding file:/tmp/spark-d81c27f9-d03a-4a9b-b0fd-daa1e7e3d3dc/userFiles-eeec5fb5-65d9-466a-9934-b5f01b279049/org.postgresql_postgresql-42.6.0.jar to class loader default
26/09/21 21:55:27 INFO Executor: Fetching spark://e6c3ac7e1715:46141/jars/org.checkerframework_checker-qual-3.31.0.jar with timestamp 1790027726994
26/09/21 21:55:27 INFO Utils: Fetching spark://e6c3ac7e1715:46141/jars/org.checkerframework_checker-qual-3.31.0.jar to /tmp/spark-d81c27f9-d03a-4a9b-b0fd-daa1e7e3d3dc/userFiles-eeec5fb5-65d9-466a-9934-b5f01b279049/fetchFileTemp17450785184472686887.tmp
26/09/21 21:55:27 INFO Utils: /tmp/spark-d81c27f9-d03a-4a9b-b0fd-daa1e7e3d3dc/userFiles-eeec5fb5-65d9-466a-9934-b5f01b279049/fetchFileTemp17450785184472686887.tmp has been previously copied to /tmp/spark-d81c27f9-d03a-4a9b-b0fd-daa1e7e3d3dc/userFiles-eeec5fb5-65d9-466a-9934-b5f01b279049/org.checkerframework_checker-qual-3.31.0.jar
26/09/21 21:55:27 INFO Executor: Adding file:/tmp/spark-d81c27f9-d03a-4a9b-b0fd-daa1e7e3d3dc/userFiles-eeec5fb5-65d9-466a-9934-b5f01b279049/org.checkerframework_checker-qual-3.31.0.jar to class loader default
26/09/21 21:55:27 INFO Utils: Successfully started service 'org.apache.spark.network.netty.NettyBlockTransferService' on port 46177.
26/09/21 21:55:27 INFO NettyBlockTransferService: Server created on e6c3ac7e1715:46177
26/09/21 21:55:27 INFO BlockManager: Using org.apache.spark.storage.RandomBlockReplicationPolicy for block replication policy
26/09/21 21:55:27 INFO BlockManagerMaster: Registering BlockManager BlockManagerId(driver, e6c3ac7e1715, 46177, None)
26/09/21 21:55:27 INFO BlockManagerMasterEndpoint: Registering block manager e6c3ac7e1715:46177 with 434.4 MiB RAM, BlockManagerId(driver, e6c3ac7e1715, 46177, None)
26/09/21 21:55:27 INFO BlockManagerMaster: Registered BlockManager BlockManagerId(driver, e6c3ac7e1715, 46177, None)
26/09/21 21:55:27 INFO BlockManager: Initialized BlockManager: BlockManagerId(driver, e6c3ac7e1715, 46177, None)
26/09/21 21:55:28 INFO SharedState: Setting hive.metastore.warehouse.dir ('null') to the value of spark.sql.warehouse.dir.
26/09/21 21:55:28 INFO SharedState: Warehouse path is 'file:/opt/airflow/spark-warehouse'.
26/09/21 21:55:28 INFO InMemoryFileIndex: It took 34 ms to list leaf files for 1 paths.
26/09/21 21:55:29 INFO SparkContext: Starting job: parquet at NativeMethodAccessorImpl.java:0
26/09/21 21:55:29 INFO DAGScheduler: Got job 0 (parquet at NativeMethodAccessorImpl.java:0) with 1 output partitions
26/09/21 21:55:29 INFO DAGScheduler: Final stage: ResultStage 0 (parquet at NativeMethodAccessorImpl.java:0)
26/09/21 21:55:29 INFO DAGScheduler: Parents of final stage: List()
26/09/21 21:55:29 INFO DAGScheduler: Missing parents: List()
26/09/21 21:55:29 INFO DAGScheduler: Submitting ResultStage 0 (MapPartitionsRDD[1] at parquet at NativeMethodAccessorImpl.java:0), which has no missing parents
26/09/21 21:55:29 INFO MemoryStore: Block broadcast_0 stored as values in memory (estimated size 104.5 KiB, free 434.3 MiB)
26/09/21 21:55:29 INFO MemoryStore: Block broadcast_0_piece0 stored as bytes in memory (estimated size 37.6 KiB, free 434.3 MiB)
26/09/21 21:55:29 INFO BlockManagerInfo: Added broadcast_0_piece0 in memory on e6c3ac7e1715:46177 (size: 37.6 KiB, free: 434.4 MiB)
26/09/21 21:55:29 INFO SparkContext: Created broadcast 0 from broadcast at DAGScheduler.scala:1585
26/09/21 21:55:29 INFO DAGScheduler: Submitting 1 missing tasks from ResultStage 0 (MapPartitionsRDD[1] at parquet at NativeMethodAccessorImpl.java:0) (first 15 tasks are for partitions Vector(0))
26/09/21 21:55:29 INFO TaskSchedulerImpl: Adding task set 0.0 with 1 tasks resource profile 0
26/09/21 21:55:29 INFO TaskSetManager: Starting task 0.0 in stage 0.0 (TID 0) (e6c3ac7e1715, executor driver, partition 0, PROCESS_LOCAL, 8303 bytes) 
26/09/21 21:55:29 INFO Executor: Running task 0.0 in stage 0.0 (TID 0)
26/09/21 21:55:29 INFO Executor: Finished task 0.0 in stage 0.0 (TID 0). 2034 bytes result sent to driver
26/09/21 21:55:29 INFO TaskSetManager: Finished task 0.0 in stage 0.0 (TID 0) in 345 ms on e6c3ac7e1715 (executor driver) (1/1)
26/09/21 21:55:29 INFO TaskSchedulerImpl: Removed TaskSet 0.0, whose tasks have all completed, from pool 
26/09/21 21:55:29 INFO DAGScheduler: ResultStage 0 (parquet at NativeMethodAccessorImpl.java:0) finished in 0.475 s
26/09/21 21:55:29 INFO DAGScheduler: Job 0 is finished. Cancelling potential speculative or zombie tasks for this job
26/09/21 21:55:29 INFO TaskSchedulerImpl: Killing all running tasks in stage 0: Stage finished
26/09/21 21:55:29 INFO DAGScheduler: Job 0 finished: parquet at NativeMethodAccessorImpl.java:0, took 0.509345 s
26/09/21 21:55:29 INFO BlockManagerInfo: Removed broadcast_0_piece0 on e6c3ac7e1715:46177 in memory (size: 37.6 KiB, free: 434.4 MiB)
26/09/21 21:55:30 INFO SparkContext: Invoking stop() from shutdown hook
26/09/21 21:55:30 INFO SparkContext: SparkContext is stopping with exitCode 0.
26/09/21 21:55:30 INFO SparkUI: Stopped Spark web UI at http://e6c3ac7e1715:4040
26/09/21 21:55:30 INFO MapOutputTrackerMasterEndpoint: MapOutputTrackerMasterEndpoint stopped!
26/09/21 21:55:30 INFO MemoryStore: MemoryStore cleared
26/09/21 21:55:30 INFO BlockManager: BlockManager stopped
26/09/21 21:55:30 INFO BlockManagerMaster: BlockManagerMaster stopped
26/09/21 21:55:30 INFO OutputCommitCoordinator$OutputCommitCoordinatorEndpoint: OutputCommitCoordinator stopped!
26/09/21 21:55:30 INFO SparkContext: Successfully stopped SparkContext
26/09/21 21:55:30 INFO ShutdownHookManager: Shutdown hook called
26/09/21 21:55:30 INFO ShutdownHookManager: Deleting directory /tmp/spark-348d0c21-df9f-4777-b7a2-a504f08e93db
26/09/21 21:55:30 INFO ShutdownHookManager: Deleting directory /tmp/spark-d81c27f9-d03a-4a9b-b0fd-daa1e7e3d3dc/pyspark-7d8d7570-f50c-47d2-92f4-ea6db157b4d5
26/09/21 21:55:30 INFO ShutdownHookManager: Deleting directory /tmp/spark-d81c27f9-d03a-4a9b-b0fd-daa1e7e3d3dc

[2026-09-21T21:55:30.730+0000] {taskinstance.py:441} INFO - ::group::Post task execution logs
[2026-09-21T21:55:30.731+0000] {taskinstance.py:2905} ERROR - Task failed with exception
Traceback (most recent call last):
  File "/home/airflow/.local/lib/python3.11/site-packages/airflow/models/taskinstance.py", line 465, in _execute_task
    result = _execute_callable(context=context, **execute_callable_kwargs)
             ^^^^^^^^^^^^^^^^^^^^^^^^^^^^^^^^^^^^^^^^^^^^^^^^^^^^^^^^^^^^^
  File "/home/airflow/.local/lib/python3.11/site-packages/airflow/models/taskinstance.py", line 432, in _execute_callable
    return execute_callable(context=context, **execute_callable_kwargs)
           ^^^^^^^^^^^^^^^^^^^^^^^^^^^^^^^^^^^^^^^^^^^^^^^^^^^^^^^^^^^^
  File "/home/airflow/.local/lib/python3.11/site-packages/airflow/models/baseoperator.py", line 401, in wrapper
    return func(self, *args, **kwargs)
           ^^^^^^^^^^^^^^^^^^^^^^^^^^^
  File "/home/airflow/.local/lib/python3.11/site-packages/airflow/decorators/base.py", line 265, in execute
    return_value = super().execute(context)
                   ^^^^^^^^^^^^^^^^^^^^^^^^
  File "/home/airflow/.local/lib/python3.11/site-packages/airflow/models/baseoperator.py", line 401, in wrapper
    return func(self, *args, **kwargs)
           ^^^^^^^^^^^^^^^^^^^^^^^^^^^
  File "/home/airflow/.local/lib/python3.11/site-packages/airflow/operators/python.py", line 235, in execute
    return_value = self.execute_callable()
                   ^^^^^^^^^^^^^^^^^^^^^^^
  File "/home/airflow/.local/lib/python3.11/site-packages/airflow/operators/python.py", line 252, in execute_callable
    return self.python_callable(*self.op_args, **self.op_kwargs)
           ^^^^^^^^^^^^^^^^^^^^^^^^^^^^^^^^^^^^^^^^^^^^^^^^^^^^^
  File "/opt/airflow/dags/etl.py", line 70, in extract
    raise e
  File "/opt/airflow/dags/etl.py", line 59, in extract
    script_run = subprocess.run([
                 ^^^^^^^^^^^^^^^^
  File "/usr/local/lib/python3.11/subprocess.py", line 571, in run
    raise CalledProcessError(retcode, process.args,
subprocess.CalledProcessError: Command '['spark-submit', '--packages', 'org.postgresql:postgresql:42.6.0', '/opt/airflow/dags/daily_etl.py', '2019-10-07']' returned non-zero exit status 1.
[2026-09-21T21:55:30.736+0000] {taskinstance.py:1206} INFO - Marking task as UP_FOR_RETRY. dag_id=ecommerce_data, task_id=extract, run_id=scheduled__2019-10-07T00:00:00+00:00, execution_date=20191007T000000, start_date=20260921T215524, end_date=20260921T215530
[2026-09-21T21:55:30.742+0000] {standard_task_runner.py:110} ERROR - Failed to execute job 105 for task extract (Command '['spark-submit', '--packages', 'org.postgresql:postgresql:42.6.0', '/opt/airflow/dags/daily_etl.py', '2019-10-07']' returned non-zero exit status 1.; 10785)
[2026-09-21T21:55:30.769+0000] {local_task_job_runner.py:240} INFO - Task exited with return code 1
[2026-09-21T21:55:30.783+0000] {taskinstance.py:3503} INFO - 0 downstream tasks scheduled from follow-on schedule check
[2026-09-21T21:55:30.783+0000] {local_task_job_runner.py:222} INFO - ::endgroup::
[2026-09-21T22:26:17.752+0000] {local_task_job_runner.py:120} INFO - ::group::Pre task execution logs
[2026-09-21T22:26:17.769+0000] {taskinstance.py:2076} INFO - Dependencies all met for dep_context=non-requeueable deps ti=<TaskInstance: ecommerce_data.extract scheduled__2019-10-07T00:00:00+00:00 [queued]>
[2026-09-21T22:26:17.773+0000] {taskinstance.py:2076} INFO - Dependencies all met for dep_context=requeueable deps ti=<TaskInstance: ecommerce_data.extract scheduled__2019-10-07T00:00:00+00:00 [queued]>
[2026-09-21T22:26:17.774+0000] {taskinstance.py:2306} INFO - Starting attempt 1 of 4
[2026-09-21T22:26:17.781+0000] {taskinstance.py:2330} INFO - Executing <Task(_PythonDecoratedOperator): extract> on 2019-10-07 00:00:00+00:00
[2026-09-21T22:26:17.787+0000] {standard_task_runner.py:63} INFO - Started process 28079 to run task
[2026-09-21T22:26:17.789+0000] {standard_task_runner.py:90} INFO - Running: ['airflow', 'tasks', 'run', 'ecommerce_data', 'extract', 'scheduled__2019-10-07T00:00:00+00:00', '--job-id', '255', '--raw', '--subdir', 'DAGS_FOLDER/etl.py', '--cfg-path', '/tmp/tmptmzlj71v']
[2026-09-21T22:26:17.790+0000] {standard_task_runner.py:91} INFO - Job 255: Subtask extract
[2026-09-21T22:26:17.822+0000] {task_command.py:426} INFO - Running <TaskInstance: ecommerce_data.extract scheduled__2019-10-07T00:00:00+00:00 [running]> on host e6c3ac7e1715
[2026-09-21T22:26:17.876+0000] {taskinstance.py:2648} INFO - Exporting env vars: AIRFLOW_CTX_DAG_OWNER='airflow' AIRFLOW_CTX_DAG_ID='ecommerce_data' AIRFLOW_CTX_TASK_ID='extract' AIRFLOW_CTX_EXECUTION_DATE='2019-10-07T00:00:00+00:00' AIRFLOW_CTX_TRY_NUMBER='1' AIRFLOW_CTX_DAG_RUN_ID='scheduled__2019-10-07T00:00:00+00:00'
[2026-09-21T22:26:17.876+0000] {taskinstance.py:430} INFO - ::endgroup::
[2026-09-21T22:26:17.880+0000] {base.py:84} INFO - Using connection ID 'postgres_conn_id' for task execution.
[2026-09-21T22:26:24.365+0000] {taskinstance.py:441} INFO - ::group::Post task execution logs
[2026-09-21T22:26:24.366+0000] {taskinstance.py:2905} ERROR - Task failed with exception
Traceback (most recent call last):
  File "/home/airflow/.local/lib/python3.11/site-packages/airflow/models/taskinstance.py", line 465, in _execute_task
    result = _execute_callable(context=context, **execute_callable_kwargs)
             ^^^^^^^^^^^^^^^^^^^^^^^^^^^^^^^^^^^^^^^^^^^^^^^^^^^^^^^^^^^^^
  File "/home/airflow/.local/lib/python3.11/site-packages/airflow/models/taskinstance.py", line 432, in _execute_callable
    return execute_callable(context=context, **execute_callable_kwargs)
           ^^^^^^^^^^^^^^^^^^^^^^^^^^^^^^^^^^^^^^^^^^^^^^^^^^^^^^^^^^^^
  File "/home/airflow/.local/lib/python3.11/site-packages/airflow/models/baseoperator.py", line 401, in wrapper
    return func(self, *args, **kwargs)
           ^^^^^^^^^^^^^^^^^^^^^^^^^^^
  File "/home/airflow/.local/lib/python3.11/site-packages/airflow/decorators/base.py", line 265, in execute
    return_value = super().execute(context)
                   ^^^^^^^^^^^^^^^^^^^^^^^^
  File "/home/airflow/.local/lib/python3.11/site-packages/airflow/models/baseoperator.py", line 401, in wrapper
    return func(self, *args, **kwargs)
           ^^^^^^^^^^^^^^^^^^^^^^^^^^^
  File "/home/airflow/.local/lib/python3.11/site-packages/airflow/operators/python.py", line 235, in execute
    return_value = self.execute_callable()
                   ^^^^^^^^^^^^^^^^^^^^^^^
  File "/home/airflow/.local/lib/python3.11/site-packages/airflow/operators/python.py", line 252, in execute_callable
    return self.python_callable(*self.op_args, **self.op_kwargs)
           ^^^^^^^^^^^^^^^^^^^^^^^^^^^^^^^^^^^^^^^^^^^^^^^^^^^^^
  File "/opt/airflow/dags/etl.py", line 58, in extract
    script_run = subprocess.run([
                 ^^^^^^^^^^^^^^^^
  File "/usr/local/lib/python3.11/subprocess.py", line 571, in run
    raise CalledProcessError(retcode, process.args,
subprocess.CalledProcessError: Command '['spark-submit', '--packages', 'org.postgresql:postgresql:42.6.0', '/opt/airflow/dags/daily_etl.py', '2019-10-07']' returned non-zero exit status 1.
[2026-09-21T22:26:24.372+0000] {taskinstance.py:1206} INFO - Marking task as UP_FOR_RETRY. dag_id=ecommerce_data, task_id=extract, run_id=scheduled__2019-10-07T00:00:00+00:00, execution_date=20191007T000000, start_date=20260921T222617, end_date=20260921T222624
[2026-09-21T22:26:24.382+0000] {standard_task_runner.py:110} ERROR - Failed to execute job 255 for task extract (Command '['spark-submit', '--packages', 'org.postgresql:postgresql:42.6.0', '/opt/airflow/dags/daily_etl.py', '2019-10-07']' returned non-zero exit status 1.; 28079)
[2026-09-21T22:26:24.410+0000] {local_task_job_runner.py:240} INFO - Task exited with return code 1
[2026-09-21T22:26:24.424+0000] {taskinstance.py:3503} INFO - 0 downstream tasks scheduled from follow-on schedule check
[2026-09-21T22:26:24.425+0000] {local_task_job_runner.py:222} INFO - ::endgroup::
