[2026-09-18T12:33:35.982+0000] {local_task_job_runner.py:120} INFO - ::group::Pre task execution logs
[2026-09-18T12:33:35.997+0000] {taskinstance.py:2076} INFO - Dependencies all met for dep_context=non-requeueable deps ti=<TaskInstance: ecommerce_data.extract scheduled__2019-10-10T00:00:00+00:00 [queued]>
[2026-09-18T12:33:36.000+0000] {taskinstance.py:2076} INFO - Dependencies all met for dep_context=requeueable deps ti=<TaskInstance: ecommerce_data.extract scheduled__2019-10-10T00:00:00+00:00 [queued]>
[2026-09-18T12:33:36.001+0000] {taskinstance.py:2306} INFO - Starting attempt 3 of 4
[2026-09-18T12:33:36.008+0000] {taskinstance.py:2330} INFO - Executing <Task(_PythonDecoratedOperator): extract> on 2019-10-10 00:00:00+00:00
[2026-09-18T12:33:36.011+0000] {standard_task_runner.py:63} INFO - Started process 3091 to run task
[2026-09-18T12:33:36.013+0000] {standard_task_runner.py:90} INFO - Running: ['airflow', 'tasks', 'run', 'ecommerce_data', 'extract', 'scheduled__2019-10-10T00:00:00+00:00', '--job-id', '43', '--raw', '--subdir', 'DAGS_FOLDER/etl.py', '--cfg-path', '/tmp/tmprvjt3m_3']
[2026-09-18T12:33:36.014+0000] {standard_task_runner.py:91} INFO - Job 43: Subtask extract
[2026-09-18T12:33:36.034+0000] {task_command.py:426} INFO - Running <TaskInstance: ecommerce_data.extract scheduled__2019-10-10T00:00:00+00:00 [running]> on host ac3d43ca2f24
[2026-09-18T12:33:36.066+0000] {taskinstance.py:2648} INFO - Exporting env vars: AIRFLOW_CTX_DAG_OWNER='airflow' AIRFLOW_CTX_DAG_ID='ecommerce_data' AIRFLOW_CTX_TASK_ID='extract' AIRFLOW_CTX_EXECUTION_DATE='2019-10-10T00:00:00+00:00' AIRFLOW_CTX_TRY_NUMBER='3' AIRFLOW_CTX_DAG_RUN_ID='scheduled__2019-10-10T00:00:00+00:00'
[2026-09-18T12:33:36.066+0000] {taskinstance.py:430} INFO - ::endgroup::
[2026-09-18T12:33:37.099+0000] {taskinstance.py:441} INFO - ::group::Post task execution logs
[2026-09-18T12:33:37.099+0000] {taskinstance.py:2905} ERROR - Task failed with exception
Traceback (most recent call last):
  File "/home/airflow/.local/lib/python3.11/site-packages/airflow/models/taskinstance.py", line 465, in _execute_task
    result = _execute_callable(context=context, **execute_callable_kwargs)
             ^^^^^^^^^^^^^^^^^^^^^^^^^^^^^^^^^^^^^^^^^^^^^^^^^^^^^^^^^^^^^
  File "/home/airflow/.local/lib/python3.11/site-packages/airflow/models/taskinstance.py", line 432, in _execute_callable
    return execute_callable(context=context, **execute_callable_kwargs)
           ^^^^^^^^^^^^^^^^^^^^^^^^^^^^^^^^^^^^^^^^^^^^^^^^^^^^^^^^^^^^
  File "/home/airflow/.local/lib/python3.11/site-packages/airflow/models/baseoperator.py", line 401, in wrapper
    return func(self, *args, **kwargs)
           ^^^^^^^^^^^^^^^^^^^^^^^^^^^
  File "/home/airflow/.local/lib/python3.11/site-packages/airflow/decorators/base.py", line 265, in execute
    return_value = super().execute(context)
                   ^^^^^^^^^^^^^^^^^^^^^^^^
  File "/home/airflow/.local/lib/python3.11/site-packages/airflow/models/baseoperator.py", line 401, in wrapper
    return func(self, *args, **kwargs)
           ^^^^^^^^^^^^^^^^^^^^^^^^^^^
  File "/home/airflow/.local/lib/python3.11/site-packages/airflow/operators/python.py", line 235, in execute
    return_value = self.execute_callable()
                   ^^^^^^^^^^^^^^^^^^^^^^^
  File "/home/airflow/.local/lib/python3.11/site-packages/airflow/operators/python.py", line 252, in execute_callable
    return self.python_callable(*self.op_args, **self.op_kwargs)
           ^^^^^^^^^^^^^^^^^^^^^^^^^^^^^^^^^^^^^^^^^^^^^^^^^^^^^
  File "/opt/airflow/dags/etl.py", line 26, in extract
    script_run = subprocess.run(["spark-submit", "daily_etl.py", ds], check=True)
                 ^^^^^^^^^^^^^^^^^^^^^^^^^^^^^^^^^^^^^^^^^^^^^^^^^^^^^^^^^^^^^^^^
  File "/usr/local/lib/python3.11/subprocess.py", line 571, in run
    raise CalledProcessError(retcode, process.args,
subprocess.CalledProcessError: Command '['spark-submit', 'daily_etl.py', '2019-10-10']' returned non-zero exit status 2.
[2026-09-18T12:33:37.102+0000] {taskinstance.py:1206} INFO - Marking task as UP_FOR_RETRY. dag_id=ecommerce_data, task_id=extract, run_id=scheduled__2019-10-10T00:00:00+00:00, execution_date=20191010T000000, start_date=20260918T123335, end_date=20260918T123337
[2026-09-18T12:33:37.107+0000] {standard_task_runner.py:110} ERROR - Failed to execute job 43 for task extract (Command '['spark-submit', 'daily_etl.py', '2019-10-10']' returned non-zero exit status 2.; 3091)
[2026-09-18T12:33:37.147+0000] {local_task_job_runner.py:240} INFO - Task exited with return code 1
[2026-09-18T12:33:37.162+0000] {taskinstance.py:3503} INFO - 0 downstream tasks scheduled from follow-on schedule check
[2026-09-18T12:33:37.162+0000] {local_task_job_runner.py:222} INFO - ::endgroup::
[2026-09-21T21:58:39.473+0000] {local_task_job_runner.py:120} INFO - ::group::Pre task execution logs
[2026-09-21T21:58:39.492+0000] {taskinstance.py:2076} INFO - Dependencies all met for dep_context=non-requeueable deps ti=<TaskInstance: ecommerce_data.extract scheduled__2019-10-10T00:00:00+00:00 [queued]>
[2026-09-21T21:58:39.496+0000] {taskinstance.py:2076} INFO - Dependencies all met for dep_context=requeueable deps ti=<TaskInstance: ecommerce_data.extract scheduled__2019-10-10T00:00:00+00:00 [queued]>
[2026-09-21T21:58:39.496+0000] {taskinstance.py:2306} INFO - Starting attempt 3 of 4
[2026-09-21T21:58:39.505+0000] {taskinstance.py:2330} INFO - Executing <Task(_PythonDecoratedOperator): extract> on 2019-10-10 00:00:00+00:00
[2026-09-21T21:58:39.511+0000] {standard_task_runner.py:63} INFO - Started process 13613 to run task
[2026-09-21T21:58:39.513+0000] {standard_task_runner.py:90} INFO - Running: ['airflow', 'tasks', 'run', 'ecommerce_data', 'extract', 'scheduled__2019-10-10T00:00:00+00:00', '--job-id', '128', '--raw', '--subdir', 'DAGS_FOLDER/etl.py', '--cfg-path', '/tmp/tmp6c1zwvyj']
[2026-09-21T21:58:39.514+0000] {standard_task_runner.py:91} INFO - Job 128: Subtask extract
[2026-09-21T21:58:39.541+0000] {task_command.py:426} INFO - Running <TaskInstance: ecommerce_data.extract scheduled__2019-10-10T00:00:00+00:00 [running]> on host e6c3ac7e1715
[2026-09-21T21:58:39.584+0000] {taskinstance.py:2648} INFO - Exporting env vars: AIRFLOW_CTX_DAG_OWNER='airflow' AIRFLOW_CTX_DAG_ID='ecommerce_data' AIRFLOW_CTX_TASK_ID='extract' AIRFLOW_CTX_EXECUTION_DATE='2019-10-10T00:00:00+00:00' AIRFLOW_CTX_TRY_NUMBER='3' AIRFLOW_CTX_DAG_RUN_ID='scheduled__2019-10-10T00:00:00+00:00'
[2026-09-21T21:58:39.584+0000] {taskinstance.py:430} INFO - ::endgroup::
[2026-09-21T21:58:39.588+0000] {base.py:84} INFO - Using connection ID 'postgres_conn_id' for task execution.
[2026-09-21T21:58:46.091+0000] {etl.py:68} ERROR - === СПРАВЖНЯ ПОМИЛКА ВІД SPARK ===
[2026-09-21T21:58:46.092+0000] {etl.py:69} ERROR - /home/airflow/.local/lib/python3.11/site-packages/pyspark/bin/load-spark-env.sh: line 68: ps: command not found
Ivy Default Cache set to: /home/airflow/.ivy2/cache
The jars for the packages stored in: /home/airflow/.ivy2/jars
org.postgresql#postgresql added as a dependency
:: resolving dependencies :: org.apache.spark#spark-submit-parent-419bc5b5-bbc6-4539-afca-57b40b3c9b27;1.0
	confs: [default]
	found org.postgresql#postgresql;42.6.0 in central
	found org.checkerframework#checker-qual;3.31.0 in central
:: resolution report :: resolve 117ms :: artifacts dl 6ms
	:: modules in use:
	org.checkerframework#checker-qual;3.31.0 from central in [default]
	org.postgresql#postgresql;42.6.0 from central in [default]
	---------------------------------------------------------------------
	|                  |            modules            ||   artifacts   |
	|       conf       | number| search|dwnlded|evicted|| number|dwnlded|
	---------------------------------------------------------------------
	|      default     |   2   |   0   |   0   |   0   ||   2   |   0   |
	---------------------------------------------------------------------
:: retrieving :: org.apache.spark#spark-submit-parent-419bc5b5-bbc6-4539-afca-57b40b3c9b27
	confs: [default]
	0 artifacts copied, 2 already retrieved (0kB/4ms)
26/09/21 21:58:41 WARN NativeCodeLoader: Unable to load native-hadoop library for your platform... using builtin-java classes where applicable
26/09/21 21:58:42 INFO SparkContext: Running Spark version 3.5.1
26/09/21 21:58:42 INFO SparkContext: OS info Linux, 7.0.0-31-generic, amd64
26/09/21 21:58:42 INFO SparkContext: Java version 17.0.20.1
26/09/21 21:58:42 INFO ResourceUtils: ==============================================================
26/09/21 21:58:42 INFO ResourceUtils: No custom resources configured for spark.driver.
26/09/21 21:58:42 INFO ResourceUtils: ==============================================================
26/09/21 21:58:42 INFO SparkContext: Submitted application: Daily_ecommerce
26/09/21 21:58:42 INFO ResourceProfile: Default ResourceProfile created, executor resources: Map(cores -> name: cores, amount: 1, script: , vendor: , memory -> name: memory, amount: 1024, script: , vendor: , offHeap -> name: offHeap, amount: 0, script: , vendor: ), task resources: Map(cpus -> name: cpus, amount: 1.0)
26/09/21 21:58:42 INFO ResourceProfile: Limiting resource is cpu
26/09/21 21:58:42 INFO ResourceProfileManager: Added ResourceProfile id: 0
26/09/21 21:58:42 INFO SecurityManager: Changing view acls to: airflow
26/09/21 21:58:42 INFO SecurityManager: Changing modify acls to: airflow
26/09/21 21:58:42 INFO SecurityManager: Changing view acls groups to: 
26/09/21 21:58:42 INFO SecurityManager: Changing modify acls groups to: 
26/09/21 21:58:42 INFO SecurityManager: SecurityManager: authentication disabled; ui acls disabled; users with view permissions: airflow; groups with view permissions: EMPTY; users with modify permissions: airflow; groups with modify permissions: EMPTY
26/09/21 21:58:42 INFO Utils: Successfully started service 'sparkDriver' on port 45403.
26/09/21 21:58:42 INFO SparkEnv: Registering MapOutputTracker
26/09/21 21:58:42 INFO SparkEnv: Registering BlockManagerMaster
26/09/21 21:58:42 INFO BlockManagerMasterEndpoint: Using org.apache.spark.storage.DefaultTopologyMapper for getting topology information
26/09/21 21:58:42 INFO BlockManagerMasterEndpoint: BlockManagerMasterEndpoint up
26/09/21 21:58:42 INFO SparkEnv: Registering BlockManagerMasterHeartbeat
26/09/21 21:58:42 INFO DiskBlockManager: Created local directory at /tmp/blockmgr-2e63a187-7767-4d9a-aa7f-166816c62bb3
26/09/21 21:58:42 INFO MemoryStore: MemoryStore started with capacity 434.4 MiB
26/09/21 21:58:42 INFO SparkEnv: Registering OutputCommitCoordinator
26/09/21 21:58:42 INFO JettyUtils: Start Jetty 0.0.0.0:4040 for SparkUI
26/09/21 21:58:42 INFO Utils: Successfully started service 'SparkUI' on port 4040.
26/09/21 21:58:42 INFO SparkContext: Added JAR file:///home/airflow/.ivy2/jars/org.postgresql_postgresql-42.6.0.jar at spark://e6c3ac7e1715:45403/jars/org.postgresql_postgresql-42.6.0.jar with timestamp 1790027922324
26/09/21 21:58:42 INFO SparkContext: Added JAR file:///home/airflow/.ivy2/jars/org.checkerframework_checker-qual-3.31.0.jar at spark://e6c3ac7e1715:45403/jars/org.checkerframework_checker-qual-3.31.0.jar with timestamp 1790027922324
26/09/21 21:58:42 INFO SparkContext: Added file file:///home/airflow/.ivy2/jars/org.postgresql_postgresql-42.6.0.jar at file:///home/airflow/.ivy2/jars/org.postgresql_postgresql-42.6.0.jar with timestamp 1790027922324
26/09/21 21:58:42 INFO Utils: Copying /home/airflow/.ivy2/jars/org.postgresql_postgresql-42.6.0.jar to /tmp/spark-47783585-bf34-4d5e-894c-0c49a40d7703/userFiles-9bca2625-cab8-431e-aeec-47a1150c95a2/org.postgresql_postgresql-42.6.0.jar
26/09/21 21:58:42 INFO SparkContext: Added file file:///home/airflow/.ivy2/jars/org.checkerframework_checker-qual-3.31.0.jar at file:///home/airflow/.ivy2/jars/org.checkerframework_checker-qual-3.31.0.jar with timestamp 1790027922324
26/09/21 21:58:42 INFO Utils: Copying /home/airflow/.ivy2/jars/org.checkerframework_checker-qual-3.31.0.jar to /tmp/spark-47783585-bf34-4d5e-894c-0c49a40d7703/userFiles-9bca2625-cab8-431e-aeec-47a1150c95a2/org.checkerframework_checker-qual-3.31.0.jar
26/09/21 21:58:43 INFO Executor: Starting executor ID driver on host e6c3ac7e1715
26/09/21 21:58:43 INFO Executor: OS info Linux, 7.0.0-31-generic, amd64
26/09/21 21:58:43 INFO Executor: Java version 17.0.20.1
26/09/21 21:58:43 INFO Executor: Starting executor with user classpath (userClassPathFirst = false): ''
26/09/21 21:58:43 INFO Executor: Created or updated repl class loader org.apache.spark.util.MutableURLClassLoader@4e870ecc for default.
26/09/21 21:58:43 INFO Executor: Fetching file:///home/airflow/.ivy2/jars/org.checkerframework_checker-qual-3.31.0.jar with timestamp 1790027922324
26/09/21 21:58:43 INFO Utils: /home/airflow/.ivy2/jars/org.checkerframework_checker-qual-3.31.0.jar has been previously copied to /tmp/spark-47783585-bf34-4d5e-894c-0c49a40d7703/userFiles-9bca2625-cab8-431e-aeec-47a1150c95a2/org.checkerframework_checker-qual-3.31.0.jar
26/09/21 21:58:43 INFO Executor: Fetching file:///home/airflow/.ivy2/jars/org.postgresql_postgresql-42.6.0.jar with timestamp 1790027922324
26/09/21 21:58:43 INFO Utils: /home/airflow/.ivy2/jars/org.postgresql_postgresql-42.6.0.jar has been previously copied to /tmp/spark-47783585-bf34-4d5e-894c-0c49a40d7703/userFiles-9bca2625-cab8-431e-aeec-47a1150c95a2/org.postgresql_postgresql-42.6.0.jar
26/09/21 21:58:43 INFO Executor: Fetching spark://e6c3ac7e1715:45403/jars/org.postgresql_postgresql-42.6.0.jar with timestamp 1790027922324
26/09/21 21:58:43 INFO TransportClientFactory: Successfully created connection to e6c3ac7e1715/172.21.0.3:45403 after 21 ms (0 ms spent in bootstraps)
26/09/21 21:58:43 INFO Utils: Fetching spark://e6c3ac7e1715:45403/jars/org.postgresql_postgresql-42.6.0.jar to /tmp/spark-47783585-bf34-4d5e-894c-0c49a40d7703/userFiles-9bca2625-cab8-431e-aeec-47a1150c95a2/fetchFileTemp12677867339065127011.tmp
26/09/21 21:58:43 INFO Utils: /tmp/spark-47783585-bf34-4d5e-894c-0c49a40d7703/userFiles-9bca2625-cab8-431e-aeec-47a1150c95a2/fetchFileTemp12677867339065127011.tmp has been previously copied to /tmp/spark-47783585-bf34-4d5e-894c-0c49a40d7703/userFiles-9bca2625-cab8-431e-aeec-47a1150c95a2/org.postgresql_postgresql-42.6.0.jar
26/09/21 21:58:43 INFO Executor: Adding file:/tmp/spark-47783585-bf34-4d5e-894c-0c49a40d7703/userFiles-9bca2625-cab8-431e-aeec-47a1150c95a2/org.postgresql_postgresql-42.6.0.jar to class loader default
26/09/21 21:58:43 INFO Executor: Fetching spark://e6c3ac7e1715:45403/jars/org.checkerframework_checker-qual-3.31.0.jar with timestamp 1790027922324
26/09/21 21:58:43 INFO Utils: Fetching spark://e6c3ac7e1715:45403/jars/org.checkerframework_checker-qual-3.31.0.jar to /tmp/spark-47783585-bf34-4d5e-894c-0c49a40d7703/userFiles-9bca2625-cab8-431e-aeec-47a1150c95a2/fetchFileTemp16961872775341853105.tmp
26/09/21 21:58:43 INFO Utils: /tmp/spark-47783585-bf34-4d5e-894c-0c49a40d7703/userFiles-9bca2625-cab8-431e-aeec-47a1150c95a2/fetchFileTemp16961872775341853105.tmp has been previously copied to /tmp/spark-47783585-bf34-4d5e-894c-0c49a40d7703/userFiles-9bca2625-cab8-431e-aeec-47a1150c95a2/org.checkerframework_checker-qual-3.31.0.jar
26/09/21 21:58:43 INFO Executor: Adding file:/tmp/spark-47783585-bf34-4d5e-894c-0c49a40d7703/userFiles-9bca2625-cab8-431e-aeec-47a1150c95a2/org.checkerframework_checker-qual-3.31.0.jar to class loader default
26/09/21 21:58:43 INFO Utils: Successfully started service 'org.apache.spark.network.netty.NettyBlockTransferService' on port 43851.
26/09/21 21:58:43 INFO NettyBlockTransferService: Server created on e6c3ac7e1715:43851
26/09/21 21:58:43 INFO BlockManager: Using org.apache.spark.storage.RandomBlockReplicationPolicy for block replication policy
26/09/21 21:58:43 INFO BlockManagerMaster: Registering BlockManager BlockManagerId(driver, e6c3ac7e1715, 43851, None)
26/09/21 21:58:43 INFO BlockManagerMasterEndpoint: Registering block manager e6c3ac7e1715:43851 with 434.4 MiB RAM, BlockManagerId(driver, e6c3ac7e1715, 43851, None)
26/09/21 21:58:43 INFO BlockManagerMaster: Registered BlockManager BlockManagerId(driver, e6c3ac7e1715, 43851, None)
26/09/21 21:58:43 INFO BlockManager: Initialized BlockManager: BlockManagerId(driver, e6c3ac7e1715, 43851, None)
26/09/21 21:58:43 INFO SharedState: Setting hive.metastore.warehouse.dir ('null') to the value of spark.sql.warehouse.dir.
26/09/21 21:58:43 INFO SharedState: Warehouse path is 'file:/opt/airflow/spark-warehouse'.
26/09/21 21:58:44 INFO InMemoryFileIndex: It took 34 ms to list leaf files for 1 paths.
26/09/21 21:58:44 INFO SparkContext: Starting job: parquet at NativeMethodAccessorImpl.java:0
26/09/21 21:58:44 INFO DAGScheduler: Got job 0 (parquet at NativeMethodAccessorImpl.java:0) with 1 output partitions
26/09/21 21:58:44 INFO DAGScheduler: Final stage: ResultStage 0 (parquet at NativeMethodAccessorImpl.java:0)
26/09/21 21:58:44 INFO DAGScheduler: Parents of final stage: List()
26/09/21 21:58:44 INFO DAGScheduler: Missing parents: List()
26/09/21 21:58:44 INFO DAGScheduler: Submitting ResultStage 0 (MapPartitionsRDD[1] at parquet at NativeMethodAccessorImpl.java:0), which has no missing parents
26/09/21 21:58:44 INFO MemoryStore: Block broadcast_0 stored as values in memory (estimated size 104.5 KiB, free 434.3 MiB)
26/09/21 21:58:44 INFO MemoryStore: Block broadcast_0_piece0 stored as bytes in memory (estimated size 37.6 KiB, free 434.3 MiB)
26/09/21 21:58:44 INFO BlockManagerInfo: Added broadcast_0_piece0 in memory on e6c3ac7e1715:43851 (size: 37.6 KiB, free: 434.4 MiB)
26/09/21 21:58:44 INFO SparkContext: Created broadcast 0 from broadcast at DAGScheduler.scala:1585
26/09/21 21:58:44 INFO DAGScheduler: Submitting 1 missing tasks from ResultStage 0 (MapPartitionsRDD[1] at parquet at NativeMethodAccessorImpl.java:0) (first 15 tasks are for partitions Vector(0))
26/09/21 21:58:44 INFO TaskSchedulerImpl: Adding task set 0.0 with 1 tasks resource profile 0
26/09/21 21:58:44 INFO TaskSetManager: Starting task 0.0 in stage 0.0 (TID 0) (e6c3ac7e1715, executor driver, partition 0, PROCESS_LOCAL, 8303 bytes) 
26/09/21 21:58:44 INFO Executor: Running task 0.0 in stage 0.0 (TID 0)
26/09/21 21:58:45 INFO Executor: Finished task 0.0 in stage 0.0 (TID 0). 2034 bytes result sent to driver
26/09/21 21:58:45 INFO TaskSetManager: Finished task 0.0 in stage 0.0 (TID 0) in 349 ms on e6c3ac7e1715 (executor driver) (1/1)
26/09/21 21:58:45 INFO TaskSchedulerImpl: Removed TaskSet 0.0, whose tasks have all completed, from pool 
26/09/21 21:58:45 INFO DAGScheduler: ResultStage 0 (parquet at NativeMethodAccessorImpl.java:0) finished in 0.483 s
26/09/21 21:58:45 INFO DAGScheduler: Job 0 is finished. Cancelling potential speculative or zombie tasks for this job
26/09/21 21:58:45 INFO TaskSchedulerImpl: Killing all running tasks in stage 0: Stage finished
26/09/21 21:58:45 INFO DAGScheduler: Job 0 finished: parquet at NativeMethodAccessorImpl.java:0, took 0.518907 s
26/09/21 21:58:45 INFO BlockManagerInfo: Removed broadcast_0_piece0 on e6c3ac7e1715:43851 in memory (size: 37.6 KiB, free: 434.4 MiB)
26/09/21 21:58:45 INFO SparkContext: Invoking stop() from shutdown hook
26/09/21 21:58:45 INFO SparkContext: SparkContext is stopping with exitCode 0.
26/09/21 21:58:45 INFO SparkUI: Stopped Spark web UI at http://e6c3ac7e1715:4040
26/09/21 21:58:45 INFO MapOutputTrackerMasterEndpoint: MapOutputTrackerMasterEndpoint stopped!
26/09/21 21:58:46 INFO MemoryStore: MemoryStore cleared
26/09/21 21:58:46 INFO BlockManager: BlockManager stopped
26/09/21 21:58:46 INFO BlockManagerMaster: BlockManagerMaster stopped
26/09/21 21:58:46 INFO OutputCommitCoordinator$OutputCommitCoordinatorEndpoint: OutputCommitCoordinator stopped!
26/09/21 21:58:46 INFO SparkContext: Successfully stopped SparkContext
26/09/21 21:58:46 INFO ShutdownHookManager: Shutdown hook called
26/09/21 21:58:46 INFO ShutdownHookManager: Deleting directory /tmp/spark-47783585-bf34-4d5e-894c-0c49a40d7703/pyspark-5cb8b56c-fc22-40d7-bcf7-ba43ffb62878
26/09/21 21:58:46 INFO ShutdownHookManager: Deleting directory /tmp/spark-99dde0f3-2563-4689-adba-28886bf13b47
26/09/21 21:58:46 INFO ShutdownHookManager: Deleting directory /tmp/spark-47783585-bf34-4d5e-894c-0c49a40d7703

[2026-09-21T21:58:46.092+0000] {taskinstance.py:441} INFO - ::group::Post task execution logs
[2026-09-21T21:58:46.093+0000] {taskinstance.py:2905} ERROR - Task failed with exception
Traceback (most recent call last):
  File "/home/airflow/.local/lib/python3.11/site-packages/airflow/models/taskinstance.py", line 465, in _execute_task
    result = _execute_callable(context=context, **execute_callable_kwargs)
             ^^^^^^^^^^^^^^^^^^^^^^^^^^^^^^^^^^^^^^^^^^^^^^^^^^^^^^^^^^^^^
  File "/home/airflow/.local/lib/python3.11/site-packages/airflow/models/taskinstance.py", line 432, in _execute_callable
    return execute_callable(context=context, **execute_callable_kwargs)
           ^^^^^^^^^^^^^^^^^^^^^^^^^^^^^^^^^^^^^^^^^^^^^^^^^^^^^^^^^^^^
  File "/home/airflow/.local/lib/python3.11/site-packages/airflow/models/baseoperator.py", line 401, in wrapper
    return func(self, *args, **kwargs)
           ^^^^^^^^^^^^^^^^^^^^^^^^^^^
  File "/home/airflow/.local/lib/python3.11/site-packages/airflow/decorators/base.py", line 265, in execute
    return_value = super().execute(context)
                   ^^^^^^^^^^^^^^^^^^^^^^^^
  File "/home/airflow/.local/lib/python3.11/site-packages/airflow/models/baseoperator.py", line 401, in wrapper
    return func(self, *args, **kwargs)
           ^^^^^^^^^^^^^^^^^^^^^^^^^^^
  File "/home/airflow/.local/lib/python3.11/site-packages/airflow/operators/python.py", line 235, in execute
    return_value = self.execute_callable()
                   ^^^^^^^^^^^^^^^^^^^^^^^
  File "/home/airflow/.local/lib/python3.11/site-packages/airflow/operators/python.py", line 252, in execute_callable
    return self.python_callable(*self.op_args, **self.op_kwargs)
           ^^^^^^^^^^^^^^^^^^^^^^^^^^^^^^^^^^^^^^^^^^^^^^^^^^^^^
  File "/opt/airflow/dags/etl.py", line 70, in extract
    raise e
  File "/opt/airflow/dags/etl.py", line 59, in extract
    script_run = subprocess.run([
                 ^^^^^^^^^^^^^^^^
  File "/usr/local/lib/python3.11/subprocess.py", line 571, in run
    raise CalledProcessError(retcode, process.args,
subprocess.CalledProcessError: Command '['spark-submit', '--packages', 'org.postgresql:postgresql:42.6.0', '/opt/airflow/dags/daily_etl.py', '2019-10-10']' returned non-zero exit status 1.
[2026-09-21T21:58:46.102+0000] {taskinstance.py:1206} INFO - Marking task as UP_FOR_RETRY. dag_id=ecommerce_data, task_id=extract, run_id=scheduled__2019-10-10T00:00:00+00:00, execution_date=20191010T000000, start_date=20260921T215839, end_date=20260921T215846
[2026-09-21T21:58:46.114+0000] {standard_task_runner.py:110} ERROR - Failed to execute job 128 for task extract (Command '['spark-submit', '--packages', 'org.postgresql:postgresql:42.6.0', '/opt/airflow/dags/daily_etl.py', '2019-10-10']' returned non-zero exit status 1.; 13613)
[2026-09-21T21:58:46.131+0000] {local_task_job_runner.py:240} INFO - Task exited with return code 1
[2026-09-21T21:58:46.146+0000] {taskinstance.py:3503} INFO - 0 downstream tasks scheduled from follow-on schedule check
[2026-09-21T21:58:46.147+0000] {local_task_job_runner.py:222} INFO - ::endgroup::
[2026-09-21T22:29:41.605+0000] {local_task_job_runner.py:120} INFO - ::group::Pre task execution logs
[2026-09-21T22:29:41.625+0000] {taskinstance.py:2076} INFO - Dependencies all met for dep_context=non-requeueable deps ti=<TaskInstance: ecommerce_data.extract scheduled__2019-10-10T00:00:00+00:00 [queued]>
[2026-09-21T22:29:41.632+0000] {taskinstance.py:2076} INFO - Dependencies all met for dep_context=requeueable deps ti=<TaskInstance: ecommerce_data.extract scheduled__2019-10-10T00:00:00+00:00 [queued]>
[2026-09-21T22:29:41.632+0000] {taskinstance.py:2306} INFO - Starting attempt 3 of 4
[2026-09-21T22:29:41.646+0000] {taskinstance.py:2330} INFO - Executing <Task(_PythonDecoratedOperator): extract> on 2019-10-10 00:00:00+00:00
[2026-09-21T22:29:41.653+0000] {standard_task_runner.py:63} INFO - Started process 31099 to run task
[2026-09-21T22:29:41.656+0000] {standard_task_runner.py:90} INFO - Running: ['airflow', 'tasks', 'run', 'ecommerce_data', 'extract', 'scheduled__2019-10-10T00:00:00+00:00', '--job-id', '278', '--raw', '--subdir', 'DAGS_FOLDER/etl.py', '--cfg-path', '/tmp/tmphf2ez11c']
[2026-09-21T22:29:41.657+0000] {standard_task_runner.py:91} INFO - Job 278: Subtask extract
[2026-09-21T22:29:41.700+0000] {task_command.py:426} INFO - Running <TaskInstance: ecommerce_data.extract scheduled__2019-10-10T00:00:00+00:00 [running]> on host e6c3ac7e1715
[2026-09-21T22:29:41.738+0000] {taskinstance.py:2648} INFO - Exporting env vars: AIRFLOW_CTX_DAG_OWNER='airflow' AIRFLOW_CTX_DAG_ID='ecommerce_data' AIRFLOW_CTX_TASK_ID='extract' AIRFLOW_CTX_EXECUTION_DATE='2019-10-10T00:00:00+00:00' AIRFLOW_CTX_TRY_NUMBER='3' AIRFLOW_CTX_DAG_RUN_ID='scheduled__2019-10-10T00:00:00+00:00'
[2026-09-21T22:29:41.739+0000] {taskinstance.py:430} INFO - ::endgroup::
[2026-09-21T22:29:41.742+0000] {base.py:84} INFO - Using connection ID 'postgres_conn_id' for task execution.
[2026-09-21T22:29:50.315+0000] {taskinstance.py:441} INFO - ::group::Post task execution logs
[2026-09-21T22:29:50.316+0000] {taskinstance.py:2905} ERROR - Task failed with exception
Traceback (most recent call last):
  File "/home/airflow/.local/lib/python3.11/site-packages/airflow/models/taskinstance.py", line 465, in _execute_task
    result = _execute_callable(context=context, **execute_callable_kwargs)
             ^^^^^^^^^^^^^^^^^^^^^^^^^^^^^^^^^^^^^^^^^^^^^^^^^^^^^^^^^^^^^
  File "/home/airflow/.local/lib/python3.11/site-packages/airflow/models/taskinstance.py", line 432, in _execute_callable
    return execute_callable(context=context, **execute_callable_kwargs)
           ^^^^^^^^^^^^^^^^^^^^^^^^^^^^^^^^^^^^^^^^^^^^^^^^^^^^^^^^^^^^
  File "/home/airflow/.local/lib/python3.11/site-packages/airflow/models/baseoperator.py", line 401, in wrapper
    return func(self, *args, **kwargs)
           ^^^^^^^^^^^^^^^^^^^^^^^^^^^
  File "/home/airflow/.local/lib/python3.11/site-packages/airflow/decorators/base.py", line 265, in execute
    return_value = super().execute(context)
                   ^^^^^^^^^^^^^^^^^^^^^^^^
  File "/home/airflow/.local/lib/python3.11/site-packages/airflow/models/baseoperator.py", line 401, in wrapper
    return func(self, *args, **kwargs)
           ^^^^^^^^^^^^^^^^^^^^^^^^^^^
  File "/home/airflow/.local/lib/python3.11/site-packages/airflow/operators/python.py", line 235, in execute
    return_value = self.execute_callable()
                   ^^^^^^^^^^^^^^^^^^^^^^^
  File "/home/airflow/.local/lib/python3.11/site-packages/airflow/operators/python.py", line 252, in execute_callable
    return self.python_callable(*self.op_args, **self.op_kwargs)
           ^^^^^^^^^^^^^^^^^^^^^^^^^^^^^^^^^^^^^^^^^^^^^^^^^^^^^
  File "/opt/airflow/dags/etl.py", line 58, in extract
    script_run = subprocess.run([
                 ^^^^^^^^^^^^^^^^
  File "/usr/local/lib/python3.11/subprocess.py", line 571, in run
    raise CalledProcessError(retcode, process.args,
subprocess.CalledProcessError: Command '['spark-submit', '--packages', 'org.postgresql:postgresql:42.6.0', '/opt/airflow/dags/daily_etl.py', '2019-10-10']' returned non-zero exit status 1.
[2026-09-21T22:29:50.321+0000] {taskinstance.py:1206} INFO - Marking task as UP_FOR_RETRY. dag_id=ecommerce_data, task_id=extract, run_id=scheduled__2019-10-10T00:00:00+00:00, execution_date=20191010T000000, start_date=20260921T222941, end_date=20260921T222950
[2026-09-21T22:29:50.329+0000] {standard_task_runner.py:110} ERROR - Failed to execute job 278 for task extract (Command '['spark-submit', '--packages', 'org.postgresql:postgresql:42.6.0', '/opt/airflow/dags/daily_etl.py', '2019-10-10']' returned non-zero exit status 1.; 31099)
[2026-09-21T22:29:50.369+0000] {local_task_job_runner.py:240} INFO - Task exited with return code 1
[2026-09-21T22:29:50.383+0000] {taskinstance.py:3503} INFO - 0 downstream tasks scheduled from follow-on schedule check
[2026-09-21T22:29:50.384+0000] {local_task_job_runner.py:222} INFO - ::endgroup::
