[2026-09-18T12:33:17.239+0000] {local_task_job_runner.py:120} INFO - ::group::Pre task execution logs
[2026-09-18T12:33:17.254+0000] {taskinstance.py:2076} INFO - Dependencies all met for dep_context=non-requeueable deps ti=<TaskInstance: ecommerce_data.extract scheduled__2019-10-10T00:00:00+00:00 [queued]>
[2026-09-18T12:33:17.257+0000] {taskinstance.py:2076} INFO - Dependencies all met for dep_context=requeueable deps ti=<TaskInstance: ecommerce_data.extract scheduled__2019-10-10T00:00:00+00:00 [queued]>
[2026-09-18T12:33:17.257+0000] {taskinstance.py:2306} INFO - Starting attempt 1 of 4
[2026-09-18T12:33:17.265+0000] {taskinstance.py:2330} INFO - Executing <Task(_PythonDecoratedOperator): extract> on 2019-10-10 00:00:00+00:00
[2026-09-18T12:33:17.269+0000] {standard_task_runner.py:63} INFO - Started process 2643 to run task
[2026-09-18T12:33:17.270+0000] {standard_task_runner.py:90} INFO - Running: ['airflow', 'tasks', 'run', 'ecommerce_data', 'extract', 'scheduled__2019-10-10T00:00:00+00:00', '--job-id', '37', '--raw', '--subdir', 'DAGS_FOLDER/etl.py', '--cfg-path', '/tmp/tmphhbqn4u3']
[2026-09-18T12:33:17.271+0000] {standard_task_runner.py:91} INFO - Job 37: Subtask extract
[2026-09-18T12:33:17.289+0000] {task_command.py:426} INFO - Running <TaskInstance: ecommerce_data.extract scheduled__2019-10-10T00:00:00+00:00 [running]> on host ac3d43ca2f24
[2026-09-18T12:33:17.321+0000] {taskinstance.py:2648} INFO - Exporting env vars: AIRFLOW_CTX_DAG_OWNER='airflow' AIRFLOW_CTX_DAG_ID='ecommerce_data' AIRFLOW_CTX_TASK_ID='extract' AIRFLOW_CTX_EXECUTION_DATE='2019-10-10T00:00:00+00:00' AIRFLOW_CTX_TRY_NUMBER='1' AIRFLOW_CTX_DAG_RUN_ID='scheduled__2019-10-10T00:00:00+00:00'
[2026-09-18T12:33:17.322+0000] {taskinstance.py:430} INFO - ::endgroup::
[2026-09-18T12:33:18.419+0000] {taskinstance.py:441} INFO - ::group::Post task execution logs
[2026-09-18T12:33:18.420+0000] {taskinstance.py:2905} ERROR - Task failed with exception
Traceback (most recent call last):
  File "/home/airflow/.local/lib/python3.11/site-packages/airflow/models/taskinstance.py", line 465, in _execute_task
    result = _execute_callable(context=context, **execute_callable_kwargs)
             ^^^^^^^^^^^^^^^^^^^^^^^^^^^^^^^^^^^^^^^^^^^^^^^^^^^^^^^^^^^^^
  File "/home/airflow/.local/lib/python3.11/site-packages/airflow/models/taskinstance.py", line 432, in _execute_callable
    return execute_callable(context=context, **execute_callable_kwargs)
           ^^^^^^^^^^^^^^^^^^^^^^^^^^^^^^^^^^^^^^^^^^^^^^^^^^^^^^^^^^^^
  File "/home/airflow/.local/lib/python3.11/site-packages/airflow/models/baseoperator.py", line 401, in wrapper
    return func(self, *args, **kwargs)
           ^^^^^^^^^^^^^^^^^^^^^^^^^^^
  File "/home/airflow/.local/lib/python3.11/site-packages/airflow/decorators/base.py", line 265, in execute
    return_value = super().execute(context)
                   ^^^^^^^^^^^^^^^^^^^^^^^^
  File "/home/airflow/.local/lib/python3.11/site-packages/airflow/models/baseoperator.py", line 401, in wrapper
    return func(self, *args, **kwargs)
           ^^^^^^^^^^^^^^^^^^^^^^^^^^^
  File "/home/airflow/.local/lib/python3.11/site-packages/airflow/operators/python.py", line 235, in execute
    return_value = self.execute_callable()
                   ^^^^^^^^^^^^^^^^^^^^^^^
  File "/home/airflow/.local/lib/python3.11/site-packages/airflow/operators/python.py", line 252, in execute_callable
    return self.python_callable(*self.op_args, **self.op_kwargs)
           ^^^^^^^^^^^^^^^^^^^^^^^^^^^^^^^^^^^^^^^^^^^^^^^^^^^^^
  File "/opt/airflow/dags/etl.py", line 26, in extract
    script_run = subprocess.run(["spark-submit", "daily_etl.py", ds], check=True)
                 ^^^^^^^^^^^^^^^^^^^^^^^^^^^^^^^^^^^^^^^^^^^^^^^^^^^^^^^^^^^^^^^^
  File "/usr/local/lib/python3.11/subprocess.py", line 571, in run
    raise CalledProcessError(retcode, process.args,
subprocess.CalledProcessError: Command '['spark-submit', 'daily_etl.py', '2019-10-10']' returned non-zero exit status 2.
[2026-09-18T12:33:18.423+0000] {taskinstance.py:1206} INFO - Marking task as UP_FOR_RETRY. dag_id=ecommerce_data, task_id=extract, run_id=scheduled__2019-10-10T00:00:00+00:00, execution_date=20191010T000000, start_date=20260918T123317, end_date=20260918T123318
[2026-09-18T12:33:18.428+0000] {standard_task_runner.py:110} ERROR - Failed to execute job 37 for task extract (Command '['spark-submit', 'daily_etl.py', '2019-10-10']' returned non-zero exit status 2.; 2643)
[2026-09-18T12:33:18.446+0000] {local_task_job_runner.py:240} INFO - Task exited with return code 1
[2026-09-18T12:33:18.456+0000] {taskinstance.py:3503} INFO - 0 downstream tasks scheduled from follow-on schedule check
[2026-09-18T12:33:18.456+0000] {local_task_job_runner.py:222} INFO - ::endgroup::
[2026-09-19T14:18:36.035+0000] {local_task_job_runner.py:120} INFO - ::group::Pre task execution logs
[2026-09-19T14:18:36.053+0000] {taskinstance.py:2076} INFO - Dependencies all met for dep_context=non-requeueable deps ti=<TaskInstance: ecommerce_data.extract scheduled__2019-10-10T00:00:00+00:00 [queued]>
[2026-09-19T14:18:36.057+0000] {taskinstance.py:2076} INFO - Dependencies all met for dep_context=requeueable deps ti=<TaskInstance: ecommerce_data.extract scheduled__2019-10-10T00:00:00+00:00 [queued]>
[2026-09-19T14:18:36.057+0000] {taskinstance.py:2306} INFO - Starting attempt 1 of 4
[2026-09-19T14:18:36.064+0000] {taskinstance.py:2330} INFO - Executing <Task(_PythonDecoratedOperator): extract> on 2019-10-10 00:00:00+00:00
[2026-09-19T14:18:36.070+0000] {standard_task_runner.py:63} INFO - Started process 7663 to run task
[2026-09-19T14:18:36.072+0000] {standard_task_runner.py:90} INFO - Running: ['airflow', 'tasks', 'run', 'ecommerce_data', 'extract', 'scheduled__2019-10-10T00:00:00+00:00', '--job-id', '117', '--raw', '--subdir', 'DAGS_FOLDER/etl.py', '--cfg-path', '/tmp/tmpinonu3qx']
[2026-09-19T14:18:36.073+0000] {standard_task_runner.py:91} INFO - Job 117: Subtask extract
[2026-09-19T14:18:36.099+0000] {task_command.py:426} INFO - Running <TaskInstance: ecommerce_data.extract scheduled__2019-10-10T00:00:00+00:00 [running]> on host 8e73891b263a
[2026-09-19T14:18:36.159+0000] {taskinstance.py:2648} INFO - Exporting env vars: AIRFLOW_CTX_DAG_OWNER='airflow' AIRFLOW_CTX_DAG_ID='ecommerce_data' AIRFLOW_CTX_TASK_ID='extract' AIRFLOW_CTX_EXECUTION_DATE='2019-10-10T00:00:00+00:00' AIRFLOW_CTX_TRY_NUMBER='1' AIRFLOW_CTX_DAG_RUN_ID='scheduled__2019-10-10T00:00:00+00:00'
[2026-09-19T14:18:36.160+0000] {taskinstance.py:430} INFO - ::endgroup::
[2026-09-19T14:18:50.352+0000] {python.py:237} INFO - Done. Returned value was: None
[2026-09-19T14:18:50.352+0000] {taskinstance.py:441} INFO - ::group::Post task execution logs
[2026-09-19T14:18:50.356+0000] {taskinstance.py:1206} INFO - Marking task as SUCCESS. dag_id=ecommerce_data, task_id=extract, run_id=scheduled__2019-10-10T00:00:00+00:00, execution_date=20191010T000000, start_date=20260919T141836, end_date=20260919T141850
[2026-09-19T14:18:50.388+0000] {local_task_job_runner.py:240} INFO - Task exited with return code 0
[2026-09-19T14:18:50.402+0000] {taskinstance.py:3503} INFO - 0 downstream tasks scheduled from follow-on schedule check
[2026-09-19T14:18:50.403+0000] {local_task_job_runner.py:222} INFO - ::endgroup::
[2026-09-21T21:58:15.772+0000] {local_task_job_runner.py:120} INFO - ::group::Pre task execution logs
[2026-09-21T21:58:15.792+0000] {taskinstance.py:2076} INFO - Dependencies all met for dep_context=non-requeueable deps ti=<TaskInstance: ecommerce_data.extract scheduled__2019-10-10T00:00:00+00:00 [queued]>
[2026-09-21T21:58:15.797+0000] {taskinstance.py:2076} INFO - Dependencies all met for dep_context=requeueable deps ti=<TaskInstance: ecommerce_data.extract scheduled__2019-10-10T00:00:00+00:00 [queued]>
[2026-09-21T21:58:15.798+0000] {taskinstance.py:2306} INFO - Starting attempt 1 of 4
[2026-09-21T21:58:15.806+0000] {taskinstance.py:2330} INFO - Executing <Task(_PythonDecoratedOperator): extract> on 2019-10-10 00:00:00+00:00
[2026-09-21T21:58:15.813+0000] {standard_task_runner.py:63} INFO - Started process 13221 to run task
[2026-09-21T21:58:15.815+0000] {standard_task_runner.py:90} INFO - Running: ['airflow', 'tasks', 'run', 'ecommerce_data', 'extract', 'scheduled__2019-10-10T00:00:00+00:00', '--job-id', '126', '--raw', '--subdir', 'DAGS_FOLDER/etl.py', '--cfg-path', '/tmp/tmpu49m823c']
[2026-09-21T21:58:15.816+0000] {standard_task_runner.py:91} INFO - Job 126: Subtask extract
[2026-09-21T21:58:15.852+0000] {task_command.py:426} INFO - Running <TaskInstance: ecommerce_data.extract scheduled__2019-10-10T00:00:00+00:00 [running]> on host e6c3ac7e1715
[2026-09-21T21:58:15.904+0000] {taskinstance.py:2648} INFO - Exporting env vars: AIRFLOW_CTX_DAG_OWNER='airflow' AIRFLOW_CTX_DAG_ID='ecommerce_data' AIRFLOW_CTX_TASK_ID='extract' AIRFLOW_CTX_EXECUTION_DATE='2019-10-10T00:00:00+00:00' AIRFLOW_CTX_TRY_NUMBER='1' AIRFLOW_CTX_DAG_RUN_ID='scheduled__2019-10-10T00:00:00+00:00'
[2026-09-21T21:58:15.905+0000] {taskinstance.py:430} INFO - ::endgroup::
[2026-09-21T21:58:15.908+0000] {base.py:84} INFO - Using connection ID 'postgres_conn_id' for task execution.
[2026-09-21T21:58:22.578+0000] {etl.py:68} ERROR - === СПРАВЖНЯ ПОМИЛКА ВІД SPARK ===
[2026-09-21T21:58:22.578+0000] {etl.py:69} ERROR - /home/airflow/.local/lib/python3.11/site-packages/pyspark/bin/load-spark-env.sh: line 68: ps: command not found
Ivy Default Cache set to: /home/airflow/.ivy2/cache
The jars for the packages stored in: /home/airflow/.ivy2/jars
org.postgresql#postgresql added as a dependency
:: resolving dependencies :: org.apache.spark#spark-submit-parent-18dd51b1-810d-4e25-b440-cfaaf7bd7dbd;1.0
	confs: [default]
	found org.postgresql#postgresql;42.6.0 in central
	found org.checkerframework#checker-qual;3.31.0 in central
:: resolution report :: resolve 140ms :: artifacts dl 13ms
	:: modules in use:
	org.checkerframework#checker-qual;3.31.0 from central in [default]
	org.postgresql#postgresql;42.6.0 from central in [default]
	---------------------------------------------------------------------
	|                  |            modules            ||   artifacts   |
	|       conf       | number| search|dwnlded|evicted|| number|dwnlded|
	---------------------------------------------------------------------
	|      default     |   2   |   0   |   0   |   0   ||   2   |   0   |
	---------------------------------------------------------------------
:: retrieving :: org.apache.spark#spark-submit-parent-18dd51b1-810d-4e25-b440-cfaaf7bd7dbd
	confs: [default]
	0 artifacts copied, 2 already retrieved (0kB/9ms)
26/09/21 21:58:17 WARN NativeCodeLoader: Unable to load native-hadoop library for your platform... using builtin-java classes where applicable
26/09/21 21:58:18 INFO SparkContext: Running Spark version 3.5.1
26/09/21 21:58:18 INFO SparkContext: OS info Linux, 7.0.0-31-generic, amd64
26/09/21 21:58:18 INFO SparkContext: Java version 17.0.20.1
26/09/21 21:58:18 INFO ResourceUtils: ==============================================================
26/09/21 21:58:18 INFO ResourceUtils: No custom resources configured for spark.driver.
26/09/21 21:58:18 INFO ResourceUtils: ==============================================================
26/09/21 21:58:18 INFO SparkContext: Submitted application: Daily_ecommerce
26/09/21 21:58:18 INFO ResourceProfile: Default ResourceProfile created, executor resources: Map(cores -> name: cores, amount: 1, script: , vendor: , memory -> name: memory, amount: 1024, script: , vendor: , offHeap -> name: offHeap, amount: 0, script: , vendor: ), task resources: Map(cpus -> name: cpus, amount: 1.0)
26/09/21 21:58:18 INFO ResourceProfile: Limiting resource is cpu
26/09/21 21:58:18 INFO ResourceProfileManager: Added ResourceProfile id: 0
26/09/21 21:58:18 INFO SecurityManager: Changing view acls to: airflow
26/09/21 21:58:18 INFO SecurityManager: Changing modify acls to: airflow
26/09/21 21:58:18 INFO SecurityManager: Changing view acls groups to: 
26/09/21 21:58:18 INFO SecurityManager: Changing modify acls groups to: 
26/09/21 21:58:18 INFO SecurityManager: SecurityManager: authentication disabled; ui acls disabled; users with view permissions: airflow; groups with view permissions: EMPTY; users with modify permissions: airflow; groups with modify permissions: EMPTY
26/09/21 21:58:18 INFO Utils: Successfully started service 'sparkDriver' on port 42439.
26/09/21 21:58:19 INFO SparkEnv: Registering MapOutputTracker
26/09/21 21:58:19 INFO SparkEnv: Registering BlockManagerMaster
26/09/21 21:58:19 INFO BlockManagerMasterEndpoint: Using org.apache.spark.storage.DefaultTopologyMapper for getting topology information
26/09/21 21:58:19 INFO BlockManagerMasterEndpoint: BlockManagerMasterEndpoint up
26/09/21 21:58:19 INFO SparkEnv: Registering BlockManagerMasterHeartbeat
26/09/21 21:58:19 INFO DiskBlockManager: Created local directory at /tmp/blockmgr-2aa139a9-f251-454b-ad88-88b7466b9247
26/09/21 21:58:19 INFO MemoryStore: MemoryStore started with capacity 434.4 MiB
26/09/21 21:58:19 INFO SparkEnv: Registering OutputCommitCoordinator
26/09/21 21:58:19 INFO JettyUtils: Start Jetty 0.0.0.0:4040 for SparkUI
26/09/21 21:58:19 INFO Utils: Successfully started service 'SparkUI' on port 4040.
26/09/21 21:58:19 INFO SparkContext: Added JAR file:///home/airflow/.ivy2/jars/org.postgresql_postgresql-42.6.0.jar at spark://e6c3ac7e1715:42439/jars/org.postgresql_postgresql-42.6.0.jar with timestamp 1790027898696
26/09/21 21:58:19 INFO SparkContext: Added JAR file:///home/airflow/.ivy2/jars/org.checkerframework_checker-qual-3.31.0.jar at spark://e6c3ac7e1715:42439/jars/org.checkerframework_checker-qual-3.31.0.jar with timestamp 1790027898696
26/09/21 21:58:19 INFO SparkContext: Added file file:///home/airflow/.ivy2/jars/org.postgresql_postgresql-42.6.0.jar at file:///home/airflow/.ivy2/jars/org.postgresql_postgresql-42.6.0.jar with timestamp 1790027898696
26/09/21 21:58:19 INFO Utils: Copying /home/airflow/.ivy2/jars/org.postgresql_postgresql-42.6.0.jar to /tmp/spark-61dd4163-d752-44fb-a7f8-e914f4eafa69/userFiles-56a3ac24-ca9b-4d41-b1ef-cf576998570f/org.postgresql_postgresql-42.6.0.jar
26/09/21 21:58:19 INFO SparkContext: Added file file:///home/airflow/.ivy2/jars/org.checkerframework_checker-qual-3.31.0.jar at file:///home/airflow/.ivy2/jars/org.checkerframework_checker-qual-3.31.0.jar with timestamp 1790027898696
26/09/21 21:58:19 INFO Utils: Copying /home/airflow/.ivy2/jars/org.checkerframework_checker-qual-3.31.0.jar to /tmp/spark-61dd4163-d752-44fb-a7f8-e914f4eafa69/userFiles-56a3ac24-ca9b-4d41-b1ef-cf576998570f/org.checkerframework_checker-qual-3.31.0.jar
26/09/21 21:58:19 INFO Executor: Starting executor ID driver on host e6c3ac7e1715
26/09/21 21:58:19 INFO Executor: OS info Linux, 7.0.0-31-generic, amd64
26/09/21 21:58:19 INFO Executor: Java version 17.0.20.1
26/09/21 21:58:19 INFO Executor: Starting executor with user classpath (userClassPathFirst = false): ''
26/09/21 21:58:19 INFO Executor: Created or updated repl class loader org.apache.spark.util.MutableURLClassLoader@4e870ecc for default.
26/09/21 21:58:19 INFO Executor: Fetching file:///home/airflow/.ivy2/jars/org.checkerframework_checker-qual-3.31.0.jar with timestamp 1790027898696
26/09/21 21:58:19 INFO Utils: /home/airflow/.ivy2/jars/org.checkerframework_checker-qual-3.31.0.jar has been previously copied to /tmp/spark-61dd4163-d752-44fb-a7f8-e914f4eafa69/userFiles-56a3ac24-ca9b-4d41-b1ef-cf576998570f/org.checkerframework_checker-qual-3.31.0.jar
26/09/21 21:58:19 INFO Executor: Fetching file:///home/airflow/.ivy2/jars/org.postgresql_postgresql-42.6.0.jar with timestamp 1790027898696
26/09/21 21:58:19 INFO Utils: /home/airflow/.ivy2/jars/org.postgresql_postgresql-42.6.0.jar has been previously copied to /tmp/spark-61dd4163-d752-44fb-a7f8-e914f4eafa69/userFiles-56a3ac24-ca9b-4d41-b1ef-cf576998570f/org.postgresql_postgresql-42.6.0.jar
26/09/21 21:58:19 INFO Executor: Fetching spark://e6c3ac7e1715:42439/jars/org.checkerframework_checker-qual-3.31.0.jar with timestamp 1790027898696
26/09/21 21:58:19 INFO TransportClientFactory: Successfully created connection to e6c3ac7e1715/172.21.0.3:42439 after 38 ms (0 ms spent in bootstraps)
26/09/21 21:58:19 INFO Utils: Fetching spark://e6c3ac7e1715:42439/jars/org.checkerframework_checker-qual-3.31.0.jar to /tmp/spark-61dd4163-d752-44fb-a7f8-e914f4eafa69/userFiles-56a3ac24-ca9b-4d41-b1ef-cf576998570f/fetchFileTemp12682397891612955546.tmp
26/09/21 21:58:19 INFO Utils: /tmp/spark-61dd4163-d752-44fb-a7f8-e914f4eafa69/userFiles-56a3ac24-ca9b-4d41-b1ef-cf576998570f/fetchFileTemp12682397891612955546.tmp has been previously copied to /tmp/spark-61dd4163-d752-44fb-a7f8-e914f4eafa69/userFiles-56a3ac24-ca9b-4d41-b1ef-cf576998570f/org.checkerframework_checker-qual-3.31.0.jar
26/09/21 21:58:19 INFO Executor: Adding file:/tmp/spark-61dd4163-d752-44fb-a7f8-e914f4eafa69/userFiles-56a3ac24-ca9b-4d41-b1ef-cf576998570f/org.checkerframework_checker-qual-3.31.0.jar to class loader default
26/09/21 21:58:19 INFO Executor: Fetching spark://e6c3ac7e1715:42439/jars/org.postgresql_postgresql-42.6.0.jar with timestamp 1790027898696
26/09/21 21:58:19 INFO Utils: Fetching spark://e6c3ac7e1715:42439/jars/org.postgresql_postgresql-42.6.0.jar to /tmp/spark-61dd4163-d752-44fb-a7f8-e914f4eafa69/userFiles-56a3ac24-ca9b-4d41-b1ef-cf576998570f/fetchFileTemp5456976835424104547.tmp
26/09/21 21:58:19 INFO Utils: /tmp/spark-61dd4163-d752-44fb-a7f8-e914f4eafa69/userFiles-56a3ac24-ca9b-4d41-b1ef-cf576998570f/fetchFileTemp5456976835424104547.tmp has been previously copied to /tmp/spark-61dd4163-d752-44fb-a7f8-e914f4eafa69/userFiles-56a3ac24-ca9b-4d41-b1ef-cf576998570f/org.postgresql_postgresql-42.6.0.jar
26/09/21 21:58:19 INFO Executor: Adding file:/tmp/spark-61dd4163-d752-44fb-a7f8-e914f4eafa69/userFiles-56a3ac24-ca9b-4d41-b1ef-cf576998570f/org.postgresql_postgresql-42.6.0.jar to class loader default
26/09/21 21:58:19 INFO Utils: Successfully started service 'org.apache.spark.network.netty.NettyBlockTransferService' on port 34087.
26/09/21 21:58:19 INFO NettyBlockTransferService: Server created on e6c3ac7e1715:34087
26/09/21 21:58:19 INFO BlockManager: Using org.apache.spark.storage.RandomBlockReplicationPolicy for block replication policy
26/09/21 21:58:19 INFO BlockManagerMaster: Registering BlockManager BlockManagerId(driver, e6c3ac7e1715, 34087, None)
26/09/21 21:58:19 INFO BlockManagerMasterEndpoint: Registering block manager e6c3ac7e1715:34087 with 434.4 MiB RAM, BlockManagerId(driver, e6c3ac7e1715, 34087, None)
26/09/21 21:58:19 INFO BlockManagerMaster: Registered BlockManager BlockManagerId(driver, e6c3ac7e1715, 34087, None)
26/09/21 21:58:19 INFO BlockManager: Initialized BlockManager: BlockManagerId(driver, e6c3ac7e1715, 34087, None)
26/09/21 21:58:19 INFO SharedState: Setting hive.metastore.warehouse.dir ('null') to the value of spark.sql.warehouse.dir.
26/09/21 21:58:20 INFO SharedState: Warehouse path is 'file:/opt/airflow/spark-warehouse'.
26/09/21 21:58:20 INFO InMemoryFileIndex: It took 33 ms to list leaf files for 1 paths.
26/09/21 21:58:21 INFO SparkContext: Starting job: parquet at NativeMethodAccessorImpl.java:0
26/09/21 21:58:21 INFO DAGScheduler: Got job 0 (parquet at NativeMethodAccessorImpl.java:0) with 1 output partitions
26/09/21 21:58:21 INFO DAGScheduler: Final stage: ResultStage 0 (parquet at NativeMethodAccessorImpl.java:0)
26/09/21 21:58:21 INFO DAGScheduler: Parents of final stage: List()
26/09/21 21:58:21 INFO DAGScheduler: Missing parents: List()
26/09/21 21:58:21 INFO DAGScheduler: Submitting ResultStage 0 (MapPartitionsRDD[1] at parquet at NativeMethodAccessorImpl.java:0), which has no missing parents
26/09/21 21:58:21 INFO MemoryStore: Block broadcast_0 stored as values in memory (estimated size 104.5 KiB, free 434.3 MiB)
26/09/21 21:58:21 INFO MemoryStore: Block broadcast_0_piece0 stored as bytes in memory (estimated size 37.6 KiB, free 434.3 MiB)
26/09/21 21:58:21 INFO BlockManagerInfo: Added broadcast_0_piece0 in memory on e6c3ac7e1715:34087 (size: 37.6 KiB, free: 434.4 MiB)
26/09/21 21:58:21 INFO SparkContext: Created broadcast 0 from broadcast at DAGScheduler.scala:1585
26/09/21 21:58:21 INFO DAGScheduler: Submitting 1 missing tasks from ResultStage 0 (MapPartitionsRDD[1] at parquet at NativeMethodAccessorImpl.java:0) (first 15 tasks are for partitions Vector(0))
26/09/21 21:58:21 INFO TaskSchedulerImpl: Adding task set 0.0 with 1 tasks resource profile 0
26/09/21 21:58:21 INFO TaskSetManager: Starting task 0.0 in stage 0.0 (TID 0) (e6c3ac7e1715, executor driver, partition 0, PROCESS_LOCAL, 8303 bytes) 
26/09/21 21:58:21 INFO Executor: Running task 0.0 in stage 0.0 (TID 0)
26/09/21 21:58:21 INFO Executor: Finished task 0.0 in stage 0.0 (TID 0). 2034 bytes result sent to driver
26/09/21 21:58:21 INFO TaskSetManager: Finished task 0.0 in stage 0.0 (TID 0) in 338 ms on e6c3ac7e1715 (executor driver) (1/1)
26/09/21 21:58:21 INFO TaskSchedulerImpl: Removed TaskSet 0.0, whose tasks have all completed, from pool 
26/09/21 21:58:21 INFO DAGScheduler: ResultStage 0 (parquet at NativeMethodAccessorImpl.java:0) finished in 0.475 s
26/09/21 21:58:21 INFO DAGScheduler: Job 0 is finished. Cancelling potential speculative or zombie tasks for this job
26/09/21 21:58:21 INFO TaskSchedulerImpl: Killing all running tasks in stage 0: Stage finished
26/09/21 21:58:21 INFO DAGScheduler: Job 0 finished: parquet at NativeMethodAccessorImpl.java:0, took 0.517381 s
26/09/21 21:58:21 INFO BlockManagerInfo: Removed broadcast_0_piece0 on e6c3ac7e1715:34087 in memory (size: 37.6 KiB, free: 434.4 MiB)
26/09/21 21:58:22 INFO SparkContext: Invoking stop() from shutdown hook
26/09/21 21:58:22 INFO SparkContext: SparkContext is stopping with exitCode 0.
26/09/21 21:58:22 INFO SparkUI: Stopped Spark web UI at http://e6c3ac7e1715:4040
26/09/21 21:58:22 INFO MapOutputTrackerMasterEndpoint: MapOutputTrackerMasterEndpoint stopped!
26/09/21 21:58:22 INFO MemoryStore: MemoryStore cleared
26/09/21 21:58:22 INFO BlockManager: BlockManager stopped
26/09/21 21:58:22 INFO BlockManagerMaster: BlockManagerMaster stopped
26/09/21 21:58:22 INFO OutputCommitCoordinator$OutputCommitCoordinatorEndpoint: OutputCommitCoordinator stopped!
26/09/21 21:58:22 INFO SparkContext: Successfully stopped SparkContext
26/09/21 21:58:22 INFO ShutdownHookManager: Shutdown hook called
26/09/21 21:58:22 INFO ShutdownHookManager: Deleting directory /tmp/spark-61dd4163-d752-44fb-a7f8-e914f4eafa69/pyspark-6c0d95ff-e573-4511-ad66-2af42732bd4b
26/09/21 21:58:22 INFO ShutdownHookManager: Deleting directory /tmp/spark-bc9ef311-9507-402c-b058-a852641c7d38
26/09/21 21:58:22 INFO ShutdownHookManager: Deleting directory /tmp/spark-61dd4163-d752-44fb-a7f8-e914f4eafa69

[2026-09-21T21:58:22.579+0000] {taskinstance.py:441} INFO - ::group::Post task execution logs
[2026-09-21T21:58:22.579+0000] {taskinstance.py:2905} ERROR - Task failed with exception
Traceback (most recent call last):
  File "/home/airflow/.local/lib/python3.11/site-packages/airflow/models/taskinstance.py", line 465, in _execute_task
    result = _execute_callable(context=context, **execute_callable_kwargs)
             ^^^^^^^^^^^^^^^^^^^^^^^^^^^^^^^^^^^^^^^^^^^^^^^^^^^^^^^^^^^^^
  File "/home/airflow/.local/lib/python3.11/site-packages/airflow/models/taskinstance.py", line 432, in _execute_callable
    return execute_callable(context=context, **execute_callable_kwargs)
           ^^^^^^^^^^^^^^^^^^^^^^^^^^^^^^^^^^^^^^^^^^^^^^^^^^^^^^^^^^^^
  File "/home/airflow/.local/lib/python3.11/site-packages/airflow/models/baseoperator.py", line 401, in wrapper
    return func(self, *args, **kwargs)
           ^^^^^^^^^^^^^^^^^^^^^^^^^^^
  File "/home/airflow/.local/lib/python3.11/site-packages/airflow/decorators/base.py", line 265, in execute
    return_value = super().execute(context)
                   ^^^^^^^^^^^^^^^^^^^^^^^^
  File "/home/airflow/.local/lib/python3.11/site-packages/airflow/models/baseoperator.py", line 401, in wrapper
    return func(self, *args, **kwargs)
           ^^^^^^^^^^^^^^^^^^^^^^^^^^^
  File "/home/airflow/.local/lib/python3.11/site-packages/airflow/operators/python.py", line 235, in execute
    return_value = self.execute_callable()
                   ^^^^^^^^^^^^^^^^^^^^^^^
  File "/home/airflow/.local/lib/python3.11/site-packages/airflow/operators/python.py", line 252, in execute_callable
    return self.python_callable(*self.op_args, **self.op_kwargs)
           ^^^^^^^^^^^^^^^^^^^^^^^^^^^^^^^^^^^^^^^^^^^^^^^^^^^^^
  File "/opt/airflow/dags/etl.py", line 70, in extract
    raise e
  File "/opt/airflow/dags/etl.py", line 59, in extract
    script_run = subprocess.run([
                 ^^^^^^^^^^^^^^^^
  File "/usr/local/lib/python3.11/subprocess.py", line 571, in run
    raise CalledProcessError(retcode, process.args,
subprocess.CalledProcessError: Command '['spark-submit', '--packages', 'org.postgresql:postgresql:42.6.0', '/opt/airflow/dags/daily_etl.py', '2019-10-10']' returned non-zero exit status 1.
[2026-09-21T21:58:22.585+0000] {taskinstance.py:1206} INFO - Marking task as UP_FOR_RETRY. dag_id=ecommerce_data, task_id=extract, run_id=scheduled__2019-10-10T00:00:00+00:00, execution_date=20191010T000000, start_date=20260921T215815, end_date=20260921T215822
[2026-09-21T21:58:22.592+0000] {standard_task_runner.py:110} ERROR - Failed to execute job 126 for task extract (Command '['spark-submit', '--packages', 'org.postgresql:postgresql:42.6.0', '/opt/airflow/dags/daily_etl.py', '2019-10-10']' returned non-zero exit status 1.; 13221)
[2026-09-21T21:58:22.635+0000] {local_task_job_runner.py:240} INFO - Task exited with return code 1
[2026-09-21T21:58:22.651+0000] {taskinstance.py:3503} INFO - 0 downstream tasks scheduled from follow-on schedule check
[2026-09-21T21:58:22.652+0000] {local_task_job_runner.py:222} INFO - ::endgroup::
[2026-09-21T22:29:15.493+0000] {local_task_job_runner.py:120} INFO - ::group::Pre task execution logs
[2026-09-21T22:29:15.511+0000] {taskinstance.py:2076} INFO - Dependencies all met for dep_context=non-requeueable deps ti=<TaskInstance: ecommerce_data.extract scheduled__2019-10-10T00:00:00+00:00 [queued]>
[2026-09-21T22:29:15.515+0000] {taskinstance.py:2076} INFO - Dependencies all met for dep_context=requeueable deps ti=<TaskInstance: ecommerce_data.extract scheduled__2019-10-10T00:00:00+00:00 [queued]>
[2026-09-21T22:29:15.515+0000] {taskinstance.py:2306} INFO - Starting attempt 1 of 4
[2026-09-21T22:29:15.524+0000] {taskinstance.py:2330} INFO - Executing <Task(_PythonDecoratedOperator): extract> on 2019-10-10 00:00:00+00:00
[2026-09-21T22:29:15.530+0000] {standard_task_runner.py:63} INFO - Started process 30612 to run task
[2026-09-21T22:29:15.532+0000] {standard_task_runner.py:90} INFO - Running: ['airflow', 'tasks', 'run', 'ecommerce_data', 'extract', 'scheduled__2019-10-10T00:00:00+00:00', '--job-id', '276', '--raw', '--subdir', 'DAGS_FOLDER/etl.py', '--cfg-path', '/tmp/tmpkix79xls']
[2026-09-21T22:29:15.533+0000] {standard_task_runner.py:91} INFO - Job 276: Subtask extract
[2026-09-21T22:29:15.560+0000] {task_command.py:426} INFO - Running <TaskInstance: ecommerce_data.extract scheduled__2019-10-10T00:00:00+00:00 [running]> on host e6c3ac7e1715
[2026-09-21T22:29:15.598+0000] {taskinstance.py:2648} INFO - Exporting env vars: AIRFLOW_CTX_DAG_OWNER='airflow' AIRFLOW_CTX_DAG_ID='ecommerce_data' AIRFLOW_CTX_TASK_ID='extract' AIRFLOW_CTX_EXECUTION_DATE='2019-10-10T00:00:00+00:00' AIRFLOW_CTX_TRY_NUMBER='1' AIRFLOW_CTX_DAG_RUN_ID='scheduled__2019-10-10T00:00:00+00:00'
[2026-09-21T22:29:15.599+0000] {taskinstance.py:430} INFO - ::endgroup::
[2026-09-21T22:29:15.602+0000] {base.py:84} INFO - Using connection ID 'postgres_conn_id' for task execution.
[2026-09-21T22:29:23.909+0000] {taskinstance.py:441} INFO - ::group::Post task execution logs
[2026-09-21T22:29:23.910+0000] {taskinstance.py:2905} ERROR - Task failed with exception
Traceback (most recent call last):
  File "/home/airflow/.local/lib/python3.11/site-packages/airflow/models/taskinstance.py", line 465, in _execute_task
    result = _execute_callable(context=context, **execute_callable_kwargs)
             ^^^^^^^^^^^^^^^^^^^^^^^^^^^^^^^^^^^^^^^^^^^^^^^^^^^^^^^^^^^^^
  File "/home/airflow/.local/lib/python3.11/site-packages/airflow/models/taskinstance.py", line 432, in _execute_callable
    return execute_callable(context=context, **execute_callable_kwargs)
           ^^^^^^^^^^^^^^^^^^^^^^^^^^^^^^^^^^^^^^^^^^^^^^^^^^^^^^^^^^^^
  File "/home/airflow/.local/lib/python3.11/site-packages/airflow/models/baseoperator.py", line 401, in wrapper
    return func(self, *args, **kwargs)
           ^^^^^^^^^^^^^^^^^^^^^^^^^^^
  File "/home/airflow/.local/lib/python3.11/site-packages/airflow/decorators/base.py", line 265, in execute
    return_value = super().execute(context)
                   ^^^^^^^^^^^^^^^^^^^^^^^^
  File "/home/airflow/.local/lib/python3.11/site-packages/airflow/models/baseoperator.py", line 401, in wrapper
    return func(self, *args, **kwargs)
           ^^^^^^^^^^^^^^^^^^^^^^^^^^^
  File "/home/airflow/.local/lib/python3.11/site-packages/airflow/operators/python.py", line 235, in execute
    return_value = self.execute_callable()
                   ^^^^^^^^^^^^^^^^^^^^^^^
  File "/home/airflow/.local/lib/python3.11/site-packages/airflow/operators/python.py", line 252, in execute_callable
    return self.python_callable(*self.op_args, **self.op_kwargs)
           ^^^^^^^^^^^^^^^^^^^^^^^^^^^^^^^^^^^^^^^^^^^^^^^^^^^^^
  File "/opt/airflow/dags/etl.py", line 58, in extract
    script_run = subprocess.run([
                 ^^^^^^^^^^^^^^^^
  File "/usr/local/lib/python3.11/subprocess.py", line 571, in run
    raise CalledProcessError(retcode, process.args,
subprocess.CalledProcessError: Command '['spark-submit', '--packages', 'org.postgresql:postgresql:42.6.0', '/opt/airflow/dags/daily_etl.py', '2019-10-10']' returned non-zero exit status 1.
[2026-09-21T22:29:23.916+0000] {taskinstance.py:1206} INFO - Marking task as UP_FOR_RETRY. dag_id=ecommerce_data, task_id=extract, run_id=scheduled__2019-10-10T00:00:00+00:00, execution_date=20191010T000000, start_date=20260921T222915, end_date=20260921T222923
[2026-09-21T22:29:23.925+0000] {standard_task_runner.py:110} ERROR - Failed to execute job 276 for task extract (Command '['spark-submit', '--packages', 'org.postgresql:postgresql:42.6.0', '/opt/airflow/dags/daily_etl.py', '2019-10-10']' returned non-zero exit status 1.; 30612)
[2026-09-21T22:29:23.961+0000] {local_task_job_runner.py:240} INFO - Task exited with return code 1
[2026-09-21T22:29:23.976+0000] {taskinstance.py:3503} INFO - 0 downstream tasks scheduled from follow-on schedule check
[2026-09-21T22:29:23.976+0000] {local_task_job_runner.py:222} INFO - ::endgroup::
