[2026-09-18T12:34:08.501+0000] {local_task_job_runner.py:120} INFO - ::group::Pre task execution logs
[2026-09-18T12:34:08.513+0000] {taskinstance.py:2076} INFO - Dependencies all met for dep_context=non-requeueable deps ti=<TaskInstance: ecommerce_data.extract scheduled__2019-10-14T00:00:00+00:00 [queued]>
[2026-09-18T12:34:08.515+0000] {taskinstance.py:2076} INFO - Dependencies all met for dep_context=requeueable deps ti=<TaskInstance: ecommerce_data.extract scheduled__2019-10-14T00:00:00+00:00 [queued]>
[2026-09-18T12:34:08.516+0000] {taskinstance.py:2306} INFO - Starting attempt 2 of 4
[2026-09-18T12:34:08.521+0000] {taskinstance.py:2330} INFO - Executing <Task(_PythonDecoratedOperator): extract> on 2019-10-14 00:00:00+00:00
[2026-09-18T12:34:08.525+0000] {standard_task_runner.py:63} INFO - Started process 3842 to run task
[2026-09-18T12:34:08.526+0000] {standard_task_runner.py:90} INFO - Running: ['airflow', 'tasks', 'run', 'ecommerce_data', 'extract', 'scheduled__2019-10-14T00:00:00+00:00', '--job-id', '53', '--raw', '--subdir', 'DAGS_FOLDER/etl.py', '--cfg-path', '/tmp/tmpjfnnuqlx']
[2026-09-18T12:34:08.527+0000] {standard_task_runner.py:91} INFO - Job 53: Subtask extract
[2026-09-18T12:34:08.544+0000] {task_command.py:426} INFO - Running <TaskInstance: ecommerce_data.extract scheduled__2019-10-14T00:00:00+00:00 [running]> on host ac3d43ca2f24
[2026-09-18T12:34:08.572+0000] {taskinstance.py:2648} INFO - Exporting env vars: AIRFLOW_CTX_DAG_OWNER='airflow' AIRFLOW_CTX_DAG_ID='ecommerce_data' AIRFLOW_CTX_TASK_ID='extract' AIRFLOW_CTX_EXECUTION_DATE='2019-10-14T00:00:00+00:00' AIRFLOW_CTX_TRY_NUMBER='2' AIRFLOW_CTX_DAG_RUN_ID='scheduled__2019-10-14T00:00:00+00:00'
[2026-09-18T12:34:08.572+0000] {taskinstance.py:430} INFO - ::endgroup::
[2026-09-18T12:34:09.719+0000] {taskinstance.py:441} INFO - ::group::Post task execution logs
[2026-09-18T12:34:09.720+0000] {taskinstance.py:2905} ERROR - Task failed with exception
Traceback (most recent call last):
  File "/home/airflow/.local/lib/python3.11/site-packages/airflow/models/taskinstance.py", line 465, in _execute_task
    result = _execute_callable(context=context, **execute_callable_kwargs)
             ^^^^^^^^^^^^^^^^^^^^^^^^^^^^^^^^^^^^^^^^^^^^^^^^^^^^^^^^^^^^^
  File "/home/airflow/.local/lib/python3.11/site-packages/airflow/models/taskinstance.py", line 432, in _execute_callable
    return execute_callable(context=context, **execute_callable_kwargs)
           ^^^^^^^^^^^^^^^^^^^^^^^^^^^^^^^^^^^^^^^^^^^^^^^^^^^^^^^^^^^^
  File "/home/airflow/.local/lib/python3.11/site-packages/airflow/models/baseoperator.py", line 401, in wrapper
    return func(self, *args, **kwargs)
           ^^^^^^^^^^^^^^^^^^^^^^^^^^^
  File "/home/airflow/.local/lib/python3.11/site-packages/airflow/decorators/base.py", line 265, in execute
    return_value = super().execute(context)
                   ^^^^^^^^^^^^^^^^^^^^^^^^
  File "/home/airflow/.local/lib/python3.11/site-packages/airflow/models/baseoperator.py", line 401, in wrapper
    return func(self, *args, **kwargs)
           ^^^^^^^^^^^^^^^^^^^^^^^^^^^
  File "/home/airflow/.local/lib/python3.11/site-packages/airflow/operators/python.py", line 235, in execute
    return_value = self.execute_callable()
                   ^^^^^^^^^^^^^^^^^^^^^^^
  File "/home/airflow/.local/lib/python3.11/site-packages/airflow/operators/python.py", line 252, in execute_callable
    return self.python_callable(*self.op_args, **self.op_kwargs)
           ^^^^^^^^^^^^^^^^^^^^^^^^^^^^^^^^^^^^^^^^^^^^^^^^^^^^^
  File "/opt/airflow/dags/etl.py", line 26, in extract
    script_run = subprocess.run(["spark-submit", "daily_etl.py", ds], check=True)
                 ^^^^^^^^^^^^^^^^^^^^^^^^^^^^^^^^^^^^^^^^^^^^^^^^^^^^^^^^^^^^^^^^
  File "/usr/local/lib/python3.11/subprocess.py", line 571, in run
    raise CalledProcessError(retcode, process.args,
subprocess.CalledProcessError: Command '['spark-submit', 'daily_etl.py', '2019-10-14']' returned non-zero exit status 2.
[2026-09-18T12:34:09.723+0000] {taskinstance.py:1206} INFO - Marking task as UP_FOR_RETRY. dag_id=ecommerce_data, task_id=extract, run_id=scheduled__2019-10-14T00:00:00+00:00, execution_date=20191014T000000, start_date=20260918T123408, end_date=20260918T123409
[2026-09-18T12:34:09.729+0000] {standard_task_runner.py:110} ERROR - Failed to execute job 53 for task extract (Command '['spark-submit', 'daily_etl.py', '2019-10-14']' returned non-zero exit status 2.; 3842)
[2026-09-18T12:34:09.741+0000] {local_task_job_runner.py:240} INFO - Task exited with return code 1
[2026-09-18T12:34:09.748+0000] {taskinstance.py:3503} INFO - 0 downstream tasks scheduled from follow-on schedule check
[2026-09-18T12:34:09.749+0000] {local_task_job_runner.py:222} INFO - ::endgroup::
[2026-09-21T22:02:19.683+0000] {local_task_job_runner.py:120} INFO - ::group::Pre task execution logs
[2026-09-21T22:02:19.702+0000] {taskinstance.py:2076} INFO - Dependencies all met for dep_context=non-requeueable deps ti=<TaskInstance: ecommerce_data.extract scheduled__2019-10-14T00:00:00+00:00 [queued]>
[2026-09-21T22:02:19.707+0000] {taskinstance.py:2076} INFO - Dependencies all met for dep_context=requeueable deps ti=<TaskInstance: ecommerce_data.extract scheduled__2019-10-14T00:00:00+00:00 [queued]>
[2026-09-21T22:02:19.707+0000] {taskinstance.py:2306} INFO - Starting attempt 2 of 4
[2026-09-21T22:02:19.717+0000] {taskinstance.py:2330} INFO - Executing <Task(_PythonDecoratedOperator): extract> on 2019-10-14 00:00:00+00:00
[2026-09-21T22:02:19.723+0000] {standard_task_runner.py:63} INFO - Started process 16663 to run task
[2026-09-21T22:02:19.725+0000] {standard_task_runner.py:90} INFO - Running: ['airflow', 'tasks', 'run', 'ecommerce_data', 'extract', 'scheduled__2019-10-14T00:00:00+00:00', '--job-id', '155', '--raw', '--subdir', 'DAGS_FOLDER/etl.py', '--cfg-path', '/tmp/tmpsxshde1m']
[2026-09-21T22:02:19.727+0000] {standard_task_runner.py:91} INFO - Job 155: Subtask extract
[2026-09-21T22:02:19.761+0000] {task_command.py:426} INFO - Running <TaskInstance: ecommerce_data.extract scheduled__2019-10-14T00:00:00+00:00 [running]> on host e6c3ac7e1715
[2026-09-21T22:02:19.811+0000] {taskinstance.py:2648} INFO - Exporting env vars: AIRFLOW_CTX_DAG_OWNER='airflow' AIRFLOW_CTX_DAG_ID='ecommerce_data' AIRFLOW_CTX_TASK_ID='extract' AIRFLOW_CTX_EXECUTION_DATE='2019-10-14T00:00:00+00:00' AIRFLOW_CTX_TRY_NUMBER='2' AIRFLOW_CTX_DAG_RUN_ID='scheduled__2019-10-14T00:00:00+00:00'
[2026-09-21T22:02:19.811+0000] {taskinstance.py:430} INFO - ::endgroup::
[2026-09-21T22:02:19.815+0000] {base.py:84} INFO - Using connection ID 'postgres_conn_id' for task execution.
[2026-09-21T22:02:26.467+0000] {etl.py:68} ERROR - === СПРАВЖНЯ ПОМИЛКА ВІД SPARK ===
[2026-09-21T22:02:26.468+0000] {etl.py:69} ERROR - /home/airflow/.local/lib/python3.11/site-packages/pyspark/bin/load-spark-env.sh: line 68: ps: command not found
Ivy Default Cache set to: /home/airflow/.ivy2/cache
The jars for the packages stored in: /home/airflow/.ivy2/jars
org.postgresql#postgresql added as a dependency
:: resolving dependencies :: org.apache.spark#spark-submit-parent-34781951-884a-4fe3-b9bb-859052309251;1.0
	confs: [default]
	found org.postgresql#postgresql;42.6.0 in central
	found org.checkerframework#checker-qual;3.31.0 in central
:: resolution report :: resolve 129ms :: artifacts dl 6ms
	:: modules in use:
	org.checkerframework#checker-qual;3.31.0 from central in [default]
	org.postgresql#postgresql;42.6.0 from central in [default]
	---------------------------------------------------------------------
	|                  |            modules            ||   artifacts   |
	|       conf       | number| search|dwnlded|evicted|| number|dwnlded|
	---------------------------------------------------------------------
	|      default     |   2   |   0   |   0   |   0   ||   2   |   0   |
	---------------------------------------------------------------------
:: retrieving :: org.apache.spark#spark-submit-parent-34781951-884a-4fe3-b9bb-859052309251
	confs: [default]
	0 artifacts copied, 2 already retrieved (0kB/4ms)
26/09/21 22:02:21 WARN NativeCodeLoader: Unable to load native-hadoop library for your platform... using builtin-java classes where applicable
26/09/21 22:02:22 INFO SparkContext: Running Spark version 3.5.1
26/09/21 22:02:22 INFO SparkContext: OS info Linux, 7.0.0-31-generic, amd64
26/09/21 22:02:22 INFO SparkContext: Java version 17.0.20.1
26/09/21 22:02:22 INFO ResourceUtils: ==============================================================
26/09/21 22:02:22 INFO ResourceUtils: No custom resources configured for spark.driver.
26/09/21 22:02:22 INFO ResourceUtils: ==============================================================
26/09/21 22:02:22 INFO SparkContext: Submitted application: Daily_ecommerce
26/09/21 22:02:22 INFO ResourceProfile: Default ResourceProfile created, executor resources: Map(cores -> name: cores, amount: 1, script: , vendor: , memory -> name: memory, amount: 1024, script: , vendor: , offHeap -> name: offHeap, amount: 0, script: , vendor: ), task resources: Map(cpus -> name: cpus, amount: 1.0)
26/09/21 22:02:22 INFO ResourceProfile: Limiting resource is cpu
26/09/21 22:02:22 INFO ResourceProfileManager: Added ResourceProfile id: 0
26/09/21 22:02:22 INFO SecurityManager: Changing view acls to: airflow
26/09/21 22:02:22 INFO SecurityManager: Changing modify acls to: airflow
26/09/21 22:02:22 INFO SecurityManager: Changing view acls groups to: 
26/09/21 22:02:22 INFO SecurityManager: Changing modify acls groups to: 
26/09/21 22:02:22 INFO SecurityManager: SecurityManager: authentication disabled; ui acls disabled; users with view permissions: airflow; groups with view permissions: EMPTY; users with modify permissions: airflow; groups with modify permissions: EMPTY
26/09/21 22:02:22 INFO Utils: Successfully started service 'sparkDriver' on port 34457.
26/09/21 22:02:22 INFO SparkEnv: Registering MapOutputTracker
26/09/21 22:02:22 INFO SparkEnv: Registering BlockManagerMaster
26/09/21 22:02:23 INFO BlockManagerMasterEndpoint: Using org.apache.spark.storage.DefaultTopologyMapper for getting topology information
26/09/21 22:02:23 INFO BlockManagerMasterEndpoint: BlockManagerMasterEndpoint up
26/09/21 22:02:23 INFO SparkEnv: Registering BlockManagerMasterHeartbeat
26/09/21 22:02:23 INFO DiskBlockManager: Created local directory at /tmp/blockmgr-7be5e1f8-c678-4d9f-ad09-7524f8c2f623
26/09/21 22:02:23 INFO MemoryStore: MemoryStore started with capacity 434.4 MiB
26/09/21 22:02:23 INFO SparkEnv: Registering OutputCommitCoordinator
26/09/21 22:02:23 INFO JettyUtils: Start Jetty 0.0.0.0:4040 for SparkUI
26/09/21 22:02:23 INFO Utils: Successfully started service 'SparkUI' on port 4040.
26/09/21 22:02:23 INFO SparkContext: Added JAR file:///home/airflow/.ivy2/jars/org.postgresql_postgresql-42.6.0.jar at spark://e6c3ac7e1715:34457/jars/org.postgresql_postgresql-42.6.0.jar with timestamp 1790028142645
26/09/21 22:02:23 INFO SparkContext: Added JAR file:///home/airflow/.ivy2/jars/org.checkerframework_checker-qual-3.31.0.jar at spark://e6c3ac7e1715:34457/jars/org.checkerframework_checker-qual-3.31.0.jar with timestamp 1790028142645
26/09/21 22:02:23 INFO SparkContext: Added file file:///home/airflow/.ivy2/jars/org.postgresql_postgresql-42.6.0.jar at file:///home/airflow/.ivy2/jars/org.postgresql_postgresql-42.6.0.jar with timestamp 1790028142645
26/09/21 22:02:23 INFO Utils: Copying /home/airflow/.ivy2/jars/org.postgresql_postgresql-42.6.0.jar to /tmp/spark-b62ed85d-6360-4250-8c7e-4b9cad766e55/userFiles-e95656c5-be8c-4126-aff6-335e5cd1096e/org.postgresql_postgresql-42.6.0.jar
26/09/21 22:02:23 INFO SparkContext: Added file file:///home/airflow/.ivy2/jars/org.checkerframework_checker-qual-3.31.0.jar at file:///home/airflow/.ivy2/jars/org.checkerframework_checker-qual-3.31.0.jar with timestamp 1790028142645
26/09/21 22:02:23 INFO Utils: Copying /home/airflow/.ivy2/jars/org.checkerframework_checker-qual-3.31.0.jar to /tmp/spark-b62ed85d-6360-4250-8c7e-4b9cad766e55/userFiles-e95656c5-be8c-4126-aff6-335e5cd1096e/org.checkerframework_checker-qual-3.31.0.jar
26/09/21 22:02:23 INFO Executor: Starting executor ID driver on host e6c3ac7e1715
26/09/21 22:02:23 INFO Executor: OS info Linux, 7.0.0-31-generic, amd64
26/09/21 22:02:23 INFO Executor: Java version 17.0.20.1
26/09/21 22:02:23 INFO Executor: Starting executor with user classpath (userClassPathFirst = false): ''
26/09/21 22:02:23 INFO Executor: Created or updated repl class loader org.apache.spark.util.MutableURLClassLoader@1c4997a4 for default.
26/09/21 22:02:23 INFO Executor: Fetching file:///home/airflow/.ivy2/jars/org.checkerframework_checker-qual-3.31.0.jar with timestamp 1790028142645
26/09/21 22:02:23 INFO Utils: /home/airflow/.ivy2/jars/org.checkerframework_checker-qual-3.31.0.jar has been previously copied to /tmp/spark-b62ed85d-6360-4250-8c7e-4b9cad766e55/userFiles-e95656c5-be8c-4126-aff6-335e5cd1096e/org.checkerframework_checker-qual-3.31.0.jar
26/09/21 22:02:23 INFO Executor: Fetching file:///home/airflow/.ivy2/jars/org.postgresql_postgresql-42.6.0.jar with timestamp 1790028142645
26/09/21 22:02:23 INFO Utils: /home/airflow/.ivy2/jars/org.postgresql_postgresql-42.6.0.jar has been previously copied to /tmp/spark-b62ed85d-6360-4250-8c7e-4b9cad766e55/userFiles-e95656c5-be8c-4126-aff6-335e5cd1096e/org.postgresql_postgresql-42.6.0.jar
26/09/21 22:02:23 INFO Executor: Fetching spark://e6c3ac7e1715:34457/jars/org.postgresql_postgresql-42.6.0.jar with timestamp 1790028142645
26/09/21 22:02:23 INFO TransportClientFactory: Successfully created connection to e6c3ac7e1715/172.21.0.3:34457 after 24 ms (0 ms spent in bootstraps)
26/09/21 22:02:23 INFO Utils: Fetching spark://e6c3ac7e1715:34457/jars/org.postgresql_postgresql-42.6.0.jar to /tmp/spark-b62ed85d-6360-4250-8c7e-4b9cad766e55/userFiles-e95656c5-be8c-4126-aff6-335e5cd1096e/fetchFileTemp5187290472176328943.tmp
26/09/21 22:02:23 INFO Utils: /tmp/spark-b62ed85d-6360-4250-8c7e-4b9cad766e55/userFiles-e95656c5-be8c-4126-aff6-335e5cd1096e/fetchFileTemp5187290472176328943.tmp has been previously copied to /tmp/spark-b62ed85d-6360-4250-8c7e-4b9cad766e55/userFiles-e95656c5-be8c-4126-aff6-335e5cd1096e/org.postgresql_postgresql-42.6.0.jar
26/09/21 22:02:23 INFO Executor: Adding file:/tmp/spark-b62ed85d-6360-4250-8c7e-4b9cad766e55/userFiles-e95656c5-be8c-4126-aff6-335e5cd1096e/org.postgresql_postgresql-42.6.0.jar to class loader default
26/09/21 22:02:23 INFO Executor: Fetching spark://e6c3ac7e1715:34457/jars/org.checkerframework_checker-qual-3.31.0.jar with timestamp 1790028142645
26/09/21 22:02:23 INFO Utils: Fetching spark://e6c3ac7e1715:34457/jars/org.checkerframework_checker-qual-3.31.0.jar to /tmp/spark-b62ed85d-6360-4250-8c7e-4b9cad766e55/userFiles-e95656c5-be8c-4126-aff6-335e5cd1096e/fetchFileTemp2191323828110607573.tmp
26/09/21 22:02:23 INFO Utils: /tmp/spark-b62ed85d-6360-4250-8c7e-4b9cad766e55/userFiles-e95656c5-be8c-4126-aff6-335e5cd1096e/fetchFileTemp2191323828110607573.tmp has been previously copied to /tmp/spark-b62ed85d-6360-4250-8c7e-4b9cad766e55/userFiles-e95656c5-be8c-4126-aff6-335e5cd1096e/org.checkerframework_checker-qual-3.31.0.jar
26/09/21 22:02:23 INFO Executor: Adding file:/tmp/spark-b62ed85d-6360-4250-8c7e-4b9cad766e55/userFiles-e95656c5-be8c-4126-aff6-335e5cd1096e/org.checkerframework_checker-qual-3.31.0.jar to class loader default
26/09/21 22:02:23 INFO Utils: Successfully started service 'org.apache.spark.network.netty.NettyBlockTransferService' on port 33867.
26/09/21 22:02:23 INFO NettyBlockTransferService: Server created on e6c3ac7e1715:33867
26/09/21 22:02:23 INFO BlockManager: Using org.apache.spark.storage.RandomBlockReplicationPolicy for block replication policy
26/09/21 22:02:23 INFO BlockManagerMaster: Registering BlockManager BlockManagerId(driver, e6c3ac7e1715, 33867, None)
26/09/21 22:02:23 INFO BlockManagerMasterEndpoint: Registering block manager e6c3ac7e1715:33867 with 434.4 MiB RAM, BlockManagerId(driver, e6c3ac7e1715, 33867, None)
26/09/21 22:02:23 INFO BlockManagerMaster: Registered BlockManager BlockManagerId(driver, e6c3ac7e1715, 33867, None)
26/09/21 22:02:23 INFO BlockManager: Initialized BlockManager: BlockManagerId(driver, e6c3ac7e1715, 33867, None)
26/09/21 22:02:23 INFO SharedState: Setting hive.metastore.warehouse.dir ('null') to the value of spark.sql.warehouse.dir.
26/09/21 22:02:23 INFO SharedState: Warehouse path is 'file:/opt/airflow/spark-warehouse'.
26/09/21 22:02:24 INFO InMemoryFileIndex: It took 31 ms to list leaf files for 1 paths.
26/09/21 22:02:24 INFO SparkContext: Starting job: parquet at NativeMethodAccessorImpl.java:0
26/09/21 22:02:24 INFO DAGScheduler: Got job 0 (parquet at NativeMethodAccessorImpl.java:0) with 1 output partitions
26/09/21 22:02:24 INFO DAGScheduler: Final stage: ResultStage 0 (parquet at NativeMethodAccessorImpl.java:0)
26/09/21 22:02:24 INFO DAGScheduler: Parents of final stage: List()
26/09/21 22:02:24 INFO DAGScheduler: Missing parents: List()
26/09/21 22:02:24 INFO DAGScheduler: Submitting ResultStage 0 (MapPartitionsRDD[1] at parquet at NativeMethodAccessorImpl.java:0), which has no missing parents
26/09/21 22:02:25 INFO MemoryStore: Block broadcast_0 stored as values in memory (estimated size 104.5 KiB, free 434.3 MiB)
26/09/21 22:02:25 INFO MemoryStore: Block broadcast_0_piece0 stored as bytes in memory (estimated size 37.6 KiB, free 434.3 MiB)
26/09/21 22:02:25 INFO BlockManagerInfo: Added broadcast_0_piece0 in memory on e6c3ac7e1715:33867 (size: 37.6 KiB, free: 434.4 MiB)
26/09/21 22:02:25 INFO SparkContext: Created broadcast 0 from broadcast at DAGScheduler.scala:1585
26/09/21 22:02:25 INFO DAGScheduler: Submitting 1 missing tasks from ResultStage 0 (MapPartitionsRDD[1] at parquet at NativeMethodAccessorImpl.java:0) (first 15 tasks are for partitions Vector(0))
26/09/21 22:02:25 INFO TaskSchedulerImpl: Adding task set 0.0 with 1 tasks resource profile 0
26/09/21 22:02:25 INFO TaskSetManager: Starting task 0.0 in stage 0.0 (TID 0) (e6c3ac7e1715, executor driver, partition 0, PROCESS_LOCAL, 8303 bytes) 
26/09/21 22:02:25 INFO Executor: Running task 0.0 in stage 0.0 (TID 0)
26/09/21 22:02:25 INFO Executor: Finished task 0.0 in stage 0.0 (TID 0). 2034 bytes result sent to driver
26/09/21 22:02:25 INFO TaskSetManager: Finished task 0.0 in stage 0.0 (TID 0) in 413 ms on e6c3ac7e1715 (executor driver) (1/1)
26/09/21 22:02:25 INFO TaskSchedulerImpl: Removed TaskSet 0.0, whose tasks have all completed, from pool 
26/09/21 22:02:25 INFO DAGScheduler: ResultStage 0 (parquet at NativeMethodAccessorImpl.java:0) finished in 0.552 s
26/09/21 22:02:25 INFO DAGScheduler: Job 0 is finished. Cancelling potential speculative or zombie tasks for this job
26/09/21 22:02:25 INFO TaskSchedulerImpl: Killing all running tasks in stage 0: Stage finished
26/09/21 22:02:25 INFO DAGScheduler: Job 0 finished: parquet at NativeMethodAccessorImpl.java:0, took 0.588992 s
26/09/21 22:02:25 INFO BlockManagerInfo: Removed broadcast_0_piece0 on e6c3ac7e1715:33867 in memory (size: 37.6 KiB, free: 434.4 MiB)
26/09/21 22:02:26 INFO SparkContext: Invoking stop() from shutdown hook
26/09/21 22:02:26 INFO SparkContext: SparkContext is stopping with exitCode 0.
26/09/21 22:02:26 INFO SparkUI: Stopped Spark web UI at http://e6c3ac7e1715:4040
26/09/21 22:02:26 INFO MapOutputTrackerMasterEndpoint: MapOutputTrackerMasterEndpoint stopped!
26/09/21 22:02:26 INFO MemoryStore: MemoryStore cleared
26/09/21 22:02:26 INFO BlockManager: BlockManager stopped
26/09/21 22:02:26 INFO BlockManagerMaster: BlockManagerMaster stopped
26/09/21 22:02:26 INFO OutputCommitCoordinator$OutputCommitCoordinatorEndpoint: OutputCommitCoordinator stopped!
26/09/21 22:02:26 INFO SparkContext: Successfully stopped SparkContext
26/09/21 22:02:26 INFO ShutdownHookManager: Shutdown hook called
26/09/21 22:02:26 INFO ShutdownHookManager: Deleting directory /tmp/spark-0ea10ed3-3f29-48ce-81e3-f644b4ce4722
26/09/21 22:02:26 INFO ShutdownHookManager: Deleting directory /tmp/spark-b62ed85d-6360-4250-8c7e-4b9cad766e55
26/09/21 22:02:26 INFO ShutdownHookManager: Deleting directory /tmp/spark-b62ed85d-6360-4250-8c7e-4b9cad766e55/pyspark-5b7e4225-4ead-4498-a85b-fd5d06b9c527

[2026-09-21T22:02:26.468+0000] {taskinstance.py:441} INFO - ::group::Post task execution logs
[2026-09-21T22:02:26.469+0000] {taskinstance.py:2905} ERROR - Task failed with exception
Traceback (most recent call last):
  File "/home/airflow/.local/lib/python3.11/site-packages/airflow/models/taskinstance.py", line 465, in _execute_task
    result = _execute_callable(context=context, **execute_callable_kwargs)
             ^^^^^^^^^^^^^^^^^^^^^^^^^^^^^^^^^^^^^^^^^^^^^^^^^^^^^^^^^^^^^
  File "/home/airflow/.local/lib/python3.11/site-packages/airflow/models/taskinstance.py", line 432, in _execute_callable
    return execute_callable(context=context, **execute_callable_kwargs)
           ^^^^^^^^^^^^^^^^^^^^^^^^^^^^^^^^^^^^^^^^^^^^^^^^^^^^^^^^^^^^
  File "/home/airflow/.local/lib/python3.11/site-packages/airflow/models/baseoperator.py", line 401, in wrapper
    return func(self, *args, **kwargs)
           ^^^^^^^^^^^^^^^^^^^^^^^^^^^
  File "/home/airflow/.local/lib/python3.11/site-packages/airflow/decorators/base.py", line 265, in execute
    return_value = super().execute(context)
                   ^^^^^^^^^^^^^^^^^^^^^^^^
  File "/home/airflow/.local/lib/python3.11/site-packages/airflow/models/baseoperator.py", line 401, in wrapper
    return func(self, *args, **kwargs)
           ^^^^^^^^^^^^^^^^^^^^^^^^^^^
  File "/home/airflow/.local/lib/python3.11/site-packages/airflow/operators/python.py", line 235, in execute
    return_value = self.execute_callable()
                   ^^^^^^^^^^^^^^^^^^^^^^^
  File "/home/airflow/.local/lib/python3.11/site-packages/airflow/operators/python.py", line 252, in execute_callable
    return self.python_callable(*self.op_args, **self.op_kwargs)
           ^^^^^^^^^^^^^^^^^^^^^^^^^^^^^^^^^^^^^^^^^^^^^^^^^^^^^
  File "/opt/airflow/dags/etl.py", line 70, in extract
    raise e
  File "/opt/airflow/dags/etl.py", line 59, in extract
    script_run = subprocess.run([
                 ^^^^^^^^^^^^^^^^
  File "/usr/local/lib/python3.11/subprocess.py", line 571, in run
    raise CalledProcessError(retcode, process.args,
subprocess.CalledProcessError: Command '['spark-submit', '--packages', 'org.postgresql:postgresql:42.6.0', '/opt/airflow/dags/daily_etl.py', '2019-10-14']' returned non-zero exit status 1.
[2026-09-21T22:02:26.478+0000] {taskinstance.py:1206} INFO - Marking task as UP_FOR_RETRY. dag_id=ecommerce_data, task_id=extract, run_id=scheduled__2019-10-14T00:00:00+00:00, execution_date=20191014T000000, start_date=20260921T220219, end_date=20260921T220226
[2026-09-21T22:02:26.491+0000] {standard_task_runner.py:110} ERROR - Failed to execute job 155 for task extract (Command '['spark-submit', '--packages', 'org.postgresql:postgresql:42.6.0', '/opt/airflow/dags/daily_etl.py', '2019-10-14']' returned non-zero exit status 1.; 16663)
[2026-09-21T22:02:26.503+0000] {local_task_job_runner.py:240} INFO - Task exited with return code 1
[2026-09-21T22:02:26.518+0000] {taskinstance.py:3503} INFO - 0 downstream tasks scheduled from follow-on schedule check
[2026-09-21T22:02:26.518+0000] {local_task_job_runner.py:222} INFO - ::endgroup::
[2026-09-21T22:33:48.981+0000] {local_task_job_runner.py:120} INFO - ::group::Pre task execution logs
[2026-09-21T22:33:48.998+0000] {taskinstance.py:2076} INFO - Dependencies all met for dep_context=non-requeueable deps ti=<TaskInstance: ecommerce_data.extract scheduled__2019-10-14T00:00:00+00:00 [queued]>
[2026-09-21T22:33:49.003+0000] {taskinstance.py:2076} INFO - Dependencies all met for dep_context=requeueable deps ti=<TaskInstance: ecommerce_data.extract scheduled__2019-10-14T00:00:00+00:00 [queued]>
[2026-09-21T22:33:49.003+0000] {taskinstance.py:2306} INFO - Starting attempt 2 of 4
[2026-09-21T22:33:49.011+0000] {taskinstance.py:2330} INFO - Executing <Task(_PythonDecoratedOperator): extract> on 2019-10-14 00:00:00+00:00
[2026-09-21T22:33:49.017+0000] {standard_task_runner.py:63} INFO - Started process 34880 to run task
[2026-09-21T22:33:49.019+0000] {standard_task_runner.py:90} INFO - Running: ['airflow', 'tasks', 'run', 'ecommerce_data', 'extract', 'scheduled__2019-10-14T00:00:00+00:00', '--job-id', '305', '--raw', '--subdir', 'DAGS_FOLDER/etl.py', '--cfg-path', '/tmp/tmpf5c3ku5v']
[2026-09-21T22:33:49.020+0000] {standard_task_runner.py:91} INFO - Job 305: Subtask extract
[2026-09-21T22:33:49.052+0000] {task_command.py:426} INFO - Running <TaskInstance: ecommerce_data.extract scheduled__2019-10-14T00:00:00+00:00 [running]> on host e6c3ac7e1715
[2026-09-21T22:33:49.106+0000] {taskinstance.py:2648} INFO - Exporting env vars: AIRFLOW_CTX_DAG_OWNER='airflow' AIRFLOW_CTX_DAG_ID='ecommerce_data' AIRFLOW_CTX_TASK_ID='extract' AIRFLOW_CTX_EXECUTION_DATE='2019-10-14T00:00:00+00:00' AIRFLOW_CTX_TRY_NUMBER='2' AIRFLOW_CTX_DAG_RUN_ID='scheduled__2019-10-14T00:00:00+00:00'
[2026-09-21T22:33:49.106+0000] {taskinstance.py:430} INFO - ::endgroup::
[2026-09-21T22:33:49.110+0000] {base.py:84} INFO - Using connection ID 'postgres_conn_id' for task execution.
[2026-09-21T22:33:57.606+0000] {taskinstance.py:441} INFO - ::group::Post task execution logs
[2026-09-21T22:33:57.606+0000] {taskinstance.py:2905} ERROR - Task failed with exception
Traceback (most recent call last):
  File "/home/airflow/.local/lib/python3.11/site-packages/airflow/models/taskinstance.py", line 465, in _execute_task
    result = _execute_callable(context=context, **execute_callable_kwargs)
             ^^^^^^^^^^^^^^^^^^^^^^^^^^^^^^^^^^^^^^^^^^^^^^^^^^^^^^^^^^^^^
  File "/home/airflow/.local/lib/python3.11/site-packages/airflow/models/taskinstance.py", line 432, in _execute_callable
    return execute_callable(context=context, **execute_callable_kwargs)
           ^^^^^^^^^^^^^^^^^^^^^^^^^^^^^^^^^^^^^^^^^^^^^^^^^^^^^^^^^^^^
  File "/home/airflow/.local/lib/python3.11/site-packages/airflow/models/baseoperator.py", line 401, in wrapper
    return func(self, *args, **kwargs)
           ^^^^^^^^^^^^^^^^^^^^^^^^^^^
  File "/home/airflow/.local/lib/python3.11/site-packages/airflow/decorators/base.py", line 265, in execute
    return_value = super().execute(context)
                   ^^^^^^^^^^^^^^^^^^^^^^^^
  File "/home/airflow/.local/lib/python3.11/site-packages/airflow/models/baseoperator.py", line 401, in wrapper
    return func(self, *args, **kwargs)
           ^^^^^^^^^^^^^^^^^^^^^^^^^^^
  File "/home/airflow/.local/lib/python3.11/site-packages/airflow/operators/python.py", line 235, in execute
    return_value = self.execute_callable()
                   ^^^^^^^^^^^^^^^^^^^^^^^
  File "/home/airflow/.local/lib/python3.11/site-packages/airflow/operators/python.py", line 252, in execute_callable
    return self.python_callable(*self.op_args, **self.op_kwargs)
           ^^^^^^^^^^^^^^^^^^^^^^^^^^^^^^^^^^^^^^^^^^^^^^^^^^^^^
  File "/opt/airflow/dags/etl.py", line 58, in extract
    script_run = subprocess.run([
                 ^^^^^^^^^^^^^^^^
  File "/usr/local/lib/python3.11/subprocess.py", line 571, in run
    raise CalledProcessError(retcode, process.args,
subprocess.CalledProcessError: Command '['spark-submit', '--packages', 'org.postgresql:postgresql:42.6.0', '/opt/airflow/dags/daily_etl.py', '2019-10-14']' returned non-zero exit status 1.
[2026-09-21T22:33:57.611+0000] {taskinstance.py:1206} INFO - Marking task as UP_FOR_RETRY. dag_id=ecommerce_data, task_id=extract, run_id=scheduled__2019-10-14T00:00:00+00:00, execution_date=20191014T000000, start_date=20260921T223348, end_date=20260921T223357
[2026-09-21T22:33:57.620+0000] {standard_task_runner.py:110} ERROR - Failed to execute job 305 for task extract (Command '['spark-submit', '--packages', 'org.postgresql:postgresql:42.6.0', '/opt/airflow/dags/daily_etl.py', '2019-10-14']' returned non-zero exit status 1.; 34880)
[2026-09-21T22:33:57.651+0000] {local_task_job_runner.py:240} INFO - Task exited with return code 1
[2026-09-21T22:33:57.665+0000] {taskinstance.py:3503} INFO - 0 downstream tasks scheduled from follow-on schedule check
[2026-09-21T22:33:57.665+0000] {local_task_job_runner.py:222} INFO - ::endgroup::
