[2026-09-18T12:33:58.961+0000] {local_task_job_runner.py:120} INFO - ::group::Pre task execution logs
[2026-09-18T12:33:58.977+0000] {taskinstance.py:2076} INFO - Dependencies all met for dep_context=non-requeueable deps ti=<TaskInstance: ecommerce_data.extract scheduled__2019-10-14T00:00:00+00:00 [queued]>
[2026-09-18T12:33:58.980+0000] {taskinstance.py:2076} INFO - Dependencies all met for dep_context=requeueable deps ti=<TaskInstance: ecommerce_data.extract scheduled__2019-10-14T00:00:00+00:00 [queued]>
[2026-09-18T12:33:58.980+0000] {taskinstance.py:2306} INFO - Starting attempt 1 of 4
[2026-09-18T12:33:58.987+0000] {taskinstance.py:2330} INFO - Executing <Task(_PythonDecoratedOperator): extract> on 2019-10-14 00:00:00+00:00
[2026-09-18T12:33:58.991+0000] {standard_task_runner.py:63} INFO - Started process 3617 to run task
[2026-09-18T12:33:58.993+0000] {standard_task_runner.py:90} INFO - Running: ['airflow', 'tasks', 'run', 'ecommerce_data', 'extract', 'scheduled__2019-10-14T00:00:00+00:00', '--job-id', '50', '--raw', '--subdir', 'DAGS_FOLDER/etl.py', '--cfg-path', '/tmp/tmp7oov7gp_']
[2026-09-18T12:33:58.993+0000] {standard_task_runner.py:91} INFO - Job 50: Subtask extract
[2026-09-18T12:33:59.012+0000] {task_command.py:426} INFO - Running <TaskInstance: ecommerce_data.extract scheduled__2019-10-14T00:00:00+00:00 [running]> on host ac3d43ca2f24
[2026-09-18T12:33:59.045+0000] {taskinstance.py:2648} INFO - Exporting env vars: AIRFLOW_CTX_DAG_OWNER='airflow' AIRFLOW_CTX_DAG_ID='ecommerce_data' AIRFLOW_CTX_TASK_ID='extract' AIRFLOW_CTX_EXECUTION_DATE='2019-10-14T00:00:00+00:00' AIRFLOW_CTX_TRY_NUMBER='1' AIRFLOW_CTX_DAG_RUN_ID='scheduled__2019-10-14T00:00:00+00:00'
[2026-09-18T12:33:59.046+0000] {taskinstance.py:430} INFO - ::endgroup::
[2026-09-18T12:34:00.158+0000] {taskinstance.py:441} INFO - ::group::Post task execution logs
[2026-09-18T12:34:00.158+0000] {taskinstance.py:2905} ERROR - Task failed with exception
Traceback (most recent call last):
  File "/home/airflow/.local/lib/python3.11/site-packages/airflow/models/taskinstance.py", line 465, in _execute_task
    result = _execute_callable(context=context, **execute_callable_kwargs)
             ^^^^^^^^^^^^^^^^^^^^^^^^^^^^^^^^^^^^^^^^^^^^^^^^^^^^^^^^^^^^^
  File "/home/airflow/.local/lib/python3.11/site-packages/airflow/models/taskinstance.py", line 432, in _execute_callable
    return execute_callable(context=context, **execute_callable_kwargs)
           ^^^^^^^^^^^^^^^^^^^^^^^^^^^^^^^^^^^^^^^^^^^^^^^^^^^^^^^^^^^^
  File "/home/airflow/.local/lib/python3.11/site-packages/airflow/models/baseoperator.py", line 401, in wrapper
    return func(self, *args, **kwargs)
           ^^^^^^^^^^^^^^^^^^^^^^^^^^^
  File "/home/airflow/.local/lib/python3.11/site-packages/airflow/decorators/base.py", line 265, in execute
    return_value = super().execute(context)
                   ^^^^^^^^^^^^^^^^^^^^^^^^
  File "/home/airflow/.local/lib/python3.11/site-packages/airflow/models/baseoperator.py", line 401, in wrapper
    return func(self, *args, **kwargs)
           ^^^^^^^^^^^^^^^^^^^^^^^^^^^
  File "/home/airflow/.local/lib/python3.11/site-packages/airflow/operators/python.py", line 235, in execute
    return_value = self.execute_callable()
                   ^^^^^^^^^^^^^^^^^^^^^^^
  File "/home/airflow/.local/lib/python3.11/site-packages/airflow/operators/python.py", line 252, in execute_callable
    return self.python_callable(*self.op_args, **self.op_kwargs)
           ^^^^^^^^^^^^^^^^^^^^^^^^^^^^^^^^^^^^^^^^^^^^^^^^^^^^^
  File "/opt/airflow/dags/etl.py", line 26, in extract
    script_run = subprocess.run(["spark-submit", "daily_etl.py", ds], check=True)
                 ^^^^^^^^^^^^^^^^^^^^^^^^^^^^^^^^^^^^^^^^^^^^^^^^^^^^^^^^^^^^^^^^
  File "/usr/local/lib/python3.11/subprocess.py", line 571, in run
    raise CalledProcessError(retcode, process.args,
subprocess.CalledProcessError: Command '['spark-submit', 'daily_etl.py', '2019-10-14']' returned non-zero exit status 2.
[2026-09-18T12:34:00.162+0000] {taskinstance.py:1206} INFO - Marking task as UP_FOR_RETRY. dag_id=ecommerce_data, task_id=extract, run_id=scheduled__2019-10-14T00:00:00+00:00, execution_date=20191014T000000, start_date=20260918T123358, end_date=20260918T123400
[2026-09-18T12:34:00.166+0000] {standard_task_runner.py:110} ERROR - Failed to execute job 50 for task extract (Command '['spark-submit', 'daily_etl.py', '2019-10-14']' returned non-zero exit status 2.; 3617)
[2026-09-18T12:34:00.208+0000] {local_task_job_runner.py:240} INFO - Task exited with return code 1
[2026-09-18T12:34:00.221+0000] {taskinstance.py:3503} INFO - 0 downstream tasks scheduled from follow-on schedule check
[2026-09-18T12:34:00.222+0000] {local_task_job_runner.py:222} INFO - ::endgroup::
[2026-09-19T14:19:49.825+0000] {local_task_job_runner.py:120} INFO - ::group::Pre task execution logs
[2026-09-19T14:19:49.845+0000] {taskinstance.py:2076} INFO - Dependencies all met for dep_context=non-requeueable deps ti=<TaskInstance: ecommerce_data.extract scheduled__2019-10-14T00:00:00+00:00 [queued]>
[2026-09-19T14:19:49.850+0000] {taskinstance.py:2076} INFO - Dependencies all met for dep_context=requeueable deps ti=<TaskInstance: ecommerce_data.extract scheduled__2019-10-14T00:00:00+00:00 [queued]>
[2026-09-19T14:19:49.850+0000] {taskinstance.py:2306} INFO - Starting attempt 1 of 4
[2026-09-19T14:19:49.859+0000] {taskinstance.py:2330} INFO - Executing <Task(_PythonDecoratedOperator): extract> on 2019-10-14 00:00:00+00:00
[2026-09-19T14:19:49.865+0000] {standard_task_runner.py:63} INFO - Started process 8583 to run task
[2026-09-19T14:19:49.867+0000] {standard_task_runner.py:90} INFO - Running: ['airflow', 'tasks', 'run', 'ecommerce_data', 'extract', 'scheduled__2019-10-14T00:00:00+00:00', '--job-id', '121', '--raw', '--subdir', 'DAGS_FOLDER/etl.py', '--cfg-path', '/tmp/tmp_816207c']
[2026-09-19T14:19:49.868+0000] {standard_task_runner.py:91} INFO - Job 121: Subtask extract
[2026-09-19T14:19:49.899+0000] {task_command.py:426} INFO - Running <TaskInstance: ecommerce_data.extract scheduled__2019-10-14T00:00:00+00:00 [running]> on host 8e73891b263a
[2026-09-19T14:19:49.972+0000] {taskinstance.py:2648} INFO - Exporting env vars: AIRFLOW_CTX_DAG_OWNER='airflow' AIRFLOW_CTX_DAG_ID='ecommerce_data' AIRFLOW_CTX_TASK_ID='extract' AIRFLOW_CTX_EXECUTION_DATE='2019-10-14T00:00:00+00:00' AIRFLOW_CTX_TRY_NUMBER='1' AIRFLOW_CTX_DAG_RUN_ID='scheduled__2019-10-14T00:00:00+00:00'
[2026-09-19T14:19:49.972+0000] {taskinstance.py:430} INFO - ::endgroup::
[2026-09-19T14:20:04.812+0000] {python.py:237} INFO - Done. Returned value was: None
[2026-09-19T14:20:04.813+0000] {taskinstance.py:441} INFO - ::group::Post task execution logs
[2026-09-19T14:20:04.816+0000] {taskinstance.py:1206} INFO - Marking task as SUCCESS. dag_id=ecommerce_data, task_id=extract, run_id=scheduled__2019-10-14T00:00:00+00:00, execution_date=20191014T000000, start_date=20260919T141949, end_date=20260919T142004
[2026-09-19T14:20:04.859+0000] {local_task_job_runner.py:240} INFO - Task exited with return code 0
[2026-09-19T14:20:04.874+0000] {taskinstance.py:3503} INFO - 0 downstream tasks scheduled from follow-on schedule check
[2026-09-19T14:20:04.874+0000] {local_task_job_runner.py:222} INFO - ::endgroup::
[2026-09-21T22:02:08.896+0000] {local_task_job_runner.py:120} INFO - ::group::Pre task execution logs
[2026-09-21T22:02:08.916+0000] {taskinstance.py:2076} INFO - Dependencies all met for dep_context=non-requeueable deps ti=<TaskInstance: ecommerce_data.extract scheduled__2019-10-14T00:00:00+00:00 [queued]>
[2026-09-21T22:02:08.920+0000] {taskinstance.py:2076} INFO - Dependencies all met for dep_context=requeueable deps ti=<TaskInstance: ecommerce_data.extract scheduled__2019-10-14T00:00:00+00:00 [queued]>
[2026-09-21T22:02:08.920+0000] {taskinstance.py:2306} INFO - Starting attempt 1 of 4
[2026-09-21T22:02:08.929+0000] {taskinstance.py:2330} INFO - Executing <Task(_PythonDecoratedOperator): extract> on 2019-10-14 00:00:00+00:00
[2026-09-21T22:02:08.935+0000] {standard_task_runner.py:63} INFO - Started process 16466 to run task
[2026-09-21T22:02:08.937+0000] {standard_task_runner.py:90} INFO - Running: ['airflow', 'tasks', 'run', 'ecommerce_data', 'extract', 'scheduled__2019-10-14T00:00:00+00:00', '--job-id', '154', '--raw', '--subdir', 'DAGS_FOLDER/etl.py', '--cfg-path', '/tmp/tmpitcgmhvj']
[2026-09-21T22:02:08.938+0000] {standard_task_runner.py:91} INFO - Job 154: Subtask extract
[2026-09-21T22:02:08.967+0000] {task_command.py:426} INFO - Running <TaskInstance: ecommerce_data.extract scheduled__2019-10-14T00:00:00+00:00 [running]> on host e6c3ac7e1715
[2026-09-21T22:02:09.008+0000] {taskinstance.py:2648} INFO - Exporting env vars: AIRFLOW_CTX_DAG_OWNER='airflow' AIRFLOW_CTX_DAG_ID='ecommerce_data' AIRFLOW_CTX_TASK_ID='extract' AIRFLOW_CTX_EXECUTION_DATE='2019-10-14T00:00:00+00:00' AIRFLOW_CTX_TRY_NUMBER='1' AIRFLOW_CTX_DAG_RUN_ID='scheduled__2019-10-14T00:00:00+00:00'
[2026-09-21T22:02:09.009+0000] {taskinstance.py:430} INFO - ::endgroup::
[2026-09-21T22:02:09.013+0000] {base.py:84} INFO - Using connection ID 'postgres_conn_id' for task execution.
[2026-09-21T22:02:15.674+0000] {etl.py:68} ERROR - === СПРАВЖНЯ ПОМИЛКА ВІД SPARK ===
[2026-09-21T22:02:15.674+0000] {etl.py:69} ERROR - /home/airflow/.local/lib/python3.11/site-packages/pyspark/bin/load-spark-env.sh: line 68: ps: command not found
Ivy Default Cache set to: /home/airflow/.ivy2/cache
The jars for the packages stored in: /home/airflow/.ivy2/jars
org.postgresql#postgresql added as a dependency
:: resolving dependencies :: org.apache.spark#spark-submit-parent-c80b1d2b-2a6f-4e9c-9217-1b5ebb37db92;1.0
	confs: [default]
	found org.postgresql#postgresql;42.6.0 in central
	found org.checkerframework#checker-qual;3.31.0 in central
:: resolution report :: resolve 123ms :: artifacts dl 6ms
	:: modules in use:
	org.checkerframework#checker-qual;3.31.0 from central in [default]
	org.postgresql#postgresql;42.6.0 from central in [default]
	---------------------------------------------------------------------
	|                  |            modules            ||   artifacts   |
	|       conf       | number| search|dwnlded|evicted|| number|dwnlded|
	---------------------------------------------------------------------
	|      default     |   2   |   0   |   0   |   0   ||   2   |   0   |
	---------------------------------------------------------------------
:: retrieving :: org.apache.spark#spark-submit-parent-c80b1d2b-2a6f-4e9c-9217-1b5ebb37db92
	confs: [default]
	0 artifacts copied, 2 already retrieved (0kB/5ms)
26/09/21 22:02:10 WARN NativeCodeLoader: Unable to load native-hadoop library for your platform... using builtin-java classes where applicable
26/09/21 22:02:11 INFO SparkContext: Running Spark version 3.5.1
26/09/21 22:02:11 INFO SparkContext: OS info Linux, 7.0.0-31-generic, amd64
26/09/21 22:02:11 INFO SparkContext: Java version 17.0.20.1
26/09/21 22:02:11 INFO ResourceUtils: ==============================================================
26/09/21 22:02:11 INFO ResourceUtils: No custom resources configured for spark.driver.
26/09/21 22:02:11 INFO ResourceUtils: ==============================================================
26/09/21 22:02:11 INFO SparkContext: Submitted application: Daily_ecommerce
26/09/21 22:02:11 INFO ResourceProfile: Default ResourceProfile created, executor resources: Map(cores -> name: cores, amount: 1, script: , vendor: , memory -> name: memory, amount: 1024, script: , vendor: , offHeap -> name: offHeap, amount: 0, script: , vendor: ), task resources: Map(cpus -> name: cpus, amount: 1.0)
26/09/21 22:02:11 INFO ResourceProfile: Limiting resource is cpu
26/09/21 22:02:11 INFO ResourceProfileManager: Added ResourceProfile id: 0
26/09/21 22:02:11 INFO SecurityManager: Changing view acls to: airflow
26/09/21 22:02:11 INFO SecurityManager: Changing modify acls to: airflow
26/09/21 22:02:11 INFO SecurityManager: Changing view acls groups to: 
26/09/21 22:02:11 INFO SecurityManager: Changing modify acls groups to: 
26/09/21 22:02:11 INFO SecurityManager: SecurityManager: authentication disabled; ui acls disabled; users with view permissions: airflow; groups with view permissions: EMPTY; users with modify permissions: airflow; groups with modify permissions: EMPTY
26/09/21 22:02:12 INFO Utils: Successfully started service 'sparkDriver' on port 39867.
26/09/21 22:02:12 INFO SparkEnv: Registering MapOutputTracker
26/09/21 22:02:12 INFO SparkEnv: Registering BlockManagerMaster
26/09/21 22:02:12 INFO BlockManagerMasterEndpoint: Using org.apache.spark.storage.DefaultTopologyMapper for getting topology information
26/09/21 22:02:12 INFO BlockManagerMasterEndpoint: BlockManagerMasterEndpoint up
26/09/21 22:02:12 INFO SparkEnv: Registering BlockManagerMasterHeartbeat
26/09/21 22:02:12 INFO DiskBlockManager: Created local directory at /tmp/blockmgr-ea0cd00b-c7e5-4d28-8670-0149169c7d9b
26/09/21 22:02:12 INFO MemoryStore: MemoryStore started with capacity 434.4 MiB
26/09/21 22:02:12 INFO SparkEnv: Registering OutputCommitCoordinator
26/09/21 22:02:12 INFO JettyUtils: Start Jetty 0.0.0.0:4040 for SparkUI
26/09/21 22:02:12 INFO Utils: Successfully started service 'SparkUI' on port 4040.
26/09/21 22:02:12 INFO SparkContext: Added JAR file:///home/airflow/.ivy2/jars/org.postgresql_postgresql-42.6.0.jar at spark://e6c3ac7e1715:39867/jars/org.postgresql_postgresql-42.6.0.jar with timestamp 1790028131868
26/09/21 22:02:12 INFO SparkContext: Added JAR file:///home/airflow/.ivy2/jars/org.checkerframework_checker-qual-3.31.0.jar at spark://e6c3ac7e1715:39867/jars/org.checkerframework_checker-qual-3.31.0.jar with timestamp 1790028131868
26/09/21 22:02:12 INFO SparkContext: Added file file:///home/airflow/.ivy2/jars/org.postgresql_postgresql-42.6.0.jar at file:///home/airflow/.ivy2/jars/org.postgresql_postgresql-42.6.0.jar with timestamp 1790028131868
26/09/21 22:02:12 INFO Utils: Copying /home/airflow/.ivy2/jars/org.postgresql_postgresql-42.6.0.jar to /tmp/spark-5b954ced-de4a-473f-a916-00bf0fcb9355/userFiles-1b9a5e7c-cd98-4f64-a1af-805436b9f87c/org.postgresql_postgresql-42.6.0.jar
26/09/21 22:02:12 INFO SparkContext: Added file file:///home/airflow/.ivy2/jars/org.checkerframework_checker-qual-3.31.0.jar at file:///home/airflow/.ivy2/jars/org.checkerframework_checker-qual-3.31.0.jar with timestamp 1790028131868
26/09/21 22:02:12 INFO Utils: Copying /home/airflow/.ivy2/jars/org.checkerframework_checker-qual-3.31.0.jar to /tmp/spark-5b954ced-de4a-473f-a916-00bf0fcb9355/userFiles-1b9a5e7c-cd98-4f64-a1af-805436b9f87c/org.checkerframework_checker-qual-3.31.0.jar
26/09/21 22:02:12 INFO Executor: Starting executor ID driver on host e6c3ac7e1715
26/09/21 22:02:12 INFO Executor: OS info Linux, 7.0.0-31-generic, amd64
26/09/21 22:02:12 INFO Executor: Java version 17.0.20.1
26/09/21 22:02:12 INFO Executor: Starting executor with user classpath (userClassPathFirst = false): ''
26/09/21 22:02:12 INFO Executor: Created or updated repl class loader org.apache.spark.util.MutableURLClassLoader@4e870ecc for default.
26/09/21 22:02:12 INFO Executor: Fetching file:///home/airflow/.ivy2/jars/org.checkerframework_checker-qual-3.31.0.jar with timestamp 1790028131868
26/09/21 22:02:12 INFO Utils: /home/airflow/.ivy2/jars/org.checkerframework_checker-qual-3.31.0.jar has been previously copied to /tmp/spark-5b954ced-de4a-473f-a916-00bf0fcb9355/userFiles-1b9a5e7c-cd98-4f64-a1af-805436b9f87c/org.checkerframework_checker-qual-3.31.0.jar
26/09/21 22:02:12 INFO Executor: Fetching file:///home/airflow/.ivy2/jars/org.postgresql_postgresql-42.6.0.jar with timestamp 1790028131868
26/09/21 22:02:12 INFO Utils: /home/airflow/.ivy2/jars/org.postgresql_postgresql-42.6.0.jar has been previously copied to /tmp/spark-5b954ced-de4a-473f-a916-00bf0fcb9355/userFiles-1b9a5e7c-cd98-4f64-a1af-805436b9f87c/org.postgresql_postgresql-42.6.0.jar
26/09/21 22:02:12 INFO Executor: Fetching spark://e6c3ac7e1715:39867/jars/org.postgresql_postgresql-42.6.0.jar with timestamp 1790028131868
26/09/21 22:02:12 INFO TransportClientFactory: Successfully created connection to e6c3ac7e1715/172.21.0.3:39867 after 21 ms (0 ms spent in bootstraps)
26/09/21 22:02:12 INFO Utils: Fetching spark://e6c3ac7e1715:39867/jars/org.postgresql_postgresql-42.6.0.jar to /tmp/spark-5b954ced-de4a-473f-a916-00bf0fcb9355/userFiles-1b9a5e7c-cd98-4f64-a1af-805436b9f87c/fetchFileTemp7178339830823039782.tmp
26/09/21 22:02:12 INFO Utils: /tmp/spark-5b954ced-de4a-473f-a916-00bf0fcb9355/userFiles-1b9a5e7c-cd98-4f64-a1af-805436b9f87c/fetchFileTemp7178339830823039782.tmp has been previously copied to /tmp/spark-5b954ced-de4a-473f-a916-00bf0fcb9355/userFiles-1b9a5e7c-cd98-4f64-a1af-805436b9f87c/org.postgresql_postgresql-42.6.0.jar
26/09/21 22:02:12 INFO Executor: Adding file:/tmp/spark-5b954ced-de4a-473f-a916-00bf0fcb9355/userFiles-1b9a5e7c-cd98-4f64-a1af-805436b9f87c/org.postgresql_postgresql-42.6.0.jar to class loader default
26/09/21 22:02:12 INFO Executor: Fetching spark://e6c3ac7e1715:39867/jars/org.checkerframework_checker-qual-3.31.0.jar with timestamp 1790028131868
26/09/21 22:02:12 INFO Utils: Fetching spark://e6c3ac7e1715:39867/jars/org.checkerframework_checker-qual-3.31.0.jar to /tmp/spark-5b954ced-de4a-473f-a916-00bf0fcb9355/userFiles-1b9a5e7c-cd98-4f64-a1af-805436b9f87c/fetchFileTemp2173835126880469638.tmp
26/09/21 22:02:12 INFO Utils: /tmp/spark-5b954ced-de4a-473f-a916-00bf0fcb9355/userFiles-1b9a5e7c-cd98-4f64-a1af-805436b9f87c/fetchFileTemp2173835126880469638.tmp has been previously copied to /tmp/spark-5b954ced-de4a-473f-a916-00bf0fcb9355/userFiles-1b9a5e7c-cd98-4f64-a1af-805436b9f87c/org.checkerframework_checker-qual-3.31.0.jar
26/09/21 22:02:12 INFO Executor: Adding file:/tmp/spark-5b954ced-de4a-473f-a916-00bf0fcb9355/userFiles-1b9a5e7c-cd98-4f64-a1af-805436b9f87c/org.checkerframework_checker-qual-3.31.0.jar to class loader default
26/09/21 22:02:12 INFO Utils: Successfully started service 'org.apache.spark.network.netty.NettyBlockTransferService' on port 34009.
26/09/21 22:02:12 INFO NettyBlockTransferService: Server created on e6c3ac7e1715:34009
26/09/21 22:02:12 INFO BlockManager: Using org.apache.spark.storage.RandomBlockReplicationPolicy for block replication policy
26/09/21 22:02:12 INFO BlockManagerMaster: Registering BlockManager BlockManagerId(driver, e6c3ac7e1715, 34009, None)
26/09/21 22:02:12 INFO BlockManagerMasterEndpoint: Registering block manager e6c3ac7e1715:34009 with 434.4 MiB RAM, BlockManagerId(driver, e6c3ac7e1715, 34009, None)
26/09/21 22:02:12 INFO BlockManagerMaster: Registered BlockManager BlockManagerId(driver, e6c3ac7e1715, 34009, None)
26/09/21 22:02:12 INFO BlockManager: Initialized BlockManager: BlockManagerId(driver, e6c3ac7e1715, 34009, None)
26/09/21 22:02:13 INFO SharedState: Setting hive.metastore.warehouse.dir ('null') to the value of spark.sql.warehouse.dir.
26/09/21 22:02:13 INFO SharedState: Warehouse path is 'file:/opt/airflow/spark-warehouse'.
26/09/21 22:02:13 INFO InMemoryFileIndex: It took 32 ms to list leaf files for 1 paths.
26/09/21 22:02:14 INFO SparkContext: Starting job: parquet at NativeMethodAccessorImpl.java:0
26/09/21 22:02:14 INFO DAGScheduler: Got job 0 (parquet at NativeMethodAccessorImpl.java:0) with 1 output partitions
26/09/21 22:02:14 INFO DAGScheduler: Final stage: ResultStage 0 (parquet at NativeMethodAccessorImpl.java:0)
26/09/21 22:02:14 INFO DAGScheduler: Parents of final stage: List()
26/09/21 22:02:14 INFO DAGScheduler: Missing parents: List()
26/09/21 22:02:14 INFO DAGScheduler: Submitting ResultStage 0 (MapPartitionsRDD[1] at parquet at NativeMethodAccessorImpl.java:0), which has no missing parents
26/09/21 22:02:14 INFO MemoryStore: Block broadcast_0 stored as values in memory (estimated size 104.5 KiB, free 434.3 MiB)
26/09/21 22:02:14 INFO MemoryStore: Block broadcast_0_piece0 stored as bytes in memory (estimated size 37.6 KiB, free 434.3 MiB)
26/09/21 22:02:14 INFO BlockManagerInfo: Added broadcast_0_piece0 in memory on e6c3ac7e1715:34009 (size: 37.6 KiB, free: 434.4 MiB)
26/09/21 22:02:14 INFO SparkContext: Created broadcast 0 from broadcast at DAGScheduler.scala:1585
26/09/21 22:02:14 INFO DAGScheduler: Submitting 1 missing tasks from ResultStage 0 (MapPartitionsRDD[1] at parquet at NativeMethodAccessorImpl.java:0) (first 15 tasks are for partitions Vector(0))
26/09/21 22:02:14 INFO TaskSchedulerImpl: Adding task set 0.0 with 1 tasks resource profile 0
26/09/21 22:02:14 INFO TaskSetManager: Starting task 0.0 in stage 0.0 (TID 0) (e6c3ac7e1715, executor driver, partition 0, PROCESS_LOCAL, 8303 bytes) 
26/09/21 22:02:14 INFO Executor: Running task 0.0 in stage 0.0 (TID 0)
26/09/21 22:02:14 INFO Executor: Finished task 0.0 in stage 0.0 (TID 0). 2034 bytes result sent to driver
26/09/21 22:02:14 INFO TaskSetManager: Finished task 0.0 in stage 0.0 (TID 0) in 352 ms on e6c3ac7e1715 (executor driver) (1/1)
26/09/21 22:02:14 INFO TaskSchedulerImpl: Removed TaskSet 0.0, whose tasks have all completed, from pool 
26/09/21 22:02:14 INFO DAGScheduler: ResultStage 0 (parquet at NativeMethodAccessorImpl.java:0) finished in 0.481 s
26/09/21 22:02:14 INFO DAGScheduler: Job 0 is finished. Cancelling potential speculative or zombie tasks for this job
26/09/21 22:02:14 INFO TaskSchedulerImpl: Killing all running tasks in stage 0: Stage finished
26/09/21 22:02:14 INFO DAGScheduler: Job 0 finished: parquet at NativeMethodAccessorImpl.java:0, took 0.518627 s
26/09/21 22:02:15 INFO BlockManagerInfo: Removed broadcast_0_piece0 on e6c3ac7e1715:34009 in memory (size: 37.6 KiB, free: 434.4 MiB)
26/09/21 22:02:15 INFO SparkContext: Invoking stop() from shutdown hook
26/09/21 22:02:15 INFO SparkContext: SparkContext is stopping with exitCode 0.
26/09/21 22:02:15 INFO SparkUI: Stopped Spark web UI at http://e6c3ac7e1715:4040
26/09/21 22:02:15 INFO MapOutputTrackerMasterEndpoint: MapOutputTrackerMasterEndpoint stopped!
26/09/21 22:02:15 INFO MemoryStore: MemoryStore cleared
26/09/21 22:02:15 INFO BlockManager: BlockManager stopped
26/09/21 22:02:15 INFO BlockManagerMaster: BlockManagerMaster stopped
26/09/21 22:02:15 INFO OutputCommitCoordinator$OutputCommitCoordinatorEndpoint: OutputCommitCoordinator stopped!
26/09/21 22:02:15 INFO SparkContext: Successfully stopped SparkContext
26/09/21 22:02:15 INFO ShutdownHookManager: Shutdown hook called
26/09/21 22:02:15 INFO ShutdownHookManager: Deleting directory /tmp/spark-5b954ced-de4a-473f-a916-00bf0fcb9355
26/09/21 22:02:15 INFO ShutdownHookManager: Deleting directory /tmp/spark-5b954ced-de4a-473f-a916-00bf0fcb9355/pyspark-45f710dc-41aa-4d85-9416-fdf79778437b
26/09/21 22:02:15 INFO ShutdownHookManager: Deleting directory /tmp/spark-93d7f8be-a6d8-4677-9bc1-cdc7616b0bce

[2026-09-21T22:02:15.674+0000] {taskinstance.py:441} INFO - ::group::Post task execution logs
[2026-09-21T22:02:15.675+0000] {taskinstance.py:2905} ERROR - Task failed with exception
Traceback (most recent call last):
  File "/home/airflow/.local/lib/python3.11/site-packages/airflow/models/taskinstance.py", line 465, in _execute_task
    result = _execute_callable(context=context, **execute_callable_kwargs)
             ^^^^^^^^^^^^^^^^^^^^^^^^^^^^^^^^^^^^^^^^^^^^^^^^^^^^^^^^^^^^^
  File "/home/airflow/.local/lib/python3.11/site-packages/airflow/models/taskinstance.py", line 432, in _execute_callable
    return execute_callable(context=context, **execute_callable_kwargs)
           ^^^^^^^^^^^^^^^^^^^^^^^^^^^^^^^^^^^^^^^^^^^^^^^^^^^^^^^^^^^^
  File "/home/airflow/.local/lib/python3.11/site-packages/airflow/models/baseoperator.py", line 401, in wrapper
    return func(self, *args, **kwargs)
           ^^^^^^^^^^^^^^^^^^^^^^^^^^^
  File "/home/airflow/.local/lib/python3.11/site-packages/airflow/decorators/base.py", line 265, in execute
    return_value = super().execute(context)
                   ^^^^^^^^^^^^^^^^^^^^^^^^
  File "/home/airflow/.local/lib/python3.11/site-packages/airflow/models/baseoperator.py", line 401, in wrapper
    return func(self, *args, **kwargs)
           ^^^^^^^^^^^^^^^^^^^^^^^^^^^
  File "/home/airflow/.local/lib/python3.11/site-packages/airflow/operators/python.py", line 235, in execute
    return_value = self.execute_callable()
                   ^^^^^^^^^^^^^^^^^^^^^^^
  File "/home/airflow/.local/lib/python3.11/site-packages/airflow/operators/python.py", line 252, in execute_callable
    return self.python_callable(*self.op_args, **self.op_kwargs)
           ^^^^^^^^^^^^^^^^^^^^^^^^^^^^^^^^^^^^^^^^^^^^^^^^^^^^^
  File "/opt/airflow/dags/etl.py", line 70, in extract
    raise e
  File "/opt/airflow/dags/etl.py", line 59, in extract
    script_run = subprocess.run([
                 ^^^^^^^^^^^^^^^^
  File "/usr/local/lib/python3.11/subprocess.py", line 571, in run
    raise CalledProcessError(retcode, process.args,
subprocess.CalledProcessError: Command '['spark-submit', '--packages', 'org.postgresql:postgresql:42.6.0', '/opt/airflow/dags/daily_etl.py', '2019-10-14']' returned non-zero exit status 1.
[2026-09-21T22:02:15.683+0000] {taskinstance.py:1206} INFO - Marking task as UP_FOR_RETRY. dag_id=ecommerce_data, task_id=extract, run_id=scheduled__2019-10-14T00:00:00+00:00, execution_date=20191014T000000, start_date=20260921T220208, end_date=20260921T220215
[2026-09-21T22:02:15.695+0000] {standard_task_runner.py:110} ERROR - Failed to execute job 154 for task extract (Command '['spark-submit', '--packages', 'org.postgresql:postgresql:42.6.0', '/opt/airflow/dags/daily_etl.py', '2019-10-14']' returned non-zero exit status 1.; 16466)
[2026-09-21T22:02:15.722+0000] {local_task_job_runner.py:240} INFO - Task exited with return code 1
[2026-09-21T22:02:15.738+0000] {taskinstance.py:3503} INFO - 0 downstream tasks scheduled from follow-on schedule check
[2026-09-21T22:02:15.739+0000] {local_task_job_runner.py:222} INFO - ::endgroup::
[2026-09-21T22:33:36.398+0000] {local_task_job_runner.py:120} INFO - ::group::Pre task execution logs
[2026-09-21T22:33:36.416+0000] {taskinstance.py:2076} INFO - Dependencies all met for dep_context=non-requeueable deps ti=<TaskInstance: ecommerce_data.extract scheduled__2019-10-14T00:00:00+00:00 [queued]>
[2026-09-21T22:33:36.420+0000] {taskinstance.py:2076} INFO - Dependencies all met for dep_context=requeueable deps ti=<TaskInstance: ecommerce_data.extract scheduled__2019-10-14T00:00:00+00:00 [queued]>
[2026-09-21T22:33:36.421+0000] {taskinstance.py:2306} INFO - Starting attempt 1 of 4
[2026-09-21T22:33:36.429+0000] {taskinstance.py:2330} INFO - Executing <Task(_PythonDecoratedOperator): extract> on 2019-10-14 00:00:00+00:00
[2026-09-21T22:33:36.435+0000] {standard_task_runner.py:63} INFO - Started process 34639 to run task
[2026-09-21T22:33:36.437+0000] {standard_task_runner.py:90} INFO - Running: ['airflow', 'tasks', 'run', 'ecommerce_data', 'extract', 'scheduled__2019-10-14T00:00:00+00:00', '--job-id', '304', '--raw', '--subdir', 'DAGS_FOLDER/etl.py', '--cfg-path', '/tmp/tmpcxl19jz0']
[2026-09-21T22:33:36.439+0000] {standard_task_runner.py:91} INFO - Job 304: Subtask extract
[2026-09-21T22:33:36.479+0000] {task_command.py:426} INFO - Running <TaskInstance: ecommerce_data.extract scheduled__2019-10-14T00:00:00+00:00 [running]> on host e6c3ac7e1715
[2026-09-21T22:33:36.529+0000] {taskinstance.py:2648} INFO - Exporting env vars: AIRFLOW_CTX_DAG_OWNER='airflow' AIRFLOW_CTX_DAG_ID='ecommerce_data' AIRFLOW_CTX_TASK_ID='extract' AIRFLOW_CTX_EXECUTION_DATE='2019-10-14T00:00:00+00:00' AIRFLOW_CTX_TRY_NUMBER='1' AIRFLOW_CTX_DAG_RUN_ID='scheduled__2019-10-14T00:00:00+00:00'
[2026-09-21T22:33:36.530+0000] {taskinstance.py:430} INFO - ::endgroup::
[2026-09-21T22:33:36.534+0000] {base.py:84} INFO - Using connection ID 'postgres_conn_id' for task execution.
[2026-09-21T22:33:45.292+0000] {taskinstance.py:441} INFO - ::group::Post task execution logs
[2026-09-21T22:33:45.292+0000] {taskinstance.py:2905} ERROR - Task failed with exception
Traceback (most recent call last):
  File "/home/airflow/.local/lib/python3.11/site-packages/airflow/models/taskinstance.py", line 465, in _execute_task
    result = _execute_callable(context=context, **execute_callable_kwargs)
             ^^^^^^^^^^^^^^^^^^^^^^^^^^^^^^^^^^^^^^^^^^^^^^^^^^^^^^^^^^^^^
  File "/home/airflow/.local/lib/python3.11/site-packages/airflow/models/taskinstance.py", line 432, in _execute_callable
    return execute_callable(context=context, **execute_callable_kwargs)
           ^^^^^^^^^^^^^^^^^^^^^^^^^^^^^^^^^^^^^^^^^^^^^^^^^^^^^^^^^^^^
  File "/home/airflow/.local/lib/python3.11/site-packages/airflow/models/baseoperator.py", line 401, in wrapper
    return func(self, *args, **kwargs)
           ^^^^^^^^^^^^^^^^^^^^^^^^^^^
  File "/home/airflow/.local/lib/python3.11/site-packages/airflow/decorators/base.py", line 265, in execute
    return_value = super().execute(context)
                   ^^^^^^^^^^^^^^^^^^^^^^^^
  File "/home/airflow/.local/lib/python3.11/site-packages/airflow/models/baseoperator.py", line 401, in wrapper
    return func(self, *args, **kwargs)
           ^^^^^^^^^^^^^^^^^^^^^^^^^^^
  File "/home/airflow/.local/lib/python3.11/site-packages/airflow/operators/python.py", line 235, in execute
    return_value = self.execute_callable()
                   ^^^^^^^^^^^^^^^^^^^^^^^
  File "/home/airflow/.local/lib/python3.11/site-packages/airflow/operators/python.py", line 252, in execute_callable
    return self.python_callable(*self.op_args, **self.op_kwargs)
           ^^^^^^^^^^^^^^^^^^^^^^^^^^^^^^^^^^^^^^^^^^^^^^^^^^^^^
  File "/opt/airflow/dags/etl.py", line 58, in extract
    script_run = subprocess.run([
                 ^^^^^^^^^^^^^^^^
  File "/usr/local/lib/python3.11/subprocess.py", line 571, in run
    raise CalledProcessError(retcode, process.args,
subprocess.CalledProcessError: Command '['spark-submit', '--packages', 'org.postgresql:postgresql:42.6.0', '/opt/airflow/dags/daily_etl.py', '2019-10-14']' returned non-zero exit status 1.
[2026-09-21T22:33:45.298+0000] {taskinstance.py:1206} INFO - Marking task as UP_FOR_RETRY. dag_id=ecommerce_data, task_id=extract, run_id=scheduled__2019-10-14T00:00:00+00:00, execution_date=20191014T000000, start_date=20260921T223336, end_date=20260921T223345
[2026-09-21T22:33:45.305+0000] {standard_task_runner.py:110} ERROR - Failed to execute job 304 for task extract (Command '['spark-submit', '--packages', 'org.postgresql:postgresql:42.6.0', '/opt/airflow/dags/daily_etl.py', '2019-10-14']' returned non-zero exit status 1.; 34639)
[2026-09-21T22:33:45.322+0000] {local_task_job_runner.py:240} INFO - Task exited with return code 1
[2026-09-21T22:33:45.335+0000] {taskinstance.py:3503} INFO - 0 downstream tasks scheduled from follow-on schedule check
[2026-09-21T22:33:45.335+0000] {local_task_job_runner.py:222} INFO - ::endgroup::
